D/qemud   (   35): created client 0xe078 listening on fd 8
D/qemud   (   35): client_fd_receive: attempting registration for service 'boot-properties'
D/qemud   (   35): client_fd_receive:    -> received channel id 1
D/qemud   (   35): client_registration: registration succeeded for client 1
I/qemu-props(   45): connected to 'boot-properties' qemud service.
I/qemu-props(   45): received: qemu.sf.lcd_density=160
I/qemu-props(   45): received: dalvik.vm.heapsize=256m
D/qemud   (   35): fdhandler_accept_event: accepting on fd 10
D/qemud   (   35): created client 0xe078 listening on fd 11
D/qemud   (   35): fdhandler_event: disconnect on fd 11
D/qemud   (   35): fdhandler_accept_event: accepting on fd 10
D/qemud   (   35): created client 0xe078 listening on fd 11
D/qemud   (   35): client_fd_receive: attempting registration for service 'gsm'
D/qemud   (   35): client_fd_receive:    -> received channel id 2
D/qemud   (   35): client_registration: registration succeeded for client 2
D/AndroidRuntime(   30): 
D/AndroidRuntime(   30): >>>>>>>>>>>>>> AndroidRuntime START <<<<<<<<<<<<<<
D/AndroidRuntime(   30): CheckJNI is ON
I/        (   31): ServiceManager: 0xad08
D/AudioHardwareInterface(   31): setMode(NORMAL)
I/CameraService(   31): CameraService started: pid=31
I/AudioFlinger(   31): AudioFlinger's thread 0xb388 ready to run
D/AndroidRuntime(   30): --- registering native functions ---
I/SamplingProfilerIntegration(   30): Profiler is disabled.
I/Zygote  (   30): Preloading classes...
D/dalvikvm(   30): GC freed 791 objects / 50440 bytes in 38ms
D/dalvikvm(   30): GC freed 251 objects / 16168 bytes in 38ms
D/dalvikvm(   30): GC freed 295 objects / 18768 bytes in 23ms
D/dalvikvm(   30): GC freed 214 objects / 13712 bytes in 29ms
D/dalvikvm(   30): GC freed 415 objects / 26544 bytes in 42ms
D/skia    (   30): ------ build_power_table 1.4
D/skia    (   30): ------ build_power_table 0.714286
D/dalvikvm(   30): GC freed 418 objects / 28656 bytes in 33ms
D/dalvikvm(   30): Trying to load lib /system/lib/libmedia_jni.so 0x0
D/dalvikvm(   30): Added shared lib /system/lib/libmedia_jni.so 0x0
D/dalvikvm(   30): Trying to load lib /system/lib/libexif.so 0x0
D/dalvikvm(   30): Added shared lib /system/lib/libexif.so 0x0
D/dalvikvm(   30): GC freed 2299 objects / 120896 bytes in 43ms
D/dalvikvm(   30): Trying to load lib /system/lib/libmedia_jni.so 0x0
D/dalvikvm(   30): Shared lib '/system/lib/libmedia_jni.so' already loaded in same CL 0x0
D/dalvikvm(   30): Trying to load lib /system/lib/libmedia_jni.so 0x0
D/dalvikvm(   30): Shared lib '/system/lib/libmedia_jni.so' already loaded in same CL 0x0
D/dalvikvm(   30): Trying to load lib /system/lib/libmedia_jni.so 0x0
D/dalvikvm(   30): Shared lib '/system/lib/libmedia_jni.so' already loaded in same CL 0x0
D/dalvikvm(   30): Trying to load lib /system/lib/libmedia_jni.so 0x0
D/dalvikvm(   30): Shared lib '/system/lib/libmedia_jni.so' already loaded in same CL 0x0
D/dalvikvm(   30): GC freed 3790 objects / 197032 bytes in 64ms
D/dalvikvm(   30): GC freed 461 objects / 26344 bytes in 54ms
D/dalvikvm(   30): GC freed 294 objects / 17032 bytes in 61ms
D/dalvikvm(   30): GC freed 204 objects / 11432 bytes in 73ms
D/dalvikvm(   30): GC freed 178 objects / 9560 bytes in 70ms
D/dalvikvm(   30): Trying to load lib /system/lib/libsrec_jni.so 0x0
D/dalvikvm(   30): Added shared lib /system/lib/libsrec_jni.so 0x0
D/dalvikvm(   30): Trying to load lib /system/lib/libsrec_jni.so 0x0
D/dalvikvm(   30): Shared lib '/system/lib/libsrec_jni.so' already loaded in same CL 0x0
D/dalvikvm(   30): GC freed 296 objects / 34688 bytes in 61ms
D/dalvikvm(   30): GC freed 787 objects / 48008 bytes in 89ms
D/dalvikvm(   30): GC freed 337 objects / 38416 bytes in 99ms
D/dalvikvm(   30): GC freed 418 objects / 25840 bytes in 86ms
D/dalvikvm(   30): Trying to load lib /system/lib/libwebcore.so 0x0
D/dalvikvm(   30): Added shared lib /system/lib/libwebcore.so 0x0
D/dalvikvm(   30): GC freed 432 objects / 25120 bytes in 89ms
D/dalvikvm(   30): GC freed 489 objects / 30720 bytes in 95ms
D/dalvikvm(   30): GC freed 349 objects / 28896 bytes in 173ms
D/dalvikvm(   30): GC freed 309 objects / 21864 bytes in 113ms
D/dalvikvm(   30): GC freed 915 objects / 80240 bytes in 217ms
D/dalvikvm(   30): GC freed 664 objects / 35904 bytes in 321ms
D/dalvikvm(   30): GC freed 709 objects / 41208 bytes in 168ms
D/dalvikvm(   30): GC freed 735 objects / 40560 bytes in 110ms
D/dalvikvm(   30): GC freed 14041 objects / 475408 bytes in 143ms
D/dalvikvm(   30): GC freed 10468 objects / 448288 bytes in 151ms
D/dalvikvm(   30): GC freed 10797 objects / 465160 bytes in 152ms
D/dalvikvm(   30): GC freed 7800 objects / 461872 bytes in 158ms
D/dalvikvm(   30): GC freed 7779 objects / 459512 bytes in 182ms
D/dalvikvm(   30): GC freed 8883 objects / 518944 bytes in 158ms
D/dalvikvm(   30): GC freed 6826 objects / 396760 bytes in 155ms
D/dalvikvm(   30): GC freed 847 objects / 51296 bytes in 146ms
D/dalvikvm(   30): GC freed 540 objects / 38784 bytes in 145ms
D/dalvikvm(   30): GC freed 460 objects / 31392 bytes in 146ms
D/dalvikvm(   30): GC freed 426 objects / 29872 bytes in 154ms
I/Zygote  (   30): ...preloaded 1942 classes in 28046ms.
D/dalvikvm(   30): GC freed 117 objects / 14872 bytes in 171ms
I/Zygote  (   30): Preloading resources...
D/dalvikvm(   30): GC freed 5 objects / 224 bytes in 162ms
W/Zygote  (   30): Preloaded drawable resource #0x1080093 (res/drawable-mdpi/sym_def_app_icon.png) that varies with configuration!!
W/Zygote  (   30): Preloaded drawable resource #0x1080002 (res/drawable-mdpi/arrow_down_float.png) that varies with configuration!!
W/Zygote  (   30): Preloaded drawable resource #0x10800b4 (res/drawable/btn_check.xml) that varies with configuration!!
W/Zygote  (   30): Preloaded drawable resource #0x10800b7 (res/drawable-mdpi/btn_check_label_background.9.png) that varies with configuration!!
W/Zygote  (   30): Preloaded drawable resource #0x10800b8 (res/drawable-mdpi/btn_check_off.png) that varies with configuration!!
W/Zygote  (   30): Preloaded drawable resource #0x10800bd (res/drawable-mdpi/btn_check_on.png) that varies with configuration!!
W/Zygote  (   30): Preloaded drawable resource #0x1080004 (res/drawable/btn_default.xml) that varies with configuration!!
W/Zygote  (   30): Preloaded drawable resource #0x1080005 (res/drawable/btn_default_small.xml) that varies with configuration!!
W/Zygote  (   30): Preloaded drawable resource #0x1080006 (res/drawable/btn_dropdown.xml) that varies with configuration!!
W/Zygote  (   30): Preloaded drawable resource #0x1080008 (res/drawable/btn_plus.xml) that varies with configuration!!
W/Zygote  (   30): Preloaded drawable resource #0x1080007 (res/drawable/btn_minus.xml) that varies with configuration!!
W/Zygote  (   30): Preloaded drawable resource #0x1080009 (res/drawable/btn_radio.xml) that varies with configuration!!
W/Zygote  (   30): Preloaded drawable resource #0x108000a (res/drawable/btn_star.xml) that varies with configuration!!
D/dalvikvm(   30): GC freed 396 objects / 23952 bytes in 157ms
W/Zygote  (   30): Preloaded drawable resource #0x1080125 (res/drawable/btn_toggle.xml) that varies with configuration!!
W/Zygote  (   30): Preloaded drawable resource #0x1080187 (res/drawable-mdpi/ic_emergency.png) that varies with configuration!!
W/Zygote  (   30): Preloaded drawable resource #0x1080012 (res/drawable-mdpi/divider_horizontal_bright.9.png) that varies with configuration!!
W/Zygote  (   30): Preloaded drawable resource #0x1080014 (res/drawable-mdpi/divider_horizontal_dark.9.png) that varies with configuration!!
W/Zygote  (   30): Preloaded drawable resource #0x1080016 (res/drawable/edit_text.xml) that varies with configuration!!
W/Zygote  (   30): Preloaded drawable resource #0x1080161 (res/drawable/expander_group.xml) that varies with configuration!!
W/Zygote  (   30): Preloaded drawable resource #0x1080062 (res/drawable/list_selector_background.xml) that varies with configuration!!
W/Zygote  (   30): Preloaded drawable resource #0x1080217 (res/drawable-mdpi/menu_background.9.png) that varies with configuration!!
W/Zygote  (   30): Preloaded drawable resource #0x1080218 (res/drawable-mdpi/menu_background_fill_parent_width.9.png) that varies with configuration!!
W/Zygote  (   30): Preloaded drawable resource #0x1080219 (res/drawable/menu_selector.xml) that varies with configuration!!
W/Zygote  (   30): Preloaded drawable resource #0x1080224 (res/drawable-mdpi/panel_background.9.png) that varies with configuration!!
W/Zygote  (   30): Preloaded drawable resource #0x108022e (res/drawable-mdpi/popup_bottom_bright.9.png) that varies with configuration!!
W/Zygote  (   30): Preloaded drawable resource #0x108022f (res/drawable-mdpi/popup_bottom_dark.9.png) that varies with configuration!!
W/Zygote  (   30): Preloaded drawable resource #0x1080230 (res/drawable-mdpi/popup_bottom_medium.9.png) that varies with configuration!!
W/Zygote  (   30): Preloaded drawable resource #0x1080231 (res/drawable-mdpi/popup_center_bright.9.png) that varies with configuration!!
W/Zygote  (   30): Preloaded drawable resource #0x1080232 (res/drawable-mdpi/popup_center_dark.9.png) that varies with configuration!!
W/Zygote  (   30): Preloaded drawable resource #0x1080235 (res/drawable-mdpi/popup_full_dark.9.png) that varies with configuration!!
W/Zygote  (   30): Preloaded drawable resource #0x1080238 (res/drawable-mdpi/popup_top_bright.9.png) that varies with configuration!!
W/Zygote  (   30): Preloaded drawable resource #0x1080239 (res/drawable-mdpi/popup_top_dark.9.png) that varies with configuration!!
W/Zygote  (   30): Preloaded drawable resource #0x108006d (res/drawable/progress_indeterminate_horizontal.xml) that varies with configuration!!
W/Zygote  (   30): Preloaded drawable resource #0x108023f (res/drawable/progress_small.xml) that varies with configuration!!
W/Zygote  (   30): Preloaded drawable resource #0x1080240 (res/drawable/progress_small_titlebar.xml) that varies with configuration!!
D/dalvikvm(   30): GC freed 452 objects / 31872 bytes in 173ms
W/Zygote  (   30): Preloaded drawable resource #0x1080262 (res/drawable-mdpi/scrollbar_handle_horizontal.9.png) that varies with configuration!!
W/Zygote  (   30): Preloaded drawable resource #0x1080263 (res/drawable-mdpi/scrollbar_handle_vertical.9.png) that varies with configuration!!
W/Zygote  (   30): Preloaded drawable resource #0x1080071 (res/drawable/spinner_dropdown_background.xml) that varies with configuration!!
W/Zygote  (   30): Preloaded drawable resource #0x1080326 (res/drawable-mdpi/title_bar_shadow.9.png) that varies with configuration!!
W/Zygote  (   30): Preloaded drawable resource #0x10801c6 (res/drawable-mdpi/indicator_code_lock_drag_direction_green_up.png) that varies with configuration!!
W/Zygote  (   30): Preloaded drawable resource #0x10801c7 (res/drawable-mdpi/indicator_code_lock_drag_direction_red_up.png) that varies with configuration!!
D/dalvikvm(   30): GC freed 207 objects / 11592 bytes in 154ms
W/Zygote  (   30): Preloaded drawable resource #0x10801c8 (res/drawable-mdpi/indicator_code_lock_point_area_default.png) that varies with configuration!!
W/Zygote  (   30): Preloaded drawable resource #0x10801c9 (res/drawable-mdpi/indicator_code_lock_point_area_green.png) that varies with configuration!!
W/Zygote  (   30): Preloaded drawable resource #0x10801ca (res/drawable-mdpi/indicator_code_lock_point_area_red.png) that varies with configuration!!
I/Zygote  (   30): ...preloaded 48 resources in 3093ms.
I/Zygote  (   30): ...preloaded 15 resources in 73ms.
D/dalvikvm(   30): GC freed 142 objects / 11816 bytes in 150ms
D/dalvikvm(   30): GC freed 127 objects / 5096 bytes in 175ms
D/dalvikvm(   30): GC freed 14 objects / 496 bytes in 159ms
I/dalvikvm(   30): Splitting out new zygote heap
I/dalvikvm(   30): System server process 59 has been created
I/Zygote  (   30): Accepting command socket connections
D/ddm-heap(   59): Got feature list request
D/dalvikvm(   59): Trying to load lib /system/lib/libandroid_servers.so 0x0
D/dalvikvm(   59): Added shared lib /system/lib/libandroid_servers.so 0x0
E/BatteryService(   59): usbOnlinePath not found
E/BatteryService(   59): batteryVoltagePath not found
E/BatteryService(   59): batteryTemperaturePath not found
I/sysproc (   59): Entered system_init()
I/sysproc (   59): ServiceManager: 0x116b20
I/SurfaceFlinger(   59): SurfaceFlinger is starting
I/SurfaceFlinger(   59): SurfaceFlinger's main thread ready to run. Initializing graphics H/W...
E/SurfaceFlinger(   59): Couldn't open /sys/power/wait_for_fb_sleep or /sys/power/wait_for_fb_wake
I/gralloc (   59): using (fd=23)
I/gralloc (   59): id           = 
I/gralloc (   59): xres         = 320 px
I/gralloc (   59): yres         = 480 px
I/gralloc (   59): xres_virtual = 320 px
I/gralloc (   59): yres_virtual = 960 px
I/gralloc (   59): bpp          = 16
I/gralloc (   59): r            = 11:5
I/gralloc (   59): g            =  5:6
I/gralloc (   59): b            =  0:5
I/gralloc (   59): width        = 49 mm (165.877548 dpi)
I/gralloc (   59): height       = 74 mm (164.756760 dpi)
I/gralloc (   59): refresh rate = 60.00 Hz
D/libEGL  (   59): egl.cfg not found, using default config
D/libEGL  (   59): loaded /system/lib/egl/libGLES_android.so
I/SurfaceFlinger(   59): EGL informations:
I/SurfaceFlinger(   59): # of configs : 8
I/SurfaceFlinger(   59): vendor    : Android
I/SurfaceFlinger(   59): version   : 1.4 Android META-EGL
I/SurfaceFlinger(   59): extensions: EGL_KHR_image EGL_KHR_image_base EGL_KHR_image_pixmap EGL_ANDROID_image_native_buffer EGL_ANDROID_swap_rectangle EGL_ANDROID_get_render_buffer 
I/SurfaceFlinger(   59): Client API: OpenGL ES
I/SurfaceFlinger(   59): EGLSurface: 5-6-5-0, config=0x1000000
I/SurfaceFlinger(   59): flags     : 001c0000
I/SurfaceFlinger(   59): OpenGL informations:
I/SurfaceFlinger(   59): vendor    : Android
I/SurfaceFlinger(   59): renderer  : Android PixelFlinger 1.2
I/SurfaceFlinger(   59): version   : OpenGL ES-CM 1.0
I/SurfaceFlinger(   59): extensions: GL_OES_byte_coordinates GL_OES_fixed_point GL_OES_single_precision GL_OES_read_format GL_OES_compressed_paletted_texture GL_OES_draw_texture GL_OES_matrix_get GL_OES_query_matrix GL_OES_EGL_image GL_ARB_texture_compression GL_ARB_texture_non_power_of_two GL_ANDROID_user_clip_plane GL_ANDROID_vertex_buffer_object GL_ANDROID_generate_mipmap 
I/sysproc (   59): System server: starting Android runtime.
I/sysproc (   59): System server: starting Android services.
I/SystemServer(   59): Entered the Android system server!
I/sysproc (   59): System server: entering thread pool.
I/SystemServer(   59): Entropy Service
I/SystemServer(   59): Power Manager
I/SystemServer(   59): Activity Manager
I/ActivityManager(   59): Memory class: 256
I/UsageStats(   59): Deleting usage file : usage-20100326
D/libEGL  (   69): egl.cfg not found, using default config
D/libEGL  (   69): loaded /system/lib/egl/libGLES_android.so
W/zipro   (   69): Unable to open zip '/data/local/bootanimation.zip': No such file or directory
W/zipro   (   69): Unable to open zip '/system/media/bootanimation.zip': No such file or directory
I/SystemServer(   59): Telephony Registry
I/SystemServer(   59): Package Manager
I/ARMAssembler(   69): generated scanline__00000077:03545404_00000A01_00000000 [ 30 ipp] (51 ins) at [0x1c400:0x1c4cc] in 16556437 ns
I/Installer(   59): connecting...
I/installd(   32): new connection
I/PackageManager(   59): Libs: android.test.runner:/system/framework/android.test.runner.jar javax.obex:/system/framework/javax.obex.jar
I/PackageManager(   59): Features: android.hardware.wifi android.hardware.location.network android.hardware.camera android.hardware.bluetooth android.hardware.location android.hardware.location.gps android.hardware.camera.autofocus android.hardware.touchscreen android.hardware.sensor.accelerometer android.hardware.sensor.compass android.software.live_wallpaper
D/dalvikvm(   59): GC freed 4751 objects / 235216 bytes in 360ms
W/PackageManager(   59): Running ENG build: no pre-dexopt!
D/PackageManager(   59): Scanning app dir /system/framework
D/PackageManager(   59): Scanning app dir /system/app
D/dalvikvm(   59): GC freed 5339 objects / 313536 bytes in 318ms
D/dalvikvm(   59): GC freed 5022 objects / 287464 bytes in 335ms
D/PackageManager(   59): Scanning app dir /data/app
I/PackageParser(   59): com.lencinhaus.android.prova: compat added android.permission.WRITE_EXTERNAL_STORAGE android.permission.READ_PHONE_STATE
I/PackageParser(   59): android.jena.test: compat added android.permission.WRITE_EXTERNAL_STORAGE android.permission.READ_PHONE_STATE
I/PackageParser(   59): it.polimi.dei.dbgroup.pedigree.pelletandroid: compat added android.permission.WRITE_EXTERNAL_STORAGE android.permission.READ_PHONE_STATE
D/PackageManager(   59): Scanning app dir /data/app-private
I/PackageManager(   59): Time to scan packages: 7.939 seconds
W/PackageManager(   59): Unknown permission com.google.android.providers.gmail.permission.WRITE_GMAIL in package com.android.settings
W/PackageManager(   59): Unknown permission com.google.android.providers.gmail.permission.READ_GMAIL in package com.android.settings
W/PackageManager(   59): Unknown permission com.google.android.googleapps.permission.GOOGLE_AUTH in package com.android.settings
W/PackageManager(   59): Unknown permission com.google.android.googleapps.permission.GOOGLE_AUTH in package com.android.providers.contacts
W/PackageManager(   59): Unknown permission com.google.android.googleapps.permission.GOOGLE_AUTH.cp in package com.android.providers.contacts
W/PackageManager(   59): Unknown permission com.google.android.googleapps.permission.GOOGLE_AUTH.mail in package com.android.contacts
W/PackageManager(   59): Unknown permission android.permission.ADD_SYSTEM_SERVICE in package com.android.phone
W/PackageManager(   59): Unknown permission com.google.android.googleapps.permission.GOOGLE_AUTH in package com.android.development
W/PackageManager(   59): Unknown permission com.google.android.googleapps.permission.GOOGLE_AUTH.ALL_SERVICES in package com.android.development
W/PackageManager(   59): Unknown permission com.google.android.googleapps.permission.GOOGLE_AUTH.YouTubeUser in package com.android.development
W/PackageManager(   59): Unknown permission com.google.android.googleapps.permission.ACCESS_GOOGLE_PASSWORD in package com.android.development
W/PackageManager(   59): Unknown permission com.google.android.googleapps.permission.GOOGLE_AUTH in package com.android.browser
D/dalvikvm(   59): GC freed 3226 objects / 215712 bytes in 341ms
I/SystemServer(   59): Account Manager
W/ResourceType(   59): Resources don't contain package for resource number 0x7f0700e5
W/ResourceType(   59): Resources don't contain package for resource number 0x7f020031
W/ResourceType(   59): Resources don't contain package for resource number 0x7f020030
W/ResourceType(   59): Resources don't contain package for resource number 0x7f050000
I/SystemServer(   59): Content Manager
I/SyncManager(   59): No initial accounts
I/SyncManager(   59): No initial status
I/SyncManager(   59): No initial pending operations
I/SyncManager(   59): No initial statistics
I/SystemServer(   59): System Content Providers
I/ActivityThread(   59): Publishing provider settings: com.android.providers.settings.SettingsProvider
I/SystemServer(   59): Battery Service
I/SystemServer(   59): Hardware Service
D/qemud   (   35): fdhandler_accept_event: accepting on fd 10
D/qemud   (   35): created client 0x11008 listening on fd 12
D/qemud   (   35): client_fd_receive: attempting registration for service 'hw-control'
D/qemud   (   35): client_fd_receive:    -> received channel id 3
D/qemud   (   35): client_registration: registration succeeded for client 3
I/SystemServer(   59): Alarm Manager
I/SystemServer(   59): Init Watchdog
I/SystemServer(   59): Sensor Service
D/qemud   (   35): fdhandler_accept_event: accepting on fd 10
D/qemud   (   35): created client 0xc038 listening on fd 13
D/qemud   (   35): client_fd_receive: attempting registration for service 'sensors'
D/qemud   (   35): client_fd_receive:    -> received channel id 4
D/qemud   (   35): client_registration: registration succeeded for client 4
D/qemud   (   35): fdhandler_event: disconnect on fd 13
I/SystemServer(   59): Window Manager
I/EventHub(   59): New keyboard: publicID=65536 device->id=0x10000 devname='qwerty2' propName='hw.keyboards.65536.devname' keylayout='/system/usr/keylayout/qwerty.kl'
I/EventHub(   59): New device: path=/dev/input/event0 name=qwerty2 id=0x10000 (of 0x1) index=1 fd=49 classes=0x2f
E/EventHub(   59): could not get driver version for /dev/input/mouse0, Not a typewriter
E/EventHub(   59): could not get driver version for /dev/input/mice, Not a typewriter
I/KeyInputQueue(   59): Device added: id=0x0, name=qwerty2, classes=2f
I/KeyInputQueue(   59):   X: unknown values
I/KeyInputQueue(   59):   Y: unknown values
I/KeyInputQueue(   59):   Pressure: unknown values
I/KeyInputQueue(   59):   Size: unknown values
I/KeyInputQueue(   59): No virtual keys found
D/qemud   (   35): fdhandler_accept_event: accepting on fd 10
D/qemud   (   35): created client 0xc038 listening on fd 13
D/qemud   (   35): client_fd_receive: attempting registration for service 'sensors'
D/qemud   (   35): client_fd_receive:    -> received channel id 5
D/qemud   (   35): client_registration: registration succeeded for client 5
D/qemud   (   35): fdhandler_event: disconnect on fd 13
D/SensorManager(   59): found sensor: Goldfish 3-axis Accelerometer, handle=0
I/SystemServer(   59): Registering null Bluetooth Service (emulator)
E/System  (   59): Failure starting core service
E/System  (   59): java.lang.SecurityException
E/System  (   59): 	at android.os.BinderProxy.transact(Native Method)
E/System  (   59): 	at android.os.ServiceManagerProxy.addService(ServiceManagerNative.java:146)
E/System  (   59): 	at android.os.ServiceManager.addService(ServiceManager.java:72)
E/System  (   59): 	at com.android.server.ServerThread.run(SystemServer.java:176)
E/AndroidRuntime(   59): Crash logging skipped, no checkin service
I/SystemServer(   59): Status Bar
I/SystemServer(   59): Clipboard Service
I/SystemServer(   59): Input Method Service
W/ResourceType(   59): Resources don't contain package for resource number 0x7f060000
W/ResourceType(   59): Resources don't contain package for resource number 0x7f060001
I/InputManagerService(   59): Enabled input methods: com.android.inputmethod.pinyin/.PinyinIME:jp.co.omronsoft.openwnn/.OpenWnnJAJP:com.android.inputmethod.latin/.LatinIME
I/SystemServer(   59): NetStat Service
I/SystemServer(   59): Connectivity Service
V/ConnectivityService(   59): ConnectivityService starting up
V/ConnectivityService(   59): Starting Wifi Service.
I/WifiService(   59): WifiService starting up with Wi-Fi disabled
I/SystemServer(   59): Accessibility Manager
I/SystemServer(   59): Notification Manager
I/SystemServer(   59): Mount Service
I/SystemServer(   59): Device Storage Monitor
I/SystemServer(   59): Location Manager
I/SystemServer(   59): Search Service
D/libhardware_legacy(   59): using QEMU GPS Hardware emulation
I/SystemServer(   59): Checkin Service
W/ActivityManager(   59): Unable to start service Intent { cmp=com.google.android.server.checkin/.CheckinService }: not found
W/SystemServer(   59): Using fallback Checkin Service.
I/SystemServer(   59): Wallpaper Service
I/SystemServer(   59): Audio Service
W/GpsLocationProvider(   59): Could not open GPS configuration file /etc/gps.conf
D/dalvikvm(   59): Trying to load lib /system/lib/libsoundpool.so 0x0
D/dalvikvm(   59): Added shared lib /system/lib/libsoundpool.so 0x0
D/SoundPool(   59): error loading /system/media/audio/ui/Effect_Tick.ogg
W/AudioService(   59): Soundpool could not load file: /system/media/audio/ui/Effect_Tick.ogg
D/SoundPool(   59): error loading /system/media/audio/ui/KeypressStandard.ogg
W/AudioService(   59): Soundpool could not load file: /system/media/audio/ui/KeypressStandard.ogg
D/SoundPool(   59): error loading /system/media/audio/ui/KeypressSpacebar.ogg
W/AudioService(   59): Soundpool could not load file: /system/media/audio/ui/KeypressSpacebar.ogg
D/SoundPool(   59): error loading /system/media/audio/ui/KeypressDelete.ogg
W/AudioService(   59): Soundpool could not load file: /system/media/audio/ui/KeypressDelete.ogg
D/SoundPool(   59): error loading /system/media/audio/ui/KeypressReturn.ogg
W/AudioService(   59): Soundpool could not load file: /system/media/audio/ui/KeypressReturn.ogg
I/SystemServer(   59): Headset Observer
W/HeadsetObserver(   59): This kernel does not have wired headset support
I/SystemServer(   59): Dock Observer
W/DockObserver(   59): This kernel does not have dock station support
I/SystemServer(   59): Backup Service
D/GpsLocationProvider(   59): enable
D/qemud   (   35): fdhandler_accept_event: accepting on fd 10
D/qemud   (   35): created client 0xc038 listening on fd 13
D/qemud   (   35): client_fd_receive: attempting registration for service 'gps'
D/qemud   (   35): client_fd_receive:    -> received channel id 6
D/qemud   (   35): client_registration: registration succeeded for client 6
D/dalvikvm(   59): GC freed 4069 objects / 228808 bytes in 390ms
W/ActivityManager(   59): Unable to start service Intent { cmp=com.google.android.backup/.BackupTransportService }: not found
I/BackupManagerService(   59): Found stale backup journal, scheduling:
I/BackupManagerService(   59):     + android
I/BackupManagerService(   59):     + com.android.inputmethod.latin
I/BackupManagerService(   59):     + com.android.browser
I/BackupManagerService(   59):     + com.android.providers.userdictionary
I/BackupManagerService(   59):     + com.android.providers.settings
I/BackupManagerService(   59): Backup enabled => false
I/SystemServer(   59): AppWidget Service
D/GpsLocationProvider(   59): GpsEventThread starting
D/GpsLocationProvider(   59): NetworkThread starting
D/GpsLocationProvider(   59): NetworkThread wait for network
I/WindowManager(   59): SAFE MODE not enabled
I/ActivityManager(   59): Config changed: { scale=1.0 imsi=0/0 loc=en_US touch=3 keys=2/1/2 nav=3/1 orien=1 layout=18}
D/PowerManagerService(   59): system ready!
I/ActivityManager(   59): System now ready
I/SystemServer(   59): Making services ready
W/ResourceType(   59): Resources don't contain package for resource number 0x7f030003
W/ResourceType(   59): Resources don't contain package for resource number 0x7f030012
W/ResourceType(   59): Resources don't contain package for resource number 0x7f030000
W/ResourceType(   59): Resources don't contain package for resource number 0x7f030034
I/Zygote  (   59): Process: zygote socket opened
I/ActivityManager(   59): Start proc com.android.inputmethod.pinyin for service com.android.inputmethod.pinyin/.PinyinIME: pid=101 uid=10004 gids={3003, 1015}
I/ActivityManager(   59): Start proc com.android.phone for added application com.android.phone: pid=103 uid=1001 gids={3002, 3001, 3003, 1015}
I/ActivityManager(   59): Starting activity: Intent { act=android.intent.action.MAIN cat=[android.intent.category.HOME] flg=0x10000000 cmp=com.android.launcher/.Launcher }
I/ActivityManager(   59): Start proc android.process.acore for activity com.android.launcher/.Launcher: pid=105 uid=10004 gids={3003, 1015}
D/dalvikvm(   59): GC freed 3165 objects / 167760 bytes in 1256ms
W/StatusBar(   59): No icon ID for slot ime
D/ddm-heap(  101): Got feature list request
D/ddm-heap(  103): Got feature list request
D/ddm-heap(  105): Got feature list request
I/ActivityManager(   59): Start proc com.android.settings for broadcast com.android.settings/.widget.SettingsAppWidgetProvider: pid=121 uid=1000 gids={3002, 3001, 3003}
D/dalvikvm(  101): Trying to load lib /system/lib/libjni_pinyinime.so 0x6245e6f0
D/dalvikvm(  101): Added shared lib /system/lib/libjni_pinyinime.so 0x6245e6f0
I/ActivityThread(  103): Publishing provider icc: com.android.phone.IccProvider
I/ActivityThread(  103): Publishing provider mms-sms: com.android.providers.telephony.MmsSmsProvider
I/ActivityThread(  105): Publishing provider com.android.globalsearch.stats: com.android.globalsearch.StatsProvider
I/ActivityThread(  103): Publishing provider mms: com.android.providers.telephony.MmsProvider
I/ActivityThread(  103): Publishing provider sms: com.android.providers.telephony.SmsProvider
I/ActivityThread(  103): Publishing provider telephony: com.android.providers.telephony.TelephonyProvider
I/ActivityThread(  105): Publishing provider com.android.launcher.settings: com.android.launcher.LauncherProvider
I/ActivityThread(  105): Publishing provider com.android.social: com.android.providers.contacts.SocialProvider
D/ddm-heap(  121): Got feature list request
D/dalvikvm(   59): GC freed 3047 objects / 179768 bytes in 876ms
D/dalvikvm(   59): GC freed 1142 objects / 50632 bytes in 981ms
W/ActivityManager(   59): Activity idle timeout for HistoryRecord{62462f00 com.android.launcher/.Launcher}
D/PowerManagerService(   59): bootCompleted
W/ActivityManager(   59): Timeout of broadcast BroadcastRecord{6258de98 android.intent.action.CLOSE_SYSTEM_DIALOGS} - receiver=android.os.BinderProxy@625b4ea0
W/ActivityManager(   59): Receiver during timeout: ResolveInfo{6258dc30 com.android.settings.widget.SettingsAppWidgetProvider p=0 o=0 m=0x108000}
D/qemud   (   35): fdhandler_accept_event: accepting on fd 10
D/qemud   (   35): created client 0xc088 listening on fd 14
D/qemud   (   35): client_fd_receive: attempting registration for service 'sensors'
D/qemud   (   35): client_fd_receive:    -> received channel id 7
D/qemud   (   35): client_registration: registration succeeded for client 7
D/vold    (   27): Accepted connection from framework
D/vold    (   27): dispatch_cmd(send_ums_status):
D/vold    (   27): dispatch_cmd(mount_volume:/sdcard):
I/vold    (   27): Evaluating dev '/devices/platform/goldfish_mmc.0/mmc_host/mmc0/mmc0:e118/block/mmcblk0' for mountable filesystems for '/sdcard'
D/MountListener(   59): handleEvent volume_unmounted:/sdcard
I/ActivityManager(   59): ANR in process: com.android.settings
I/ActivityManager(   59): Annotation: Broadcast of Intent { act=android.intent.action.CLOSE_SYSTEM_DIALOGS cmp=com.android.settings/.widget.SettingsAppWidgetProvider (has extras) }
I/ActivityManager(   59): CPU usage:
I/ActivityManager(   59): Load: 2.46 / 0.76 / 0.26
I/ActivityManager(   59): CPU usage from 10800ms to 917ms ago:
I/ActivityManager(   59):   system_server: 51% = 36% user + 15% kernel / faults: 1237 minor 3 major
I/ActivityManager(   59):   m.android.phone: 23% = 10% user + 13% kernel / faults: 3649 minor 7 major
I/ActivityManager(   59):   d.process.acore: 21% = 9% user + 12% kernel / faults: 3436 minor 9 major
I/ActivityManager(   59):   utmethod.pinyin: 20% = 7% user + 13% kernel / faults: 3551 minor 3 major
I/ActivityManager(   59):   bootanimation: 8% = 7% user + 1% kernel
I/ActivityManager(   59):   adbd: 1% = 0% user + 1% kernel
I/ActivityManager(   59):   logcat: 0% = 0% user + 0% kernel
I/ActivityManager(   59):   zygote: 0% = 0% user + 0% kernel / faults: 26 minor
I/ActivityManager(   59):   servicemanager: 0% = 0% user + 0% kernel
I/ActivityManager(   59):   rild: 0% = 0% user + 0% kernel / faults: 1 minor
I/ActivityManager(   59):   qemud: 0% = 0% user + 0% kernel
I/ActivityManager(   59):  +ndroid.settings: 0% = 0% user + 0% kernel
I/ActivityManager(   59): TOTAL: 100% = 62% user + 36% kernel + 0% irq + 0% softirq
I/ActivityManager(   59): Removing old ANR trace file from /data/anr/traces.txt
I/Process (   59): Sending signal. PID: 121 SIG: 3
I/dalvikvm(  121): threadid=7: reacting to signal 3
D/MountListener(   59): handleEvent ums_disabled
D/MountListener(   59): handleEvent ums_disconnected
D/MountListener(   59): handleEvent volume_checking:/sdcard
I/Process (   59): Sending signal. PID: 59 SIG: 3
I/dalvikvm(   59): threadid=7: reacting to signal 3
I//system/bin/fsck_msdos(   27): ** /dev/block//vold/179:0
I//system/bin/fsck_msdos(   27): ** Phase 1 - Read and Compare FATs
I/dalvikvm(  121): Wrote stack trace to '/data/anr/traces.txt'
I//system/bin/fsck_msdos(   27): Attempting to allocate 397 KB for FAT
I/dalvikvm(   59): Wrote stack trace to '/data/anr/traces.txt'
I/Process (   59): Sending signal. PID: 101 SIG: 3
I/dalvikvm(  101): threadid=7: reacting to signal 3
I/dalvikvm(  101): Wrote stack trace to '/data/anr/traces.txt'
I/Process (   59): Sending signal. PID: 105 SIG: 3
I/dalvikvm(  105): threadid=7: reacting to signal 3
I/Process (   59): Sending signal. PID: 103 SIG: 3
I/dalvikvm(  103): threadid=7: reacting to signal 3
D/MediaPlayer(   59): Couldn't open file on client side, trying server side
I/dalvikvm(  105): Wrote stack trace to '/data/anr/traces.txt'
I/ActivityThread(  105): Publishing provider applications: com.android.providers.applications.ApplicationsProvider
I/dalvikvm(  103): Wrote stack trace to '/data/anr/traces.txt'
W/ActivityManager(   59): finishReceiver called but none active
I//system/bin/fsck_msdos(   27): Attempting to allocate 397 KB for FAT
E/MediaPlayerService(   31): Couldn't open fd for content://settings/system/notification_sound
E/MediaPlayer(   59): Unable to to create media player
W/NotificationService(   59): error loading sound for content://settings/system/notification_sound
W/NotificationService(   59): java.io.IOException: setDataSource failed.: status=0x80000000
W/NotificationService(   59): 	at android.media.MediaPlayer.setDataSource(Native Method)
W/NotificationService(   59): 	at android.media.MediaPlayer.setDataSource(MediaPlayer.java:699)
W/NotificationService(   59): 	at android.media.AsyncPlayer.startSound(AsyncPlayer.java:62)
W/NotificationService(   59): 	at android.media.AsyncPlayer.access$200(AsyncPlayer.java:33)
W/NotificationService(   59): 	at android.media.AsyncPlayer$Thread.run(AsyncPlayer.java:99)
I//system/bin/fsck_msdos(   27): ** Phase 2 - Check Cluster Chains
I//system/bin/fsck_msdos(   27): ** Phase 3 - Checking Directories
D/PhoneApp(  103): mProximityWakeLock: null
W/ActivityManager(   59): Unable to start service Intent { act=com.android.ussd.IExtendedNetworkService }: not found
I/SurfaceFlinger(   59): Boot is finished (48709 ms)
I/ARMAssembler(   59): generated scanline__00000177:03515104_00000A01_00000000 [ 55 ipp] (79 ins) at [0x3309d8:0x330b14] in 4312769 ns
D/PhoneApp(  103): Resetting audio state/mode: IDLE
D/dalvikvm(   59): GREF has increased to 201
I/ActivityThread(  105): Publishing provider contacts;com.android.contacts: com.android.providers.contacts.ContactsProvider2
I/ARMAssembler(   59): generated scanline__00000077:03545404_00000004_00000000 [ 47 ipp] (67 ins) at [0x47e048:0x47e154] in 5784396 ns
D/AlarmManagerService(   59): Kernel timezone updated to 0 minutes west of GMT
I//system/bin/fsck_msdos(   27): ** Phase 4 - Checking for Lost Files
D/SystemClock(  103): Setting time of day to sec=1274120061
W/SystemClock(  103): Unable to set rtc to 1274120061: Invalid argument
I//system/bin/fsck_msdos(   27): 1023 files, 49647 free (99294 clusters)
I/logwrapper(   27): /system/bin/fsck_msdos terminated by exit(0)
D/vold    (   27): Filesystem check completed OK
I/vold    (   27): Sucessfully mounted vfat filesystem 179:0 on /sdcard (safe-mode on)
D/MountListener(   59): handleEvent volume_mounted:/sdcard
W/NotificationService(   59): STOP command without a player
D/MobileDataStateTracker(   59): default Received state= DISCONNECTED, old= DISCONNECTED, reason= radioTurnedOff, apnTypeList= default
D/MobileDataStateTracker(   59): default Received state= DISCONNECTED, old= DISCONNECTED, reason= gprsDetached, apnTypeList= default
D/dalvikvm(  103): GC freed 3910 objects / 233600 bytes in 677ms
D/OtaStartupReceiver(  103): Not a CDMA phone, no need to process OTA
I/ActivityManager(   59): Start proc android.process.media for broadcast com.android.providers.media/.MediaScannerReceiver: pid=147 uid=10001 gids={1006, 1015, 2001, 3003}
E/ActivityThread(  103): Failed to find provider info for android.server.checkin
W/Checkin (  103): Can't update stat PHONE_GSM_REGISTERED: java.lang.IllegalArgumentException: Unknown URL content://android.server.checkin/stats
D/MobileDataStateTracker(   59): default Received state= DISCONNECTED, old= DISCONNECTED, reason= (unspecified), apnTypeList= default
D/MccTable(  103): updateMccMncConfiguration: mcc=310, mnc=260
D/MccTable(  103): locale set to en_us
D/MccTable(  103): WIFI_NUM_ALLOWED_CHANNESL set to 11
I/WifiService(   59): WifiService trying to setNumAllowed to 11 with persist set to false
I/ActivityManager(   59): Config changed: { scale=1.0 imsi=310/260 loc=en_US touch=3 keys=2/1/2 nav=3/1 orien=1 layout=18}
I/UsageStats(   59): Unexpected resume of com.android.launcher while already resumed in com.android.launcher
W/ResourceType(   59): Resources don't contain package for resource number 0x7f030034
W/ResourceType(   59): Resources don't contain package for resource number 0x7f030000
D/ddm-heap(  147): Got feature list request
W/ResourceType(   59): Resources don't contain package for resource number 0x7f030012
W/ActivityManager(   59): finishReceiver called but none active
W/ResourceType(   59): Resources don't contain package for resource number 0x7f030003
D/TelephonyProvider(  103): Setting numeric '310260' to be the current operator
I/ActivityThread(  147): Publishing provider drm: com.android.providers.drm.DrmProvider
E/ActivityThread(  103): Failed to find provider info for android.server.checkin
W/Checkin (  103): Can't update stat PHONE_GPRS_ATTEMPTED: java.lang.IllegalArgumentException: Unknown URL content://android.server.checkin/stats
D/MobileDataStateTracker(   59): default Received state= CONNECTING, old= DISCONNECTED, reason= simLoaded, apnTypeList= *
D/NetworkStateTracker(   59): setDetailed state, old =IDLE and new state=CONNECTING
D/ConnectivityService(   59): ConnectivityChange for MOBILE: CONNECTING/CONNECTING
E/ActivityThread(  103): Failed to find provider info for android.server.checkin
W/Checkin (  103): Can't update stat PHONE_GPRS_CONNECTED: java.lang.IllegalArgumentException: Unknown URL content://android.server.checkin/stats
D/MobileDataStateTracker(   59): default Received state= CONNECTED, old= CONNECTING, reason= simLoaded, apnTypeList= *
D/MobileDataStateTracker(   59): CONNECTED event did not supply interface name.
D/NetworkStateTracker(   59): setDetailed state, old =CONNECTING and new state=CONNECTED
D/ConnectivityService(   59): ConnectivityChange for MOBILE: CONNECTED/CONNECTED
V/NetworkStateTracker(   59): Setting TCP values: [4094,87380,110208,4096,16384,110208] which comes from [net.tcp.buffersize.umts]
D/MobileDataStateTracker(   59): replacing old mInterfaceName (null) with null for mms
D/MobileDataStateTracker(   59): replacing old mInterfaceName (null) with null for supl
D/MobileDataStateTracker(   59): replacing old mInterfaceName (null) with null for dun
I/ActivityThread(  147): Publishing provider media: com.android.providers.media.MediaProvider
D/MobileDataStateTracker(   59): replacing old mInterfaceName (null) with null for hipri
D/ConnectivityService(   59): adding dns 10.0.2.3 for MOBILE
D/ConnectivityService(   59): adding dns 10.0.2.4 for MOBILE
D/GpsLocationProvider(   59): updateNetworkState available info: NetworkInfo: type: MOBILE[UMTS], state: CONNECTED/CONNECTED, reason: simLoaded, extra: internet, roaming: false, failover: false, isAvailable: true
D/GpsLocationProvider(   59): NetworkThread wait for 9223372036854775807ms
V/MediaProvider(  147): Attached volume: internal
V/MediaProvider(  147): /sdcard volume ID: 401739532
V/MediaProvider(  147): Attached volume: external
I/ActivityThread(  147): Publishing provider downloads: com.android.providers.downloads.DownloadProvider
I/ActivityManager(   59): Start proc com.android.alarmclock for broadcast com.android.alarmclock/.AlarmInitReceiver: pid=159 uid=10006 gids={}
W/WindowManager(   59): App freeze timeout expired.
W/WindowManager(   59): Force clearing freeze: AppWindowToken{62550048 token=HistoryRecord{62462f00 com.android.launcher/.Launcher}}
W/SurfaceFlinger(   59): timeout expired mFreezeDisplay=1, mFreezeCount=0
D/MediaScannerService(  147): start scanning volume internal
D/ddm-heap(  159): Got feature list request
I/ActivityThread(  159): Publishing provider com.android.alarmclock: com.android.alarmclock.AlarmProvider
W/ContactAggregator(  105): No more aggregation requests
W/BackupManagerService(   59): dataChanged but no participant pkg='com.android.providers.settings' uid=10006
I/ActivityThread(  105): Publishing provider com.android.globalsearch.SuggestionProvider: com.android.globalsearch.SuggestionProvider
D/dalvikvm(   59): GC freed 11371 objects / 623424 bytes in 400ms
W/BackupManagerService(   59): dataChanged but no participant pkg='com.android.providers.settings' uid=10006
I/ActivityManager(   59): Start proc com.android.mms for broadcast com.android.mms/.transaction.MmsSystemEventReceiver: pid=168 uid=10012 gids={3003, 1015}
D/ddm-heap(  168): Got feature list request
D/dalvikvm(  105): GC freed 3165 objects / 227664 bytes in 870ms
I/ActivityThread(  105): Publishing provider call_log: com.android.providers.contacts.CallLogProvider
I/ActivityThread(  105): Publishing provider user_dictionary: com.android.providers.userdictionary.UserDictionaryProvider
I/ActivityManager(   59): Start proc com.android.email for broadcast com.android.email/com.android.exchange.BootReceiver: pid=186 uid=10021 gids={3003, 1015}
I/WindowManager(   59): Timeout waiting for wallpaper to offset: Window{624ac848 com.android.internal.service.wallpaper.ImageWallpaper paused=false}
D/HomeLoaders(  105):   ----> items cloned, ready to refresh UI
D/ddm-heap(  186): Got feature list request
I/ActivityThread(  186): Publishing provider com.android.email.provider: com.android.email.provider.EmailProvider
I/ActivityThread(  186): Publishing provider com.android.email.attachmentprovider: com.android.email.provider.AttachmentProvider
D/Exchange(  186): BootReceiver onReceive
D/EAS SyncManager(  186): !!! EAS SyncManager, onCreate
W/BackupManagerService(   59): dataChanged but no participant pkg='com.android.providers.settings' uid=10006
D/EAS SyncManager(  186): !!! EAS SyncManager, onStartCommand
D/EAS SyncManager(  186): !!! EAS SyncManager, stopping self
D/Eas Debug(  186): Logging: 
D/EAS SyncManager(  186): !!! EAS SyncManager, onDestroy
D/dalvikvm(   59): GREF has increased to 301
D/MediaScanner(  147): opendir /system/media/ failed, errno: 2
D/MediaScanner(  147):  prescan time: 16436ms
D/MediaScanner(  147):     scan time: 273ms
D/MediaScanner(  147): postscan time: 1ms
D/MediaScanner(  147):    total time: 16710ms
D/MediaScannerService(  147): done scanning volume internal
D/MediaScannerService(  147): start scanning volume external
D/dalvikvm(  105): GC freed 3579 objects / 224904 bytes in 507ms
V/MediaScanner(  147): pruneDeadThumbnailFiles... android.database.sqlite.SQLiteCursor@6249b300
V/MediaScanner(  147): /pruneDeadThumbnailFiles... android.database.sqlite.SQLiteCursor@6249b300
D/MediaScanner(  147):  prescan time: 645ms
D/MediaScanner(  147):     scan time: 9667ms
D/MediaScanner(  147): postscan time: 138ms
D/MediaScanner(  147):    total time: 10450ms
D/MediaScannerService(  147): done scanning volume external
D/KeyguardViewMediator(   59): pokeWakelock(5000)
D/KeyguardViewMediator(   59): pokeWakelock(5000)
W/WindowManager(   59): No window to dispatch pointer action 1
I/ARMAssembler(   59): generated scanline__00000177:03515104_00001A01_00000000 [ 73 ipp] (98 ins) at [0x490a08:0x490b90] in 2615067 ns
I/ActivityManager(   59): Displayed activity com.android.launcher/.Launcher: 77127 ms (total 77127 ms)
I/ARMAssembler(   59): generated scanline__00000077:03515104_00000000_00000000 [ 33 ipp] (47 ins) at [0x3758a8:0x375964] in 1807702 ns
I/ARMAssembler(   59): generated scanline__00000177:03515104_00001001_00000000 [ 91 ipp] (114 ins) at [0x375968:0x375b30] in 1690578 ns
D/AndroidRuntime(  201): 
D/AndroidRuntime(  201): >>>>>>>>>>>>>> AndroidRuntime START <<<<<<<<<<<<<<
D/AndroidRuntime(  201): CheckJNI is ON
D/AndroidRuntime(  201): --- registering native functions ---
D/ddm-heap(  201): Got feature list request
W/PackageManager(   59): Package named 'it.polimi.dei.dbgroup.pedigree.androjena' doesn't exist.
D/AndroidRuntime(  201): Shutting down VM
D/dalvikvm(  201): DestroyJavaVM waiting for non-daemon threads to exit
D/dalvikvm(  201): DestroyJavaVM shutting VM down
D/dalvikvm(  201): HeapWorker thread shutting down
E/AndroidRuntime(  201): ERROR: thread attach failed
D/dalvikvm(  201): HeapWorker thread has shut down
D/jdwp    (  201): JDWP shutting down net...
I/dalvikvm(  201): Debugger has detached; object registry had 1 entries
D/dalvikvm(  201): VM cleaning up
D/dalvikvm(  201): LinearAlloc 0x0 used 614084 of 5242880 (11%)
D/dalvikvm(  105): GC freed 1754 objects / 87616 bytes in 284ms
D/AndroidRuntime(  209): 
D/AndroidRuntime(  209): >>>>>>>>>>>>>> AndroidRuntime START <<<<<<<<<<<<<<
D/AndroidRuntime(  209): CheckJNI is ON
D/AndroidRuntime(  209): --- registering native functions ---
D/ddm-heap(  209): Got feature list request
W/PackageManager(   59): Package named 'it.polimi.dei.dbgroup.pedigree.androjena.test' doesn't exist.
D/AndroidRuntime(  209): Shutting down VM
D/dalvikvm(  209): DestroyJavaVM waiting for non-daemon threads to exit
D/dalvikvm(  209): DestroyJavaVM shutting VM down
E/AndroidRuntime(  209): ERROR: thread attach failed
D/dalvikvm(  209): HeapWorker thread shutting down
D/dalvikvm(  209): HeapWorker thread has shut down
D/jdwp    (  209): JDWP shutting down net...
I/dalvikvm(  209): Debugger has detached; object registry had 1 entries
D/dalvikvm(  209): VM cleaning up
D/dalvikvm(  209): LinearAlloc 0x0 used 614084 of 5242880 (11%)
I/ActivityManager(   59): Starting activity: Intent { act=android.intent.action.MAIN cat=[android.intent.category.LAUNCHER] flg=0x10200000 cmp=com.android.settings/.Settings }
I/ARMAssembler(   59): generated scanline__00000177:03515104_00000001_00000000 [ 73 ipp] (95 ins) at [0x495940:0x495abc] in 2144616 ns
I/ActivityManager(   59): Displayed activity com.android.settings/.Settings: 2392 ms (total 2392 ms)
I/ARMAssembler(   59): generated scanline__00000077:03545404_00000A04_00000000 [ 29 ipp] (51 ins) at [0x41f9e0:0x41faac] in 1201340 ns
E/gralloc (   59): [unregister] handle 0x4882f8 still locked (state=40000001)
I/ActivityManager(   59): Starting activity: Intent { act=android.intent.action.MAIN cmp=com.android.settings/.ApplicationSettings }
I/ActivityManager(   59): Displayed activity com.android.settings/.ApplicationSettings: 1279 ms (total 1279 ms)
I/ActivityManager(   59): Starting activity: Intent { act=android.intent.action.MAIN cmp=com.android.settings/.ManageApplications }
W/ManageApplications(  121): Cache has been disabled
D/        (  121): unable to unlink '/data/data/com.android.settings/shared_prefs/ManageAppsInfo.prefs.xml.bak': No such file or directory (errno=2)
D/dalvikvm(  121): GC freed 2633 objects / 200648 bytes in 258ms
D/dalvikvm(   59): GC freed 8158 objects / 393128 bytes in 503ms
D/dalvikvm(  121): GC freed 9670 objects / 481112 bytes in 242ms
I/ActivityManager(   59): Starting activity: Intent { act=android.intent.action.VIEW cmp=com.android.settings/.InstalledAppDetails (has extras) }
I/ActivityManager(   59): Displayed activity com.android.settings/.InstalledAppDetails: 1859 ms (total 14136 ms)
D/dalvikvm(  105): GC freed 179 objects / 8992 bytes in 2621ms
I/ActivityManager(   59): Starting activity: Intent { act=android.intent.action.DELETE dat=package:android.jena.test cmp=com.android.packageinstaller/.UninstallerActivity }
I/ActivityManager(   59): Start proc com.android.packageinstaller for activity com.android.packageinstaller/.UninstallerActivity: pid=221 uid=10010 gids={}
D/dalvikvm(   30): GC freed 277 objects / 10576 bytes in 966ms
D/dalvikvm(   30): GC freed 45 objects / 1992 bytes in 155ms
D/ddm-heap(  221): Got feature list request
D/dalvikvm(   30): GC freed 2 objects / 48 bytes in 552ms
D/installd(   32): DexInv: --- BEGIN '/system/app/PackageInstaller.apk' ---
D/dalvikvm(  227): DexOpt: load 124ms, verify 367ms, opt 17ms
D/installd(   32): DexInv: --- END '/system/app/PackageInstaller.apk' (success) ---
I/ActivityManager(   59): Displayed activity com.android.packageinstaller/.UninstallerActivity: 4483 ms (total 4483 ms)
I/ActivityManager(   59): Starting activity: Intent { act=android.intent.action.VIEW cmp=com.android.packageinstaller/.UninstallAppProgress (has extras) }
I/PackageManager(   59): Removing non-system package:android.jena.test
D/PackageManager(   59): Removing package android.jena.test
D/PackageManager(   59):   Activities: android.jena.test.JenaTestActivity
I/ActivityManager(   59): Displayed activity com.android.packageinstaller/.UninstallAppProgress: 911 ms (total 911 ms)
I/installd(   32): unlink /data/dalvik-cache/data@app@android.jena.test.apk@classes.dex
D/ActivityManager(   59): Uninstalling process android.jena.test
W/ResourceType(   59): Resources don't contain package for resource number 0x7f0700e5
W/ResourceType(   59): Resources don't contain package for resource number 0x7f020031
W/ResourceType(   59): Resources don't contain package for resource number 0x7f020030
