W/ResourceType(   59): Resources don't contain package for resource number 0x7f050000
W/ResourceType(   59): Resources don't contain package for resource number 0x7f060000
W/ResourceType(   59): Resources don't contain package for resource number 0x7f060001
D/dalvikvm(  221): GC freed 1872 objects / 126680 bytes in 714ms
D/dalvikvm(  121): GC freed 4486 objects / 233032 bytes in 1664ms
D/dalvikvm(  105): GC freed 1107 objects / 64200 bytes in 273ms
I/UninstallAppProgress(  221): Finished uninstalling pkg: android.jena.test
I/ActivityManager(   59): Displayed activity com.android.settings/.ManageApplications: 34598 ms (total 34598 ms)
I/ActivityManager(   59): Starting activity: Intent { act=android.intent.action.VIEW cmp=com.android.settings/.InstalledAppDetails (has extras) }
D/dalvikvm(  121): GC freed 10829 objects / 522392 bytes in 292ms
I/ActivityManager(   59): Displayed activity com.android.settings/.InstalledAppDetails: 1791 ms (total 1791 ms)
I/ActivityManager(   59): Starting activity: Intent { act=android.intent.action.DELETE dat=package:com.lencinhaus.android.prova cmp=com.android.packageinstaller/.UninstallerActivity }
I/ActivityManager(   59): Displayed activity com.android.packageinstaller/.UninstallerActivity: 907 ms (total 907 ms)
I/ActivityManager(   59): Starting activity: Intent { act=android.intent.action.VIEW cmp=com.android.packageinstaller/.UninstallAppProgress (has extras) }
I/PackageManager(   59): Removing non-system package:com.lencinhaus.android.prova
D/PackageManager(   59): Removing package com.lencinhaus.android.prova
D/PackageManager(   59):   Activities: com.lencinhaus.android.prova.ProvaAndroid
I/ActivityManager(   59): Displayed activity com.android.packageinstaller/.UninstallAppProgress: 750 ms (total 750 ms)
I/installd(   32): unlink /data/dalvik-cache/data@app@com.lencinhaus.android.prova.apk@classes.dex
D/ActivityManager(   59): Uninstalling process com.lencinhaus.android.prova
W/ResourceType(   59): Resources don't contain package for resource number 0x7f0700e5
W/ResourceType(   59): Resources don't contain package for resource number 0x7f020031
W/ResourceType(   59): Resources don't contain package for resource number 0x7f020030
W/ResourceType(   59): Resources don't contain package for resource number 0x7f050000
W/ResourceType(   59): Resources don't contain package for resource number 0x7f060000
W/ResourceType(   59): Resources don't contain package for resource number 0x7f060001
D/dalvikvm(  221): GC freed 856 objects / 52760 bytes in 397ms
D/dalvikvm(  121): GC freed 3076 objects / 149832 bytes in 941ms
D/dalvikvm(  105): GC freed 768 objects / 44264 bytes in 293ms
I/UninstallAppProgress(  221): Finished uninstalling pkg: com.lencinhaus.android.prova
I/ActivityManager(   59): Starting activity: Intent { act=android.intent.action.VIEW cmp=com.android.settings/.InstalledAppDetails (has extras) }
D/dalvikvm(  121): GC freed 10430 objects / 502368 bytes in 281ms
I/ActivityManager(   59): Displayed activity com.android.settings/.InstalledAppDetails: 1534 ms (total 1534 ms)
I/ActivityManager(   59): Starting activity: Intent { act=android.intent.action.DELETE dat=package:it.polimi.dei.dbgroup.pedigree.pelletandroid cmp=com.android.packageinstaller/.UninstallerActivity }
I/ActivityManager(   59): Displayed activity com.android.packageinstaller/.UninstallerActivity: 1076 ms (total 1076 ms)
I/ActivityManager(   59): Starting activity: Intent { act=android.intent.action.VIEW cmp=com.android.packageinstaller/.UninstallAppProgress (has extras) }
I/PackageManager(   59): Removing non-system package:it.polimi.dei.dbgroup.pedigree.pelletandroid
D/PackageManager(   59): Removing package it.polimi.dei.dbgroup.pedigree.pelletandroid
D/PackageManager(   59):   Activities: it.polimi.dei.dbgroup.pedigree.pelletandroid.TestActivity
I/ActivityManager(   59): Displayed activity com.android.packageinstaller/.UninstallAppProgress: 785 ms (total 785 ms)
I/installd(   32): unlink /data/dalvik-cache/data@app@it.polimi.dei.dbgroup.pedigree.pelletandroid.apk@classes.dex
D/ActivityManager(   59): Uninstalling process it.polimi.dei.dbgroup.pedigree.pelletandroid
W/ResourceType(   59): Resources don't contain package for resource number 0x7f0700e5
W/ResourceType(   59): Resources don't contain package for resource number 0x7f020031
W/ResourceType(   59): Resources don't contain package for resource number 0x7f020030
W/ResourceType(   59): Resources don't contain package for resource number 0x7f050000
W/ResourceType(   59): Resources don't contain package for resource number 0x7f060000
W/ResourceType(   59): Resources don't contain package for resource number 0x7f060001
D/dalvikvm(   59): GC freed 13579 objects / 857904 bytes in 563ms
D/dalvikvm(  221): GC freed 859 objects / 55592 bytes in 583ms
I/UninstallAppProgress(  221): Finished uninstalling pkg: it.polimi.dei.dbgroup.pedigree.pelletandroid
D/dalvikvm(  121): GC freed 2113 objects / 101688 bytes in 1876ms
D/dalvikvm(  105): GC freed 742 objects / 43160 bytes in 506ms
W/KeyCharacterMap(  121): No keyboard for id 0
W/KeyCharacterMap(  121): Using default keymap: /system/usr/keychars/qwerty.kcm.bin
D/dalvikvm(  121): GC freed 4924 objects / 292664 bytes in 290ms
D/AndroidRuntime(  238): 
D/AndroidRuntime(  238): >>>>>>>>>>>>>> AndroidRuntime START <<<<<<<<<<<<<<
D/AndroidRuntime(  238): CheckJNI is ON
D/AndroidRuntime(  238): --- registering native functions ---
D/ddm-heap(  238): Got feature list request
D/PackageParser(   59): Scanning package: /data/app/vmdl50690.tmp
I/PackageParser(   59): it.polimi.dei.dbgroup.pedigree.androjena.test: compat added android.permission.WRITE_EXTERNAL_STORAGE android.permission.READ_PHONE_STATE
D/dalvikvm(   59): GC freed 6557 objects / 392984 bytes in 365ms
D/dalvikvm(   59): GC freed 4993 objects / 607184 bytes in 442ms
D/dalvikvm(   59): GC freed 15 objects / 121688 bytes in 383ms
D/dalvikvm(   59): GC freed 30 objects / 761336 bytes in 303ms
D/dalvikvm(   59): GC freed 47 objects / 227736 bytes in 306ms
I/dalvikvm-heap(   59): Grow heap (frag case) to 7.910MB for 519612-byte allocation
D/dalvikvm(   59): GC freed 0 objects / 0 bytes in 311ms
D/dalvikvm(   59): GC freed 941 objects / 1008192 bytes in 311ms
D/dalvikvm(   59): GC freed 3031 objects / 716880 bytes in 367ms
D/dalvikvm(   59): GC freed 7397 objects / 290752 bytes in 436ms
D/dalvikvm(   59): GC freed 8308 objects / 882088 bytes in 496ms
D/dalvikvm(   59): GC freed 31270 objects / 1761088 bytes in 671ms
D/dalvikvm(   59): GC freed 41295 objects / 1726920 bytes in 635ms
D/dalvikvm(   59): GC freed 42977 objects / 1788472 bytes in 689ms
I/PackageManager(   59): /data/app/vmdl50690.tmp changed; unpacking
D/installd(   32): DexInv: --- BEGIN '/data/app/vmdl50690.tmp' ---
D/dalvikvm(  244): DexOpt: load 2938ms, verify 26572ms, opt 1141ms
D/installd(   32): DexInv: --- END '/data/app/vmdl50690.tmp' (success) ---
D/dalvikvm(   59): GC freed 23688 objects / 1071928 bytes in 644ms
I/installd(   32): move /data/dalvik-cache/data@app@vmdl50690.tmp@classes.dex -> /data/dalvik-cache/data@app@it.polimi.dei.dbgroup.pedigree.androjena.test.apk@classes.dex
D/PackageManager(   59): New package installed in /data/app/it.polimi.dei.dbgroup.pedigree.androjena.test.apk
D/AndroidRuntime(  238): Shutting down VM
D/dalvikvm(  238): DestroyJavaVM waiting for non-daemon threads to exit
D/dalvikvm(  238): DestroyJavaVM shutting VM down
D/dalvikvm(  238): HeapWorker thread shutting down
D/dalvikvm(  238): HeapWorker thread has shut down
D/jdwp    (  238): JDWP shutting down net...
I/dalvikvm(  238): Debugger has detached; object registry had 1 entries
D/dalvikvm(  238): VM cleaning up
E/AndroidRuntime(  238): ERROR: thread attach failed
D/dalvikvm(  238): LinearAlloc 0x0 used 623012 of 5242880 (11%)
D/dalvikvm(   59): GC freed 97286 objects / 5262920 bytes in 975ms
I/ActivityManager(   59): Start proc com.svox.pico for broadcast com.svox.pico/.VoiceDataInstallerReceiver: pid=248 uid=10003 gids={}
W/ResourceType(   59): Resources don't contain package for resource number 0x7f0700e5
W/ResourceType(   59): Resources don't contain package for resource number 0x7f020031
W/ResourceType(   59): Resources don't contain package for resource number 0x7f020030
W/ResourceType(   59): Resources don't contain package for resource number 0x7f050000
W/ResourceType(   59): Resources don't contain package for resource number 0x7f060000
W/ResourceType(   59): Resources don't contain package for resource number 0x7f060001
D/ddm-heap(  248): Got feature list request
I/ActivityManager(   59): Starting activity: Intent { act=android.intent.action.MAIN cat=[android.intent.category.LAUNCHER] flg=0x10200000 cmp=it.polimi.dei.dbgroup.pedigree.androjena.test/.AndrojenaTestActivity }
I/ActivityManager(   59): Start proc it.polimi.dei.dbgroup.pedigree.androjena.test for activity it.polimi.dei.dbgroup.pedigree.androjena.test/.AndrojenaTestActivity: pid=254 uid=10024 gids={3003, 1015}
D/ddm-heap(  254): Got feature list request
I/ARMAssembler(   59): generated scanline__00000077:03010104_00000004_00000000 [ 22 ipp] (41 ins) at [0x31a818:0x31a8bc] in 1404648 ns
D/dalvikvm(  254): GC freed 1962 objects / 152736 bytes in 304ms
D/dalvikvm(  254): GC freed 1623 objects / 114880 bytes in 247ms
I/ActivityManager(   59): Displayed activity it.polimi.dei.dbgroup.pedigree.androjena.test/.AndrojenaTestActivity: 5574 ms (total 5574 ms)
E/gralloc (   59): [unregister] handle 0x2bed40 still locked (state=40000001)
D/dalvikvm(  105): GC freed 1250 objects / 72096 bytes in 467ms
D/dalvikvm(   59): threadid=17: bogus mon 1+0>0; adjusting
I/AndroidLoggerFactory(  254): Logger name com.hp.hpl.jena.rdf.model.impl.PropertyImpl is too long, using model.impl.PropertyImpl instead
I/AndroidLoggerFactory(  254): Logger name com.hp.hpl.jena.util.Metadata is too long, using .hpl.jena.util.Metadata instead
I/AndroidLoggerFactory(  254): Logger name com.hp.hpl.jena.util.SystemUtils is too long, using l.jena.util.SystemUtils instead
V/l.jena.util.SystemUtils(  254): Using thread classloader
I/AndroidLoggerFactory(  254): Logger name com.hp.hpl.jena.rdf.model.impl.RDFListImpl is too long, using .model.impl.RDFListImpl instead
I/AndroidLoggerFactory(  254): Logger name com.hp.hpl.jena.ontology.impl.OntResourceImpl is too long, using gy.impl.OntResourceImpl instead
D/dalvikvm(  254): GC freed 3475 objects / 241560 bytes in 293ms
D/dalvikvm(  254): GC freed 7632 objects / 343664 bytes in 300ms
D/dalvikvm(  254): GC freed 11281 objects / 509904 bytes in 338ms
D/dalvikvm(  254): GC freed 13871 objects / 592488 bytes in 356ms
I/AndroidLoggerFactory(  254): Logger name com.hp.hpl.jena.rdf.model.test.TestModelRead is too long, using odel.test.TestModelRead instead
D/TestHelper(  254): testing/N3/n3-writer-tests sanitized to testing/N3/n3-writer-tests
D/dalvikvm(  254): GC freed 10848 objects / 558232 bytes in 378ms
D/dalvikvm(  254): GC freed 3062 objects / 210776 bytes in 377ms
D/dalvikvm(  254): GC freed 3386 objects / 632184 bytes in 373ms
I/dalvikvm-heap(  254): Grow heap (frag case) to 6.880MB for 487416-byte allocation
D/dalvikvm(  254): GC freed 0 objects / 0 bytes in 389ms
D/dalvikvm(  254): GC freed 194 objects / 993952 bytes in 376ms
D/dalvikvm(  254): GC freed 19 objects / 869152 bytes in 369ms
D/dalvikvm(  254): GC freed 4 objects / 97608 bytes in 359ms
D/dalvikvm(  254): GC freed 4082 objects / 762536 bytes in 440ms
D/dalvikvm(  254): GC freed 8433 objects / 615448 bytes in 496ms
D/dalvikvm(  254): GC freed 9705 objects / 638200 bytes in 515ms
I/global  (  254): Default buffer size used in BufferedReader constructor. It would be better to be explicit if an 8k-char buffer is required.
I/AndroidLoggerFactory(  254): Logger name com.hp.hpl.jena.util.tuple.TupleSet is too long, using ena.util.tuple.TupleSet instead
I/AndroidLoggerFactory(  254): Logger name com.hp.hpl.jena.util.junit.Manifest is too long, using ena.util.junit.Manifest instead
D/ena.util.junit.Manifest(  254): Manifest = testing/Turtle/manifest.ttl
D/TestHelper(  254): testing/Turtle/manifest.ttl sanitized to testing/Turtle/manifest.ttl
D/ena.util.junit.Manifest(  254):          = testing/Turtle/manifest.ttl
I/AndroidLoggerFactory(  254): Logger name com.hp.hpl.jena.util.FileManager is too long, using l.jena.util.FileManager instead
I/AndroidLoggerFactory(  254): Logger name com.hp.hpl.jena.util.LocationMapper is too long, using ena.util.LocationMapper instead
I/AndroidLoggerFactory(  254): Logger name com.hp.hpl.jena.util.LocatorFile is too long, using l.jena.util.LocatorFile instead
D/l.jena.util.FileManager(  254): Add location: LocatorFile
I/AndroidLoggerFactory(  254): Logger name com.hp.hpl.jena.util.LocatorClassLoader is too long, using util.LocatorClassLoader instead
D/l.jena.util.FileManager(  254): Add location: ClassLoaderLocator
D/ena.util.LocationMapper(  254): Failed to find configuration: file:location-mapping.rdf;file:location-mapping.n3;file:location-mapping.ttl;file:etc/location-mapping.rdf;file:etc/location-mapping.n3;file:etc/location-mapping.ttl
D/l.jena.util.FileManager(  254): Add location: LocatorFile
I/AndroidLoggerFactory(  254): Logger name com.hp.hpl.jena.util.LocatorURL is too long, using pl.jena.util.LocatorURL instead
D/l.jena.util.FileManager(  254): Add location: LocatorURL
D/l.jena.util.FileManager(  254): Add location: ClassLoaderLocator
I/global  (  254): Default buffer size used in BufferedReader constructor. It would be better to be explicit if an 8k-char buffer is required.
D/dalvikvm(  254): GC freed 9613 objects / 921016 bytes in 559ms
D/ena.util.junit.Manifest(  254): Manifest = file:///testing/Turtle/NTriples/manifest.ttl
D/TestHelper(  254): file:///testing/Turtle/NTriples/manifest.ttl sanitized to testing/Turtle/NTriples/manifest.ttl
D/ena.util.junit.Manifest(  254):          = testing/Turtle/NTriples/manifest.ttl
I/global  (  254): Default buffer size used in BufferedReader constructor. It would be better to be explicit if an 8k-char buffer is required.
D/ena.util.junit.Manifest(  254): Manifest = file:///testing/Turtle/RaptorTurtle/manifest-good.ttl
D/TestHelper(  254): file:///testing/Turtle/RaptorTurtle/manifest-good.ttl sanitized to testing/Turtle/RaptorTurtle/manifest-good.ttl
D/ena.util.junit.Manifest(  254):          = testing/Turtle/RaptorTurtle/manifest-good.ttl
I/global  (  254): Default buffer size used in BufferedReader constructor. It would be better to be explicit if an 8k-char buffer is required.
D/ena.util.junit.Manifest(  254): Manifest = file:///testing/Turtle/RaptorTurtle/manifest-bad.ttl
D/TestHelper(  254): file:///testing/Turtle/RaptorTurtle/manifest-bad.ttl sanitized to testing/Turtle/RaptorTurtle/manifest-bad.ttl
D/ena.util.junit.Manifest(  254):          = testing/Turtle/RaptorTurtle/manifest-bad.ttl
I/global  (  254): Default buffer size used in BufferedReader constructor. It would be better to be explicit if an 8k-char buffer is required.
I/AndroidLoggerFactory(  254): Logger name com.hp.hpl.jena.xmloutput.TestMacEncodings is too long, using output.TestMacEncodings instead
W/output.TestMacEncodings(  254): MacRoman not supported on this Java installation: mac encoding tests suppressed.
I/AndroidLoggerFactory(  254): Logger name com.hp.hpl.jena.xmloutput.testWriterAndReader is too long, using put.testWriterAndReader instead
I/AndroidLoggerFactory(  254): Logger name com.hp.hpl.jena.util.TestLocationMapper is too long, using util.TestLocationMapper instead
I/AndroidLoggerFactory(  254): Logger name com.hp.hpl.jena.util.TestFileManager is too long, using na.util.TestFileManager instead
I/global  (  254): Default buffer size used in BufferedReader constructor. It would be better to be explicit if an 8k-char buffer is required.
D/dalvikvm(  254): GC freed 32413 objects / 1720472 bytes in 693ms
I/global  (  254): Default buffer size used in BufferedReader constructor. It would be better to be explicit if an 8k-char buffer is required.
I/AndroidLoggerFactory(  254): Logger name com.hp.hpl.jena.reasoner.rulesys.Rule is too long, using a.reasoner.rulesys.Rule instead
I/AndroidLoggerFactory(  254): Logger name com.hp.hpl.jena.reasoner.rulesys.Functor is too long, using easoner.rulesys.Functor instead
I/AndroidLoggerFactory(  254): Logger name com.hp.hpl.jena.reasoner.rulesys.BasicForwardRuleInfGraph is too long, using asicForwardRuleInfGraph instead
I/AndroidLoggerFactory(  254): Logger name com.hp.hpl.jena.reasoner.rulesys.FBRuleInfGraph is too long, using .rulesys.FBRuleInfGraph instead
I/AndroidLoggerFactory(  254): Logger name com.hp.hpl.jena.reasoner.rulesys.impl.FRuleEngine is too long, using ulesys.impl.FRuleEngine instead
I/AndroidLoggerFactory(  254): Logger name com.hp.hpl.jena.reasoner.rulesys.impl.LPBRuleEngine is too long, using esys.impl.LPBRuleEngine instead
I/AndroidLoggerFactory(  254): Logger name com.hp.hpl.jena.reasoner.rulesys.impl.LPInterpreter is too long, using esys.impl.LPInterpreter instead
D/dalvikvm(  254): GC freed 38158 objects / 1539184 bytes in 705ms
D/dalvikvm(  254): GC freed 66215 objects / 2375384 bytes in 789ms
I/AndroidLoggerFactory(  254): Logger name com.hp.hpl.jena.rdf.arp.MoreTests is too long, using .jena.rdf.arp.MoreTests instead
D/dalvikvm(  254): GC freed 61140 objects / 1855224 bytes in 834ms
I/global  (  254): Default buffer size used in BufferedReader constructor. It would be better to be explicit if an 8k-char buffer is required.
D/dalvikvm(  254): GC freed 26242 objects / 1262624 bytes in 746ms
D/dalvikvm(  254): GC freed 28279 objects / 1286936 bytes in 776ms
I/AndroidLoggerFactory(  254): Logger name com.hp.hpl.jena.regression.testReaderInterface is too long, using ion.testReaderInterface instead
I/AndroidLoggerFactory(  254): Logger name com.hp.hpl.jena.reasoner.test.TestReasoners is too long, using oner.test.TestReasoners instead
I/AndroidLoggerFactory(  254): Logger name com.hp.hpl.jena.reasoner.test.ReasonerTester is too long, using ner.test.ReasonerTester instead
D/TestHelper(  254): testing/reasoners/rdfs/manifest-nodirect-noresource.rdf sanitized to testing/reasoners/rdfs/manifest-nodirect-noresource.rdf
I/global  (  254): Default buffer size used in BufferedReader constructor. It would be better to be explicit if an 8k-char buffer is required.
I/AndroidLoggerFactory(  254): Logger name com.hp.hpl.jena.rdf.model.impl.RDFDefaultErrorHandler is too long, using .RDFDefaultErrorHandler instead
W/ExpatReader(  254): DTD handlers aren't supported.
I/AndroidLoggerFactory(  254): Logger name com.hp.hpl.jena.rdf.arp.SAX2RDF is too long, using pl.jena.rdf.arp.SAX2RDF instead
W/pl.jena.rdf.arp.SAX2RDF(  254): http://apache.org/xml/features/allow-java-encodings feature not supported by XMLReader
W/ExpatReader(  254): DTD handlers aren't supported.
W/pl.jena.rdf.arp.SAX2RDF(  254): http://apache.org/xml/features/allow-java-encodings feature not supported by XMLReader
D/dalvikvm(  254): GC freed 23191 objects / 1092648 bytes in 853ms
I/global  (  254): Default buffer size used in BufferedReader constructor. It would be better to be explicit if an 8k-char buffer is required.
I/AndroidLoggerFactory(  254): Logger name com.hp.hpl.jena.reasoner.test.WGReasonerTester is too long, using r.test.WGReasonerTester instead
D/TestHelper(  254): testing/wg/Manifest.rdf sanitized to testing/wg/Manifest.rdf
I/global  (  254): Default buffer size used in BufferedInputStream constructor. It would be better to be explicit if an 8k buffer is required.
W/ExpatReader(  254): DTD handlers aren't supported.
W/pl.jena.rdf.arp.SAX2RDF(  254): http://apache.org/xml/features/allow-java-encodings feature not supported by XMLReader
W/ExpatReader(  254): DTD handlers aren't supported.
W/pl.jena.rdf.arp.SAX2RDF(  254): http://apache.org/xml/features/allow-java-encodings feature not supported by XMLReader
D/dalvikvm(  254): GC freed 34573 objects / 1492768 bytes in 885ms
D/dalvikvm(  254): GC freed 60908 objects / 1988448 bytes in 953ms
D/dalvikvm(  254): GC freed 60910 objects / 2020264 bytes in 968ms
D/dalvikvm(  254): GC freed 61713 objects / 2049128 bytes in 981ms
D/dalvikvm(  254): GC freed 57889 objects / 1952192 bytes in 899ms
D/dalvikvm(  254): GC freed 61422 objects / 2035992 bytes in 971ms
D/dalvikvm(  254): GC freed 61502 objects / 2060256 bytes in 1023ms
D/dalvikvm(  254): GC freed 3431 objects / 256232 bytes in 772ms
D/TestHelper(  254): testing/reasoners/rdfs/manifest-standard.rdf sanitized to testing/reasoners/rdfs/manifest-standard.rdf
D/dalvikvm(  254): GC freed 370 objects / 34800 bytes in 719ms
I/dalvikvm-heap(  254): Grow heap (frag case) to 14.886MB for 16400-byte allocation
D/dalvikvm(  254): GC freed 0 objects / 0 bytes in 760ms
I/global  (  254): Default buffer size used in BufferedReader constructor. It would be better to be explicit if an 8k-char buffer is required.
W/ExpatReader(  254): DTD handlers aren't supported.
W/pl.jena.rdf.arp.SAX2RDF(  254): http://apache.org/xml/features/allow-java-encodings feature not supported by XMLReader
W/ExpatReader(  254): DTD handlers aren't supported.
W/pl.jena.rdf.arp.SAX2RDF(  254): http://apache.org/xml/features/allow-java-encodings feature not supported by XMLReader
D/TestHelper(  254): testing/reasoners/rdfs/manifest.rdf sanitized to testing/reasoners/rdfs/manifest.rdf
I/global  (  254): Default buffer size used in BufferedReader constructor. It would be better to be explicit if an 8k-char buffer is required.
W/ExpatReader(  254): DTD handlers aren't supported.
W/pl.jena.rdf.arp.SAX2RDF(  254): http://apache.org/xml/features/allow-java-encodings feature not supported by XMLReader
W/ExpatReader(  254): DTD handlers aren't supported.
W/pl.jena.rdf.arp.SAX2RDF(  254): http://apache.org/xml/features/allow-java-encodings feature not supported by XMLReader
I/global  (  254): Default buffer size used in BufferedReader constructor. It would be better to be explicit if an 8k-char buffer is required.
D/dalvikvm(  254): GC freed 27185 objects / 1016752 bytes in 953ms
D/TestHelper(  254): testing/reasoners/rdfs/manifest-simple.rdf sanitized to testing/reasoners/rdfs/manifest-simple.rdf
D/dalvikvm(  254): GC freed 7158 objects / 433184 bytes in 839ms
I/global  (  254): Default buffer size used in BufferedReader constructor. It would be better to be explicit if an 8k-char buffer is required.
W/ExpatReader(  254): DTD handlers aren't supported.
W/pl.jena.rdf.arp.SAX2RDF(  254): http://apache.org/xml/features/allow-java-encodings feature not supported by XMLReader
W/ExpatReader(  254): DTD handlers aren't supported.
W/pl.jena.rdf.arp.SAX2RDF(  254): http://apache.org/xml/features/allow-java-encodings feature not supported by XMLReader
I/global  (  254): Default buffer size used in BufferedReader constructor. It would be better to be explicit if an 8k-char buffer is required.
I/AndroidLoggerFactory(  254): Logger name com.hp.hpl.jena.reasoner.rulesys.test.TestFBRules is too long, using ulesys.test.TestFBRules instead
I/AndroidLoggerFactory(  254): Logger name com.hp.hpl.jena.ontology.impl.TestOntDocumentManager is too long, using .TestOntDocumentManager instead
I/AndroidLoggerFactory(  254): Logger name jena.test.Test_schemagen is too long, using ena.test.Test_schemagen instead
I/AllTests(  254): running overridden runTest method
W/ExpatReader(  254): DTD handlers aren't supported.
W/pl.jena.rdf.arp.SAX2RDF(  254): http://apache.org/xml/features/allow-java-encodings feature not supported by XMLReader
W/ExpatReader(  254): DTD handlers aren't supported.
W/pl.jena.rdf.arp.SAX2RDF(  254): http://apache.org/xml/features/allow-java-encodings feature not supported by XMLReader
W/ExpatReader(  254): DTD handlers aren't supported.
W/pl.jena.rdf.arp.SAX2RDF(  254): http://apache.org/xml/features/allow-java-encodings feature not supported by XMLReader
W/ExpatReader(  254): DTD handlers aren't supported.
W/pl.jena.rdf.arp.SAX2RDF(  254): http://apache.org/xml/features/allow-java-encodings feature not supported by XMLReader
D/dalvikvm(  254): GC freed 29563 objects / 1560504 bytes in 928ms
D/dalvikvm(  254): GC freed 29108 objects / 1590568 bytes in 1516ms
D/dalvikvm(  254): GC freed 55985 objects / 2063312 bytes in 1146ms
D/dalvikvm(  254): GC freed 56176 objects / 2061864 bytes in 1243ms
D/dalvikvm(  254): GC freed 56176 objects / 2061792 bytes in 1084ms
D/dalvikvm(  254): GC freed 56176 objects / 2061832 bytes in 1149ms
D/dalvikvm(  254): GC freed 56176 objects / 2061680 bytes in 1063ms
D/dalvikvm(  254): GC freed 56176 objects / 2061720 bytes in 1073ms
D/dalvikvm(  254): GC freed 56176 objects / 2061696 bytes in 1075ms
D/dalvikvm(  254): GC freed 56176 objects / 2061688 bytes in 1316ms
D/dalvikvm(  254): GC freed 56176 objects / 2061728 bytes in 1113ms
D/dalvikvm(  254): GC freed 56176 objects / 2061656 bytes in 1374ms
D/dalvikvm(  254): GC freed 56176 objects / 2061680 bytes in 1206ms
D/dalvikvm(  254): GC freed 56176 objects / 2061704 bytes in 1354ms
D/dalvikvm(  254): GC freed 56174 objects / 2061752 bytes in 945ms
D/dalvikvm(  254): GC freed 56178 objects / 2061848 bytes in 930ms
D/dalvikvm(  254): GC freed 56183 objects / 2062032 bytes in 887ms
D/dalvikvm(  254): GC freed 56183 objects / 2062048 bytes in 1062ms
D/dalvikvm(  254): GC freed 56183 objects / 2062112 bytes in 1167ms
D/dalvikvm(  254): GC freed 56183 objects / 2062128 bytes in 966ms
D/dalvikvm(  254): GC freed 56183 objects / 2062144 bytes in 1077ms
D/dalvikvm(  254): GC freed 56183 objects / 2062144 bytes in 1222ms
D/dalvikvm(  254): GC freed 56183 objects / 2062032 bytes in 1047ms
D/dalvikvm(  254): GC freed 56183 objects / 2062144 bytes in 1114ms
D/dalvikvm(  254): GC freed 56183 objects / 2062096 bytes in 1080ms
D/dalvikvm(  254): GC freed 56183 objects / 2062064 bytes in 1189ms
D/dalvikvm(  254): GC freed 56183 objects / 2062064 bytes in 987ms
D/dalvikvm(  254): GC freed 56183 objects / 2062064 bytes in 1041ms
D/dalvikvm(  254): GC freed 56183 objects / 2062064 bytes in 1270ms
D/dalvikvm(  254): GC freed 56183 objects / 2062064 bytes in 1354ms
D/dalvikvm(  254): GC freed 56183 objects / 2062064 bytes in 1609ms
D/dalvikvm(  254): GC freed 56183 objects / 2062064 bytes in 1129ms
D/dalvikvm(  254): GC freed 56183 objects / 2062064 bytes in 1347ms
D/dalvikvm(  254): GC freed 56187 objects / 2062128 bytes in 1402ms
D/dalvikvm(  254): GC freed 56179 objects / 2061976 bytes in 1152ms
D/dalvikvm(  254): GC freed 56181 objects / 2062080 bytes in 1107ms
D/dalvikvm(  254): GC freed 56176 objects / 2061856 bytes in 1058ms
D/dalvikvm(  254): GC freed 56143 objects / 2060376 bytes in 978ms
D/dalvikvm(  254): GC freed 56190 objects / 2062320 bytes in 1012ms
D/dalvikvm(  254): GC freed 56155 objects / 2060704 bytes in 910ms
D/dalvikvm(  254): GC freed 56176 objects / 2061752 bytes in 1086ms
D/dalvikvm(  254): GC freed 56183 objects / 2062008 bytes in 1226ms
D/dalvikvm(  254): GC freed 56181 objects / 2061968 bytes in 1025ms
D/dalvikvm(  254): GC freed 56185 objects / 2062160 bytes in 995ms
D/dalvikvm(  254): GC freed 56190 objects / 2062256 bytes in 1233ms
D/dalvikvm(  254): GC freed 56190 objects / 2062224 bytes in 968ms
D/dalvikvm(  254): GC freed 56183 objects / 2061992 bytes in 969ms
D/dalvikvm(  254): GC freed 56181 objects / 2061920 bytes in 1019ms
D/dalvikvm(  254): GC freed 56183 objects / 2062096 bytes in 959ms
D/dalvikvm(  254): GC freed 56181 objects / 2061976 bytes in 1068ms
D/dalvikvm(  254): GC freed 56178 objects / 2062024 bytes in 1014ms
D/dalvikvm(  254): GC freed 56183 objects / 2062160 bytes in 1131ms
D/dalvikvm(  254): GC freed 56183 objects / 2062048 bytes in 985ms
D/dalvikvm(  254): GC freed 56183 objects / 2062064 bytes in 952ms
D/dalvikvm(  254): GC freed 56183 objects / 2062032 bytes in 985ms
D/dalvikvm(  254): GC freed 56183 objects / 2062064 bytes in 1000ms
D/dalvikvm(  254): GC freed 56183 objects / 2062064 bytes in 1066ms
D/dalvikvm(  254): GC freed 56183 objects / 2062016 bytes in 1074ms
D/dalvikvm(  254): GC freed 56183 objects / 2062016 bytes in 1083ms
D/dalvikvm(  254): GC freed 56183 objects / 2062032 bytes in 1298ms
D/dalvikvm(  254): GC freed 56183 objects / 2062032 bytes in 955ms
D/dalvikvm(  254): GC freed 56183 objects / 2062032 bytes in 1087ms
D/dalvikvm(  254): GC freed 56183 objects / 2062000 bytes in 1013ms
D/dalvikvm(  254): GC freed 56187 objects / 2061992 bytes in 988ms
D/dalvikvm(  254): GC freed 56179 objects / 2061936 bytes in 977ms
D/dalvikvm(  254): GC freed 56190 objects / 2062136 bytes in 935ms
D/dalvikvm(  254): GC freed 56183 objects / 2062096 bytes in 1001ms
D/dalvikvm(  254): GC freed 56603 objects / 2605024 bytes in 1007ms
D/dalvikvm(  254): GC freed 37558 objects / 2040696 bytes in 987ms
I/AndroidLoggerFactory(  254): Logger name com.hp.hpl.jena.graph.query.PatternStageBase is too long, using .query.PatternStageBase instead
D/.query.PatternStageBase(  254): created new thread Thread[PatternStage-1,5,main]
D/.query.PatternStageBase(  254): caching thread com.hp.hpl.jena.graph.query.PatternStage@63aa2b30 [currently 1 cached threads]
D/.query.PatternStageBase(  254): reusing thread Thread[PatternStage-1,5,main]
D/.query.PatternStageBase(  254): caching thread com.hp.hpl.jena.graph.query.PatternStage@63aa2b30 [currently 1 cached threads]
D/.query.PatternStageBase(  254): reusing thread Thread[PatternStage-1,5,main]
D/.query.PatternStageBase(  254): caching thread com.hp.hpl.jena.graph.query.PatternStage@63aa2b30 [currently 1 cached threads]
D/.query.PatternStageBase(  254): reusing thread Thread[PatternStage-1,5,main]
D/.query.PatternStageBase(  254): caching thread com.hp.hpl.jena.graph.query.PatternStage@63aa2b30 [currently 1 cached threads]
D/.query.PatternStageBase(  254): reusing thread Thread[PatternStage-1,5,main]
D/.query.PatternStageBase(  254): caching thread com.hp.hpl.jena.graph.query.PatternStage@63aa2b30 [currently 1 cached threads]
D/.query.PatternStageBase(  254): reusing thread Thread[PatternStage-1,5,main]
D/.query.PatternStageBase(  254): caching thread com.hp.hpl.jena.graph.query.PatternStage@63aa2b30 [currently 1 cached threads]
D/.query.PatternStageBase(  254): reusing thread Thread[PatternStage-1,5,main]
D/.query.PatternStageBase(  254): caching thread com.hp.hpl.jena.graph.query.PatternStage@63aa2b30 [currently 1 cached threads]
D/.query.PatternStageBase(  254): reusing thread Thread[PatternStage-1,5,main]
D/.query.PatternStageBase(  254): caching thread com.hp.hpl.jena.graph.query.PatternStage@63aa2b30 [currently 1 cached threads]
D/.query.PatternStageBase(  254): reusing thread Thread[PatternStage-1,5,main]
D/.query.PatternStageBase(  254): caching thread com.hp.hpl.jena.graph.query.PatternStage@63aa2b30 [currently 1 cached threads]
D/.query.PatternStageBase(  254): reusing thread Thread[PatternStage-1,5,main]
D/.query.PatternStageBase(  254): caching thread com.hp.hpl.jena.graph.query.PatternStage@63aa2b30 [currently 1 cached threads]
D/.query.PatternStageBase(  254): reusing thread Thread[PatternStage-1,5,main]
D/.query.PatternStageBase(  254): caching thread com.hp.hpl.jena.graph.query.PatternStage@63aa2b30 [currently 1 cached threads]
D/.query.PatternStageBase(  254): reusing thread Thread[PatternStage-1,5,main]
D/.query.PatternStageBase(  254): caching thread com.hp.hpl.jena.graph.query.PatternStage@63aa2b30 [currently 1 cached threads]
D/.query.PatternStageBase(  254): reusing thread Thread[PatternStage-1,5,main]
D/.query.PatternStageBase(  254): caching thread com.hp.hpl.jena.graph.query.PatternStage@63aa2b30 [currently 1 cached threads]
D/.query.PatternStageBase(  254): reusing thread Thread[PatternStage-1,5,main]
D/.query.PatternStageBase(  254): caching thread com.hp.hpl.jena.graph.query.PatternStage@63aa2b30 [currently 1 cached threads]
D/.query.PatternStageBase(  254): reusing thread Thread[PatternStage-1,5,main]
D/.query.PatternStageBase(  254): caching thread com.hp.hpl.jena.graph.query.PatternStage@63aa2b30 [currently 1 cached threads]
D/.query.PatternStageBase(  254): reusing thread Thread[PatternStage-1,5,main]
D/.query.PatternStageBase(  254): caching thread com.hp.hpl.jena.graph.query.PatternStage@63aa2b30 [currently 1 cached threads]
D/.query.PatternStageBase(  254): reusing thread Thread[PatternStage-1,5,main]
D/.query.PatternStageBase(  254): caching thread com.hp.hpl.jena.graph.query.PatternStage@63aa2b30 [currently 1 cached threads]
D/.query.PatternStageBase(  254): reusing thread Thread[PatternStage-1,5,main]
D/.query.PatternStageBase(  254): caching thread com.hp.hpl.jena.graph.query.PatternStage@63aa2b30 [currently 1 cached threads]
D/.query.PatternStageBase(  254): reusing thread Thread[PatternStage-1,5,main]
D/.query.PatternStageBase(  254): caching thread com.hp.hpl.jena.graph.query.PatternStage@63aa2b30 [currently 1 cached threads]
D/.query.PatternStageBase(  254): reusing thread Thread[PatternStage-1,5,main]
D/.query.PatternStageBase(  254): caching thread com.hp.hpl.jena.graph.query.PatternStage@63aa2b30 [currently 1 cached threads]
D/.query.PatternStageBase(  254): reusing thread Thread[PatternStage-1,5,main]
D/.query.PatternStageBase(  254): created new thread Thread[PatternStage-2,5,main]
D/.query.PatternStageBase(  254): caching thread com.hp.hpl.jena.graph.query.PatternStage@63aa2b30 [currently 1 cached threads]
D/.query.PatternStageBase(  254): caching thread com.hp.hpl.jena.graph.query.PatternStage@637d5be0 [currently 2 cached threads]
D/.query.PatternStageBase(  254): reusing thread Thread[PatternStage-2,5,main]
D/.query.PatternStageBase(  254): caching thread com.hp.hpl.jena.graph.query.PatternStage@637d5be0 [currently 2 cached threads]
D/.query.PatternStageBase(  254): reusing thread Thread[PatternStage-2,5,main]
D/.query.PatternStageBase(  254): caching thread com.hp.hpl.jena.graph.query.PatternStage@637d5be0 [currently 2 cached threads]
D/.query.PatternStageBase(  254): reusing thread Thread[PatternStage-2,5,main]
D/.query.PatternStageBase(  254): reusing thread Thread[PatternStage-1,5,main]
D/.query.PatternStageBase(  254): caching thread com.hp.hpl.jena.graph.query.PatternStage@637d5be0 [currently 1 cached threads]
D/.query.PatternStageBase(  254): caching thread com.hp.hpl.jena.graph.query.PatternStage@63aa2b30 [currently 2 cached threads]
D/.query.PatternStageBase(  254): reusing thread Thread[PatternStage-1,5,main]
D/.query.PatternStageBase(  254): caching thread com.hp.hpl.jena.graph.query.PatternStage@63aa2b30 [currently 2 cached threads]
D/.query.PatternStageBase(  254): reusing thread Thread[PatternStage-1,5,main]
D/.query.PatternStageBase(  254): caching thread com.hp.hpl.jena.graph.query.PatternStage@63aa2b30 [currently 2 cached threads]
D/.query.PatternStageBase(  254): reusing thread Thread[PatternStage-1,5,main]
D/.query.PatternStageBase(  254): caching thread com.hp.hpl.jena.graph.query.PatternStage@63aa2b30 [currently 2 cached threads]
D/.query.PatternStageBase(  254): reusing thread Thread[PatternStage-1,5,main]
D/.query.PatternStageBase(  254): caching thread com.hp.hpl.jena.graph.query.PatternStage@63aa2b30 [currently 2 cached threads]
D/.query.PatternStageBase(  254): reusing thread Thread[PatternStage-1,5,main]
D/.query.PatternStageBase(  254): caching thread com.hp.hpl.jena.graph.query.PatternStage@63aa2b30 [currently 2 cached threads]
D/.query.PatternStageBase(  254): reusing thread Thread[PatternStage-1,5,main]
D/.query.PatternStageBase(  254): caching thread com.hp.hpl.jena.graph.query.PatternStage@63aa2b30 [currently 2 cached threads]
D/.query.PatternStageBase(  254): reusing thread Thread[PatternStage-1,5,main]
D/.query.PatternStageBase(  254): caching thread com.hp.hpl.jena.graph.query.PatternStage@63aa2b30 [currently 2 cached threads]
D/.query.PatternStageBase(  254): reusing thread Thread[PatternStage-1,5,main]
D/.query.PatternStageBase(  254): caching thread com.hp.hpl.jena.graph.query.PatternStage@63aa2b30 [currently 2 cached threads]
D/.query.PatternStageBase(  254): reusing thread Thread[PatternStage-1,5,main]
D/.query.PatternStageBase(  254): caching thread com.hp.hpl.jena.graph.query.PatternStage@63aa2b30 [currently 2 cached threads]
D/.query.PatternStageBase(  254): reusing thread Thread[PatternStage-1,5,main]
D/.query.PatternStageBase(  254): caching thread com.hp.hpl.jena.graph.query.PatternStage@63aa2b30 [currently 2 cached threads]
D/.query.PatternStageBase(  254): reusing thread Thread[PatternStage-1,5,main]
D/.query.PatternStageBase(  254): caching thread com.hp.hpl.jena.graph.query.PatternStage@63aa2b30 [currently 2 cached threads]
D/.query.PatternStageBase(  254): reusing thread Thread[PatternStage-1,5,main]
D/.query.PatternStageBase(  254): caching thread com.hp.hpl.jena.graph.query.PatternStage@63aa2b30 [currently 2 cached threads]
D/.query.PatternStageBase(  254): reusing thread Thread[PatternStage-1,5,main]
D/.query.PatternStageBase(  254): caching thread com.hp.hpl.jena.graph.query.PatternStage@63aa2b30 [currently 2 cached threads]
D/.query.PatternStageBase(  254): reusing thread Thread[PatternStage-1,5,main]
D/.query.PatternStageBase(  254): caching thread com.hp.hpl.jena.graph.query.PatternStage@63aa2b30 [currently 2 cached threads]
D/.query.PatternStageBase(  254): reusing thread Thread[PatternStage-1,5,main]
D/.query.PatternStageBase(  254): caching thread com.hp.hpl.jena.graph.query.PatternStage@63aa2b30 [currently 2 cached threads]
D/.query.PatternStageBase(  254): reusing thread Thread[PatternStage-1,5,main]
D/.query.PatternStageBase(  254): caching thread com.hp.hpl.jena.graph.query.PatternStage@63aa2b30 [currently 2 cached threads]
D/.query.PatternStageBase(  254): reusing thread Thread[PatternStage-1,5,main]
D/.query.PatternStageBase(  254): caching thread com.hp.hpl.jena.graph.query.PatternStage@63aa2b30 [currently 2 cached threads]
D/.query.PatternStageBase(  254): reusing thread Thread[PatternStage-1,5,main]
D/.query.PatternStageBase(  254): caching thread com.hp.hpl.jena.graph.query.PatternStage@63aa2b30 [currently 2 cached threads]
D/.query.PatternStageBase(  254): reusing thread Thread[PatternStage-1,5,main]
D/.query.PatternStageBase(  254): caching thread com.hp.hpl.jena.graph.query.PatternStage@63aa2b30 [currently 2 cached threads]
D/.query.PatternStageBase(  254): reusing thread Thread[PatternStage-1,5,main]
D/.query.PatternStageBase(  254): caching thread com.hp.hpl.jena.graph.query.PatternStage@63aa2b30 [currently 2 cached threads]
D/dalvikvm(  254): GC freed 42186 objects / 2033576 bytes in 1438ms
D/.query.PatternStageBase(  254): reusing thread Thread[PatternStage-1,5,main]
D/.query.PatternStageBase(  254): caching thread com.hp.hpl.jena.graph.query.PatternStage@63aa2b30 [currently 2 cached threads]
D/.query.PatternStageBase(  254): reusing thread Thread[PatternStage-1,5,main]
D/.query.PatternStageBase(  254): caching thread com.hp.hpl.jena.graph.query.PatternStage@63aa2b30 [currently 2 cached threads]
D/.query.PatternStageBase(  254): reusing thread Thread[PatternStage-1,5,main]
D/.query.PatternStageBase(  254): caching thread com.hp.hpl.jena.graph.query.PatternStage@63aa2b30 [currently 2 cached threads]
D/.query.PatternStageBase(  254): reusing thread Thread[PatternStage-1,5,main]
D/.query.PatternStageBase(  254): caching thread com.hp.hpl.jena.graph.query.PatternStage@63aa2b30 [currently 2 cached threads]
D/TestHelper(  254): testing/regression/testModelEquals/1-1.rdf sanitized to testing/regression/testModelEquals/1-1.rdf
I/global  (  254): Default buffer size used in BufferedReader constructor. It would be better to be explicit if an 8k-char buffer is required.
W/ExpatReader(  254): DTD handlers aren't supported.
W/pl.jena.rdf.arp.SAX2RDF(  254): http://apache.org/xml/features/allow-java-encodings feature not supported by XMLReader
W/ExpatReader(  254): DTD handlers aren't supported.
W/pl.jena.rdf.arp.SAX2RDF(  254): http://apache.org/xml/features/allow-java-encodings feature not supported by XMLReader
D/TestHelper(  254): testing/regression/testModelEquals/1-2.rdf sanitized to testing/regression/testModelEquals/1-2.rdf
I/global  (  254): Default buffer size used in BufferedReader constructor. It would be better to be explicit if an 8k-char buffer is required.
W/ExpatReader(  254): DTD handlers aren't supported.
W/pl.jena.rdf.arp.SAX2RDF(  254): http://apache.org/xml/features/allow-java-encodings feature not supported by XMLReader
W/ExpatReader(  254): DTD handlers aren't supported.
W/pl.jena.rdf.arp.SAX2RDF(  254): http://apache.org/xml/features/allow-java-encodings feature not supported by XMLReader
D/TestHelper(  254): testing/regression/testModelEquals/2-1.rdf sanitized to testing/regression/testModelEquals/2-1.rdf
I/global  (  254): Default buffer size used in BufferedReader constructor. It would be better to be explicit if an 8k-char buffer is required.
W/ExpatReader(  254): DTD handlers aren't supported.
W/pl.jena.rdf.arp.SAX2RDF(  254): http://apache.org/xml/features/allow-java-encodings feature not supported by XMLReader
W/ExpatReader(  254): DTD handlers aren't supported.
W/pl.jena.rdf.arp.SAX2RDF(  254): http://apache.org/xml/features/allow-java-encodings feature not supported by XMLReader
D/TestHelper(  254): testing/regression/testModelEquals/2-2.rdf sanitized to testing/regression/testModelEquals/2-2.rdf
I/global  (  254): Default buffer size used in BufferedReader constructor. It would be better to be explicit if an 8k-char buffer is required.
W/ExpatReader(  254): DTD handlers aren't supported.
W/pl.jena.rdf.arp.SAX2RDF(  254): http://apache.org/xml/features/allow-java-encodings feature not supported by XMLReader
W/ExpatReader(  254): DTD handlers aren't supported.
W/pl.jena.rdf.arp.SAX2RDF(  254): http://apache.org/xml/features/allow-java-encodings feature not supported by XMLReader
D/TestHelper(  254): testing/regression/testModelEquals/3-1.rdf sanitized to testing/regression/testModelEquals/3-1.rdf
I/global  (  254): Default buffer size used in BufferedReader constructor. It would be better to be explicit if an 8k-char buffer is required.
W/ExpatReader(  254): DTD handlers aren't supported.
W/pl.jena.rdf.arp.SAX2RDF(  254): http://apache.org/xml/features/allow-java-encodings feature not supported by XMLReader
W/ExpatReader(  254): DTD handlers aren't supported.
W/pl.jena.rdf.arp.SAX2RDF(  254): http://apache.org/xml/features/allow-java-encodings feature not supported by XMLReader
D/dalvikvm(  254): GC freed 42214 objects / 1669864 bytes in 1042ms
D/TestHelper(  254): testing/regression/testModelEquals/3-2.rdf sanitized to testing/regression/testModelEquals/3-2.rdf
I/global  (  254): Default buffer size used in BufferedReader constructor. It would be better to be explicit if an 8k-char buffer is required.
W/ExpatReader(  254): DTD handlers aren't supported.
W/pl.jena.rdf.arp.SAX2RDF(  254): http://apache.org/xml/features/allow-java-encodings feature not supported by XMLReader
W/ExpatReader(  254): DTD handlers aren't supported.
W/pl.jena.rdf.arp.SAX2RDF(  254): http://apache.org/xml/features/allow-java-encodings feature not supported by XMLReader
D/TestHelper(  254): testing/regression/testModelEquals/4-1.rdf sanitized to testing/regression/testModelEquals/4-1.rdf
I/global  (  254): Default buffer size used in BufferedReader constructor. It would be better to be explicit if an 8k-char buffer is required.
W/ExpatReader(  254): DTD handlers aren't supported.
W/pl.jena.rdf.arp.SAX2RDF(  254): http://apache.org/xml/features/allow-java-encodings feature not supported by XMLReader
W/ExpatReader(  254): DTD handlers aren't supported.
W/pl.jena.rdf.arp.SAX2RDF(  254): http://apache.org/xml/features/allow-java-encodings feature not supported by XMLReader
D/TestHelper(  254): testing/regression/testModelEquals/4-2.rdf sanitized to testing/regression/testModelEquals/4-2.rdf
I/global  (  254): Default buffer size used in BufferedReader constructor. It would be better to be explicit if an 8k-char buffer is required.
W/ExpatReader(  254): DTD handlers aren't supported.
W/pl.jena.rdf.arp.SAX2RDF(  254): http://apache.org/xml/features/allow-java-encodings feature not supported by XMLReader
W/ExpatReader(  254): DTD handlers aren't supported.
W/pl.jena.rdf.arp.SAX2RDF(  254): http://apache.org/xml/features/allow-java-encodings feature not supported by XMLReader
D/TestHelper(  254): testing/regression/testModelEquals/5-1.rdf sanitized to testing/regression/testModelEquals/5-1.rdf
I/global  (  254): Default buffer size used in BufferedReader constructor. It would be better to be explicit if an 8k-char buffer is required.
W/ExpatReader(  254): DTD handlers aren't supported.
W/pl.jena.rdf.arp.SAX2RDF(  254): http://apache.org/xml/features/allow-java-encodings feature not supported by XMLReader
W/ExpatReader(  254): DTD handlers aren't supported.
W/pl.jena.rdf.arp.SAX2RDF(  254): http://apache.org/xml/features/allow-java-encodings feature not supported by XMLReader
D/TestHelper(  254): testing/regression/testModelEquals/5-2.rdf sanitized to testing/regression/testModelEquals/5-2.rdf
I/global  (  254): Default buffer size used in BufferedReader constructor. It would be better to be explicit if an 8k-char buffer is required.
W/ExpatReader(  254): DTD handlers aren't supported.
W/pl.jena.rdf.arp.SAX2RDF(  254): http://apache.org/xml/features/allow-java-encodings feature not supported by XMLReader
W/ExpatReader(  254): DTD handlers aren't supported.
W/pl.jena.rdf.arp.SAX2RDF(  254): http://apache.org/xml/features/allow-java-encodings feature not supported by XMLReader
D/TestHelper(  254): testing/regression/testModelEquals/6-1.rdf sanitized to testing/regression/testModelEquals/6-1.rdf
I/global  (  254): Default buffer size used in BufferedReader constructor. It would be better to be explicit if an 8k-char buffer is required.
W/ExpatReader(  254): DTD handlers aren't supported.
W/pl.jena.rdf.arp.SAX2RDF(  254): http://apache.org/xml/features/allow-java-encodings feature not supported by XMLReader
W/ExpatReader(  254): DTD handlers aren't supported.
W/pl.jena.rdf.arp.SAX2RDF(  254): http://apache.org/xml/features/allow-java-encodings feature not supported by XMLReader
D/TestHelper(  254): testing/regression/testModelEquals/6-2.rdf sanitized to testing/regression/testModelEquals/6-2.rdf
I/global  (  254): Default buffer size used in BufferedReader constructor. It would be better to be explicit if an 8k-char buffer is required.
W/ExpatReader(  254): DTD handlers aren't supported.
W/pl.jena.rdf.arp.SAX2RDF(  254): http://apache.org/xml/features/allow-java-encodings feature not supported by XMLReader
W/ExpatReader(  254): DTD handlers aren't supported.
W/pl.jena.rdf.arp.SAX2RDF(  254): http://apache.org/xml/features/allow-java-encodings feature not supported by XMLReader
D/TestHelper(  254): testing/regression/testModelEquals/7-1.nt sanitized to testing/regression/testModelEquals/7-1.nt
I/global  (  254): Default buffer size used in BufferedReader constructor. It would be better to be explicit if an 8k-char buffer is required.
I/AndroidLoggerFactory(  254): Logger name com.hp.hpl.jena.rdf.model.impl.NTripleReader is too long, using odel.impl.NTripleReader instead
D/TestHelper(  254): testing/regression/testModelEquals/7-2.nt sanitized to testing/regression/testModelEquals/7-2.nt
I/global  (  254): Default buffer size used in BufferedReader constructor. It would be better to be explicit if an 8k-char buffer is required.
D/TestHelper(  254): testing/regression/testModelEquals/8-1.nt sanitized to testing/regression/testModelEquals/8-1.nt
I/global  (  254): Default buffer size used in BufferedReader constructor. It would be better to be explicit if an 8k-char buffer is required.
D/TestHelper(  254): testing/regression/testModelEquals/8-2.nt sanitized to testing/regression/testModelEquals/8-2.nt
I/global  (  254): Default buffer size used in BufferedReader constructor. It would be better to be explicit if an 8k-char buffer is required.
D/TestTypedLiterals(  254): nx1: 0.5, nx2: 0.5
D/TestTypedLiterals(  254): nx1 is a BigDecimal 0.5
D/TestTypedLiterals(  254): nx2 is a BigDecimal 0.5
D/dalvikvm(  254): GC freed 35264 objects / 2161304 bytes in 1023ms
D/.query.PatternStageBase(  254): reusing thread Thread[PatternStage-1,5,main]
D/.query.PatternStageBase(  254): caching thread com.hp.hpl.jena.graph.query.PatternStage@63aa2b30 [currently 2 cached threads]
D/TestHelper(  254): testing/xsd/daml+oil-ex-dt.xsd sanitized to testing/xsd/daml+oil-ex-dt.xsd
E/JenaTests(  254): error: testUserDefined(com.hp.hpl.jena.graph.test.TestTypedLiterals)
E/JenaTests(  254): java.lang.UnsupportedOperationException: user defined datatypes are not supported in this release of aJena
E/JenaTests(  254): 	at com.hp.hpl.jena.datatypes.xsd.XSDDatatype.loadUserDefined(XSDDatatype.java:366)
E/JenaTests(  254): 	at com.hp.hpl.jena.graph.test.TestTypedLiterals.testUserDefined(TestTypedLiterals.java:529)
E/JenaTests(  254): 	at java.lang.reflect.Method.invokeNative(Native Method)
E/JenaTests(  254): 	at java.lang.reflect.Method.invoke(Method.java:521)
E/JenaTests(  254): 	at junit.framework.TestCase.runTest(TestCase.java:154)
E/JenaTests(  254): 	at junit.framework.TestCase.runBare(TestCase.java:127)
E/JenaTests(  254): 	at junit.framework.TestResult$1.protect(TestResult.java:106)
E/JenaTests(  254): 	at junit.framework.TestResult.runProtected(TestResult.java:124)
E/JenaTests(  254): 	at junit.framework.TestResult.run(TestResult.java:109)
E/JenaTests(  254): 	at junit.framework.TestCase.run(TestCase.java:118)
E/JenaTests(  254): 	at junit.framework.TestSuite.runTest(TestSuite.java:208)
