D/.query.PatternStageBase(  254): caching thread com.hp.hpl.jena.graph.query.PatternStage@63aa2b30 [currently 2 cached threads]
D/ulesys.test.OWLWGTester(  254): WG test http://www.w3.org/2002/03owlt/FunctionalProperty/Manifest001#test - APPROVED
D/.query.PatternStageBase(  254): reusing thread Thread[PatternStage-1,5,main]
D/.query.PatternStageBase(  254): caching thread com.hp.hpl.jena.graph.query.PatternStage@63aa2b30 [currently 2 cached threads]
D/ulesys.test.OWLWGTester(  254): WG test http://www.w3.org/2002/03owlt/FunctionalProperty/Manifest002#test - APPROVED
D/.query.PatternStageBase(  254): reusing thread Thread[PatternStage-1,5,main]
D/.query.PatternStageBase(  254): caching thread com.hp.hpl.jena.graph.query.PatternStage@63aa2b30 [currently 2 cached threads]
D/ulesys.test.OWLWGTester(  254): WG test http://www.w3.org/2002/03owlt/FunctionalProperty/Manifest003#test - APPROVED
D/.query.PatternStageBase(  254): reusing thread Thread[PatternStage-1,5,main]
D/.query.PatternStageBase(  254): caching thread com.hp.hpl.jena.graph.query.PatternStage@63aa2b30 [currently 2 cached threads]
D/ulesys.test.OWLWGTester(  254): WG test http://www.w3.org/2002/03owlt/InverseFunctionalProperty/Manifest001#test - APPROVED
D/.query.PatternStageBase(  254): reusing thread Thread[PatternStage-1,5,main]
D/.query.PatternStageBase(  254): caching thread com.hp.hpl.jena.graph.query.PatternStage@63aa2b30 [currently 2 cached threads]
D/ulesys.test.OWLWGTester(  254): WG test http://www.w3.org/2002/03owlt/InverseFunctionalProperty/Manifest002#test - APPROVED
D/.query.PatternStageBase(  254): reusing thread Thread[PatternStage-1,5,main]
D/.query.PatternStageBase(  254): caching thread com.hp.hpl.jena.graph.query.PatternStage@63aa2b30 [currently 2 cached threads]
D/ulesys.test.OWLWGTester(  254): WG test http://www.w3.org/2002/03owlt/InverseFunctionalProperty/Manifest003#test - APPROVED
D/.query.PatternStageBase(  254): reusing thread Thread[PatternStage-1,5,main]
D/.query.PatternStageBase(  254): caching thread com.hp.hpl.jena.graph.query.PatternStage@63aa2b30 [currently 2 cached threads]
D/ulesys.test.OWLWGTester(  254): WG test http://www.w3.org/2002/03owlt/I5.1/Manifest001#test - APPROVED
D/.query.PatternStageBase(  254): reusing thread Thread[PatternStage-1,5,main]
D/.query.PatternStageBase(  254): caching thread com.hp.hpl.jena.graph.query.PatternStage@63aa2b30 [currently 2 cached threads]
D/ulesys.test.OWLWGTester(  254): WG test http://www.w3.org/2002/03owlt/I4.6/Manifest003#test - APPROVED
D/.query.PatternStageBase(  254): reusing thread Thread[PatternStage-1,5,main]
D/.query.PatternStageBase(  254): caching thread com.hp.hpl.jena.graph.query.PatternStage@63aa2b30 [currently 2 cached threads]
D/ulesys.test.OWLWGTester(  254): WG test http://www.w3.org/2002/03owlt/inverseOf/Manifest001#test - APPROVED
D/.query.PatternStageBase(  254): reusing thread Thread[PatternStage-1,5,main]
D/ulesys.test.OWLWGTester(  254): WG test http://www.w3.org/2002/03owlt/TransitiveProperty/Manifest001#test - APPROVED
D/.query.PatternStageBase(  254): caching thread com.hp.hpl.jena.graph.query.PatternStage@63aa2b30 [currently 2 cached threads]
D/.query.PatternStageBase(  254): reusing thread Thread[PatternStage-1,5,main]
D/.query.PatternStageBase(  254): caching thread com.hp.hpl.jena.graph.query.PatternStage@63aa2b30 [currently 2 cached threads]
D/ulesys.test.OWLWGTester(  254): WG test http://www.w3.org/2002/03owlt/equivalentProperty/Manifest001#test - APPROVED
D/.query.PatternStageBase(  254): reusing thread Thread[PatternStage-1,5,main]
D/.query.PatternStageBase(  254): caching thread com.hp.hpl.jena.graph.query.PatternStage@63aa2b30 [currently 2 cached threads]
D/ulesys.test.OWLWGTester(  254): WG test http://www.w3.org/2002/03owlt/equivalentProperty/Manifest002#test - APPROVED
D/.query.PatternStageBase(  254): reusing thread Thread[PatternStage-1,5,main]
D/.query.PatternStageBase(  254): caching thread com.hp.hpl.jena.graph.query.PatternStage@63aa2b30 [currently 2 cached threads]
D/ulesys.test.OWLWGTester(  254): WG test http://www.w3.org/2002/03owlt/equivalentProperty/Manifest003#test - APPROVED
D/.query.PatternStageBase(  254): reusing thread Thread[PatternStage-1,5,main]
D/.query.PatternStageBase(  254): caching thread com.hp.hpl.jena.graph.query.PatternStage@63aa2b30 [currently 2 cached threads]
D/ulesys.test.OWLWGTester(  254): WG test http://www.w3.org/2002/03owlt/I5.24/Manifest001#test - APPROVED
D/.query.PatternStageBase(  254): reusing thread Thread[PatternStage-1,5,main]
D/ulesys.test.OWLWGTester(  254): WG test http://www.w3.org/2002/03owlt/I5.24/Manifest002#test - PROPOSED
D/.query.PatternStageBase(  254): reusing thread Thread[PatternStage-2,5,main]
D/.query.PatternStageBase(  254): caching thread com.hp.hpl.jena.graph.query.PatternStage@637d5be0 [currently 1 cached threads]
D/ulesys.test.OWLWGTester(  254): WG test http://www.w3.org/2002/03owlt/equivalentProperty/Manifest006#test - APPROVED
D/.query.PatternStageBase(  254): reusing thread Thread[PatternStage-2,5,main]
D/.query.PatternStageBase(  254): caching thread com.hp.hpl.jena.graph.query.PatternStage@637d5be0 [currently 1 cached threads]
D/ulesys.test.OWLWGTester(  254): WG test http://www.w3.org/2002/03owlt/I5.2/Manifest002#test - APPROVED
D/.query.PatternStageBase(  254): reusing thread Thread[PatternStage-2,5,main]
D/.query.PatternStageBase(  254): caching thread com.hp.hpl.jena.graph.query.PatternStage@637d5be0 [currently 1 cached threads]
D/ulesys.test.OWLWGTester(  254): WG test http://www.w3.org/2002/03owlt/differentFrom/Manifest001#test - APPROVED
D/.query.PatternStageBase(  254): reusing thread Thread[PatternStage-2,5,main]
D/.query.PatternStageBase(  254): caching thread com.hp.hpl.jena.graph.query.PatternStage@637d5be0 [currently 1 cached threads]
D/ulesys.test.OWLWGTester(  254): WG test http://www.w3.org/2002/03owlt/disjointWith/Manifest001#test - APPROVED
D/.query.PatternStageBase(  254): reusing thread Thread[PatternStage-2,5,main]
D/.query.PatternStageBase(  254): caching thread com.hp.hpl.jena.graph.query.PatternStage@63aa2b30 [currently 1 cached threads]
D/.query.PatternStageBase(  254): caching thread com.hp.hpl.jena.graph.query.PatternStage@637d5be0 [currently 2 cached threads]
D/ulesys.test.OWLWGTester(  254): WG test http://www.w3.org/2002/03owlt/disjointWith/Manifest002#test - APPROVED
D/.query.PatternStageBase(  254): reusing thread Thread[PatternStage-2,5,main]
D/.query.PatternStageBase(  254): caching thread com.hp.hpl.jena.graph.query.PatternStage@637d5be0 [currently 2 cached threads]
D/ulesys.test.OWLWGTester(  254): WG test http://www.w3.org/2002/03owlt/AllDifferent/Manifest001#test - APPROVED
D/.query.PatternStageBase(  254): reusing thread Thread[PatternStage-2,5,main]
D/.query.PatternStageBase(  254): caching thread com.hp.hpl.jena.graph.query.PatternStage@637d5be0 [currently 2 cached threads]
D/ulesys.test.OWLWGTester(  254): WG test http://www.w3.org/2002/03owlt/allValuesFrom/Manifest001#test - APPROVED
D/.query.PatternStageBase(  254): reusing thread Thread[PatternStage-2,5,main]
D/ulesys.test.OWLWGTester(  254): WG test http://www.w3.org/2002/03owlt/allValuesFrom/Manifest002#test - APPROVED
D/.query.PatternStageBase(  254): reusing thread Thread[PatternStage-1,5,main]
D/.query.PatternStageBase(  254): caching thread com.hp.hpl.jena.graph.query.PatternStage@637d5be0 [currently 1 cached threads]
D/.query.PatternStageBase(  254): caching thread com.hp.hpl.jena.graph.query.PatternStage@63aa2b30 [currently 2 cached threads]
D/ulesys.test.OWLWGTester(  254): WG test http://www.w3.org/2002/03owlt/someValuesFrom/Manifest002#test - EXTRACREDIT
D/.query.PatternStageBase(  254): reusing thread Thread[PatternStage-1,5,main]
D/.query.PatternStageBase(  254): caching thread com.hp.hpl.jena.graph.query.PatternStage@63aa2b30 [currently 2 cached threads]
D/ulesys.test.OWLWGTester(  254): WG test http://www.w3.org/2002/03owlt/FunctionalProperty/Manifest005#test - PROPOSED
D/.query.PatternStageBase(  254): reusing thread Thread[PatternStage-1,5,main]
D/.query.PatternStageBase(  254): caching thread com.hp.hpl.jena.graph.query.PatternStage@63aa2b30 [currently 2 cached threads]
D/ulesys.test.OWLWGTester(  254): WG test http://www.w3.org/2002/03owlt/I5.24/Manifest004#test - APPROVED
D/.query.PatternStageBase(  254): reusing thread Thread[PatternStage-1,5,main]
D/.query.PatternStageBase(  254): caching thread com.hp.hpl.jena.graph.query.PatternStage@63aa2b30 [currently 2 cached threads]
D/ulesys.test.OWLWGTester(  254): WG test http://www.w3.org/2002/03owlt/cardinality/Manifest001#test - APPROVED
D/.query.PatternStageBase(  254): reusing thread Thread[PatternStage-1,5,main]
D/ulesys.test.OWLWGTester(  254): WG test http://www.w3.org/2002/03owlt/cardinality/Manifest002#test - APPROVED
D/.query.PatternStageBase(  254): caching thread com.hp.hpl.jena.graph.query.PatternStage@63aa2b30 [currently 2 cached threads]
D/.query.PatternStageBase(  254): reusing thread Thread[PatternStage-1,5,main]
D/dalvikvm(   59): GC freed 17799 objects / 853560 bytes in 694ms
D/ulesys.test.OWLWGTester(  254): WG test http://www.w3.org/2002/03owlt/cardinality/Manifest001#test - APPROVED
D/.query.PatternStageBase(  254): caching thread com.hp.hpl.jena.graph.query.PatternStage@63aa2b30 [currently 2 cached threads]
D/.query.PatternStageBase(  254): reusing thread Thread[PatternStage-1,5,main]
D/ulesys.test.OWLWGTester(  254): WG test http://www.w3.org/2002/03owlt/cardinality/Manifest002#test - APPROVED
D/.query.PatternStageBase(  254): caching thread com.hp.hpl.jena.graph.query.PatternStage@63aa2b30 [currently 2 cached threads]
D/.query.PatternStageBase(  254): reusing thread Thread[PatternStage-1,5,main]
D/ulesys.test.OWLWGTester(  254): WG test http://www.w3.org/2002/03owlt/I5.24/Manifest003#test - PROPOSED
D/.query.PatternStageBase(  254): caching thread com.hp.hpl.jena.graph.query.PatternStage@63aa2b30 [currently 2 cached threads]
D/.query.PatternStageBase(  254): reusing thread Thread[PatternStage-1,5,main]
D/.query.PatternStageBase(  254): caching thread com.hp.hpl.jena.graph.query.PatternStage@63aa2b30 [currently 2 cached threads]
D/ulesys.test.OWLWGTester(  254): WG test http://www.w3.org/2002/03owlt/cardinality/Manifest005#test - APPROVED
D/.query.PatternStageBase(  254): reusing thread Thread[PatternStage-1,5,main]
D/.query.PatternStageBase(  254): caching thread com.hp.hpl.jena.graph.query.PatternStage@63aa2b30 [currently 2 cached threads]
D/ulesys.test.OWLWGTester(  254): WG test http://www.w3.org/2002/03owlt/cardinality/Manifest006#test - PROPOSED
D/.query.PatternStageBase(  254): reusing thread Thread[PatternStage-1,5,main]
D/.query.PatternStageBase(  254): caching thread com.hp.hpl.jena.graph.query.PatternStage@63aa2b30 [currently 2 cached threads]
D/ulesys.test.OWLWGTester(  254): WG test http://www.w3.org/2002/03owlt/localtests/ManifestHv1#hasValue1 - Jena internal
D/.query.PatternStageBase(  254): reusing thread Thread[PatternStage-1,5,main]
D/.query.PatternStageBase(  254): caching thread com.hp.hpl.jena.graph.query.PatternStage@63aa2b30 [currently 2 cached threads]
D/ulesys.test.OWLWGTester(  254): WG test http://www.w3.org/2002/03owlt/localtests/ManifestHv2#hasValue2 - Jena internal
D/.query.PatternStageBase(  254): reusing thread Thread[PatternStage-1,5,main]
D/.query.PatternStageBase(  254): caching thread com.hp.hpl.jena.graph.query.PatternStage@63aa2b30 [currently 2 cached threads]
D/ulesys.test.OWLWGTester(  254): WG test http://www.w3.org/2002/03owlt/someValuesFrom/Manifest001#test - APPROVED
D/.query.PatternStageBase(  254): reusing thread Thread[PatternStage-1,5,main]
D/ulesys.test.OWLWGTester(  254): WG test http://www.w3.org/2002/03owlt/localtests/Manifest003#whitebox - Jena internal
D/.query.PatternStageBase(  254): reusing thread Thread[PatternStage-2,5,main]
D/.query.PatternStageBase(  254): caching thread com.hp.hpl.jena.graph.query.PatternStage@63aa2b30 [currently 1 cached threads]
I/dalvikvm-heap(  254): Grow heap (frag case) to 26.575MB for 16400-byte allocation
D/dalvikvm(   59): threadid=17: bogus mon 1+0>0; adjusting
D/ulesys.test.OWLWGTester(  254): WG test http://www.w3.org/2002/03owlt/localtests/Manifest004#equivIFP - Jena internal
D/.query.PatternStageBase(  254): reusing thread Thread[PatternStage-1,5,main]
D/.query.PatternStageBase(  254): caching thread com.hp.hpl.jena.graph.query.PatternStage@63aa2b30 [currently 1 cached threads]
D/ulesys.test.OWLWGTester(  254): WG test http://www.w3.org/2002/03owlt/localtests/Manifest005#oneOfSingleton - Jena internal
D/.query.PatternStageBase(  254): caching thread com.hp.hpl.jena.graph.query.PatternStage@637d5be0 [currently 2 cached threads]
D/.query.PatternStageBase(  254): reusing thread Thread[PatternStage-2,5,main]
D/.query.PatternStageBase(  254): caching thread com.hp.hpl.jena.graph.query.PatternStage@637d5be0 [currently 2 cached threads]
D/ulesys.test.OWLWGTester(  254): WG test http://www.w3.org/2002/03owlt/localtests/Manifest007#propInheritance - Jena internal
D/.query.PatternStageBase(  254): reusing thread Thread[PatternStage-2,5,main]
D/.query.PatternStageBase(  254): caching thread com.hp.hpl.jena.graph.query.PatternStage@637d5be0 [currently 2 cached threads]
D/ulesys.test.OWLWGTester(  254): WG test http://www.w3.org/2002/03owlt/localtests/Manifest008#propInheritance - Jena internal
D/.query.PatternStageBase(  254): reusing thread Thread[PatternStage-2,5,main]
D/.query.PatternStageBase(  254): caching thread com.hp.hpl.jena.graph.query.PatternStage@637d5be0 [currently 2 cached threads]
D/dalvikvm(   59): threadid=17: bogus mon 1+0>0; adjusting
D/ulesys.test.OWLWGTester(  254): WG test http://www.w3.org/2002/03owlt/localtests/ManifestSubclass001#intersection1 - Jena internal
D/.query.PatternStageBase(  254): reusing thread Thread[PatternStage-2,5,main]
D/.query.PatternStageBase(  254): caching thread com.hp.hpl.jena.graph.query.PatternStage@637d5be0 [currently 2 cached threads]
D/ulesys.test.OWLWGTester(  254): WG test http://www.w3.org/2002/03owlt/equivalentClass/Manifest001#test - APPROVED
D/.query.PatternStageBase(  254): reusing thread Thread[PatternStage-2,5,main]
D/ulesys.test.OWLWGTester(  254): WG test http://www.w3.org/2002/03owlt/equivalentClass/Manifest002#test - APPROVED
D/.query.PatternStageBase(  254): caching thread com.hp.hpl.jena.graph.query.PatternStage@637d5be0 [currently 2 cached threads]
D/.query.PatternStageBase(  254): reusing thread Thread[PatternStage-2,5,main]
D/ulesys.test.OWLWGTester(  254): WG test http://www.w3.org/2002/03owlt/equivalentClass/Manifest003#test - APPROVED
D/.query.PatternStageBase(  254): caching thread com.hp.hpl.jena.graph.query.PatternStage@637d5be0 [currently 2 cached threads]
D/.query.PatternStageBase(  254): reusing thread Thread[PatternStage-2,5,main]
D/ulesys.test.OWLWGTester(  254): WG test http://www.w3.org/2002/03owlt/equivalentClass/Manifest005#test - APPROVED
D/.query.PatternStageBase(  254): caching thread com.hp.hpl.jena.graph.query.PatternStage@637d5be0 [currently 2 cached threads]
D/.query.PatternStageBase(  254): reusing thread Thread[PatternStage-2,5,main]
D/ulesys.test.OWLWGTester(  254): WG test http://www.w3.org/2002/03owlt/localtests/ManifestRestriction001#intersection1 - Jena internal
D/.query.PatternStageBase(  254): caching thread com.hp.hpl.jena.graph.query.PatternStage@637d5be0 [currently 2 cached threads]
D/.query.PatternStageBase(  254): reusing thread Thread[PatternStage-2,5,main]
D/ulesys.test.OWLWGTester(  254): WG test http://www.w3.org/2002/03owlt/intersectionOf/Manifest001#test - APPROVED
D/.query.PatternStageBase(  254): caching thread com.hp.hpl.jena.graph.query.PatternStage@637d5be0 [currently 2 cached threads]
D/.query.PatternStageBase(  254): reusing thread Thread[PatternStage-2,5,main]
D/.query.PatternStageBase(  254): caching thread com.hp.hpl.jena.graph.query.PatternStage@637d5be0 [currently 2 cached threads]
D/ulesys.test.OWLWGTester(  254): WG test http://www.w3.org/2002/03owlt/localtests/Manifest001#intersection1 - Jena internal
D/.query.PatternStageBase(  254): reusing thread Thread[PatternStage-2,5,main]
D/.query.PatternStageBase(  254): caching thread com.hp.hpl.jena.graph.query.PatternStage@637d5be0 [currently 2 cached threads]
D/ulesys.test.OWLWGTester(  254): WG test http://www.w3.org/2002/03owlt/localtests/Manifest002#intersection1 - Jena internal
D/.query.PatternStageBase(  254): reusing thread Thread[PatternStage-2,5,main]
D/.query.PatternStageBase(  254): caching thread com.hp.hpl.jena.graph.query.PatternStage@637d5be0 [currently 2 cached threads]
D/ulesys.test.OWLWGTester(  254): WG test http://www.w3.org/2002/03owlt/unionOf/Manifest001#test - APPROVED
D/.query.PatternStageBase(  254): reusing thread Thread[PatternStage-2,5,main]
D/ulesys.test.OWLWGTester(  254): WG test http://www.w3.org/2002/03owlt/SymmetricProperty/Manifest001#test - APPROVED
D/.query.PatternStageBase(  254): caching thread com.hp.hpl.jena.graph.query.PatternStage@637d5be0 [currently 2 cached threads]
D/.query.PatternStageBase(  254): reusing thread Thread[PatternStage-2,5,main]
D/ulesys.test.OWLWGTester(  254): WG test http://www.w3.org/2002/03owlt/SymmetricProperty/Manifest001#test - APPROVED
D/.query.PatternStageBase(  254): caching thread com.hp.hpl.jena.graph.query.PatternStage@637d5be0 [currently 2 cached threads]
D/.query.PatternStageBase(  254): reusing thread Thread[PatternStage-2,5,main]
D/.query.PatternStageBase(  254): caching thread com.hp.hpl.jena.graph.query.PatternStage@637d5be0 [currently 2 cached threads]
D/ulesys.test.OWLWGTester(  254): WG test http://www.w3.org/2002/03owlt/inverseOf/Manifest001#test - APPROVED
D/.query.PatternStageBase(  254): reusing thread Thread[PatternStage-2,5,main]
D/.query.PatternStageBase(  254): caching thread com.hp.hpl.jena.graph.query.PatternStage@637d5be0 [currently 2 cached threads]
D/ulesys.test.OWLWGTester(  254): WG test http://www.w3.org/2002/03owlt/TransitiveProperty/Manifest001#test - APPROVED
D/.query.PatternStageBase(  254): reusing thread Thread[PatternStage-2,5,main]
D/ulesys.test.OWLWGTester(  254): WG test http://www.w3.org/2002/03owlt/localtests/Manifest005#sameAsProp - Jena internal
D/.query.PatternStageBase(  254): caching thread com.hp.hpl.jena.graph.query.PatternStage@637d5be0 [currently 2 cached threads]
D/.query.PatternStageBase(  254): reusing thread Thread[PatternStage-2,5,main]
D/ulesys.test.OWLWGTester(  254): WG test http://www.w3.org/2002/03owlt/FunctionalProperty/Manifest003#test - APPROVED
D/.query.PatternStageBase(  254): caching thread com.hp.hpl.jena.graph.query.PatternStage@637d5be0 [currently 2 cached threads]
D/.query.PatternStageBase(  254): reusing thread Thread[PatternStage-2,5,main]
D/ulesys.test.OWLWGTester(  254): WG test http://www.w3.org/2002/03owlt/InverseFunctionalProperty/Manifest003#test - APPROVED
D/.query.PatternStageBase(  254): caching thread com.hp.hpl.jena.graph.query.PatternStage@637d5be0 [currently 2 cached threads]
D/.query.PatternStageBase(  254): reusing thread Thread[PatternStage-2,5,main]
D/.query.PatternStageBase(  254): caching thread com.hp.hpl.jena.graph.query.PatternStage@637d5be0 [currently 2 cached threads]
D/ulesys.test.OWLWGTester(  254): WG test http://www.w3.org/2002/03owlt/I4.6/Manifest003#test - APPROVED
D/.query.PatternStageBase(  254): reusing thread Thread[PatternStage-2,5,main]
D/.query.PatternStageBase(  254): caching thread com.hp.hpl.jena.graph.query.PatternStage@637d5be0 [currently 2 cached threads]
D/ulesys.test.OWLWGTester(  254): WG test http://www.w3.org/2002/03owlt/inverseOf/Manifest001#test - APPROVED
D/.query.PatternStageBase(  254): reusing thread Thread[PatternStage-2,5,main]
D/.query.PatternStageBase(  254): caching thread com.hp.hpl.jena.graph.query.PatternStage@637d5be0 [currently 2 cached threads]
D/ulesys.test.OWLWGTester(  254): WG test http://www.w3.org/2002/03owlt/TransitiveProperty/Manifest001#test - APPROVED
D/.query.PatternStageBase(  254): reusing thread Thread[PatternStage-2,5,main]
D/.query.PatternStageBase(  254): caching thread com.hp.hpl.jena.graph.query.PatternStage@637d5be0 [currently 2 cached threads]
D/ulesys.test.OWLWGTester(  254): WG test http://www.w3.org/2002/03owlt/equivalentProperty/Manifest001#test - APPROVED
D/.query.PatternStageBase(  254): reusing thread Thread[PatternStage-2,5,main]
D/ulesys.test.OWLWGTester(  254): WG test http://www.w3.org/2002/03owlt/equivalentProperty/Manifest002#test - APPROVED
D/.query.PatternStageBase(  254): caching thread com.hp.hpl.jena.graph.query.PatternStage@637d5be0 [currently 2 cached threads]
D/.query.PatternStageBase(  254): reusing thread Thread[PatternStage-2,5,main]
D/ulesys.test.OWLWGTester(  254): WG test http://www.w3.org/2002/03owlt/equivalentProperty/Manifest003#test - APPROVED
D/.query.PatternStageBase(  254): caching thread com.hp.hpl.jena.graph.query.PatternStage@637d5be0 [currently 2 cached threads]
D/.query.PatternStageBase(  254): reusing thread Thread[PatternStage-2,5,main]
D/ulesys.test.OWLWGTester(  254): WG test http://www.w3.org/2002/03owlt/I5.24/Manifest001#test - APPROVED
D/.query.PatternStageBase(  254): caching thread com.hp.hpl.jena.graph.query.PatternStage@637d5be0 [currently 2 cached threads]
D/.query.PatternStageBase(  254): reusing thread Thread[PatternStage-2,5,main]
D/ulesys.test.OWLWGTester(  254): WG test http://www.w3.org/2002/03owlt/I5.24/Manifest002#test - PROPOSED
D/.query.PatternStageBase(  254): caching thread com.hp.hpl.jena.graph.query.PatternStage@637d5be0 [currently 2 cached threads]
D/.query.PatternStageBase(  254): reusing thread Thread[PatternStage-2,5,main]
D/.query.PatternStageBase(  254): caching thread com.hp.hpl.jena.graph.query.PatternStage@637d5be0 [currently 2 cached threads]
D/ulesys.test.OWLWGTester(  254): WG test http://www.w3.org/2002/03owlt/equivalentProperty/Manifest006#test - APPROVED
D/.query.PatternStageBase(  254): reusing thread Thread[PatternStage-2,5,main]
D/ulesys.test.OWLWGTester(  254): WG test http://www.w3.org/2002/03owlt/differentFrom/Manifest001#test - APPROVED
D/.query.PatternStageBase(  254): caching thread com.hp.hpl.jena.graph.query.PatternStage@637d5be0 [currently 2 cached threads]
D/.query.PatternStageBase(  254): reusing thread Thread[PatternStage-2,5,main]
D/ulesys.test.OWLWGTester(  254): WG test http://www.w3.org/2002/03owlt/disjointWith/Manifest001#test - APPROVED
D/.query.PatternStageBase(  254): caching thread com.hp.hpl.jena.graph.query.PatternStage@637d5be0 [currently 2 cached threads]
D/.query.PatternStageBase(  254): reusing thread Thread[PatternStage-2,5,main]
D/ulesys.test.OWLWGTester(  254): WG test http://www.w3.org/2002/03owlt/disjointWith/Manifest002#test - APPROVED
D/.query.PatternStageBase(  254): caching thread com.hp.hpl.jena.graph.query.PatternStage@637d5be0 [currently 2 cached threads]
D/.query.PatternStageBase(  254): reusing thread Thread[PatternStage-2,5,main]
D/ulesys.test.OWLWGTester(  254): WG test http://www.w3.org/2002/03owlt/AllDifferent/Manifest001#test - APPROVED
D/.query.PatternStageBase(  254): caching thread com.hp.hpl.jena.graph.query.PatternStage@637d5be0 [currently 2 cached threads]
D/.query.PatternStageBase(  254): reusing thread Thread[PatternStage-2,5,main]
D/ulesys.test.OWLWGTester(  254): WG test http://www.w3.org/2002/03owlt/allValuesFrom/Manifest002#test - APPROVED
D/.query.PatternStageBase(  254): caching thread com.hp.hpl.jena.graph.query.PatternStage@637d5be0 [currently 2 cached threads]
D/.query.PatternStageBase(  254): reusing thread Thread[PatternStage-2,5,main]
D/ulesys.test.OWLWGTester(  254): WG test http://www.w3.org/2002/03owlt/someValuesFrom/Manifest002#test - EXTRACREDIT
D/.query.PatternStageBase(  254): caching thread com.hp.hpl.jena.graph.query.PatternStage@637d5be0 [currently 2 cached threads]
D/.query.PatternStageBase(  254): reusing thread Thread[PatternStage-2,5,main]
D/.query.PatternStageBase(  254): caching thread com.hp.hpl.jena.graph.query.PatternStage@637d5be0 [currently 2 cached threads]
D/ulesys.test.OWLWGTester(  254): WG test http://www.w3.org/2002/03owlt/FunctionalProperty/Manifest005#test - PROPOSED
D/.query.PatternStageBase(  254): reusing thread Thread[PatternStage-2,5,main]
D/ulesys.test.OWLWGTester(  254): WG test http://www.w3.org/2002/03owlt/I5.24/Manifest003#test - PROPOSED
D/.query.PatternStageBase(  254): caching thread com.hp.hpl.jena.graph.query.PatternStage@637d5be0 [currently 2 cached threads]
D/.query.PatternStageBase(  254): reusing thread Thread[PatternStage-2,5,main]
D/ulesys.test.OWLWGTester(  254): WG test http://www.w3.org/2002/03owlt/localtests/ManifestHv1#hasValue1 - Jena internal
D/.query.PatternStageBase(  254): caching thread com.hp.hpl.jena.graph.query.PatternStage@637d5be0 [currently 2 cached threads]
D/.query.PatternStageBase(  254): reusing thread Thread[PatternStage-2,5,main]
D/.query.PatternStageBase(  254): caching thread com.hp.hpl.jena.graph.query.PatternStage@637d5be0 [currently 2 cached threads]
D/ulesys.test.OWLWGTester(  254): WG test http://www.w3.org/2002/03owlt/localtests/ManifestHv2#hasValue2 - Jena internal
D/.query.PatternStageBase(  254): reusing thread Thread[PatternStage-2,5,main]
D/ulesys.test.OWLWGTester(  254): WG test http://www.w3.org/2002/03owlt/localtests/Manifest003#whitebox - Jena internal
D/.query.PatternStageBase(  254): caching thread com.hp.hpl.jena.graph.query.PatternStage@637d5be0 [currently 2 cached threads]
D/.query.PatternStageBase(  254): reusing thread Thread[PatternStage-2,5,main]
D/ulesys.test.OWLWGTester(  254): WG test http://www.w3.org/2002/03owlt/localtests/Manifest007#propInheritance - Jena internal
D/.query.PatternStageBase(  254): caching thread com.hp.hpl.jena.graph.query.PatternStage@637d5be0 [currently 2 cached threads]
D/.query.PatternStageBase(  254): reusing thread Thread[PatternStage-2,5,main]
D/.query.PatternStageBase(  254): caching thread com.hp.hpl.jena.graph.query.PatternStage@637d5be0 [currently 2 cached threads]
D/ulesys.test.OWLWGTester(  254): WG test http://www.w3.org/2002/03owlt/localtests/Manifest008#propInheritance - Jena internal
D/.query.PatternStageBase(  254): reusing thread Thread[PatternStage-2,5,main]
D/.query.PatternStageBase(  254): caching thread com.hp.hpl.jena.graph.query.PatternStage@637d5be0 [currently 2 cached threads]
D/dalvikvm(   59): GC freed 18448 objects / 852896 bytes in 686ms
D/ulesys.test.OWLWGTester(  254): WG test http://www.w3.org/2002/03owlt/localtests/ManifestSubclass001#intersection1 - Jena internal
D/.query.PatternStageBase(  254): reusing thread Thread[PatternStage-2,5,main]
D/.query.PatternStageBase(  254): caching thread com.hp.hpl.jena.graph.query.PatternStage@637d5be0 [currently 2 cached threads]
D/ulesys.test.OWLWGTester(  254): WG test http://www.w3.org/2002/03owlt/equivalentClass/Manifest001#test - APPROVED
D/.query.PatternStageBase(  254): reusing thread Thread[PatternStage-2,5,main]
D/ulesys.test.OWLWGTester(  254): WG test http://www.w3.org/2002/03owlt/equivalentClass/Manifest002#test - APPROVED
D/.query.PatternStageBase(  254): caching thread com.hp.hpl.jena.graph.query.PatternStage@637d5be0 [currently 2 cached threads]
D/.query.PatternStageBase(  254): reusing thread Thread[PatternStage-2,5,main]
D/ulesys.test.OWLWGTester(  254): WG test http://www.w3.org/2002/03owlt/equivalentClass/Manifest003#test - APPROVED
D/.query.PatternStageBase(  254): caching thread com.hp.hpl.jena.graph.query.PatternStage@637d5be0 [currently 2 cached threads]
D/.query.PatternStageBase(  254): reusing thread Thread[PatternStage-2,5,main]
D/.query.PatternStageBase(  254): caching thread com.hp.hpl.jena.graph.query.PatternStage@637d5be0 [currently 2 cached threads]
D/ulesys.test.OWLWGTester(  254): WG test http://www.w3.org/2002/03owlt/equivalentClass/Manifest004#test - APPROVED
D/.query.PatternStageBase(  254): reusing thread Thread[PatternStage-2,5,main]
D/ulesys.test.OWLWGTester(  254): WG test http://www.w3.org/2002/03owlt/equivalentClass/Manifest005#test - APPROVED
D/.query.PatternStageBase(  254): caching thread com.hp.hpl.jena.graph.query.PatternStage@637d5be0 [currently 2 cached threads]
D/.query.PatternStageBase(  254): reusing thread Thread[PatternStage-2,5,main]
D/ulesys.test.OWLWGTester(  254): WG test http://www.w3.org/2002/03owlt/localtests/ManifestRestriction001#intersection1 - Jena internal
D/.query.PatternStageBase(  254): caching thread com.hp.hpl.jena.graph.query.PatternStage@637d5be0 [currently 2 cached threads]
D/.query.PatternStageBase(  254): reusing thread Thread[PatternStage-2,5,main]
D/dalvikvm(   59): threadid=17: bogus mon 1+0>0; adjusting
D/ulesys.test.OWLWGTester(  254): WG test http://www.w3.org/2002/03owlt/intersectionOf/Manifest001#test - APPROVED
D/.query.PatternStageBase(  254): caching thread com.hp.hpl.jena.graph.query.PatternStage@637d5be0 [currently 2 cached threads]
D/.query.PatternStageBase(  254): reusing thread Thread[PatternStage-2,5,main]
D/ulesys.test.OWLWGTester(  254): WG test http://www.w3.org/2002/03owlt/localtests/Manifest001#intersection1 - Jena internal
D/.query.PatternStageBase(  254): caching thread com.hp.hpl.jena.graph.query.PatternStage@637d5be0 [currently 2 cached threads]
D/.query.PatternStageBase(  254): reusing thread Thread[PatternStage-2,5,main]
D/ulesys.test.OWLWGTester(  254): WG test http://www.w3.org/2002/03owlt/localtests/Manifest002#intersection1 - Jena internal
D/.query.PatternStageBase(  254): caching thread com.hp.hpl.jena.graph.query.PatternStage@637d5be0 [currently 2 cached threads]
D/.query.PatternStageBase(  254): reusing thread Thread[PatternStage-2,5,main]
D/ulesys.test.OWLWGTester(  254): WG test http://www.w3.org/2002/03owlt/unionOf/Manifest001#test - APPROVED
D/.query.PatternStageBase(  254): caching thread com.hp.hpl.jena.graph.query.PatternStage@637d5be0 [currently 2 cached threads]
D/.query.PatternStageBase(  254): reusing thread Thread[PatternStage-2,5,main]
D/ulesys.test.OWLWGTester(  254): WG test http://www.w3.org/2002/03owlt/SymmetricProperty/Manifest001#test - APPROVED
D/.query.PatternStageBase(  254): caching thread com.hp.hpl.jena.graph.query.PatternStage@637d5be0 [currently 2 cached threads]
D/.query.PatternStageBase(  254): reusing thread Thread[PatternStage-2,5,main]
D/ulesys.test.OWLWGTester(  254): WG test http://www.w3.org/2002/03owlt/SymmetricProperty/Manifest001#test - APPROVED
D/.query.PatternStageBase(  254): caching thread com.hp.hpl.jena.graph.query.PatternStage@637d5be0 [currently 2 cached threads]
D/.query.PatternStageBase(  254): reusing thread Thread[PatternStage-2,5,main]
D/ulesys.test.OWLWGTester(  254): WG test http://www.w3.org/2002/03owlt/inverseOf/Manifest001#test - APPROVED
D/.query.PatternStageBase(  254): caching thread com.hp.hpl.jena.graph.query.PatternStage@637d5be0 [currently 2 cached threads]
D/.query.PatternStageBase(  254): reusing thread Thread[PatternStage-2,5,main]
D/ulesys.test.OWLWGTester(  254): WG test http://www.w3.org/2002/03owlt/TransitiveProperty/Manifest001#test - APPROVED
D/.query.PatternStageBase(  254): caching thread com.hp.hpl.jena.graph.query.PatternStage@637d5be0 [currently 2 cached threads]
D/.query.PatternStageBase(  254): reusing thread Thread[PatternStage-2,5,main]
D/ulesys.test.OWLWGTester(  254): WG test http://www.w3.org/2002/03owlt/localtests/Manifest005#sameAsProp - Jena internal
D/.query.PatternStageBase(  254): caching thread com.hp.hpl.jena.graph.query.PatternStage@637d5be0 [currently 2 cached threads]
D/.query.PatternStageBase(  254): reusing thread Thread[PatternStage-2,5,main]
D/ulesys.test.OWLWGTester(  254): WG test http://www.w3.org/2002/03owlt/FunctionalProperty/Manifest001#test - APPROVED
D/.query.PatternStageBase(  254): caching thread com.hp.hpl.jena.graph.query.PatternStage@637d5be0 [currently 2 cached threads]
D/.query.PatternStageBase(  254): reusing thread Thread[PatternStage-2,5,main]
D/ulesys.test.OWLWGTester(  254): WG test http://www.w3.org/2002/03owlt/FunctionalProperty/Manifest002#test - APPROVED
D/.query.PatternStageBase(  254): caching thread com.hp.hpl.jena.graph.query.PatternStage@637d5be0 [currently 2 cached threads]
D/.query.PatternStageBase(  254): reusing thread Thread[PatternStage-2,5,main]
D/ulesys.test.OWLWGTester(  254): WG test http://www.w3.org/2002/03owlt/FunctionalProperty/Manifest003#test - APPROVED
D/.query.PatternStageBase(  254): caching thread com.hp.hpl.jena.graph.query.PatternStage@637d5be0 [currently 2 cached threads]
D/.query.PatternStageBase(  254): reusing thread Thread[PatternStage-2,5,main]
D/ulesys.test.OWLWGTester(  254): WG test http://www.w3.org/2002/03owlt/InverseFunctionalProperty/Manifest001#test - APPROVED
D/.query.PatternStageBase(  254): caching thread com.hp.hpl.jena.graph.query.PatternStage@637d5be0 [currently 2 cached threads]
D/.query.PatternStageBase(  254): reusing thread Thread[PatternStage-2,5,main]
D/ulesys.test.OWLWGTester(  254): WG test http://www.w3.org/2002/03owlt/InverseFunctionalProperty/Manifest002#test - APPROVED
D/.query.PatternStageBase(  254): caching thread com.hp.hpl.jena.graph.query.PatternStage@637d5be0 [currently 2 cached threads]
D/.query.PatternStageBase(  254): reusing thread Thread[PatternStage-2,5,main]
D/ulesys.test.OWLWGTester(  254): WG test http://www.w3.org/2002/03owlt/InverseFunctionalProperty/Manifest003#test - APPROVED
D/.query.PatternStageBase(  254): caching thread com.hp.hpl.jena.graph.query.PatternStage@637d5be0 [currently 2 cached threads]
D/.query.PatternStageBase(  254): reusing thread Thread[PatternStage-2,5,main]
D/.query.PatternStageBase(  254): caching thread com.hp.hpl.jena.graph.query.PatternStage@637d5be0 [currently 2 cached threads]
D/ulesys.test.OWLWGTester(  254): WG test http://www.w3.org/2002/03owlt/I5.1/Manifest001#test - APPROVED
D/.query.PatternStageBase(  254): reusing thread Thread[PatternStage-2,5,main]
D/ulesys.test.OWLWGTester(  254): WG test http://www.w3.org/2002/03owlt/I4.6/Manifest003#test - APPROVED
D/.query.PatternStageBase(  254): caching thread com.hp.hpl.jena.graph.query.PatternStage@637d5be0 [currently 2 cached threads]
D/.query.PatternStageBase(  254): reusing thread Thread[PatternStage-2,5,main]
D/.query.PatternStageBase(  254): caching thread com.hp.hpl.jena.graph.query.PatternStage@637d5be0 [currently 2 cached threads]
D/ulesys.test.OWLWGTester(  254): WG test http://www.w3.org/2002/03owlt/inverseOf/Manifest001#test - APPROVED
D/.query.PatternStageBase(  254): reusing thread Thread[PatternStage-2,5,main]
D/ulesys.test.OWLWGTester(  254): WG test http://www.w3.org/2002/03owlt/TransitiveProperty/Manifest001#test - APPROVED
D/.query.PatternStageBase(  254): caching thread com.hp.hpl.jena.graph.query.PatternStage@637d5be0 [currently 2 cached threads]
D/.query.PatternStageBase(  254): reusing thread Thread[PatternStage-2,5,main]
D/ulesys.test.OWLWGTester(  254): WG test http://www.w3.org/2002/03owlt/equivalentProperty/Manifest001#test - APPROVED
D/.query.PatternStageBase(  254): caching thread com.hp.hpl.jena.graph.query.PatternStage@637d5be0 [currently 2 cached threads]
D/.query.PatternStageBase(  254): reusing thread Thread[PatternStage-2,5,main]
D/ulesys.test.OWLWGTester(  254): WG test http://www.w3.org/2002/03owlt/equivalentProperty/Manifest002#test - APPROVED
D/.query.PatternStageBase(  254): caching thread com.hp.hpl.jena.graph.query.PatternStage@637d5be0 [currently 2 cached threads]
D/.query.PatternStageBase(  254): reusing thread Thread[PatternStage-2,5,main]
D/ulesys.test.OWLWGTester(  254): WG test http://www.w3.org/2002/03owlt/equivalentProperty/Manifest003#test - APPROVED
D/.query.PatternStageBase(  254): caching thread com.hp.hpl.jena.graph.query.PatternStage@637d5be0 [currently 2 cached threads]
D/.query.PatternStageBase(  254): reusing thread Thread[PatternStage-2,5,main]
D/ulesys.test.OWLWGTester(  254): WG test http://www.w3.org/2002/03owlt/I5.24/Manifest001#test - APPROVED
D/.query.PatternStageBase(  254): caching thread com.hp.hpl.jena.graph.query.PatternStage@637d5be0 [currently 2 cached threads]
D/.query.PatternStageBase(  254): reusing thread Thread[PatternStage-2,5,main]
D/ulesys.test.OWLWGTester(  254): WG test http://www.w3.org/2002/03owlt/I5.24/Manifest002#test - PROPOSED
D/.query.PatternStageBase(  254): reusing thread Thread[PatternStage-1,5,main]
D/ulesys.test.OWLWGTester(  254): WG test http://www.w3.org/2002/03owlt/equivalentProperty/Manifest006#test - APPROVED
D/.query.PatternStageBase(  254): caching thread com.hp.hpl.jena.graph.query.PatternStage@63aa2b30 [currently 1 cached threads]
D/.query.PatternStageBase(  254): reusing thread Thread[PatternStage-1,5,main]
D/.query.PatternStageBase(  254): caching thread com.hp.hpl.jena.graph.query.PatternStage@637d5be0 [currently 1 cached threads]
D/ulesys.test.OWLWGTester(  254): WG test http://www.w3.org/2002/03owlt/I5.2/Manifest002#test - APPROVED
D/.query.PatternStageBase(  254): caching thread com.hp.hpl.jena.graph.query.PatternStage@63aa2b30 [currently 2 cached threads]
D/.query.PatternStageBase(  254): reusing thread Thread[PatternStage-1,5,main]
D/ulesys.test.OWLWGTester(  254): WG test http://www.w3.org/2002/03owlt/differentFrom/Manifest001#test - APPROVED
D/.query.PatternStageBase(  254): caching thread com.hp.hpl.jena.graph.query.PatternStage@63aa2b30 [currently 2 cached threads]
D/.query.PatternStageBase(  254): reusing thread Thread[PatternStage-1,5,main]
D/ulesys.test.OWLWGTester(  254): WG test http://www.w3.org/2002/03owlt/disjointWith/Manifest001#test - APPROVED
D/.query.PatternStageBase(  254): caching thread com.hp.hpl.jena.graph.query.PatternStage@63aa2b30 [currently 2 cached threads]
D/.query.PatternStageBase(  254): reusing thread Thread[PatternStage-1,5,main]
D/ulesys.test.OWLWGTester(  254): WG test http://www.w3.org/2002/03owlt/disjointWith/Manifest002#test - APPROVED
D/.query.PatternStageBase(  254): caching thread com.hp.hpl.jena.graph.query.PatternStage@63aa2b30 [currently 2 cached threads]
D/.query.PatternStageBase(  254): reusing thread Thread[PatternStage-1,5,main]
D/ulesys.test.OWLWGTester(  254): WG test http://www.w3.org/2002/03owlt/AllDifferent/Manifest001#test - APPROVED
D/.query.PatternStageBase(  254): caching thread com.hp.hpl.jena.graph.query.PatternStage@63aa2b30 [currently 2 cached threads]
D/.query.PatternStageBase(  254): reusing thread Thread[PatternStage-1,5,main]
D/ulesys.test.OWLWGTester(  254): WG test http://www.w3.org/2002/03owlt/allValuesFrom/Manifest001#test - APPROVED
D/.query.PatternStageBase(  254): caching thread com.hp.hpl.jena.graph.query.PatternStage@63aa2b30 [currently 2 cached threads]
D/.query.PatternStageBase(  254): reusing thread Thread[PatternStage-1,5,main]
D/ulesys.test.OWLWGTester(  254): WG test http://www.w3.org/2002/03owlt/allValuesFrom/Manifest002#test - APPROVED
D/.query.PatternStageBase(  254): reusing thread Thread[PatternStage-2,5,main]
D/ulesys.test.OWLWGTester(  254): WG test http://www.w3.org/2002/03owlt/someValuesFrom/Manifest002#test - EXTRACREDIT
D/.query.PatternStageBase(  254): caching thread com.hp.hpl.jena.graph.query.PatternStage@637d5be0 [currently 1 cached threads]
D/.query.PatternStageBase(  254): reusing thread Thread[PatternStage-2,5,main]
D/.query.PatternStageBase(  254): caching thread com.hp.hpl.jena.graph.query.PatternStage@637d5be0 [currently 1 cached threads]
D/ulesys.test.OWLWGTester(  254): WG test http://www.w3.org/2002/03owlt/FunctionalProperty/Manifest005#test - PROPOSED
D/.query.PatternStageBase(  254): caching thread com.hp.hpl.jena.graph.query.PatternStage@63aa2b30 [currently 2 cached threads]
D/.query.PatternStageBase(  254): reusing thread Thread[PatternStage-1,5,main]
D/ulesys.test.OWLWGTester(  254): WG test http://www.w3.org/2002/03owlt/I5.24/Manifest004#test - APPROVED
D/.query.PatternStageBase(  254): caching thread com.hp.hpl.jena.graph.query.PatternStage@63aa2b30 [currently 2 cached threads]
D/.query.PatternStageBase(  254): reusing thread Thread[PatternStage-1,5,main]
D/ulesys.test.OWLWGTester(  254): WG test http://www.w3.org/2002/03owlt/cardinality/Manifest001#test - APPROVED
D/.query.PatternStageBase(  254): caching thread com.hp.hpl.jena.graph.query.PatternStage@63aa2b30 [currently 2 cached threads]
D/.query.PatternStageBase(  254): reusing thread Thread[PatternStage-1,5,main]
D/ulesys.test.OWLWGTester(  254): WG test http://www.w3.org/2002/03owlt/cardinality/Manifest002#test - APPROVED
D/.query.PatternStageBase(  254): caching thread com.hp.hpl.jena.graph.query.PatternStage@63aa2b30 [currently 2 cached threads]
D/.query.PatternStageBase(  254): reusing thread Thread[PatternStage-1,5,main]
D/ulesys.test.OWLWGTester(  254): WG test http://www.w3.org/2002/03owlt/cardinality/Manifest001#test - APPROVED
D/.query.PatternStageBase(  254): caching thread com.hp.hpl.jena.graph.query.PatternStage@63aa2b30 [currently 2 cached threads]
D/.query.PatternStageBase(  254): reusing thread Thread[PatternStage-1,5,main]
D/ulesys.test.OWLWGTester(  254): WG test http://www.w3.org/2002/03owlt/cardinality/Manifest002#test - APPROVED
D/.query.PatternStageBase(  254): caching thread com.hp.hpl.jena.graph.query.PatternStage@63aa2b30 [currently 2 cached threads]
D/.query.PatternStageBase(  254): reusing thread Thread[PatternStage-1,5,main]
D/ulesys.test.OWLWGTester(  254): WG test http://www.w3.org/2002/03owlt/I5.24/Manifest003#test - PROPOSED
D/.query.PatternStageBase(  254): caching thread com.hp.hpl.jena.graph.query.PatternStage@63aa2b30 [currently 2 cached threads]
D/.query.PatternStageBase(  254): reusing thread Thread[PatternStage-1,5,main]
D/ulesys.test.OWLWGTester(  254): WG test http://www.w3.org/2002/03owlt/cardinality/Manifest005#test - APPROVED
D/.query.PatternStageBase(  254): caching thread com.hp.hpl.jena.graph.query.PatternStage@63aa2b30 [currently 2 cached threads]
D/.query.PatternStageBase(  254): reusing thread Thread[PatternStage-1,5,main]
D/ulesys.test.OWLWGTester(  254): WG test http://www.w3.org/2002/03owlt/cardinality/Manifest006#test - PROPOSED
D/.query.PatternStageBase(  254): caching thread com.hp.hpl.jena.graph.query.PatternStage@63aa2b30 [currently 2 cached threads]
D/.query.PatternStageBase(  254): reusing thread Thread[PatternStage-1,5,main]
D/ulesys.test.OWLWGTester(  254): WG test http://www.w3.org/2002/03owlt/localtests/ManifestHv1#hasValue1 - Jena internal
D/.query.PatternStageBase(  254): caching thread com.hp.hpl.jena.graph.query.PatternStage@63aa2b30 [currently 2 cached threads]
D/.query.PatternStageBase(  254): reusing thread Thread[PatternStage-1,5,main]
D/ulesys.test.OWLWGTester(  254): WG test http://www.w3.org/2002/03owlt/localtests/ManifestHv2#hasValue2 - Jena internal
D/.query.PatternStageBase(  254): caching thread com.hp.hpl.jena.graph.query.PatternStage@63aa2b30 [currently 2 cached threads]
D/.query.PatternStageBase(  254): reusing thread Thread[PatternStage-1,5,main]
D/ulesys.test.OWLWGTester(  254): WG test http://www.w3.org/2002/03owlt/localtests/Manifest003#whitebox - Jena internal
D/.query.PatternStageBase(  254): caching thread com.hp.hpl.jena.graph.query.PatternStage@63aa2b30 [currently 2 cached threads]
D/.query.PatternStageBase(  254): reusing thread Thread[PatternStage-1,5,main]
D/dalvikvm(  103): GC freed 11878 objects / 524552 bytes in 460ms
D/ulesys.test.OWLWGTester(  254): WG test http://www.w3.org/2002/03owlt/localtests/Manifest004#equivIFP - Jena internal
D/.query.PatternStageBase(  254): caching thread com.hp.hpl.jena.graph.query.PatternStage@63aa2b30 [currently 2 cached threads]
D/.query.PatternStageBase(  254): reusing thread Thread[PatternStage-1,5,main]
D/ulesys.test.OWLWGTester(  254): WG test http://www.w3.org/2002/03owlt/localtests/Manifest007#propInheritance - Jena internal
D/.query.PatternStageBase(  254): caching thread com.hp.hpl.jena.graph.query.PatternStage@63aa2b30 [currently 2 cached threads]
D/.query.PatternStageBase(  254): reusing thread Thread[PatternStage-1,5,main]
D/ulesys.test.OWLWGTester(  254): WG test http://www.w3.org/2002/03owlt/localtests/Manifest008#propInheritance - Jena internal
D/.query.PatternStageBase(  254): caching thread com.hp.hpl.jena.graph.query.PatternStage@63aa2b30 [currently 2 cached threads]
D/.query.PatternStageBase(  254): reusing thread Thread[PatternStage-1,5,main]
D/.query.PatternStageBase(  254): caching thread com.hp.hpl.jena.graph.query.PatternStage@63aa2b30 [currently 2 cached threads]
D/l.jena.util.FileManager(  254): Add location: LocatorFile
D/l.jena.util.FileManager(  254): Add location: LocatorURL
D/l.jena.util.FileManager(  254): Add location: ClassLoaderLocator
D/l.jena.util.FileManager(  254): Add location: LocatorFile
D/l.jena.util.FileManager(  254): Add location: LocatorURL
D/l.jena.util.FileManager(  254): Add location: ClassLoaderLocator
D/l.jena.util.FileManager(  254): Add location: LocatorFile
D/l.jena.util.FileManager(  254): Add location: LocatorURL
D/l.jena.util.FileManager(  254): Add location: ClassLoaderLocator
D/l.jena.util.FileManager(  254): Add location: LocatorFile
D/l.jena.util.FileManager(  254): Add location: LocatorURL
D/l.jena.util.FileManager(  254): Add location: ClassLoaderLocator
D/l.jena.util.FileManager(  254): Add location: LocatorFile
D/l.jena.util.FileManager(  254): Add location: LocatorURL
D/l.jena.util.FileManager(  254): Add location: ClassLoaderLocator
D/l.jena.util.FileManager(  254): Add location: LocatorFile
D/l.jena.util.FileManager(  254): Add location: LocatorURL
D/l.jena.util.FileManager(  254): Add location: ClassLoaderLocator
D/l.jena.util.FileManager(  254): Add location: LocatorFile
D/l.jena.util.FileManager(  254): Add location: LocatorURL
D/l.jena.util.FileManager(  254): Add location: ClassLoaderLocator
D/l.jena.util.FileManager(  254): Add location: LocatorFile
D/l.jena.util.FileManager(  254): Add location: LocatorURL
D/l.jena.util.FileManager(  254): Add location: ClassLoaderLocator
I/AndroidLoggerFactory(  254): Logger name com.hp.hpl.jena.reasoner.rulesys.test.TestBugs is too long, using r.rulesys.test.TestBugs instead
D/l.jena.util.FileManager(  254): Add location: LocatorFile
D/l.jena.util.FileManager(  254): Add location: LocatorURL
D/l.jena.util.FileManager(  254): Add location: ClassLoaderLocator
D/l.jena.util.FileManager(  254): Add location: LocatorFile
D/l.jena.util.FileManager(  254): Add location: LocatorURL
D/l.jena.util.FileManager(  254): Add location: ClassLoaderLocator
D/l.jena.util.FileManager(  254): Add location: LocatorFile
D/l.jena.util.FileManager(  254): Add location: LocatorURL
D/l.jena.util.FileManager(  254): Add location: ClassLoaderLocator
D/l.jena.util.FileManager(  254): Add location: LocatorFile
D/l.jena.util.FileManager(  254): Add location: LocatorURL
D/l.jena.util.FileManager(  254): Add location: ClassLoaderLocator
D/l.jena.util.FileManager(  254): Add location: LocatorFile
D/l.jena.util.FileManager(  254): Add location: LocatorURL
D/l.jena.util.FileManager(  254): Add location: ClassLoaderLocator
D/l.jena.util.FileManager(  254): Add location: LocatorFile
D/l.jena.util.FileManager(  254): Add location: LocatorURL
D/l.jena.util.FileManager(  254): Add location: ClassLoaderLocator
D/l.jena.util.FileManager(  254): Add location: LocatorFile
D/l.jena.util.FileManager(  254): Add location: LocatorURL
D/l.jena.util.FileManager(  254): Add location: ClassLoaderLocator
D/l.jena.util.FileManager(  254): Add location: LocatorFile
D/l.jena.util.FileManager(  254): Add location: LocatorURL
D/l.jena.util.FileManager(  254): Add location: ClassLoaderLocator
D/l.jena.util.FileManager(  254): Add location: LocatorFile
D/l.jena.util.FileManager(  254): Add location: LocatorURL
D/l.jena.util.FileManager(  254): Add location: ClassLoaderLocator
D/l.jena.util.FileManager(  254): Add location: LocatorFile
D/l.jena.util.FileManager(  254): Add location: LocatorURL
D/l.jena.util.FileManager(  254): Add location: ClassLoaderLocator
D/l.jena.util.FileManager(  254): Add location: LocatorFile
D/l.jena.util.FileManager(  254): Add location: LocatorURL
D/l.jena.util.FileManager(  254): Add location: ClassLoaderLocator
D/dalvikvm(   59): GC freed 18352 objects / 853728 bytes in 583ms
D/l.jena.util.FileManager(  254): Add location: LocatorFile
D/l.jena.util.FileManager(  254): Add location: LocatorURL
D/l.jena.util.FileManager(  254): Add location: ClassLoaderLocator
D/l.jena.util.FileManager(  254): Add location: LocatorFile
D/l.jena.util.FileManager(  254): Add location: LocatorURL
D/l.jena.util.FileManager(  254): Add location: ClassLoaderLocator
D/l.jena.util.FileManager(  254): Add location: LocatorFile
D/l.jena.util.FileManager(  254): Add location: LocatorURL
D/l.jena.util.FileManager(  254): Add location: ClassLoaderLocator
D/l.jena.util.FileManager(  254): Add location: LocatorFile
D/l.jena.util.FileManager(  254): Add location: LocatorURL
D/l.jena.util.FileManager(  254): Add location: ClassLoaderLocator
D/l.jena.util.FileManager(  254): Add location: LocatorFile
D/l.jena.util.FileManager(  254): Add location: LocatorURL
D/l.jena.util.FileManager(  254): Add location: ClassLoaderLocator
D/l.jena.util.FileManager(  254): Add location: LocatorFile
D/l.jena.util.FileManager(  254): Add location: LocatorURL
D/l.jena.util.FileManager(  254): Add location: ClassLoaderLocator
D/l.jena.util.FileManager(  254): Add location: LocatorFile
D/l.jena.util.FileManager(  254): Add location: LocatorURL
D/l.jena.util.FileManager(  254): Add location: ClassLoaderLocator
D/l.jena.util.FileManager(  254): Add location: LocatorFile
D/l.jena.util.FileManager(  254): Add location: LocatorURL
