E/JenaTests(  254): 	at junit.framework.Assert.assertTrue(Assert.java:20)
E/JenaTests(  254): 	at com.hp.hpl.jena.n3.TestResolver.execTestMatch(TestResolver.java:262)
E/JenaTests(  254): 	at com.hp.hpl.jena.n3.TestResolver.testScheme_4(TestResolver.java:126)
E/JenaTests(  254): 	at java.lang.reflect.Method.invokeNative(Native Method)
E/JenaTests(  254): 	at java.lang.reflect.Method.invoke(Method.java:521)
E/JenaTests(  254): 	at junit.framework.TestCase.runTest(TestCase.java:154)
E/JenaTests(  254): 	at junit.framework.TestCase.runBare(TestCase.java:127)
E/JenaTests(  254): 	at junit.framework.TestResult$1.protect(TestResult.java:106)
E/JenaTests(  254): 	at junit.framework.TestResult.runProtected(TestResult.java:124)
E/JenaTests(  254): 	at junit.framework.TestResult.run(TestResult.java:109)
E/JenaTests(  254): 	at junit.framework.TestCase.run(TestCase.java:118)
E/JenaTests(  254): 	at junit.framework.TestSuite.runTest(TestSuite.java:208)
E/JenaTests(  254): 	at junit.framework.TestSuite.run(TestSuite.java:203)
E/JenaTests(  254): 	at junit.framework.TestSuite.runTest(TestSuite.java:208)
E/JenaTests(  254): 	at junit.framework.TestSuite.run(TestSuite.java:203)
E/JenaTests(  254): 	at junit.framework.TestSuite.runTest(TestSuite.java:208)
E/JenaTests(  254): 	at junit.framework.TestSuite.run(TestSuite.java:203)
E/JenaTests(  254): 	at junit.framework.TestSuite.runTest(TestSuite.java:208)
E/JenaTests(  254): 	at junit.framework.TestSuite.run(TestSuite.java:203)
E/JenaTests(  254): 	at it.polimi.dei.dbgroup.pedigree.androjena.test.AndrojenaTestActivity$TestRunnerThread.run(AndrojenaTestActivity.java:125)
E/JenaTests(  254): 	at java.lang.Thread.run(Thread.java:1096)
E/JenaTests(  254): failure: testURI_file_4(com.hp.hpl.jena.n3.TestResolver)
E/JenaTests(  254): junit.framework.AssertionFailedError: Does not match: file:///x -- ^file:///.*/x
E/JenaTests(  254): 	at junit.framework.Assert.fail(Assert.java:47)
E/JenaTests(  254): 	at junit.framework.Assert.assertTrue(Assert.java:20)
E/JenaTests(  254): 	at com.hp.hpl.jena.n3.TestResolver.execTestMatch(TestResolver.java:262)
E/JenaTests(  254): 	at com.hp.hpl.jena.n3.TestResolver.testURI_file_4(TestResolver.java:211)
E/JenaTests(  254): 	at java.lang.reflect.Method.invokeNative(Native Method)
E/JenaTests(  254): 	at java.lang.reflect.Method.invoke(Method.java:521)
E/JenaTests(  254): 	at junit.framework.TestCase.runTest(TestCase.java:154)
E/JenaTests(  254): 	at junit.framework.TestCase.runBare(TestCase.java:127)
E/JenaTests(  254): 	at junit.framework.TestResult$1.protect(TestResult.java:106)
E/JenaTests(  254): 	at junit.framework.TestResult.runProtected(TestResult.java:124)
E/JenaTests(  254): 	at junit.framework.TestResult.run(TestResult.java:109)
E/JenaTests(  254): 	at junit.framework.TestCase.run(TestCase.java:118)
E/JenaTests(  254): 	at junit.framework.TestSuite.runTest(TestSuite.java:208)
E/JenaTests(  254): 	at junit.framework.TestSuite.run(TestSuite.java:203)
E/JenaTests(  254): 	at junit.framework.TestSuite.runTest(TestSuite.java:208)
E/JenaTests(  254): 	at junit.framework.TestSuite.run(TestSuite.java:203)
E/JenaTests(  254): 	at junit.framework.TestSuite.runTest(TestSuite.java:208)
E/JenaTests(  254): 	at junit.framework.TestSuite.run(TestSuite.java:203)
E/JenaTests(  254): 	at junit.framework.TestSuite.runTest(TestSuite.java:208)
E/JenaTests(  254): 	at junit.framework.TestSuite.run(TestSuite.java:203)
E/JenaTests(  254): 	at it.polimi.dei.dbgroup.pedigree.androjena.test.AndrojenaTestActivity$TestRunnerThread.run(AndrojenaTestActivity.java:125)
E/JenaTests(  254): 	at java.lang.Thread.run(Thread.java:1096)
E/JenaTests(  254): failure: testURI_file_5(com.hp.hpl.jena.n3.TestResolver)
E/JenaTests(  254): junit.framework.AssertionFailedError: Does not match: file:///A#x -- ^file:///.*/A#x
E/JenaTests(  254): 	at junit.framework.Assert.fail(Assert.java:47)
E/JenaTests(  254): 	at junit.framework.Assert.assertTrue(Assert.java:20)
E/JenaTests(  254): 	at com.hp.hpl.jena.n3.TestResolver.execTestMatch(TestResolver.java:262)
E/JenaTests(  254): 	at com.hp.hpl.jena.n3.TestResolver.testURI_file_5(TestResolver.java:213)
E/JenaTests(  254): 	at java.lang.reflect.Method.invokeNative(Native Method)
E/JenaTests(  254): 	at java.lang.reflect.Method.invoke(Method.java:521)
E/JenaTests(  254): 	at junit.framework.TestCase.runTest(TestCase.java:154)
E/JenaTests(  254): 	at junit.framework.TestCase.runBare(TestCase.java:127)
E/JenaTests(  254): 	at junit.framework.TestResult$1.protect(TestResult.java:106)
E/JenaTests(  254): 	at junit.framework.TestResult.runProtected(TestResult.java:124)
E/JenaTests(  254): 	at junit.framework.TestResult.run(TestResult.java:109)
E/JenaTests(  254): 	at junit.framework.TestCase.run(TestCase.java:118)
E/JenaTests(  254): 	at junit.framework.TestSuite.runTest(TestSuite.java:208)
E/JenaTests(  254): 	at junit.framework.TestSuite.run(TestSuite.java:203)
E/JenaTests(  254): 	at junit.framework.TestSuite.runTest(TestSuite.java:208)
E/JenaTests(  254): 	at junit.framework.TestSuite.run(TestSuite.java:203)
E/JenaTests(  254): 	at junit.framework.TestSuite.runTest(TestSuite.java:208)
E/JenaTests(  254): 	at junit.framework.TestSuite.run(TestSuite.java:203)
E/JenaTests(  254): 	at junit.framework.TestSuite.runTest(TestSuite.java:208)
E/JenaTests(  254): 	at junit.framework.TestSuite.run(TestSuite.java:203)
E/JenaTests(  254): 	at it.polimi.dei.dbgroup.pedigree.androjena.test.AndrojenaTestActivity$TestRunnerThread.run(AndrojenaTestActivity.java:125)
E/JenaTests(  254): 	at java.lang.Thread.run(Thread.java:1096)
I/AndroidLoggerFactory(  254): Logger name com.hp.hpl.jena.ontology.impl.OntModelImpl is too long, using ology.impl.OntModelImpl instead
I/AndroidLoggerFactory(  254): Logger name com.hp.hpl.jena.reasoner.rulesys.OWLFBRuleReasoner is too long, using lesys.OWLFBRuleReasoner instead
I/AndroidLoggerFactory(  254): Logger name com.hp.hpl.jena.ontology.OntDocumentManager is too long, using logy.OntDocumentManager instead
D/l.jena.util.FileManager(  254): Add location: LocatorFile
D/l.jena.util.FileManager(  254): Add location: LocatorURL
D/l.jena.util.FileManager(  254): Add location: ClassLoaderLocator
D/dalvikvm(   59): GC freed 15439 objects / 751744 bytes in 601ms
I/AndroidLoggerFactory(  254): Logger name com.hp.hpl.jena.xmloutput.impl.Unparser is too long, using xmloutput.impl.Unparser instead
D/testBug696057(  254): created temp file: /sdcard/jena71447.rdf
D/dalvikvm(  254): GREF has increased to 301
D/dalvikvm(  254): GREF has decreased to 199
D/dalvikvm(  254): GREF has increased to 301
D/dalvikvm(  254): GREF has decreased to 199
D/dalvikvm(  254): GREF has increased to 301
D/dalvikvm(  254): GREF has decreased to 199
D/dalvikvm(  254): GREF has increased to 301
D/dalvikvm(  254): GREF has decreased to 199
D/dalvikvm(  254): GREF has increased to 301
D/dalvikvm(  254): GREF has increased to 401
D/dalvikvm(  254): GREF has decreased to 299
D/dalvikvm(  254): GREF has decreased to 199
D/dalvikvm(  254): GREF has increased to 301
D/dalvikvm(  254): GREF has increased to 401
D/dalvikvm(  254): GREF has decreased to 299
D/dalvikvm(  254): GREF has decreased to 199
D/dalvikvm(  254): GREF has increased to 301
D/dalvikvm(  254): GREF has decreased to 199
D/dalvikvm(  103): GC freed 10886 objects / 508704 bytes in 826ms
D/testBug696057(  254): created temp file: /sdcard/jena71449.rdf
D/dalvikvm(  254): GREF has increased to 301
D/dalvikvm(  254): GREF has decreased to 199
D/dalvikvm(  254): GREF has increased to 301
D/dalvikvm(  254): GREF has decreased to 199
D/dalvikvm(  254): GREF has increased to 301
D/dalvikvm(  254): GREF has decreased to 199
D/dalvikvm(  254): GREF has increased to 301
D/dalvikvm(  254): GREF has decreased to 199
D/dalvikvm(  254): GREF has increased to 301
D/dalvikvm(  254): GREF has decreased to 199
D/dalvikvm(   59): threadid=17: bogus mon 1+0>0; adjusting
D/dalvikvm(   59): GC freed 18238 objects / 856088 bytes in 558ms
I/dalvikvm(  101): Debugger has detached; object registry had 1 entries
I/dalvikvm(   59): Debugger has detached; object registry had 1 entries
I/dalvikvm(  103): Debugger has detached; object registry had 1 entries
I/dalvikvm(  105): Debugger has detached; object registry had 1 entries
I/dalvikvm(  121): Debugger has detached; object registry had 1 entries
I/dalvikvm(  159): Debugger has detached; object registry had 1 entries
I/dalvikvm(  168): Debugger has detached; object registry had 1 entries
I/dalvikvm(  186): Debugger has detached; object registry had 1 entries
I/dalvikvm(  221): Debugger has detached; object registry had 1 entries
I/dalvikvm(  248): Debugger has detached; object registry had 1 entries
I/dalvikvm(  147): Debugger has detached; object registry had 1 entries
I/dalvikvm(  254): Debugger has detached; object registry had 1 entries
D/dalvikvm(  254): GREF has increased to 301
D/dalvikvm(  254): GREF has decreased to 199
D/dalvikvm(  254): GREF has increased to 301
D/dalvikvm(  254): GREF has increased to 401
D/dalvikvm(  254): GREF has decreased to 299
D/dalvikvm(  254): GREF has decreased to 199
D/dalvikvm(  254): GREF has increased to 301
D/dalvikvm(  254): GREF has increased to 401
D/dalvikvm(  254): GREF has decreased to 299
D/dalvikvm(  254): GREF has decreased to 199
D/dalvikvm(  254): GREF has increased to 301
D/dalvikvm(  254): GREF has decreased to 199
D/dalvikvm(  254): GREF has increased to 301
D/dalvikvm(  254): GREF has decreased to 199
D/dalvikvm(  254): GREF has increased to 301
D/dalvikvm(  254): GREF has decreased to 199
D/dalvikvm(  254): GREF has increased to 301
D/dalvikvm(  254): GREF has decreased to 199
D/dalvikvm(  254): GREF has increased to 301
D/dalvikvm(  254): GREF has increased to 401
D/dalvikvm(  254): GREF has decreased to 299
D/dalvikvm(  254): GREF has decreased to 199
D/dalvikvm(  254): GREF has increased to 301
D/dalvikvm(  254): GREF has increased to 401
D/dalvikvm(  254): GREF has decreased to 299
D/dalvikvm(  254): GREF has decreased to 199
D/dalvikvm(  254): GREF has increased to 301
D/dalvikvm(  254): GREF has decreased to 199
D/dalvikvm(  254): GREF has increased to 301
D/dalvikvm(  254): GREF has decreased to 199
D/dalvikvm(  254): GREF has increased to 301
D/dalvikvm(  254): GREF has increased to 401
D/dalvikvm(  254): GREF has decreased to 299
D/dalvikvm(  254): GREF has decreased to 199
D/dalvikvm(  254): GREF has increased to 301
D/dalvikvm(  254): GREF has increased to 401
D/dalvikvm(  254): GREF has decreased to 299
D/dalvikvm(  254): GREF has decreased to 199
D/dalvikvm(  254): GREF has increased to 301
D/dalvikvm(  254): GREF has increased to 401
D/dalvikvm(  254): GREF has decreased to 299
D/dalvikvm(  254): GREF has decreased to 199
D/dalvikvm(  254): GREF has increased to 301
D/dalvikvm(  254): GREF has increased to 401
D/dalvikvm(  254): GREF has decreased to 299
D/dalvikvm(  254): GREF has decreased to 199
D/dalvikvm(  254): GREF has increased to 301
D/dalvikvm(  254): GREF has increased to 401
D/dalvikvm(  254): GREF has decreased to 299
D/dalvikvm(  254): GREF has decreased to 199
D/dalvikvm(  254): GREF has increased to 301
D/dalvikvm(  254): GREF has increased to 401
D/dalvikvm(  254): GREF has decreased to 299
D/dalvikvm(  254): GREF has decreased to 199
D/dalvikvm(  254): GREF has increased to 301
D/dalvikvm(  254): GREF has decreased to 199
D/dalvikvm(   59): threadid=17: bogus mon 1+0>0; adjusting
I/AndroidLoggerFactory(  254): Logger name com.hp.hpl.jena.util.cache.RandCache is too long, using na.util.cache.RandCache instead
D/l.jena.util.FileManager(  254): Add location: LocatorFile
D/l.jena.util.FileManager(  254): Add location: ClassLoaderLocator
D/ena.util.LocationMapper(  254): Mapping: file:etc/foo.n3 => file:DIR/foo.n3
D/ena.util.LocationMapper(  254): Prefix mapping: file:etc/ => file:ETC/
D/ena.util.LocationMapper(  254): Mapping: http://example.org/file => file:testing/FileManager/location-mapping-test-file
D/ena.util.LocationMapper(  254): Mapping: file:test => file:testing/FileManager/location-mapping-test-file
D/l.jena.util.FileManager(  254): Add location: LocatorFile
D/l.jena.util.FileManager(  254): Add location: ClassLoaderLocator
D/ena.util.LocationMapper(  254): Mapping: file:etc/foo.n3 => file:DIR/foo.n3
D/ena.util.LocationMapper(  254): Prefix mapping: file:etc/ => file:ETC/
D/ena.util.LocationMapper(  254): Mapping: http://example.org/file => file:testing/FileManager/location-mapping-test-file
D/ena.util.LocationMapper(  254): Mapping: file:test => file:testing/FileManager/location-mapping-test-file
D/l.jena.util.FileManager(  254): Add location: LocatorFile
D/l.jena.util.FileManager(  254): Add location: ClassLoaderLocator
D/ena.util.LocationMapper(  254): Mapping: file:etc/foo.n3 => file:DIR/foo.n3
D/ena.util.LocationMapper(  254): Prefix mapping: file:etc/ => file:ETC/
D/ena.util.LocationMapper(  254): Mapping: http://example.org/file => file:testing/FileManager/location-mapping-test-file
D/ena.util.LocationMapper(  254): Mapping: file:test => file:testing/FileManager/location-mapping-test-file
D/l.jena.util.FileManager(  254): Add location: LocatorFile
D/l.jena.util.FileManager(  254): Add location: ClassLoaderLocator
D/ena.util.LocationMapper(  254): Mapping: file:etc/foo.n3 => file:DIR/foo.n3
D/ena.util.LocationMapper(  254): Prefix mapping: file:etc/ => file:ETC/
D/ena.util.LocationMapper(  254): Mapping: http://example.org/file => file:testing/FileManager/location-mapping-test-file
D/ena.util.LocationMapper(  254): Mapping: file:test => file:testing/FileManager/location-mapping-test-file
D/l.jena.util.FileManager(  254): Add location: LocatorFile
D/l.jena.util.FileManager(  254): Add location: ClassLoaderLocator
D/ena.util.LocationMapper(  254): Mapping: file:etc/foo.n3 => file:DIR/foo.n3
D/ena.util.LocationMapper(  254): Prefix mapping: file:etc/ => file:ETC/
D/ena.util.LocationMapper(  254): Mapping: http://example.org/file => file:testing/FileManager/location-mapping-test-file
D/ena.util.LocationMapper(  254): Mapping: file:test => file:testing/FileManager/location-mapping-test-file
D/l.jena.util.FileManager(  254): Add location: LocatorFile
D/l.jena.util.FileManager(  254): Add location: ClassLoaderLocator
D/ena.util.LocationMapper(  254): Mapping: file:etc/foo.n3 => file:DIR/foo.n3
D/ena.util.LocationMapper(  254): Prefix mapping: file:etc/ => file:ETC/
D/ena.util.LocationMapper(  254): Mapping: http://example.org/file => file:testing/FileManager/location-mapping-test-file
D/ena.util.LocationMapper(  254): Mapping: file:test => file:testing/FileManager/location-mapping-test-file
D/l.jena.util.FileManager(  254): Add location: LocatorFile
D/l.jena.util.FileManager(  254): Add location: ClassLoaderLocator
D/ena.util.LocationMapper(  254): Mapping: file:etc/foo.n3 => file:DIR/foo.n3
D/ena.util.LocationMapper(  254): Prefix mapping: file:etc/ => file:ETC/
D/ena.util.LocationMapper(  254): Mapping: http://example.org/file => file:testing/FileManager/location-mapping-test-file
D/ena.util.LocationMapper(  254): Mapping: file:test => file:testing/FileManager/location-mapping-test-file
D/ena.util.LocationMapper(  254): Mapping: file:etc/foo.n3 => file:DIR/foo.n3
D/ena.util.LocationMapper(  254): Prefix mapping: file:etc/ => file:ETC/
D/ena.util.LocationMapper(  254): Mapping: http://example.org/file => file:testing/FileManager/location-mapping-test-file
D/ena.util.LocationMapper(  254): Mapping: file:test => file:testing/FileManager/location-mapping-test-file
D/l.jena.util.FileManager(  254): Add location: LocatorFile
D/l.jena.util.FileManager(  254): Add location: ClassLoaderLocator
D/ena.util.LocationMapper(  254): Mapping: file:etc/foo.n3 => file:DIR/foo.n3
D/ena.util.LocationMapper(  254): Prefix mapping: file:etc/ => file:ETC/
D/ena.util.LocationMapper(  254): Mapping: http://example.org/file => file:testing/FileManager/location-mapping-test-file
D/ena.util.LocationMapper(  254): Mapping: file:test => file:testing/FileManager/location-mapping-test-file
D/l.jena.util.FileManager(  254): Add location: LocatorFile
D/l.jena.util.FileManager(  254): Add location: ClassLoaderLocator
D/ena.util.LocationMapper(  254): Mapping: file:etc/foo.n3 => file:DIR/foo.n3
D/ena.util.LocationMapper(  254): Prefix mapping: file:etc/ => file:ETC/
D/ena.util.LocationMapper(  254): Mapping: http://example.org/file => file:testing/FileManager/location-mapping-test-file
D/ena.util.LocationMapper(  254): Mapping: file:test => file:testing/FileManager/location-mapping-test-file
D/l.jena.util.FileManager(  254): Add location: LocatorFile
D/l.jena.util.FileManager(  254): Add location: ClassLoaderLocator
D/ena.util.LocationMapper(  254): Mapping: file:etc/foo.n3 => file:DIR/foo.n3
D/ena.util.LocationMapper(  254): Prefix mapping: file:etc/ => file:ETC/
D/ena.util.LocationMapper(  254): Mapping: http://example.org/file => file:testing/FileManager/location-mapping-test-file
D/ena.util.LocationMapper(  254): Mapping: file:test => file:testing/FileManager/location-mapping-test-file
D/ena.util.LocationMapper(  254): Prefix mapping: file:etc/ => file:ETC/
D/ena.util.LocationMapper(  254): Mapping: http://example.org/file => file:testing/FileManager/location-mapping-test-file
D/ena.util.LocationMapper(  254): Mapping: file:test => file:testing/FileManager/location-mapping-test-file
D/ena.util.LocationMapper(  254): Mapping: file:etc/foo.n3 => file:DIR/foo.n3
D/l.jena.util.FileManager(  254): Add location: LocatorFile
D/l.jena.util.FileManager(  254): Add location: ClassLoaderLocator
D/ena.util.LocationMapper(  254): Mapping: file:etc/foo.n3 => file:DIR/foo.n3
D/ena.util.LocationMapper(  254): Prefix mapping: file:etc/ => file:ETC/
D/ena.util.LocationMapper(  254): Mapping: http://example.org/file => file:testing/FileManager/location-mapping-test-file
D/ena.util.LocationMapper(  254): Mapping: file:test => file:testing/FileManager/location-mapping-test-file
D/l.jena.util.FileManager(  254): Add location: LocatorFile
D/l.jena.util.FileManager(  254): Add location: ClassLoaderLocator
D/ena.util.LocationMapper(  254): Mapping: file:etc/foo.n3 => file:DIR/foo.n3
D/ena.util.LocationMapper(  254): Prefix mapping: file:etc/ => file:ETC/
D/ena.util.LocationMapper(  254): Mapping: http://example.org/file => file:testing/FileManager/location-mapping-test-file
D/ena.util.LocationMapper(  254): Mapping: file:test => file:testing/FileManager/location-mapping-test-file
D/ena.util.LocationMapper(  254): Prefix mapping: file:etc/ => file:ETC/
D/ena.util.LocationMapper(  254): Mapping: http://example.org/file => file:testing/FileManager/location-mapping-test-file
D/ena.util.LocationMapper(  254): Mapping: file:test => file:testing/FileManager/location-mapping-test-file
D/ena.util.LocationMapper(  254): Mapping: file:etc/foo.n3 => file:DIR/foo.n3
D/l.jena.util.FileManager(  254): Add location: LocatorFile
D/l.jena.util.FileManager(  254): Add location: ClassLoaderLocator
D/ena.util.LocationMapper(  254): Mapping: file:etc/foo.n3 => file:DIR/foo.n3
D/ena.util.LocationMapper(  254): Prefix mapping: file:etc/ => file:ETC/
D/ena.util.LocationMapper(  254): Mapping: http://example.org/file => file:testing/FileManager/location-mapping-test-file
D/ena.util.LocationMapper(  254): Mapping: file:test => file:testing/FileManager/location-mapping-test-file
D/l.jena.util.FileManager(  254): Add location: ClassLoaderLocator
D/l.jena.util.FileManager(  254): Add location: ClassLoaderLocator
D/l.jena.util.FileManager(  254): Add location: ClassLoaderLocator
D/l.jena.util.FileManager(  254): Add location: ClassLoaderLocator
D/l.jena.util.FileManager(  254): Add location: LocatorFile
D/l.jena.util.FileManager(  254): Add location: LocatorFile(/sdcard/tempdir)
D/l.jena.util.FileManager(  254): Add location: ClassLoaderLocator
D/l.jena.util.FileManager(  254): Add location: ClassLoaderLocator
I/AndroidLoggerFactory(  254): Logger name com.hp.hpl.jena.util.LocatorZip is too long, using pl.jena.util.LocatorZip instead
D/l.jena.util.FileManager(  254): Add location: LocatorZip(/sdcard/jenatest.zip)
D/l.jena.util.FileManager(  254): Add location: LocatorZip(/sdcard/jenatest.zip)
D/l.jena.util.FileManager(  254): Add location: LocatorFile
D/l.jena.util.FileManager(  254): Add location: LocatorFile
D/l.jena.util.FileManager(  254): Add location: ClassLoaderLocator
D/ena.util.LocationMapper(  254): Mapping: file:etc/foo.n3 => file:DIR/foo.n3
D/ena.util.LocationMapper(  254): Prefix mapping: file:etc/ => file:ETC/
D/ena.util.LocationMapper(  254): Mapping: http://example.org/file => file:testing/FileManager/location-mapping-test-file
D/ena.util.LocationMapper(  254): Mapping: file:test => file:testing/FileManager/location-mapping-test-file
D/l.jena.util.FileManager(  254): Add location: LocatorFile
E/JenaTests(  254): failure: testLocationMappingURLtoFileOpen(com.hp.hpl.jena.util.TestFileManager)
E/JenaTests(  254): junit.framework.AssertionFailedError
E/JenaTests(  254): 	at junit.framework.Assert.fail(Assert.java:47)
E/JenaTests(  254): 	at junit.framework.Assert.assertTrue(Assert.java:20)
E/JenaTests(  254): 	at junit.framework.Assert.assertNotNull(Assert.java:220)
E/JenaTests(  254): 	at junit.framework.Assert.assertNotNull(Assert.java:213)
E/JenaTests(  254): 	at com.hp.hpl.jena.util.TestFileManager.testLocationMappingURLtoFileOpen(TestFileManager.java:275)
E/JenaTests(  254): 	at java.lang.reflect.Method.invokeNative(Native Method)
E/JenaTests(  254): 	at java.lang.reflect.Method.invoke(Method.java:521)
E/JenaTests(  254): 	at junit.framework.TestCase.runTest(TestCase.java:154)
E/JenaTests(  254): 	at junit.framework.TestCase.runBare(TestCase.java:127)
E/JenaTests(  254): 	at junit.framework.TestResult$1.protect(TestResult.java:106)
E/JenaTests(  254): 	at junit.framework.TestResult.runProtected(TestResult.java:124)
E/JenaTests(  254): 	at junit.framework.TestResult.run(TestResult.java:109)
E/JenaTests(  254): 	at junit.framework.TestCase.run(TestCase.java:118)
E/JenaTests(  254): 	at junit.framework.TestSuite.runTest(TestSuite.java:208)
E/JenaTests(  254): 	at junit.framework.TestSuite.run(TestSuite.java:203)
E/JenaTests(  254): 	at junit.framework.TestSuite.runTest(TestSuite.java:208)
E/JenaTests(  254): 	at junit.framework.TestSuite.run(TestSuite.java:203)
E/JenaTests(  254): 	at junit.framework.TestSuite.runTest(TestSuite.java:208)
E/JenaTests(  254): 	at junit.framework.TestSuite.run(TestSuite.java:203)
E/JenaTests(  254): 	at junit.framework.TestSuite.runTest(TestSuite.java:208)
E/JenaTests(  254): 	at junit.framework.TestSuite.run(TestSuite.java:203)
E/JenaTests(  254): 	at it.polimi.dei.dbgroup.pedigree.androjena.test.AndrojenaTestActivity$TestRunnerThread.run(AndrojenaTestActivity.java:125)
E/JenaTests(  254): 	at java.lang.Thread.run(Thread.java:1096)
D/l.jena.util.FileManager(  254): Add location: LocatorFile
D/l.jena.util.FileManager(  254): Add location: ClassLoaderLocator
D/ena.util.LocationMapper(  254): Mapping: file:etc/foo.n3 => file:DIR/foo.n3
D/ena.util.LocationMapper(  254): Prefix mapping: file:etc/ => file:ETC/
D/ena.util.LocationMapper(  254): Mapping: http://example.org/file => file:testing/FileManager/location-mapping-test-file
D/ena.util.LocationMapper(  254): Mapping: file:test => file:testing/FileManager/location-mapping-test-file
D/l.jena.util.FileManager(  254): Add location: ClassLoaderLocator
I/AndroidLoggerFactory(  254): Logger name com.hp.hpl.jena.util.TestMonitors is too long, using .jena.util.TestMonitors instead
I/AndroidLoggerFactory(  254): Logger name com.hp.hpl.jena.regression.Regression is too long, using a.regression.Regression instead
D/dalvikvm(   59): threadid=17: bogus mon 1+0>0; adjusting
I/AndroidLoggerFactory(  254): Logger name com.hp.hpl.jena.regression.testNTripleReader is too long, using ssion.testNTripleReader instead
D/ena.util.LocationMapper(  254): Mapping: alpha => beta
D/ena.util.LocationMapper(  254): Mapping: alpha => beta
D/l.jena.util.FileManager(  254): Add location: LocatorFile
D/l.jena.util.FileManager(  254): Add location: LocatorURL
D/l.jena.util.FileManager(  254): Add location: ClassLoaderLocator
D/l.jena.util.FileManager(  254): Add location: LocatorFile
D/l.jena.util.FileManager(  254): Add location: LocatorURL
D/l.jena.util.FileManager(  254): Add location: ClassLoaderLocator
D/l.jena.util.FileManager(  254): Add location: LocatorFile
D/l.jena.util.FileManager(  254): Add location: LocatorURL
D/l.jena.util.FileManager(  254): Add location: ClassLoaderLocator
D/l.jena.util.FileManager(  254): Add location: LocatorFile
D/l.jena.util.FileManager(  254): Add location: LocatorURL
D/l.jena.util.FileManager(  254): Add location: ClassLoaderLocator
D/l.jena.util.FileManager(  254): Add location: LocatorFile
D/l.jena.util.FileManager(  254): Add location: LocatorURL
D/l.jena.util.FileManager(  254): Add location: ClassLoaderLocator
D/l.jena.util.FileManager(  254): Add location: LocatorFile
D/l.jena.util.FileManager(  254): Add location: LocatorURL
D/l.jena.util.FileManager(  254): Add location: ClassLoaderLocator
D/l.jena.util.FileManager(  254): Add location: LocatorFile
D/l.jena.util.FileManager(  254): Add location: LocatorURL
D/l.jena.util.FileManager(  254): Add location: ClassLoaderLocator
D/l.jena.util.FileManager(  254): Add location: LocatorFile
D/l.jena.util.FileManager(  254): Add location: LocatorURL
D/l.jena.util.FileManager(  254): Add location: ClassLoaderLocator
D/l.jena.util.FileManager(  254): Add location: LocatorFile
D/l.jena.util.FileManager(  254): Add location: LocatorURL
D/l.jena.util.FileManager(  254): Add location: ClassLoaderLocator
D/l.jena.util.FileManager(  254): Add location: LocatorFile
D/l.jena.util.FileManager(  254): Add location: LocatorURL
D/l.jena.util.FileManager(  254): Add location: ClassLoaderLocator
D/l.jena.util.FileManager(  254): Add location: LocatorFile
D/l.jena.util.FileManager(  254): Add location: LocatorURL
D/l.jena.util.FileManager(  254): Add location: ClassLoaderLocator
D/l.jena.util.FileManager(  254): Add location: LocatorFile
D/l.jena.util.FileManager(  254): Add location: LocatorURL
D/l.jena.util.FileManager(  254): Add location: ClassLoaderLocator
D/l.jena.util.FileManager(  254): Add location: LocatorFile
D/l.jena.util.FileManager(  254): Add location: LocatorURL
D/l.jena.util.FileManager(  254): Add location: ClassLoaderLocator
D/l.jena.util.FileManager(  254): Add location: LocatorFile
D/l.jena.util.FileManager(  254): Add location: LocatorURL
D/l.jena.util.FileManager(  254): Add location: ClassLoaderLocator
D/l.jena.util.FileManager(  254): Add location: LocatorFile
D/l.jena.util.FileManager(  254): Add location: LocatorURL
D/l.jena.util.FileManager(  254): Add location: ClassLoaderLocator
D/l.jena.util.FileManager(  254): Add location: LocatorFile
D/l.jena.util.FileManager(  254): Add location: LocatorURL
D/l.jena.util.FileManager(  254): Add location: ClassLoaderLocator
D/l.jena.util.FileManager(  254): Add location: LocatorFile
D/l.jena.util.FileManager(  254): Add location: LocatorURL
D/l.jena.util.FileManager(  254): Add location: ClassLoaderLocator
D/WGTestSuite$Test2.read(  254): reading file: http://www.w3.org/2000/10/rdf-tests/rdfcore/rdfms-rdf-names-use/test-024.nt
D/WGTestSuite$Test2.read(  254): reading file: http://www.w3.org/2000/10/rdf-tests/rdfcore/rdfms-rdf-names-use/test-024.rdf
D/TestHelper(  254): encoding not found
D/WGTestSuite$Test2.read(  254): reading file: http://www.w3.org/2000/10/rdf-tests/rdfcore/rdfms-rdf-names-use/test-025.nt
D/WGTestSuite$Test2.read(  254): reading file: http://www.w3.org/2000/10/rdf-tests/rdfcore/rdfms-rdf-names-use/test-025.rdf
D/TestHelper(  254): encoding not found
D/WGTestSuite$Test2.read(  254): reading file: http://www.w3.org/2000/10/rdf-tests/rdfcore/rdfms-empty-property-elements/test003.nt
D/WGTestSuite$Test2.read(  254): reading file: http://www.w3.org/2000/10/rdf-tests/rdfcore/rdfms-empty-property-elements/test003.rdf
D/TestHelper(  254): encoding not found
D/WGTestSuite$Test2.read(  254): reading file: http://www.w3.org/2000/10/rdf-tests/rdfcore/rdfms-empty-property-elements/test004.nt
D/WGTestSuite$Test2.read(  254): reading file: http://www.w3.org/2000/10/rdf-tests/rdfcore/rdfms-empty-property-elements/test004.rdf
D/TestHelper(  254): encoding not found
D/WGTestSuite$Test2.read(  254): reading file: http://www.w3.org/2000/10/rdf-tests/rdfcore/rdfms-rdf-names-use/error-019.rdf
D/TestHelper(  254): encoding not found
D/WGTestSuite$Test2.read(  254): reading file: http://www.w3.org/2000/10/rdf-tests/rdfcore/rdfms-rdf-names-use/test-017.nt
D/WGTestSuite$Test2.read(  254): reading file: http://www.w3.org/2000/10/rdf-tests/rdfcore/rdfms-rdf-names-use/test-017.rdf
D/TestHelper(  254): encoding not found
D/WGTestSuite$Test2.read(  254): reading file: http://www.w3.org/2000/10/rdf-tests/rdfcore/rdfms-rdf-names-use/test-018.nt
D/WGTestSuite$Test2.read(  254): reading file: http://www.w3.org/2000/10/rdf-tests/rdfcore/rdfms-rdf-names-use/test-018.rdf
D/TestHelper(  254): encoding not found
D/WGTestSuite$Test2.read(  254): reading file: http://www.w3.org/2000/10/rdf-tests/rdfcore/rdf-element-not-mandatory/test001.nt
D/WGTestSuite$Test2.read(  254): reading file: http://www.w3.org/2000/10/rdf-tests/rdfcore/rdf-element-not-mandatory/test001.rdf
D/TestHelper(  254): detected encoding utf-8 for XML stream
D/WGTestSuite$Test2.read(  254): reading file: http://www.w3.org/2000/10/rdf-tests/rdfcore/datatypes/test001.nt
D/WGTestSuite$Test2.read(  254): reading file: http://www.w3.org/2000/10/rdf-tests/rdfcore/datatypes/test001.rdf
D/TestHelper(  254): encoding not found
D/WGTestSuite$Test2.read(  254): reading file: http://www.w3.org/2000/10/rdf-tests/rdfcore/rdfms-xmllang/test005.nt
D/WGTestSuite$Test2.read(  254): reading file: http://www.w3.org/2000/10/rdf-tests/rdfcore/rdfms-xmllang/test005.rdf
D/TestHelper(  254): encoding not found
D/WGTestSuite$Test2.read(  254): reading file: http://www.w3.org/2000/10/rdf-tests/rdfcore/rdfms-xmllang/test006.nt
D/WGTestSuite$Test2.read(  254): reading file: http://www.w3.org/2000/10/rdf-tests/rdfcore/rdfms-xmllang/test006.rdf
D/TestHelper(  254): encoding not found
D/WGTestSuite$Test2.read(  254): reading file: http://www.w3.org/2000/10/rdf-tests/rdfcore/rdfms-rdf-names-use/error-001.rdf
D/TestHelper(  254): encoding not found
D/WGTestSuite$Test2.read(  254): reading file: http://www.w3.org/2000/10/rdf-tests/rdfcore/xmlbase/test011.nt
D/WGTestSuite$Test2.read(  254): reading file: http://www.w3.org/2000/10/rdf-tests/rdfcore/xmlbase/test011.rdf
D/TestHelper(  254): encoding not found
D/WGTestSuite$Test2.read(  254): reading file: http://www.w3.org/2000/10/rdf-tests/rdfcore/xmlbase/test010.nt
D/WGTestSuite$Test2.read(  254): reading file: http://www.w3.org/2000/10/rdf-tests/rdfcore/xmlbase/test010.rdf
D/TestHelper(  254): encoding not found
D/WGTestSuite$Test2.read(  254): reading file: http://www.w3.org/2000/10/rdf-tests/rdfcore/rdf-ns-prefix-confusion/test0013.nt
D/WGTestSuite$Test2.read(  254): reading file: http://www.w3.org/2000/10/rdf-tests/rdfcore/rdf-ns-prefix-confusion/test0013.rdf
D/TestHelper(  254): encoding not found
D/WGTestSuite$Test2.read(  254): reading file: http://www.w3.org/2000/10/rdf-tests/rdfcore/rdf-ns-prefix-confusion/test0012.nt
D/WGTestSuite$Test2.read(  254): reading file: http://www.w3.org/2000/10/rdf-tests/rdfcore/rdf-ns-prefix-confusion/test0012.rdf
D/TestHelper(  254): encoding not found
D/WGTestSuite$Test2.read(  254): reading file: http://www.w3.org/2000/10/rdf-tests/rdfcore/unrecognised-xml-attributes/test002.nt
D/WGTestSuite$Test2.read(  254): reading file: http://www.w3.org/2000/10/rdf-tests/rdfcore/unrecognised-xml-attributes/test002.rdf
D/TestHelper(  254): encoding not found
D/WGTestSuite$Test2.read(  254): reading file: http://www.w3.org/2000/10/rdf-tests/rdfcore/unrecognised-xml-attributes/test001.nt
D/WGTestSuite$Test2.read(  254): reading file: http://www.w3.org/2000/10/rdf-tests/rdfcore/unrecognised-xml-attributes/test001.rdf
D/TestHelper(  254): encoding not found
D/WGTestSuite$Test2.read(  254): reading file: http://www.w3.org/2000/10/rdf-tests/rdfcore/xmlbase/test002.nt
D/WGTestSuite$Test2.read(  254): reading file: http://www.w3.org/2000/10/rdf-tests/rdfcore/xmlbase/test002.rdf
D/TestHelper(  254): encoding not found
D/WGTestSuite$Test2.read(  254): reading file: http://www.w3.org/2000/10/rdf-tests/rdfcore/xmlbase/test001.nt
D/WGTestSuite$Test2.read(  254): reading file: http://www.w3.org/2000/10/rdf-tests/rdfcore/xmlbase/test001.rdf
D/TestHelper(  254): encoding not found
D/WGTestSuite$Test2.read(  254): reading file: http://www.w3.org/2000/10/rdf-tests/rdfcore/rdfs-domain-and-range/test002.nt
D/WGTestSuite$Test2.read(  254): reading file: http://www.w3.org/2000/10/rdf-tests/rdfcore/rdfs-domain-and-range/test002.rdf
D/TestHelper(  254): encoding not found
D/WGTestSuite$Test2.read(  254): reading file: http://www.w3.org/2000/10/rdf-tests/rdfcore/rdfs-domain-and-range/test001.nt
D/WGTestSuite$Test2.read(  254): reading file: http://www.w3.org/2000/10/rdf-tests/rdfcore/rdfs-domain-and-range/test001.rdf
D/TestHelper(  254): encoding not found
D/WGTestSuite$Test2.read(  254): reading file: http://www.w3.org/2000/10/rdf-tests/rdfcore/rdfms-xml-literal-namespaces/test001.nt
D/WGTestSuite$Test2.read(  254): reading file: http://www.w3.org/2000/10/rdf-tests/rdfcore/rdfms-xml-literal-namespaces/test001.rdf
D/TestHelper(  254): encoding not found
D/WGTestSuite$Test2.read(  254): reading file: http://www.w3.org/2000/10/rdf-tests/rdfcore/xmlbase/test009.nt
D/WGTestSuite$Test2.read(  254): reading file: http://www.w3.org/2000/10/rdf-tests/rdfcore/xmlbase/test009.rdf
D/TestHelper(  254): encoding not found
D/WGTestSuite$Test2.read(  254): reading file: http://www.w3.org/2000/10/rdf-tests/rdfcore/rdfms-rdf-names-use/error-004.rdf
D/TestHelper(  254): encoding not found
D/WGTestSuite$Test2.read(  254): reading file: http://www.w3.org/2000/10/rdf-tests/rdfcore/rdfms-rdf-names-use/error-005.rdf
D/TestHelper(  254): encoding not found
D/WGTestSuite$Test2.read(  254): reading file: http://www.w3.org/2000/10/rdf-tests/rdfcore/rdfms-rdf-names-use/test-028.nt
D/WGTestSuite$Test2.read(  254): reading file: http://www.w3.org/2000/10/rdf-tests/rdfcore/rdfms-rdf-names-use/test-028.rdf
D/TestHelper(  254): encoding not found
D/WGTestSuite$Test2.read(  254): reading file: http://www.w3.org/2000/10/rdf-tests/rdfcore/rdfms-rdf-names-use/test-029.nt
D/WGTestSuite$Test2.read(  254): reading file: http://www.w3.org/2000/10/rdf-tests/rdfcore/rdfms-rdf-names-use/test-029.rdf
D/TestHelper(  254): encoding not found
D/WGTestSuite$Test2.read(  254): reading file: http://www.w3.org/2000/10/rdf-tests/rdfcore/rdfms-empty-property-elements/test012.nt
D/WGTestSuite$Test2.read(  254): reading file: http://www.w3.org/2000/10/rdf-tests/rdfcore/rdfms-empty-property-elements/test012.rdf
D/TestHelper(  254): encoding not found
D/WGTestSuite$Test2.read(  254): reading file: http://www.w3.org/2000/10/rdf-tests/rdfcore/rdfms-empty-property-elements/test013.nt
D/WGTestSuite$Test2.read(  254): reading file: http://www.w3.org/2000/10/rdf-tests/rdfcore/rdfms-empty-property-elements/test013.rdf
D/TestHelper(  254): encoding not found
D/WGTestSuite$Test2.read(  254): reading file: http://www.w3.org/2000/10/rdf-tests/rdfcore/rdf-containers-syntax-vs-schema/test002.nt
D/WGTestSuite$Test2.read(  254): reading file: http://www.w3.org/2000/10/rdf-tests/rdfcore/rdf-containers-syntax-vs-schema/test002.rdf
D/TestHelper(  254): encoding not found
D/WGTestSuite$Test2.read(  254): reading file: http://www.w3.org/2000/10/rdf-tests/rdfcore/rdf-containers-syntax-vs-schema/test003.nt
D/WGTestSuite$Test2.read(  254): reading file: http://www.w3.org/2000/10/rdf-tests/rdfcore/rdf-containers-syntax-vs-schema/test003.rdf
D/TestHelper(  254): encoding not found
D/WGTestSuite$Test2.read(  254): reading file: http://www.w3.org/2000/10/rdf-tests/rdfcore/rdf-ns-prefix-confusion/test0006.nt
D/WGTestSuite$Test2.read(  254): reading file: http://www.w3.org/2000/10/rdf-tests/rdfcore/rdf-ns-prefix-confusion/test0006.rdf
D/TestHelper(  254): encoding not found
D/WGTestSuite$Test2.read(  254): reading file: http://www.w3.org/2000/10/rdf-tests/rdfcore/rdf-ns-prefix-confusion/test0005.nt
D/WGTestSuite$Test2.read(  254): reading file: http://www.w3.org/2000/10/rdf-tests/rdfcore/rdf-ns-prefix-confusion/test0005.rdf
D/TestHelper(  254): encoding not found
D/WGTestSuite$Test2.read(  254): reading file: http://www.w3.org/2000/10/rdf-tests/rdfcore/rdfms-reification-required/test001.nt
D/WGTestSuite$Test2.read(  254): reading file: http://www.w3.org/2000/10/rdf-tests/rdfcore/rdfms-reification-required/test001.rdf
D/TestHelper(  254): encoding not found
D/WGTestSuite$Test2.read(  254): reading file: http://www.w3.org/2000/10/rdf-tests/rdfcore/rdfms-rdf-names-use/test-021.nt
D/WGTestSuite$Test2.read(  254): reading file: http://www.w3.org/2000/10/rdf-tests/rdfcore/rdfms-rdf-names-use/test-021.rdf
D/TestHelper(  254): encoding not found
D/WGTestSuite$Test2.read(  254): reading file: http://www.w3.org/2000/10/rdf-tests/rdfcore/rdfms-rdf-names-use/test-020.nt
D/WGTestSuite$Test2.read(  254): reading file: http://www.w3.org/2000/10/rdf-tests/rdfcore/rdfms-rdf-names-use/test-020.rdf
D/TestHelper(  254): encoding not found
D/WGTestSuite$Test2.read(  254): reading file: http://www.w3.org/2000/10/rdf-tests/rdfcore/rdfms-empty-property-elements/test008.nt
D/WGTestSuite$Test2.read(  254): reading file: http://www.w3.org/2000/10/rdf-tests/rdfcore/rdfms-empty-property-elements/test008.rdf
D/TestHelper(  254): encoding not found
D/WGTestSuite$Test2.read(  254): reading file: http://www.w3.org/2000/10/rdf-tests/rdfcore/rdfms-empty-property-elements/test007.nt
D/WGTestSuite$Test2.read(  254): reading file: http://www.w3.org/2000/10/rdf-tests/rdfcore/rdfms-empty-property-elements/test007.rdf
D/TestHelper(  254): encoding not found
D/WGTestSuite$Test2.read(  254): reading file: http://www.w3.org/2000/10/rdf-tests/rdfcore/rdf-containers-syntax-vs-schema/test006.nt
D/WGTestSuite$Test2.read(  254): reading file: http://www.w3.org/2000/10/rdf-tests/rdfcore/rdf-containers-syntax-vs-schema/test006.rdf
D/TestHelper(  254): encoding not found
D/WGTestSuite$Test2.read(  254): reading file: http://www.w3.org/2000/10/rdf-tests/rdfcore/rdfms-rdf-names-use/error-016.rdf
D/TestHelper(  254): encoding not found
D/WGTestSuite$Test2.read(  254): reading file: http://www.w3.org/2000/10/rdf-tests/rdfcore/rdf-containers-syntax-vs-schema/test007.nt
D/WGTestSuite$Test2.read(  254): reading file: http://www.w3.org/2000/10/rdf-tests/rdfcore/rdf-containers-syntax-vs-schema/test007.rdf
D/TestHelper(  254): encoding not found
D/WGTestSuite$Test2.read(  254): reading file: http://www.w3.org/2000/10/rdf-tests/rdfcore/rdfms-rdf-names-use/error-015.rdf
D/TestHelper(  254): encoding not found
D/WGTestSuite$Test2.read(  254): reading file: http://www.w3.org/2000/10/rdf-tests/rdfcore/rdfms-syntax-incomplete/error005.rdf
D/TestHelper(  254): encoding not found
D/WGTestSuite$Test2.read(  254): reading file: http://www.w3.org/2000/10/rdf-tests/rdfcore/rdfms-syntax-incomplete/error004.rdf
D/TestHelper(  254): encoding not found
D/WGTestSuite$Test2.read(  254): reading file: http://www.w3.org/2000/10/rdf-tests/rdfcore/rdf-ns-prefix-confusion/test0003.nt
D/WGTestSuite$Test2.read(  254): reading file: http://www.w3.org/2000/10/rdf-tests/rdfcore/rdf-ns-prefix-confusion/test0003.rdf
D/TestHelper(  254): encoding not found
D/WGTestSuite$Test2.read(  254): reading file: http://www.w3.org/2000/10/rdf-tests/rdfcore/rdf-ns-prefix-confusion/test0004.nt
D/WGTestSuite$Test2.read(  254): reading file: http://www.w3.org/2000/10/rdf-tests/rdfcore/rdf-ns-prefix-confusion/test0004.rdf
D/TestHelper(  254): encoding not found
D/WGTestSuite$Test2.read(  254): reading file: http://www.w3.org/2000/10/rdf-tests/rdfcore/rdfms-identity-anon-resources/test005.nt
D/WGTestSuite$Test2.read(  254): reading file: http://www.w3.org/2000/10/rdf-tests/rdfcore/rdfms-identity-anon-resources/test005.rdf
D/TestHelper(  254): encoding not found
D/WGTestSuite$Test2.read(  254): reading file: http://www.w3.org/2000/10/rdf-tests/rdfcore/xmlbase/test014.nt
D/WGTestSuite$Test2.read(  254): reading file: http://www.w3.org/2000/10/rdf-tests/rdfcore/xmlbase/test014.rdf
D/TestHelper(  254): encoding not found
D/WGTestSuite$Test2.read(  254): reading file: http://www.w3.org/2000/10/rdf-tests/rdfcore/rdf-ns-prefix-confusion/test0009.nt
D/WGTestSuite$Test2.read(  254): reading file: http://www.w3.org/2000/10/rdf-tests/rdfcore/rdf-ns-prefix-confusion/test0009.rdf
D/TestHelper(  254): encoding not found
D/WGTestSuite$Test2.read(  254): reading file: http://www.w3.org/2000/10/rdf-tests/rdfcore/rdfms-rdf-id/error004.rdf
D/TestHelper(  254): encoding not found
D/WGTestSuite$Test2.read(  254): reading file: http://www.w3.org/2000/10/rdf-tests/rdfcore/rdfms-rdf-id/error005.rdf
D/TestHelper(  254): encoding not found
D/WGTestSuite$Test2.read(  254): reading file: http://www.w3.org/2000/10/rdf-tests/rdfcore/rdfms-rdf-id/error007.rdf
D/TestHelper(  254): encoding not found
D/WGTestSuite$Test2.read(  254): reading file: http://www.w3.org/2000/10/rdf-tests/rdfcore/rdfms-rdf-id/error006.rdf
D/TestHelper(  254): encoding not found
D/WGTestSuite$Test2.read(  254): reading file: http://www.w3.org/2000/10/rdf-tests/rdfcore/amp-in-url/test001.nt
D/WGTestSuite$Test2.read(  254): reading file: http://www.w3.org/2000/10/rdf-tests/rdfcore/amp-in-url/test001.rdf
D/TestHelper(  254): encoding not found
D/WGTestSuite$Test2.read(  254): reading file: http://www.w3.org/2000/10/rdf-tests/rdfcore/rdfms-syntax-incomplete/test001.nt
D/WGTestSuite$Test2.read(  254): reading file: http://www.w3.org/2000/10/rdf-tests/rdfcore/rdfms-syntax-incomplete/test001.rdf
D/TestHelper(  254): encoding not found
D/WGTestSuite$Test2.read(  254): reading file: http://www.w3.org/2000/10/rdf-tests/rdfcore/rdfms-abouteach/error002.rdf
D/TestHelper(  254): encoding not found
D/WGTestSuite$Test2.read(  254): reading file: http://www.w3.org/2000/10/rdf-tests/rdfcore/rdfms-rdf-id/error002.rdf
D/TestHelper(  254): encoding not found
D/WGTestSuite$Test2.read(  254): reading file: http://www.w3.org/2000/10/rdf-tests/rdfcore/rdf-containers-syntax-vs-schema/test004.nt
D/WGTestSuite$Test2.read(  254): reading file: http://www.w3.org/2000/10/rdf-tests/rdfcore/rdf-containers-syntax-vs-schema/test004.rdf
D/TestHelper(  254): encoding not found
D/WGTestSuite$Test2.read(  254): reading file: http://www.w3.org/2000/10/rdf-tests/rdfcore/rdfms-rdf-id/error003.rdf
D/TestHelper(  254): encoding not found
D/WGTestSuite$Test2.read(  254): reading file: http://www.w3.org/2000/10/rdf-tests/rdfcore/datatypes/test002.nt
D/WGTestSuite$Test2.read(  254): reading file: http://www.w3.org/2000/10/rdf-tests/rdfcore/datatypes/test002.rdf
D/TestHelper(  254): encoding not found
D/WGTestSuite$Test2.read(  254): reading file: http://www.w3.org/2000/10/rdf-tests/rdfcore/xmlbase/test004.nt
D/WGTestSuite$Test2.read(  254): reading file: http://www.w3.org/2000/10/rdf-tests/rdfcore/xmlbase/test004.rdf
D/TestHelper(  254): encoding not found
D/WGTestSuite$Test2.read(  254): reading file: http://www.w3.org/2000/10/rdf-tests/rdfcore/xmlbase/test003.nt
D/WGTestSuite$Test2.read(  254): reading file: http://www.w3.org/2000/10/rdf-tests/rdfcore/xmlbase/test003.rdf
D/TestHelper(  254): encoding not found
D/WGTestSuite$Test2.read(  254): reading file: http://www.w3.org/2000/10/rdf-tests/rdfcore/rdfms-difference-between-ID-and-about/error1.rdf
D/TestHelper(  254): encoding not found
D/WGTestSuite$Test2.read(  254): reading file: http://www.w3.org/2000/10/rdf-tests/rdfcore/rdfms-rdf-names-use/test-030.nt
D/WGTestSuite$Test2.read(  254): reading file: http://www.w3.org/2000/10/rdf-tests/rdfcore/rdfms-rdf-names-use/test-030.rdf
D/TestHelper(  254): encoding not found
D/WGTestSuite$Test2.read(  254): reading file: http://www.w3.org/2000/10/rdf-tests/rdfcore/rdfms-identity-anon-resources/test001.nt
D/WGTestSuite$Test2.read(  254): reading file: http://www.w3.org/2000/10/rdf-tests/rdfcore/rdfms-identity-anon-resources/test001.rdf
D/TestHelper(  254): encoding not found
D/WGTestSuite$Test2.read(  254): reading file: http://www.w3.org/2000/10/rdf-tests/rdfcore/rdfms-identity-anon-resources/test002.nt
D/WGTestSuite$Test2.read(  254): reading file: http://www.w3.org/2000/10/rdf-tests/rdfcore/rdfms-identity-anon-resources/test002.rdf
D/TestHelper(  254): encoding not found
D/WGTestSuite$Test2.read(  254): reading file: http://www.w3.org/2000/10/rdf-tests/rdfcore/rdfms-syntax-incomplete/test004.nt
D/WGTestSuite$Test2.read(  254): reading file: http://www.w3.org/2000/10/rdf-tests/rdfcore/rdfms-syntax-incomplete/test004.rdf
D/TestHelper(  254): encoding not found
D/WGTestSuite$Test2.read(  254): reading file: http://www.w3.org/2000/10/rdf-tests/rdfcore/rdfms-rdf-names-use/warn-001.nt
D/WGTestSuite$Test2.read(  254): reading file: http://www.w3.org/2000/10/rdf-tests/rdfcore/rdfms-rdf-names-use/warn-001.rdf
D/TestHelper(  254): encoding not found
D/WGTestSuite$Test2.read(  254): reading file: http://www.w3.org/2000/10/rdf-tests/rdfcore/xml-canon/test001.nt
D/WGTestSuite$Test2.read(  254): reading file: http://www.w3.org/2000/10/rdf-tests/rdfcore/xml-canon/test001.rdf
D/TestHelper(  254): encoding not found
D/WGTestSuite$Test2.read(  254): reading file: http://www.w3.org/2000/10/rdf-tests/rdfcore/rdfms-abouteach/error001.rdf
D/TestHelper(  254): encoding not found
D/WGTestSuite$Test2.read(  254): reading file: http://www.w3.org/2000/10/rdf-tests/rdfcore/rdfms-not-id-and-resource-attr/test001.nt
D/WGTestSuite$Test2.read(  254): reading file: http://www.w3.org/2000/10/rdf-tests/rdfcore/rdfms-not-id-and-resource-attr/test001.rdf
D/TestHelper(  254): encoding not found
D/WGTestSuite$Test2.read(  254): reading file: http://www.w3.org/2000/10/rdf-tests/rdfcore/rdfms-para196/test001.nt
D/WGTestSuite$Test2.read(  254): reading file: http://www.w3.org/2000/10/rdf-tests/rdfcore/rdfms-para196/test001.rdf
D/TestHelper(  254): encoding not found
D/WGTestSuite$Test2.read(  254): reading file: http://www.w3.org/2000/10/rdf-tests/rdfcore/rdfms-rdf-names-use/test-006.nt
D/WGTestSuite$Test2.read(  254): reading file: http://www.w3.org/2000/10/rdf-tests/rdfcore/rdfms-rdf-names-use/test-006.rdf
D/TestHelper(  254): encoding not found
D/WGTestSuite$Test2.read(  254): reading file: http://www.w3.org/2000/10/rdf-tests/rdfcore/rdfms-rdf-names-use/test-007.nt
D/WGTestSuite$Test2.read(  254): reading file: http://www.w3.org/2000/10/rdf-tests/rdfcore/rdfms-rdf-names-use/test-007.rdf
D/TestHelper(  254): encoding not found
D/WGTestSuite$Test2.read(  254): reading file: http://www.w3.org/2000/10/rdf-tests/rdfcore/rdf-containers-syntax-vs-schema/error002.rdf
D/TestHelper(  254): encoding not found
D/WGTestSuite$Test2.read(  254): reading file: http://www.w3.org/2000/10/rdf-tests/rdfcore/rdfms-not-id-and-resource-attr/test005.nt
D/WGTestSuite$Test2.read(  254): reading file: http://www.w3.org/2000/10/rdf-tests/rdfcore/rdfms-not-id-and-resource-attr/test005.rdf
D/TestHelper(  254): encoding not found
D/WGTestSuite$Test2.read(  254): reading file: http://www.w3.org/2000/10/rdf-tests/rdfcore/rdfms-not-id-and-resource-attr/test004.nt
D/WGTestSuite$Test2.read(  254): reading file: http://www.w3.org/2000/10/rdf-tests/rdfcore/rdfms-not-id-and-resource-attr/test004.rdf
D/TestHelper(  254): encoding not found
D/WGTestSuite$Test2.read(  254): reading file: http://www.w3.org/2000/10/rdf-tests/rdfcore/rdf-charmod-uris/test001.nt
D/WGTestSuite$Test2.read(  254): reading file: http://www.w3.org/2000/10/rdf-tests/rdfcore/rdf-charmod-uris/test001.rdf
D/TestHelper(  254): detected encoding utf-8 for XML stream
D/WGTestSuite$Test2.read(  254): reading file: http://www.w3.org/2000/10/rdf-tests/rdfcore/rdfms-rdf-names-use/test-002.nt
D/WGTestSuite$Test2.read(  254): reading file: http://www.w3.org/2000/10/rdf-tests/rdfcore/rdfms-rdf-names-use/test-002.rdf
D/TestHelper(  254): encoding not found
D/WGTestSuite$Test2.read(  254): reading file: http://www.w3.org/2000/10/rdf-tests/rdfcore/rdfms-duplicate-member-props/test001.nt
D/WGTestSuite$Test2.read(  254): reading file: http://www.w3.org/2000/10/rdf-tests/rdfcore/rdfms-duplicate-member-props/test001.rdf
D/TestHelper(  254): encoding not found
D/WGTestSuite$Test2.read(  254): reading file: http://www.w3.org/2000/10/rdf-tests/rdfcore/rdfms-rdf-names-use/test-003.nt
D/WGTestSuite$Test2.read(  254): reading file: http://www.w3.org/2000/10/rdf-tests/rdfcore/rdfms-rdf-names-use/test-003.rdf
D/TestHelper(  254): encoding not found
D/WGTestSuite$Test2.read(  254): reading file: http://www.w3.org/2000/10/rdf-tests/rdfcore/rdfms-seq-representation/test001.nt
D/WGTestSuite$Test2.read(  254): reading file: http://www.w3.org/2000/10/rdf-tests/rdfcore/rdfms-seq-representation/test001.rdf
D/TestHelper(  254): encoding not found
D/WGTestSuite$Test2.read(  254): reading file: http://www.w3.org/2000/10/rdf-tests/rdfcore/rdf-containers-syntax-vs-schema/test001.nt
D/WGTestSuite$Test2.read(  254): reading file: http://www.w3.org/2000/10/rdf-tests/rdfcore/rdf-containers-syntax-vs-schema/test001.rdf
D/TestHelper(  254): encoding not found
D/WGTestSuite$Test2.read(  254): reading file: http://www.w3.org/2000/10/rdf-tests/rdfcore/rdfms-rdf-names-use/error-020.rdf
D/TestHelper(  254): encoding not found
