D/TestHelper( 9118): testing/regression/testModelEquals/7-2.nt sanitized to testing/regression/testModelEquals/7-2.nt
I/global  ( 9118): Default buffer size used in BufferedReader constructor. It would be better to be explicit if an 8k-char buffer is required.
D/TestHelper( 9118): testing/regression/testModelEquals/8-1.nt sanitized to testing/regression/testModelEquals/8-1.nt
I/global  ( 9118): Default buffer size used in BufferedReader constructor. It would be better to be explicit if an 8k-char buffer is required.
D/TestHelper( 9118): testing/regression/testModelEquals/8-2.nt sanitized to testing/regression/testModelEquals/8-2.nt
I/global  ( 9118): Default buffer size used in BufferedReader constructor. It would be better to be explicit if an 8k-char buffer is required.
I/JenaTests( 9118): finished: testIsomorphismFile(com.hp.hpl.jena.graph.test.MetaTestGraph)
I/JenaTests( 9118): started: testListObjectNoDuplicates(com.hp.hpl.jena.graph.test.MetaTestGraph)
I/JenaTests( 9118): finished: testListObjectNoDuplicates(com.hp.hpl.jena.graph.test.MetaTestGraph)
I/JenaTests( 9118): started: testListObjects(com.hp.hpl.jena.graph.test.MetaTestGraph)
I/JenaTests( 9118): finished: testListObjects(com.hp.hpl.jena.graph.test.MetaTestGraph)
I/JenaTests( 9118): started: testListObjectsNoRemove(com.hp.hpl.jena.graph.test.MetaTestGraph)
I/JenaTests( 9118): finished: testListObjectsNoRemove(com.hp.hpl.jena.graph.test.MetaTestGraph)
I/JenaTests( 9118): started: testListPredicates(com.hp.hpl.jena.graph.test.MetaTestGraph)
I/JenaTests( 9118): finished: testListPredicates(com.hp.hpl.jena.graph.test.MetaTestGraph)
I/JenaTests( 9118): started: testListPredicatesNoRemove(com.hp.hpl.jena.graph.test.MetaTestGraph)
I/JenaTests( 9118): finished: testListPredicatesNoRemove(com.hp.hpl.jena.graph.test.MetaTestGraph)
I/JenaTests( 9118): started: testListSubjects(com.hp.hpl.jena.graph.test.MetaTestGraph)
I/JenaTests( 9118): finished: testListSubjects(com.hp.hpl.jena.graph.test.MetaTestGraph)
I/JenaTests( 9118): started: testListSubjectsNoRemove(com.hp.hpl.jena.graph.test.MetaTestGraph)
I/JenaTests( 9118): finished: testListSubjectsNoRemove(com.hp.hpl.jena.graph.test.MetaTestGraph)
I/JenaTests( 9118): started: testMatchBothLanguagedLiteralsCaseInsensitive(com.hp.hpl.jena.graph.test.MetaTestGraph)
I/JenaTests( 9118): finished: testMatchBothLanguagedLiteralsCaseInsensitive(com.hp.hpl.jena.graph.test.MetaTestGraph)
I/JenaTests( 9118): started: testMatchLanguagedLiteralCaseInsensitive(com.hp.hpl.jena.graph.test.MetaTestGraph)
I/JenaTests( 9118): finished: testMatchLanguagedLiteralCaseInsensitive(com.hp.hpl.jena.graph.test.MetaTestGraph)
I/JenaTests( 9118): started: testNoMatchAgainstUnlanguagesLiteral(com.hp.hpl.jena.graph.test.MetaTestGraph)
I/JenaTests( 9118): finished: testNoMatchAgainstUnlanguagesLiteral(com.hp.hpl.jena.graph.test.MetaTestGraph)
I/JenaTests( 9118): started: testObjectsFor(com.hp.hpl.jena.graph.test.MetaTestGraph)
I/JenaTests( 9118): finished: testObjectsFor(com.hp.hpl.jena.graph.test.MetaTestGraph)
I/JenaTests( 9118): started: testPredicatesFor(com.hp.hpl.jena.graph.test.MetaTestGraph)
I/JenaTests( 9118): finished: testPredicatesFor(com.hp.hpl.jena.graph.test.MetaTestGraph)
I/JenaTests( 9118): started: testRegisterTwice(com.hp.hpl.jena.graph.test.MetaTestGraph)
I/JenaTests( 9118): finished: testRegisterTwice(com.hp.hpl.jena.graph.test.MetaTestGraph)
I/JenaTests( 9118): started: testRemove(com.hp.hpl.jena.graph.test.MetaTestGraph)
I/JenaTests( 9118): finished: testRemove(com.hp.hpl.jena.graph.test.MetaTestGraph)
I/JenaTests( 9118): started: testRemoveAll(com.hp.hpl.jena.graph.test.MetaTestGraph)
I/JenaTests( 9118): finished: testRemoveAll(com.hp.hpl.jena.graph.test.MetaTestGraph)
I/JenaTests( 9118): started: testRemoveAllEvent(com.hp.hpl.jena.graph.test.MetaTestGraph)
I/JenaTests( 9118): finished: testRemoveAllEvent(com.hp.hpl.jena.graph.test.MetaTestGraph)
I/JenaTests( 9118): started: testRemoveSPO(com.hp.hpl.jena.graph.test.MetaTestGraph)
I/JenaTests( 9118): finished: testRemoveSPO(com.hp.hpl.jena.graph.test.MetaTestGraph)
I/JenaTests( 9118): started: testRemoveSomeEvent(com.hp.hpl.jena.graph.test.MetaTestGraph)
I/JenaTests( 9118): finished: testRemoveSomeEvent(com.hp.hpl.jena.graph.test.MetaTestGraph)
I/JenaTests( 9118): started: testRepeatedSubjectDoesNotConceal(com.hp.hpl.jena.graph.test.MetaTestGraph)
I/JenaTests( 9118): finished: testRepeatedSubjectDoesNotConceal(com.hp.hpl.jena.graph.test.MetaTestGraph)
I/JenaTests( 9118): started: testSubjectsFor(com.hp.hpl.jena.graph.test.MetaTestGraph)
I/JenaTests( 9118): finished: testSubjectsFor(com.hp.hpl.jena.graph.test.MetaTestGraph)
I/JenaTests( 9118): started: testTwoListeners(com.hp.hpl.jena.graph.test.MetaTestGraph)
I/JenaTests( 9118): finished: testTwoListeners(com.hp.hpl.jena.graph.test.MetaTestGraph)
I/JenaTests( 9118): started: testUnregisterOnce(com.hp.hpl.jena.graph.test.MetaTestGraph)
I/JenaTests( 9118): finished: testUnregisterOnce(com.hp.hpl.jena.graph.test.MetaTestGraph)
I/JenaTests( 9118): started: testUnregisterWorks(com.hp.hpl.jena.graph.test.MetaTestGraph)
I/JenaTests( 9118): finished: testUnregisterWorks(com.hp.hpl.jena.graph.test.MetaTestGraph)
I/JenaTests( 9118): started: testToSilenceJunitComplaintsAboutNoTestMethods(com.hp.hpl.jena.graph.test.MetaTestGraph)
I/JenaTests( 9118): finished: testToSilenceJunitComplaintsAboutNoTestMethods(com.hp.hpl.jena.graph.test.MetaTestGraph)
I/JenaTests( 9118): started: testExtendedConstructorExists(com.hp.hpl.jena.graph.test.TestReifier)
I/JenaTests( 9118): finished: testExtendedConstructorExists(com.hp.hpl.jena.graph.test.TestReifier)
I/JenaTests( 9118): started: testAllNodes(com.hp.hpl.jena.graph.test.TestReifier)
I/JenaTests( 9118): finished: testAllNodes(com.hp.hpl.jena.graph.test.TestReifier)
I/JenaTests( 9118): started: testBulkClearReificationTriples(com.hp.hpl.jena.graph.test.TestReifier)
I/JenaTests( 9118): finished: testBulkClearReificationTriples(com.hp.hpl.jena.graph.test.TestReifier)
I/JenaTests( 9118): started: testBulkClearReificationTriples2(com.hp.hpl.jena.graph.test.TestReifier)
I/JenaTests( 9118): finished: testBulkClearReificationTriples2(com.hp.hpl.jena.graph.test.TestReifier)
I/JenaTests( 9118): started: testDynamicHiddenTriples(com.hp.hpl.jena.graph.test.TestReifier)
I/JenaTests( 9118): finished: testDynamicHiddenTriples(com.hp.hpl.jena.graph.test.TestReifier)
I/JenaTests( 9118): started: testEmpty(com.hp.hpl.jena.graph.test.TestReifier)
I/JenaTests( 9118): finished: testEmpty(com.hp.hpl.jena.graph.test.TestReifier)
I/JenaTests( 9118): started: testEmptyReifiers(com.hp.hpl.jena.graph.test.TestReifier)
I/JenaTests( 9118): finished: testEmptyReifiers(com.hp.hpl.jena.graph.test.TestReifier)
I/JenaTests( 9118): started: testException(com.hp.hpl.jena.graph.test.TestReifier)
I/JenaTests( 9118): finished: testException(com.hp.hpl.jena.graph.test.TestReifier)
I/JenaTests( 9118): started: testGetGraphNotNull(com.hp.hpl.jena.graph.test.TestReifier)
I/JenaTests( 9118): finished: testGetGraphNotNull(com.hp.hpl.jena.graph.test.TestReifier)
I/JenaTests( 9118): started: testGotGraphReifierNotNull(com.hp.hpl.jena.graph.test.TestReifier)
I/JenaTests( 9118): finished: testGotGraphReifierNotNull(com.hp.hpl.jena.graph.test.TestReifier)
I/JenaTests( 9118): started: testGotGraphReifierStyleNotNull(com.hp.hpl.jena.graph.test.TestReifier)
I/JenaTests( 9118): finished: testGotGraphReifierStyleNotNull(com.hp.hpl.jena.graph.test.TestReifier)
I/JenaTests( 9118): started: testHiddenVsReification(com.hp.hpl.jena.graph.test.TestReifier)
I/JenaTests( 9118): finished: testHiddenVsReification(com.hp.hpl.jena.graph.test.TestReifier)
I/JenaTests( 9118): started: testIntercept(com.hp.hpl.jena.graph.test.TestReifier)
I/JenaTests( 9118): finished: testIntercept(com.hp.hpl.jena.graph.test.TestReifier)
I/JenaTests( 9118): started: testKevinCaseA(com.hp.hpl.jena.graph.test.TestReifier)
I/JenaTests( 9118): finished: testKevinCaseA(com.hp.hpl.jena.graph.test.TestReifier)
I/JenaTests( 9118): started: testKevinCaseB(com.hp.hpl.jena.graph.test.TestReifier)
I/JenaTests( 9118): finished: testKevinCaseB(com.hp.hpl.jena.graph.test.TestReifier)
I/JenaTests( 9118): started: testManifestQuads(com.hp.hpl.jena.graph.test.TestReifier)
I/JenaTests( 9118): finished: testManifestQuads(com.hp.hpl.jena.graph.test.TestReifier)
I/JenaTests( 9118): started: testMinimalExplode(com.hp.hpl.jena.graph.test.TestReifier)
I/JenaTests( 9118): finished: testMinimalExplode(com.hp.hpl.jena.graph.test.TestReifier)
I/JenaTests( 9118): started: testOverspecificationSuppressesReification(com.hp.hpl.jena.graph.test.TestReifier)
I/JenaTests( 9118): finished: testOverspecificationSuppressesReification(com.hp.hpl.jena.graph.test.TestReifier)
I/JenaTests( 9118): started: testParent(com.hp.hpl.jena.graph.test.TestReifier)
I/JenaTests( 9118): finished: testParent(com.hp.hpl.jena.graph.test.TestReifier)
I/JenaTests( 9118): started: testQuadRemove(com.hp.hpl.jena.graph.test.TestReifier)
I/JenaTests( 9118): finished: testQuadRemove(com.hp.hpl.jena.graph.test.TestReifier)
I/JenaTests( 9118): started: testQuintetBug(com.hp.hpl.jena.graph.test.TestReifier)
I/JenaTests( 9118): finished: testQuintetBug(com.hp.hpl.jena.graph.test.TestReifier)
I/JenaTests( 9118): started: testReificationObjectClash(com.hp.hpl.jena.graph.test.TestReifier)
I/JenaTests( 9118): finished: testReificationObjectClash(com.hp.hpl.jena.graph.test.TestReifier)
I/JenaTests( 9118): started: testReificationPredicateClash(com.hp.hpl.jena.graph.test.TestReifier)
I/JenaTests( 9118): finished: testReificationPredicateClash(com.hp.hpl.jena.graph.test.TestReifier)
I/JenaTests( 9118): started: testReificationSubjectClash(com.hp.hpl.jena.graph.test.TestReifier)
I/JenaTests( 9118): finished: testReificationSubjectClash(com.hp.hpl.jena.graph.test.TestReifier)
I/JenaTests( 9118): started: testReificationTriples(com.hp.hpl.jena.graph.test.TestReifier)
I/JenaTests( 9118): finished: testReificationTriples(com.hp.hpl.jena.graph.test.TestReifier)
I/JenaTests( 9118): started: testReifierClosed(com.hp.hpl.jena.graph.test.TestReifier)
I/JenaTests( 9118): finished: testReifierClosed(com.hp.hpl.jena.graph.test.TestReifier)
I/JenaTests( 9118): started: testReifierEmptyFind(com.hp.hpl.jena.graph.test.TestReifier)
I/JenaTests( 9118): finished: testReifierEmptyFind(com.hp.hpl.jena.graph.test.TestReifier)
I/JenaTests( 9118): started: testReifierFindComplete(com.hp.hpl.jena.graph.test.TestReifier)
I/JenaTests( 9118): finished: testReifierFindComplete(com.hp.hpl.jena.graph.test.TestReifier)
I/JenaTests( 9118): started: testReifierFindFilter(com.hp.hpl.jena.graph.test.TestReifier)
I/JenaTests( 9118): finished: testReifierFindFilter(com.hp.hpl.jena.graph.test.TestReifier)
I/JenaTests( 9118): started: testReifierFindObject(com.hp.hpl.jena.graph.test.TestReifier)
I/JenaTests( 9118): finished: testReifierFindObject(com.hp.hpl.jena.graph.test.TestReifier)
I/JenaTests( 9118): started: testReifierFindPredicate(com.hp.hpl.jena.graph.test.TestReifier)
I/JenaTests( 9118): finished: testReifierFindPredicate(com.hp.hpl.jena.graph.test.TestReifier)
I/JenaTests( 9118): started: testReifierFindSubject(com.hp.hpl.jena.graph.test.TestReifier)
I/JenaTests( 9118): finished: testReifierFindSubject(com.hp.hpl.jena.graph.test.TestReifier)
I/JenaTests( 9118): started: testReifierSize(com.hp.hpl.jena.graph.test.TestReifier)
I/JenaTests( 9118): finished: testReifierSize(com.hp.hpl.jena.graph.test.TestReifier)
I/JenaTests( 9118): started: testReifyAs(com.hp.hpl.jena.graph.test.TestReifier)
I/JenaTests( 9118): finished: testReifyAs(com.hp.hpl.jena.graph.test.TestReifier)
I/JenaTests( 9118): started: testRemoveByNode(com.hp.hpl.jena.graph.test.TestReifier)
I/JenaTests( 9118): finished: testRemoveByNode(com.hp.hpl.jena.graph.test.TestReifier)
I/JenaTests( 9118): started: testRemoveFromNothing(com.hp.hpl.jena.graph.test.TestReifier)
I/JenaTests( 9118): finished: testRemoveFromNothing(com.hp.hpl.jena.graph.test.TestReifier)
I/JenaTests( 9118): started: testRetrieveTriplesByNode(com.hp.hpl.jena.graph.test.TestReifier)
I/JenaTests( 9118): finished: testRetrieveTriplesByNode(com.hp.hpl.jena.graph.test.TestReifier)
I/JenaTests( 9118): started: testRetrieveTriplesByTriple(com.hp.hpl.jena.graph.test.TestReifier)
I/JenaTests( 9118): finished: testRetrieveTriplesByTriple(com.hp.hpl.jena.graph.test.TestReifier)
I/JenaTests( 9118): started: testSameReifier(com.hp.hpl.jena.graph.test.TestReifier)
I/JenaTests( 9118): finished: testSameReifier(com.hp.hpl.jena.graph.test.TestReifier)
I/JenaTests( 9118): started: testStandard(com.hp.hpl.jena.graph.test.TestReifier)
I/JenaTests( 9118): finished: testStandard(com.hp.hpl.jena.graph.test.TestReifier)
I/JenaTests( 9118): started: testStandardExplode(com.hp.hpl.jena.graph.test.TestReifier)
I/JenaTests( 9118): finished: testStandardExplode(com.hp.hpl.jena.graph.test.TestReifier)
I/JenaTests( 9118): started: testStyle(com.hp.hpl.jena.graph.test.TestReifier)
I/JenaTests( 9118): finished: testStyle(com.hp.hpl.jena.graph.test.TestReifier)
I/JenaTests( 9118): started: testToSilenceJunitComplaintsAboutNoTestMethods(com.hp.hpl.jena.graph.test.TestReifier)
I/JenaTests( 9118): finished: testToSilenceJunitComplaintsAboutNoTestMethods(com.hp.hpl.jena.graph.test.TestReifier)
I/JenaTests( 9118): started: testExtendedConstructorExists(com.hp.hpl.jena.graph.test.TestReifier)
I/JenaTests( 9118): finished: testExtendedConstructorExists(com.hp.hpl.jena.graph.test.TestReifier)
I/JenaTests( 9118): started: testAllNodes(com.hp.hpl.jena.graph.test.TestReifier)
I/JenaTests( 9118): finished: testAllNodes(com.hp.hpl.jena.graph.test.TestReifier)
I/JenaTests( 9118): started: testBulkClearReificationTriples(com.hp.hpl.jena.graph.test.TestReifier)
I/JenaTests( 9118): finished: testBulkClearReificationTriples(com.hp.hpl.jena.graph.test.TestReifier)
I/JenaTests( 9118): started: testBulkClearReificationTriples2(com.hp.hpl.jena.graph.test.TestReifier)
I/JenaTests( 9118): finished: testBulkClearReificationTriples2(com.hp.hpl.jena.graph.test.TestReifier)
I/JenaTests( 9118): started: testDynamicHiddenTriples(com.hp.hpl.jena.graph.test.TestReifier)
I/JenaTests( 9118): finished: testDynamicHiddenTriples(com.hp.hpl.jena.graph.test.TestReifier)
I/JenaTests( 9118): started: testEmpty(com.hp.hpl.jena.graph.test.TestReifier)
I/JenaTests( 9118): finished: testEmpty(com.hp.hpl.jena.graph.test.TestReifier)
I/JenaTests( 9118): started: testEmptyReifiers(com.hp.hpl.jena.graph.test.TestReifier)
I/JenaTests( 9118): finished: testEmptyReifiers(com.hp.hpl.jena.graph.test.TestReifier)
I/JenaTests( 9118): started: testException(com.hp.hpl.jena.graph.test.TestReifier)
I/JenaTests( 9118): finished: testException(com.hp.hpl.jena.graph.test.TestReifier)
I/JenaTests( 9118): started: testGetGraphNotNull(com.hp.hpl.jena.graph.test.TestReifier)
I/JenaTests( 9118): finished: testGetGraphNotNull(com.hp.hpl.jena.graph.test.TestReifier)
I/JenaTests( 9118): started: testGotGraphReifierNotNull(com.hp.hpl.jena.graph.test.TestReifier)
I/JenaTests( 9118): finished: testGotGraphReifierNotNull(com.hp.hpl.jena.graph.test.TestReifier)
I/JenaTests( 9118): started: testGotGraphReifierStyleNotNull(com.hp.hpl.jena.graph.test.TestReifier)
I/JenaTests( 9118): finished: testGotGraphReifierStyleNotNull(com.hp.hpl.jena.graph.test.TestReifier)
I/JenaTests( 9118): started: testHiddenVsReification(com.hp.hpl.jena.graph.test.TestReifier)
I/JenaTests( 9118): finished: testHiddenVsReification(com.hp.hpl.jena.graph.test.TestReifier)
I/JenaTests( 9118): started: testIntercept(com.hp.hpl.jena.graph.test.TestReifier)
I/JenaTests( 9118): finished: testIntercept(com.hp.hpl.jena.graph.test.TestReifier)
I/JenaTests( 9118): started: testKevinCaseA(com.hp.hpl.jena.graph.test.TestReifier)
I/JenaTests( 9118): finished: testKevinCaseA(com.hp.hpl.jena.graph.test.TestReifier)
I/JenaTests( 9118): started: testKevinCaseB(com.hp.hpl.jena.graph.test.TestReifier)
I/JenaTests( 9118): finished: testKevinCaseB(com.hp.hpl.jena.graph.test.TestReifier)
I/JenaTests( 9118): started: testManifestQuads(com.hp.hpl.jena.graph.test.TestReifier)
I/JenaTests( 9118): finished: testManifestQuads(com.hp.hpl.jena.graph.test.TestReifier)
I/JenaTests( 9118): started: testMinimalExplode(com.hp.hpl.jena.graph.test.TestReifier)
I/JenaTests( 9118): finished: testMinimalExplode(com.hp.hpl.jena.graph.test.TestReifier)
I/JenaTests( 9118): started: testOverspecificationSuppressesReification(com.hp.hpl.jena.graph.test.TestReifier)
I/JenaTests( 9118): finished: testOverspecificationSuppressesReification(com.hp.hpl.jena.graph.test.TestReifier)
I/JenaTests( 9118): started: testParent(com.hp.hpl.jena.graph.test.TestReifier)
I/JenaTests( 9118): finished: testParent(com.hp.hpl.jena.graph.test.TestReifier)
I/JenaTests( 9118): started: testQuadRemove(com.hp.hpl.jena.graph.test.TestReifier)
I/JenaTests( 9118): finished: testQuadRemove(com.hp.hpl.jena.graph.test.TestReifier)
I/JenaTests( 9118): started: testQuintetBug(com.hp.hpl.jena.graph.test.TestReifier)
I/JenaTests( 9118): finished: testQuintetBug(com.hp.hpl.jena.graph.test.TestReifier)
I/JenaTests( 9118): started: testReificationObjectClash(com.hp.hpl.jena.graph.test.TestReifier)
I/JenaTests( 9118): finished: testReificationObjectClash(com.hp.hpl.jena.graph.test.TestReifier)
I/JenaTests( 9118): started: testReificationPredicateClash(com.hp.hpl.jena.graph.test.TestReifier)
I/JenaTests( 9118): finished: testReificationPredicateClash(com.hp.hpl.jena.graph.test.TestReifier)
I/JenaTests( 9118): started: testReificationSubjectClash(com.hp.hpl.jena.graph.test.TestReifier)
I/JenaTests( 9118): finished: testReificationSubjectClash(com.hp.hpl.jena.graph.test.TestReifier)
I/JenaTests( 9118): started: testReificationTriples(com.hp.hpl.jena.graph.test.TestReifier)
I/JenaTests( 9118): finished: testReificationTriples(com.hp.hpl.jena.graph.test.TestReifier)
I/JenaTests( 9118): started: testReifierClosed(com.hp.hpl.jena.graph.test.TestReifier)
I/JenaTests( 9118): finished: testReifierClosed(com.hp.hpl.jena.graph.test.TestReifier)
I/JenaTests( 9118): started: testReifierEmptyFind(com.hp.hpl.jena.graph.test.TestReifier)
I/JenaTests( 9118): finished: testReifierEmptyFind(com.hp.hpl.jena.graph.test.TestReifier)
I/JenaTests( 9118): started: testReifierFindComplete(com.hp.hpl.jena.graph.test.TestReifier)
I/JenaTests( 9118): finished: testReifierFindComplete(com.hp.hpl.jena.graph.test.TestReifier)
I/JenaTests( 9118): started: testReifierFindFilter(com.hp.hpl.jena.graph.test.TestReifier)
I/JenaTests( 9118): finished: testReifierFindFilter(com.hp.hpl.jena.graph.test.TestReifier)
I/JenaTests( 9118): started: testReifierFindObject(com.hp.hpl.jena.graph.test.TestReifier)
I/JenaTests( 9118): finished: testReifierFindObject(com.hp.hpl.jena.graph.test.TestReifier)
I/JenaTests( 9118): started: testReifierFindPredicate(com.hp.hpl.jena.graph.test.TestReifier)
I/JenaTests( 9118): finished: testReifierFindPredicate(com.hp.hpl.jena.graph.test.TestReifier)
I/JenaTests( 9118): started: testReifierFindSubject(com.hp.hpl.jena.graph.test.TestReifier)
I/JenaTests( 9118): finished: testReifierFindSubject(com.hp.hpl.jena.graph.test.TestReifier)
I/JenaTests( 9118): started: testReifierSize(com.hp.hpl.jena.graph.test.TestReifier)
I/JenaTests( 9118): finished: testReifierSize(com.hp.hpl.jena.graph.test.TestReifier)
I/JenaTests( 9118): started: testReifyAs(com.hp.hpl.jena.graph.test.TestReifier)
I/JenaTests( 9118): finished: testReifyAs(com.hp.hpl.jena.graph.test.TestReifier)
I/JenaTests( 9118): started: testRemoveByNode(com.hp.hpl.jena.graph.test.TestReifier)
I/JenaTests( 9118): finished: testRemoveByNode(com.hp.hpl.jena.graph.test.TestReifier)
I/JenaTests( 9118): started: testRemoveFromNothing(com.hp.hpl.jena.graph.test.TestReifier)
D/SurfaceFlinger(  107): createSurface for pid 9358 (480 x 800), clientID=0x0
I/JenaTests( 9118): finished: testRemoveFromNothing(com.hp.hpl.jena.graph.test.TestReifier)
I/JenaTests( 9118): started: testRetrieveTriplesByNode(com.hp.hpl.jena.graph.test.TestReifier)
I/JenaTests( 9118): finished: testRetrieveTriplesByNode(com.hp.hpl.jena.graph.test.TestReifier)
I/JenaTests( 9118): started: testRetrieveTriplesByTriple(com.hp.hpl.jena.graph.test.TestReifier)
I/JenaTests( 9118): finished: testRetrieveTriplesByTriple(com.hp.hpl.jena.graph.test.TestReifier)
I/JenaTests( 9118): started: testSameReifier(com.hp.hpl.jena.graph.test.TestReifier)
I/JenaTests( 9118): finished: testSameReifier(com.hp.hpl.jena.graph.test.TestReifier)
I/JenaTests( 9118): started: testStandard(com.hp.hpl.jena.graph.test.TestReifier)
I/JenaTests( 9118): finished: testStandard(com.hp.hpl.jena.graph.test.TestReifier)
I/JenaTests( 9118): started: testStandardExplode(com.hp.hpl.jena.graph.test.TestReifier)
I/JenaTests( 9118): finished: testStandardExplode(com.hp.hpl.jena.graph.test.TestReifier)
I/JenaTests( 9118): started: testStyle(com.hp.hpl.jena.graph.test.TestReifier)
I/JenaTests( 9118): finished: testStyle(com.hp.hpl.jena.graph.test.TestReifier)
I/JenaTests( 9118): started: testToSilenceJunitComplaintsAboutNoTestMethods(com.hp.hpl.jena.graph.test.TestReifier)
I/JenaTests( 9118): finished: testToSilenceJunitComplaintsAboutNoTestMethods(com.hp.hpl.jena.graph.test.TestReifier)
I/JenaTests( 9118): started: testExtendedConstructorExists(com.hp.hpl.jena.graph.test.TestReifier)
I/JenaTests( 9118): finished: testExtendedConstructorExists(com.hp.hpl.jena.graph.test.TestReifier)
I/JenaTests( 9118): started: testAllNodes(com.hp.hpl.jena.graph.test.TestReifier)
I/JenaTests( 9118): finished: testAllNodes(com.hp.hpl.jena.graph.test.TestReifier)
I/JenaTests( 9118): started: testBulkClearReificationTriples(com.hp.hpl.jena.graph.test.TestReifier)
I/JenaTests( 9118): finished: testBulkClearReificationTriples(com.hp.hpl.jena.graph.test.TestReifier)
I/JenaTests( 9118): started: testBulkClearReificationTriples2(com.hp.hpl.jena.graph.test.TestReifier)
I/JenaTests( 9118): finished: testBulkClearReificationTriples2(com.hp.hpl.jena.graph.test.TestReifier)
I/JenaTests( 9118): started: testDynamicHiddenTriples(com.hp.hpl.jena.graph.test.TestReifier)
I/JenaTests( 9118): finished: testDynamicHiddenTriples(com.hp.hpl.jena.graph.test.TestReifier)
I/JenaTests( 9118): started: testEmpty(com.hp.hpl.jena.graph.test.TestReifier)
I/JenaTests( 9118): finished: testEmpty(com.hp.hpl.jena.graph.test.TestReifier)
E/XT9IME  (  200): onFinishInput()...no input view
I/ActivityManager(  107): Process android.process.media (pid 8859) has died.
I/JenaTests( 9118): started: testEmptyReifiers(com.hp.hpl.jena.graph.test.TestReifier)
I/JenaTests( 9118): finished: testEmptyReifiers(com.hp.hpl.jena.graph.test.TestReifier)
I/JenaTests( 9118): started: testException(com.hp.hpl.jena.graph.test.TestReifier)
I/JenaTests( 9118): finished: testException(com.hp.hpl.jena.graph.test.TestReifier)
I/JenaTests( 9118): started: testGetGraphNotNull(com.hp.hpl.jena.graph.test.TestReifier)
I/JenaTests( 9118): finished: testGetGraphNotNull(com.hp.hpl.jena.graph.test.TestReifier)
I/JenaTests( 9118): started: testGotGraphReifierNotNull(com.hp.hpl.jena.graph.test.TestReifier)
I/JenaTests( 9118): finished: testGotGraphReifierNotNull(com.hp.hpl.jena.graph.test.TestReifier)
I/JenaTests( 9118): started: testGotGraphReifierStyleNotNull(com.hp.hpl.jena.graph.test.TestReifier)
I/JenaTests( 9118): finished: testGotGraphReifierStyleNotNull(com.hp.hpl.jena.graph.test.TestReifier)
I/JenaTests( 9118): started: testHiddenVsReification(com.hp.hpl.jena.graph.test.TestReifier)
I/JenaTests( 9118): finished: testHiddenVsReification(com.hp.hpl.jena.graph.test.TestReifier)
I/JenaTests( 9118): started: testIntercept(com.hp.hpl.jena.graph.test.TestReifier)
I/JenaTests( 9118): finished: testIntercept(com.hp.hpl.jena.graph.test.TestReifier)
I/JenaTests( 9118): started: testKevinCaseA(com.hp.hpl.jena.graph.test.TestReifier)
I/JenaTests( 9118): finished: testKevinCaseA(com.hp.hpl.jena.graph.test.TestReifier)
I/JenaTests( 9118): started: testKevinCaseB(com.hp.hpl.jena.graph.test.TestReifier)
I/JenaTests( 9118): finished: testKevinCaseB(com.hp.hpl.jena.graph.test.TestReifier)
I/JenaTests( 9118): started: testManifestQuads(com.hp.hpl.jena.graph.test.TestReifier)
I/JenaTests( 9118): finished: testManifestQuads(com.hp.hpl.jena.graph.test.TestReifier)
I/JenaTests( 9118): started: testMinimalExplode(com.hp.hpl.jena.graph.test.TestReifier)
I/JenaTests( 9118): finished: testMinimalExplode(com.hp.hpl.jena.graph.test.TestReifier)
I/JenaTests( 9118): started: testOverspecificationSuppressesReification(com.hp.hpl.jena.graph.test.TestReifier)
I/JenaTests( 9118): finished: testOverspecificationSuppressesReification(com.hp.hpl.jena.graph.test.TestReifier)
I/JenaTests( 9118): started: testParent(com.hp.hpl.jena.graph.test.TestReifier)
I/JenaTests( 9118): finished: testParent(com.hp.hpl.jena.graph.test.TestReifier)
I/JenaTests( 9118): started: testQuadRemove(com.hp.hpl.jena.graph.test.TestReifier)
I/JenaTests( 9118): finished: testQuadRemove(com.hp.hpl.jena.graph.test.TestReifier)
I/JenaTests( 9118): started: testQuintetBug(com.hp.hpl.jena.graph.test.TestReifier)
I/JenaTests( 9118): finished: testQuintetBug(com.hp.hpl.jena.graph.test.TestReifier)
I/JenaTests( 9118): started: testReificationObjectClash(com.hp.hpl.jena.graph.test.TestReifier)
I/JenaTests( 9118): finished: testReificationObjectClash(com.hp.hpl.jena.graph.test.TestReifier)
I/JenaTests( 9118): started: testReificationPredicateClash(com.hp.hpl.jena.graph.test.TestReifier)
I/JenaTests( 9118): finished: testReificationPredicateClash(com.hp.hpl.jena.graph.test.TestReifier)
I/JenaTests( 9118): started: testReificationSubjectClash(com.hp.hpl.jena.graph.test.TestReifier)
I/JenaTests( 9118): finished: testReificationSubjectClash(com.hp.hpl.jena.graph.test.TestReifier)
I/JenaTests( 9118): started: testReificationTriples(com.hp.hpl.jena.graph.test.TestReifier)
I/JenaTests( 9118): finished: testReificationTriples(com.hp.hpl.jena.graph.test.TestReifier)
I/JenaTests( 9118): started: testReifierClosed(com.hp.hpl.jena.graph.test.TestReifier)
I/JenaTests( 9118): finished: testReifierClosed(com.hp.hpl.jena.graph.test.TestReifier)
I/JenaTests( 9118): started: testReifierEmptyFind(com.hp.hpl.jena.graph.test.TestReifier)
I/JenaTests( 9118): finished: testReifierEmptyFind(com.hp.hpl.jena.graph.test.TestReifier)
I/JenaTests( 9118): started: testReifierFindComplete(com.hp.hpl.jena.graph.test.TestReifier)
I/JenaTests( 9118): finished: testReifierFindComplete(com.hp.hpl.jena.graph.test.TestReifier)
I/JenaTests( 9118): started: testReifierFindFilter(com.hp.hpl.jena.graph.test.TestReifier)
I/JenaTests( 9118): finished: testReifierFindFilter(com.hp.hpl.jena.graph.test.TestReifier)
I/JenaTests( 9118): started: testReifierFindObject(com.hp.hpl.jena.graph.test.TestReifier)
I/JenaTests( 9118): finished: testReifierFindObject(com.hp.hpl.jena.graph.test.TestReifier)
I/JenaTests( 9118): started: testReifierFindPredicate(com.hp.hpl.jena.graph.test.TestReifier)
I/JenaTests( 9118): finished: testReifierFindPredicate(com.hp.hpl.jena.graph.test.TestReifier)
I/JenaTests( 9118): started: testReifierFindSubject(com.hp.hpl.jena.graph.test.TestReifier)
I/JenaTests( 9118): finished: testReifierFindSubject(com.hp.hpl.jena.graph.test.TestReifier)
I/JenaTests( 9118): started: testReifierSize(com.hp.hpl.jena.graph.test.TestReifier)
I/JenaTests( 9118): finished: testReifierSize(com.hp.hpl.jena.graph.test.TestReifier)
I/JenaTests( 9118): started: testReifyAs(com.hp.hpl.jena.graph.test.TestReifier)
I/JenaTests( 9118): finished: testReifyAs(com.hp.hpl.jena.graph.test.TestReifier)
I/JenaTests( 9118): started: testRemoveByNode(com.hp.hpl.jena.graph.test.TestReifier)
I/JenaTests( 9118): finished: testRemoveByNode(com.hp.hpl.jena.graph.test.TestReifier)
I/JenaTests( 9118): started: testRemoveFromNothing(com.hp.hpl.jena.graph.test.TestReifier)
I/JenaTests( 9118): finished: testRemoveFromNothing(com.hp.hpl.jena.graph.test.TestReifier)
I/JenaTests( 9118): started: testRetrieveTriplesByNode(com.hp.hpl.jena.graph.test.TestReifier)
I/JenaTests( 9118): finished: testRetrieveTriplesByNode(com.hp.hpl.jena.graph.test.TestReifier)
I/JenaTests( 9118): started: testRetrieveTriplesByTriple(com.hp.hpl.jena.graph.test.TestReifier)
I/JenaTests( 9118): finished: testRetrieveTriplesByTriple(com.hp.hpl.jena.graph.test.TestReifier)
I/JenaTests( 9118): started: testSameReifier(com.hp.hpl.jena.graph.test.TestReifier)
I/JenaTests( 9118): finished: testSameReifier(com.hp.hpl.jena.graph.test.TestReifier)
I/JenaTests( 9118): started: testStandard(com.hp.hpl.jena.graph.test.TestReifier)
I/JenaTests( 9118): finished: testStandard(com.hp.hpl.jena.graph.test.TestReifier)
I/JenaTests( 9118): started: testStandardExplode(com.hp.hpl.jena.graph.test.TestReifier)
I/JenaTests( 9118): finished: testStandardExplode(com.hp.hpl.jena.graph.test.TestReifier)
I/JenaTests( 9118): started: testStyle(com.hp.hpl.jena.graph.test.TestReifier)
I/JenaTests( 9118): finished: testStyle(com.hp.hpl.jena.graph.test.TestReifier)
I/JenaTests( 9118): started: testToSilenceJunitComplaintsAboutNoTestMethods(com.hp.hpl.jena.graph.test.TestReifier)
I/JenaTests( 9118): finished: testToSilenceJunitComplaintsAboutNoTestMethods(com.hp.hpl.jena.graph.test.TestReifier)
I/JenaTests( 9118): started: testAnyName(com.hp.hpl.jena.graph.test.TestSimpleGraphMaker)
I/JenaTests( 9118): finished: testAnyName(com.hp.hpl.jena.graph.test.TestSimpleGraphMaker)
I/JenaTests( 9118): started: testCanCreateTwice(com.hp.hpl.jena.graph.test.TestSimpleGraphMaker)
I/JenaTests( 9118): finished: testCanCreateTwice(com.hp.hpl.jena.graph.test.TestSimpleGraphMaker)
I/JenaTests( 9118): started: testCanFindCreatedGraph(com.hp.hpl.jena.graph.test.TestSimpleGraphMaker)
I/JenaTests( 9118): finished: testCanFindCreatedGraph(com.hp.hpl.jena.graph.test.TestSimpleGraphMaker)
I/JenaTests( 9118): started: testCanOpenUncreated(com.hp.hpl.jena.graph.test.TestSimpleGraphMaker)
I/JenaTests( 9118): finished: testCanOpenUncreated(com.hp.hpl.jena.graph.test.TestSimpleGraphMaker)
I/JenaTests( 9118): started: testCanRemoveGraph(com.hp.hpl.jena.graph.test.TestSimpleGraphMaker)
I/JenaTests( 9118): finished: testCanRemoveGraph(com.hp.hpl.jena.graph.test.TestSimpleGraphMaker)
I/JenaTests( 9118): started: testCannotCreateTwice(com.hp.hpl.jena.graph.test.TestSimpleGraphMaker)
I/JenaTests( 9118): finished: testCannotCreateTwice(com.hp.hpl.jena.graph.test.TestSimpleGraphMaker)
I/JenaTests( 9118): started: testCannotOpenUncreated(com.hp.hpl.jena.graph.test.TestSimpleGraphMaker)
I/JenaTests( 9118): finished: testCannotOpenUncreated(com.hp.hpl.jena.graph.test.TestSimpleGraphMaker)
I/JenaTests( 9118): started: testCarefulClose(com.hp.hpl.jena.graph.test.TestSimpleGraphMaker)
I/JenaTests( 9118): finished: testCarefulClose(com.hp.hpl.jena.graph.test.TestSimpleGraphMaker)
I/JenaTests( 9118): started: testCreateGraph(com.hp.hpl.jena.graph.test.TestSimpleGraphMaker)
I/JenaTests( 9118): finished: testCreateGraph(com.hp.hpl.jena.graph.test.TestSimpleGraphMaker)
I/JenaTests( 9118): started: testGetGraph(com.hp.hpl.jena.graph.test.TestSimpleGraphMaker)
I/JenaTests( 9118): finished: testGetGraph(com.hp.hpl.jena.graph.test.TestSimpleGraphMaker)
I/JenaTests( 9118): started: testHasnt(com.hp.hpl.jena.graph.test.TestSimpleGraphMaker)
I/JenaTests( 9118): finished: testHasnt(com.hp.hpl.jena.graph.test.TestSimpleGraphMaker)
I/JenaTests( 9118): started: testListAfterDelete(com.hp.hpl.jena.graph.test.TestSimpleGraphMaker)
I/JenaTests( 9118): finished: testListAfterDelete(com.hp.hpl.jena.graph.test.TestSimpleGraphMaker)
I/JenaTests( 9118): started: testListNoGraphs(com.hp.hpl.jena.graph.test.TestSimpleGraphMaker)
I/JenaTests( 9118): finished: testListNoGraphs(com.hp.hpl.jena.graph.test.TestSimpleGraphMaker)
I/JenaTests( 9118): started: testListThreeGraphs(com.hp.hpl.jena.graph.test.TestSimpleGraphMaker)
I/JenaTests( 9118): finished: testListThreeGraphs(com.hp.hpl.jena.graph.test.TestSimpleGraphMaker)
I/JenaTests( 9118): started: testToSilenceJunitComplaintsAboutNoTestMethods(com.hp.hpl.jena.graph.test.TestSimpleGraphMaker)
I/JenaTests( 9118): finished: testToSilenceJunitComplaintsAboutNoTestMethods(com.hp.hpl.jena.graph.test.TestSimpleGraphMaker)
I/JenaTests( 9118): started: test1(com.hp.hpl.jena.graph.test.TestFileGraph)
W/ExpatReader( 9118): DTD handlers aren't supported.
W/pl.jena.rdf.arp.SAX2RDF( 9118): http://apache.org/xml/features/allow-java-encodings feature not supported by XMLReader
W/ExpatReader( 9118): DTD handlers aren't supported.
W/pl.jena.rdf.arp.SAX2RDF( 9118): http://apache.org/xml/features/allow-java-encodings feature not supported by XMLReader
I/JenaTests( 9118): finished: test1(com.hp.hpl.jena.graph.test.TestFileGraph)
I/JenaTests( 9118): started: test2(com.hp.hpl.jena.graph.test.TestFileGraph)
I/AndroidLoggerFactory( 9118): Logger name com.hp.hpl.jena.n3.N3JenaWriterCommon is too long, using a.n3.N3JenaWriterCommon instead
I/global  ( 9118): Default buffer size used in BufferedWriter constructor. It would be better to be explicit if an 8k-char buffer is required.
I/global  ( 9118): Default buffer size used in BufferedReader constructor. It would be better to be explicit if an 8k-char buffer is required.
I/global  ( 9118): Default buffer size used in BufferedWriter constructor. It would be better to be explicit if an 8k-char buffer is required.
I/JenaTests( 9118): finished: test2(com.hp.hpl.jena.graph.test.TestFileGraph)
I/JenaTests( 9118): started: test3(com.hp.hpl.jena.graph.test.TestFileGraph)
I/AndroidLoggerFactory( 9118): Logger name com.hp.hpl.jena.rdf.model.impl.NTripleWriter is too long, using odel.impl.NTripleWriter instead
I/global  ( 9118): Default buffer size used in BufferedReader constructor. It would be better to be explicit if an 8k-char buffer is required.
I/JenaTests( 9118): finished: test3(com.hp.hpl.jena.graph.test.TestFileGraph)
I/JenaTests( 9118): started: test4(com.hp.hpl.jena.graph.test.TestFileGraph)
W/ExpatReader( 9118): DTD handlers aren't supported.
W/pl.jena.rdf.arp.SAX2RDF( 9118): http://apache.org/xml/features/allow-java-encodings feature not supported by XMLReader
W/ExpatReader( 9118): DTD handlers aren't supported.
W/pl.jena.rdf.arp.SAX2RDF( 9118): http://apache.org/xml/features/allow-java-encodings feature not supported by XMLReader
I/JenaTests( 9118): finished: test4(com.hp.hpl.jena.graph.test.TestFileGraph)
I/JenaTests( 9118): started: test5(com.hp.hpl.jena.graph.test.TestFileGraph)
I/global  ( 9118): Default buffer size used in BufferedWriter constructor. It would be better to be explicit if an 8k-char buffer is required.
I/global  ( 9118): Default buffer size used in BufferedReader constructor. It would be better to be explicit if an 8k-char buffer is required.
I/global  ( 9118): Default buffer size used in BufferedWriter constructor. It would be better to be explicit if an 8k-char buffer is required.
I/JenaTests( 9118): finished: test5(com.hp.hpl.jena.graph.test.TestFileGraph)
I/JenaTests( 9118): started: test6(com.hp.hpl.jena.graph.test.TestFileGraph)
I/global  ( 9118): Default buffer size used in BufferedReader constructor. It would be better to be explicit if an 8k-char buffer is required.
D/SurfaceFlinger(  107): createSurface for pid 9358 (480 x 800), clientID=0x0
I/JenaTests( 9118): finished: test6(com.hp.hpl.jena.graph.test.TestFileGraph)
E/XT9IME  (  200): onFinishInput()...no input view
I/JenaTests( 9118): started: test7(com.hp.hpl.jena.graph.test.TestFileGraph)
W/ExpatReader( 9118): DTD handlers aren't supported.
W/pl.jena.rdf.arp.SAX2RDF( 9118): http://apache.org/xml/features/allow-java-encodings feature not supported by XMLReader
W/ExpatReader( 9118): DTD handlers aren't supported.
W/pl.jena.rdf.arp.SAX2RDF( 9118): http://apache.org/xml/features/allow-java-encodings feature not supported by XMLReader
I/JenaTests( 9118): finished: test7(com.hp.hpl.jena.graph.test.TestFileGraph)
I/JenaTests( 9118): started: test8(com.hp.hpl.jena.graph.test.TestFileGraph)
I/global  ( 9118): Default buffer size used in BufferedReader constructor. It would be better to be explicit if an 8k-char buffer is required.
I/JenaTests( 9118): finished: test8(com.hp.hpl.jena.graph.test.TestFileGraph)
I/JenaTests( 9118): started: test9(com.hp.hpl.jena.graph.test.TestFileGraph)
I/global  ( 9118): Default buffer size used in BufferedWriter constructor. It would be better to be explicit if an 8k-char buffer is required.
I/global  ( 9118): Default buffer size used in BufferedReader constructor. It would be better to be explicit if an 8k-char buffer is required.
I/global  ( 9118): Default buffer size used in BufferedWriter constructor. It would be better to be explicit if an 8k-char buffer is required.
I/JenaTests( 9118): finished: test9(com.hp.hpl.jena.graph.test.TestFileGraph)
I/JenaTests( 9118): started: testClosingNotifys(com.hp.hpl.jena.graph.test.TestFileGraph)
I/JenaTests( 9118): finished: testClosingNotifys(com.hp.hpl.jena.graph.test.TestFileGraph)
I/JenaTests( 9118): started: testImPlausibleGraphName(com.hp.hpl.jena.graph.test.TestFileGraph)
I/JenaTests( 9118): finished: testImPlausibleGraphName(com.hp.hpl.jena.graph.test.TestFileGraph)
I/JenaTests( 9118): started: testPlausibleGraphname(com.hp.hpl.jena.graph.test.TestFileGraph)
I/JenaTests( 9118): finished: testPlausibleGraphname(com.hp.hpl.jena.graph.test.TestFileGraph)
I/JenaTests( 9118): started: testTransactionAbort(com.hp.hpl.jena.graph.test.TestFileGraph)
I/global  ( 9118): Default buffer size used in BufferedWriter constructor. It would be better to be explicit if an 8k-char buffer is required.
I/global  ( 9118): Default buffer size used in BufferedReader constructor. It would be better to be explicit if an 8k-char buffer is required.
I/JenaTests( 9118): finished: testTransactionAbort(com.hp.hpl.jena.graph.test.TestFileGraph)
I/JenaTests( 9118): started: testTransactionCommit(com.hp.hpl.jena.graph.test.TestFileGraph)
I/global  ( 9118): Default buffer size used in BufferedReader constructor. It would be better to be explicit if an 8k-char buffer is required.
I/JenaTests( 9118): finished: testTransactionCommit(com.hp.hpl.jena.graph.test.TestFileGraph)
I/JenaTests( 9118): started: testTransactionCommitThenAbort(com.hp.hpl.jena.graph.test.TestFileGraph)
I/ActivityManager(  107): Start proc android.process.media for content provider com.android.providers.media/.MediaProvider: pid=9435 uid=10000 gids={1015, 1006, 2001, 3003}
I/ActivityThread( 9435): Publishing provider media: com.android.providers.media.MediaProvider
V/MediaProvider( 9435): Attached volume: internal
V/MediaProvider( 9435): /sdcard volume ID: 951785747
V/MediaProvider( 9435): Attached volume: external
I/ActivityThread( 9435): Publishing provider downloads: com.android.providers.downloads.DownloadProvider
I/ActivityThread( 9435): Publishing provider drm: com.android.providers.drm.DrmProvider
D/SurfaceFlinger(  107): createSurface for pid 3335 (480 x 762), clientID=0x3
V/RenderScript_jni( 3335): surfaceCreated
V/RenderScript_jni( 3335): surfaceChanged
V/RenderScript( 3335): setSurface 480 762 0x517a50
D/SurfaceFlinger(  107): createSurface for pid 3335 (480 x 800), clientID=0x3
W/InputManagerService(  107): Starting input on non-focused client com.android.internal.view.IInputMethodClient$Stub$Proxy@2fe5ef68 (uid=1000 pid=9358)
I/ActivityManager(  107): Process android.process.media (pid 9435) has died.
I/global  ( 9118): Default buffer size used in BufferedReader constructor. It would be better to be explicit if an 8k-char buffer is required.
I/global  ( 9118): Default buffer size used in BufferedReader constructor. It would be better to be explicit if an 8k-char buffer is required.
I/JenaTests( 9118): finished: testTransactionCommitThenAbort(com.hp.hpl.jena.graph.test.TestFileGraph)
I/JenaTests( 9118): started: testisPlausibleUppercaseGraphname(com.hp.hpl.jena.graph.test.TestFileGraph)
I/JenaTests( 9118): finished: testisPlausibleUppercaseGraphname(com.hp.hpl.jena.graph.test.TestFileGraph)
I/JenaTests( 9118): started: testToSilenceJunitComplaintsAboutNoTestMethods(com.hp.hpl.jena.graph.test.TestFileGraph)
I/JenaTests( 9118): finished: testToSilenceJunitComplaintsAboutNoTestMethods(com.hp.hpl.jena.graph.test.TestFileGraph)
I/JenaTests( 9118): started: testDeletesFilesOfClosedMaker(com.hp.hpl.jena.graph.test.TestFileGraphMaker)
D/Settings( 9358): onDestroy()
I/JenaTests( 9118): finished: testDeletesFilesOfClosedMaker(com.hp.hpl.jena.graph.test.TestFileGraphMaker)
I/JenaTests( 9118): started: testDetectsExistingFiles(com.hp.hpl.jena.graph.test.TestFileGraphMaker)
W/ExpatReader( 9118): DTD handlers aren't supported.
W/pl.jena.rdf.arp.SAX2RDF( 9118): http://apache.org/xml/features/allow-java-encodings feature not supported by XMLReader
W/ExpatReader( 9118): DTD handlers aren't supported.
W/pl.jena.rdf.arp.SAX2RDF( 9118): http://apache.org/xml/features/allow-java-encodings feature not supported by XMLReader
I/JenaTests( 9118): finished: testDetectsExistingFiles(com.hp.hpl.jena.graph.test.TestFileGraphMaker)
I/JenaTests( 9118): started: testDoesntReusedClosedGraphs(com.hp.hpl.jena.graph.test.TestFileGraphMaker)
I/JenaTests( 9118): finished: testDoesntReusedClosedGraphs(com.hp.hpl.jena.graph.test.TestFileGraphMaker)
I/JenaTests( 9118): started: testForgetsClosedGraphs(com.hp.hpl.jena.graph.test.TestFileGraphMaker)
I/JenaTests( 9118): finished: testForgetsClosedGraphs(com.hp.hpl.jena.graph.test.TestFileGraphMaker)
I/JenaTests( 9118): started: testToFilename(com.hp.hpl.jena.graph.test.TestFileGraphMaker)
I/JenaTests( 9118): finished: testToFilename(com.hp.hpl.jena.graph.test.TestFileGraphMaker)
I/JenaTests( 9118): started: testToGraphname(com.hp.hpl.jena.graph.test.TestFileGraphMaker)
I/JenaTests( 9118): finished: testToGraphname(com.hp.hpl.jena.graph.test.TestFileGraphMaker)
I/JenaTests( 9118): started: testAnyName(com.hp.hpl.jena.graph.test.TestFileGraphMaker)
I/JenaTests( 9118): finished: testAnyName(com.hp.hpl.jena.graph.test.TestFileGraphMaker)
I/JenaTests( 9118): started: testCanCreateTwice(com.hp.hpl.jena.graph.test.TestFileGraphMaker)
I/JenaTests( 9118): finished: testCanCreateTwice(com.hp.hpl.jena.graph.test.TestFileGraphMaker)
I/JenaTests( 9118): started: testCanFindCreatedGraph(com.hp.hpl.jena.graph.test.TestFileGraphMaker)
I/JenaTests( 9118): finished: testCanFindCreatedGraph(com.hp.hpl.jena.graph.test.TestFileGraphMaker)
I/JenaTests( 9118): started: testCanOpenUncreated(com.hp.hpl.jena.graph.test.TestFileGraphMaker)
W/ExpatReader( 9118): DTD handlers aren't supported.
W/pl.jena.rdf.arp.SAX2RDF( 9118): http://apache.org/xml/features/allow-java-encodings feature not supported by XMLReader
W/ExpatReader( 9118): DTD handlers aren't supported.
W/pl.jena.rdf.arp.SAX2RDF( 9118): http://apache.org/xml/features/allow-java-encodings feature not supported by XMLReader
I/JenaTests( 9118): finished: testCanOpenUncreated(com.hp.hpl.jena.graph.test.TestFileGraphMaker)
I/JenaTests( 9118): started: testCanRemoveGraph(com.hp.hpl.jena.graph.test.TestFileGraphMaker)
I/JenaTests( 9118): finished: testCanRemoveGraph(com.hp.hpl.jena.graph.test.TestFileGraphMaker)
I/JenaTests( 9118): started: testCannotCreateTwice(com.hp.hpl.jena.graph.test.TestFileGraphMaker)
I/JenaTests( 9118): finished: testCannotCreateTwice(com.hp.hpl.jena.graph.test.TestFileGraphMaker)
I/JenaTests( 9118): started: testCannotOpenUncreated(com.hp.hpl.jena.graph.test.TestFileGraphMaker)
I/JenaTests( 9118): finished: testCannotOpenUncreated(com.hp.hpl.jena.graph.test.TestFileGraphMaker)
I/JenaTests( 9118): started: testCarefulClose(com.hp.hpl.jena.graph.test.TestFileGraphMaker)
I/JenaTests( 9118): finished: testCarefulClose(com.hp.hpl.jena.graph.test.TestFileGraphMaker)
I/JenaTests( 9118): started: testCreateGraph(com.hp.hpl.jena.graph.test.TestFileGraphMaker)
I/JenaTests( 9118): finished: testCreateGraph(com.hp.hpl.jena.graph.test.TestFileGraphMaker)
I/JenaTests( 9118): started: testGetGraph(com.hp.hpl.jena.graph.test.TestFileGraphMaker)
I/ActivityManager(  107): Starting activity: Intent { act=android.intent.action.MAIN cat=[android.intent.category.LAUNCHER] flg=0x10200000 cmp=it.polimi.dei.dbgroup.pedigree.pervads/.PervAdsListActivity }
D/SurfaceFlinger(  107): createSurface for pid 107 (1 x 1), clientID=0x1
V/PervAdsListActivity( 7388): binding to service
D/SurfaceFlinger(  107): createConnection: cid=0x8
V/PervAdsService( 7388): onBind(Intent { cmp=it.polimi.dei.dbgroup.pedigree.pervads/.PervAdsService })
V/PervAdsService( 7388): onClientBound()
D/SurfaceFlinger(  107): createSurface for pid 7388 (1 x 1), clientID=0x8
V/PervAdsListActivity( 7388): ServiceConnection.onServiceConnected(ComponentInfo{it.polimi.dei.dbgroup.pedigree.pervads/it.polimi.dei.dbgroup.pedigree.pervads.PervAdsService}, it.polimi.dei.dbgroup.pedigree.pervads.PervAdsService$2@2fd1bc90)
V/PervAdsListActivity( 7388): checking if service is supported
V/PervAdsListActivity( 7388): checking if service is enabled
V/PervAdsListActivity( 7388): registering service listener
V/PervAdsListActivity( 7388): checking if service is updating
I/ActivityManager(  107): Process com.android.settings (pid 9358) has died.
D/SurfaceFlinger(  107): destroyConnection: cid=0x0
V/RenderScript_jni( 3335): surfaceDestroyed
V/RenderScript( 3335): setSurface 0 0 0x0
I/ActivityManager(  107): Displayed activity it.polimi.dei.dbgroup.pedigree.pervads/.PervAdsListActivity: 399 ms (total 399 ms)
W/InputManagerService(  107): Starting input on no