I/AndroidLoggerFactory( 9118): Logger name com.hp.hpl.jena.rdf.model.impl.PropertyImpl is too long, using model.impl.PropertyImpl instead
I/AndroidLoggerFactory( 9118): Logger name com.hp.hpl.jena.util.Metadata is too long, using .hpl.jena.util.Metadata instead
I/AndroidLoggerFactory( 9118): Logger name com.hp.hpl.jena.util.SystemUtils is too long, using l.jena.util.SystemUtils instead
V/l.jena.util.SystemUtils( 9118): Using thread classloader
I/AndroidLoggerFactory( 9118): Logger name com.hp.hpl.jena.rdf.model.impl.RDFListImpl is too long, using .model.impl.RDFListImpl instead
I/AndroidLoggerFactory( 9118): Logger name com.hp.hpl.jena.ontology.impl.OntResourceImpl is too long, using gy.impl.OntResourceImpl instead
I/AndroidLoggerFactory( 9118): Logger name com.hp.hpl.jena.rdf.model.test.TestModelRead is too long, using odel.test.TestModelRead instead
D/TestHelper( 9118): testing/N3/n3-writer-tests sanitized to testing/N3/n3-writer-tests
I/ActivityManager(  107): Process com.adao.android.afm (pid 9018) has died.
D/SurfaceFlinger(  107): destroyConnection: cid=0x0
I/ActivityManager(  107): Process com.android.settings (pid 9091) has died.
D/SurfaceFlinger(  107): destroyConnection: cid=0x8
I/ActivityManager(  107): Process com.google.android.partnersetup (pid 9228) has died.
I/global  ( 9118): Default buffer size used in BufferedReader constructor. It would be better to be explicit if an 8k-char buffer is required.
I/AndroidLoggerFactory( 9118): Logger name com.hp.hpl.jena.util.tuple.TupleSet is too long, using ena.util.tuple.TupleSet instead
I/AndroidLoggerFactory( 9118): Logger name com.hp.hpl.jena.util.junit.Manifest is too long, using ena.util.junit.Manifest instead
D/ena.util.junit.Manifest( 9118): Manifest = testing/Turtle/manifest.ttl
D/TestHelper( 9118): testing/Turtle/manifest.ttl sanitized to testing/Turtle/manifest.ttl
D/ena.util.junit.Manifest( 9118):          = testing/Turtle/manifest.ttl
I/AndroidLoggerFactory( 9118): Logger name com.hp.hpl.jena.util.FileManager is too long, using l.jena.util.FileManager instead
I/AndroidLoggerFactory( 9118): Logger name com.hp.hpl.jena.util.LocationMapper is too long, using ena.util.LocationMapper instead
I/AndroidLoggerFactory( 9118): Logger name com.hp.hpl.jena.util.LocatorFile is too long, using l.jena.util.LocatorFile instead
D/l.jena.util.FileManager( 9118): Add location: LocatorFile
I/AndroidLoggerFactory( 9118): Logger name com.hp.hpl.jena.util.LocatorClassLoader is too long, using util.LocatorClassLoader instead
D/l.jena.util.FileManager( 9118): Add location: ClassLoaderLocator
D/ena.util.LocationMapper( 9118): Failed to find configuration: file:location-mapping.rdf;file:location-mapping.n3;file:location-mapping.ttl;file:etc/location-mapping.rdf;file:etc/location-mapping.n3;file:etc/location-mapping.ttl
D/l.jena.util.FileManager( 9118): Add location: LocatorFile
I/AndroidLoggerFactory( 9118): Logger name com.hp.hpl.jena.util.LocatorURL is too long, using pl.jena.util.LocatorURL instead
D/l.jena.util.FileManager( 9118): Add location: LocatorURL
D/l.jena.util.FileManager( 9118): Add location: ClassLoaderLocator
I/global  ( 9118): Default buffer size used in BufferedReader constructor. It would be better to be explicit if an 8k-char buffer is required.
D/ena.util.junit.Manifest( 9118): Manifest = file:///testing/Turtle/NTriples/manifest.ttl
D/TestHelper( 9118): file:///testing/Turtle/NTriples/manifest.ttl sanitized to testing/Turtle/NTriples/manifest.ttl
D/ena.util.junit.Manifest( 9118):          = testing/Turtle/NTriples/manifest.ttl
I/global  ( 9118): Default buffer size used in BufferedReader constructor. It would be better to be explicit if an 8k-char buffer is required.
D/ena.util.junit.Manifest( 9118): Manifest = file:///testing/Turtle/RaptorTurtle/manifest-good.ttl
D/TestHelper( 9118): file:///testing/Turtle/RaptorTurtle/manifest-good.ttl sanitized to testing/Turtle/RaptorTurtle/manifest-good.ttl
D/ena.util.junit.Manifest( 9118):          = testing/Turtle/RaptorTurtle/manifest-good.ttl
I/global  ( 9118): Default buffer size used in BufferedReader constructor. It would be better to be explicit if an 8k-char buffer is required.
D/ena.util.junit.Manifest( 9118): Manifest = file:///testing/Turtle/RaptorTurtle/manifest-bad.ttl
D/TestHelper( 9118): file:///testing/Turtle/RaptorTurtle/manifest-bad.ttl sanitized to testing/Turtle/RaptorTurtle/manifest-bad.ttl
D/ena.util.junit.Manifest( 9118):          = testing/Turtle/RaptorTurtle/manifest-bad.ttl
I/global  ( 9118): Default buffer size used in BufferedReader constructor. It would be better to be explicit if an 8k-char buffer is required.
I/AndroidLoggerFactory( 9118): Logger name com.hp.hpl.jena.xmloutput.TestMacEncodings is too long, using output.TestMacEncodings instead
W/output.TestMacEncodings( 9118): MacRoman not supported on this Java installation: mac encoding tests suppressed.
I/AndroidLoggerFactory( 9118): Logger name com.hp.hpl.jena.xmloutput.testWriterAndReader is too long, using put.testWriterAndReader instead
I/AndroidLoggerFactory( 9118): Logger name com.hp.hpl.jena.util.TestLocationMapper is too long, using util.TestLocationMapper instead
I/AndroidLoggerFactory( 9118): Logger name com.hp.hpl.jena.util.TestFileManager is too long, using na.util.TestFileManager instead
I/global  ( 9118): Default buffer size used in BufferedReader constructor. It would be better to be explicit if an 8k-char buffer is required.
I/global  ( 9118): Default buffer size used in BufferedReader constructor. It would be better to be explicit if an 8k-char buffer is required.
I/AndroidLoggerFactory( 9118): Logger name com.hp.hpl.jena.reasoner.rulesys.Rule is too long, using a.reasoner.rulesys.Rule instead
I/AndroidLoggerFactory( 9118): Logger name com.hp.hpl.jena.reasoner.rulesys.Functor is too long, using easoner.rulesys.Functor instead
I/AndroidLoggerFactory( 9118): Logger name com.hp.hpl.jena.reasoner.rulesys.BasicForwardRuleInfGraph is too long, using asicForwardRuleInfGraph instead
I/AndroidLoggerFactory( 9118): Logger name com.hp.hpl.jena.reasoner.rulesys.FBRuleInfGraph is too long, using .rulesys.FBRuleInfGraph instead
I/AndroidLoggerFactory( 9118): Logger name com.hp.hpl.jena.reasoner.rulesys.impl.FRuleEngine is too long, using ulesys.impl.FRuleEngine instead
I/AndroidLoggerFactory( 9118): Logger name com.hp.hpl.jena.reasoner.rulesys.impl.LPBRuleEngine is too long, using esys.impl.LPBRuleEngine instead
I/AndroidLoggerFactory( 9118): Logger name com.hp.hpl.jena.reasoner.rulesys.impl.LPInterpreter is too long, using esys.impl.LPInterpreter instead
I/AndroidLoggerFactory( 9118): Logger name com.hp.hpl.jena.rdf.arp.MoreTests is too long, using .jena.rdf.arp.MoreTests instead
I/global  ( 9118): Default buffer size used in BufferedReader constructor. It would be better to be explicit if an 8k-char buffer is required.
I/AndroidLoggerFactory( 9118): Logger name com.hp.hpl.jena.regression.testReaderInterface is too long, using ion.testReaderInterface instead
I/AndroidLoggerFactory( 9118): Logger name com.hp.hpl.jena.reasoner.test.TestReasoners is too long, using oner.test.TestReasoners instead
I/AndroidLoggerFactory( 9118): Logger name com.hp.hpl.jena.reasoner.test.ReasonerTester is too long, using ner.test.ReasonerTester instead
D/TestHelper( 9118): testing/reasoners/rdfs/manifest-nodirect-noresource.rdf sanitized to testing/reasoners/rdfs/manifest-nodirect-noresource.rdf
I/global  ( 9118): Default buffer size used in BufferedReader constructor. It would be better to be explicit if an 8k-char buffer is required.
I/AndroidLoggerFactory( 9118): Logger name com.hp.hpl.jena.rdf.model.impl.RDFDefaultErrorHandler is too long, using .RDFDefaultErrorHandler instead
W/ExpatReader( 9118): DTD handlers aren't supported.
I/AndroidLoggerFactory( 9118): Logger name com.hp.hpl.jena.rdf.arp.SAX2RDF is too long, using pl.jena.rdf.arp.SAX2RDF instead
W/pl.jena.rdf.arp.SAX2RDF( 9118): http://apache.org/xml/features/allow-java-encodings feature not supported by XMLReader
W/ExpatReader( 9118): DTD handlers aren't supported.
W/pl.jena.rdf.arp.SAX2RDF( 9118): http://apache.org/xml/features/allow-java-encodings feature not supported by XMLReader
I/global  ( 9118): Default buffer size used in BufferedReader constructor. It would be better to be explicit if an 8k-char buffer is required.
I/AndroidLoggerFactory( 9118): Logger name com.hp.hpl.jena.reasoner.test.WGReasonerTester is too long, using r.test.WGReasonerTester instead
D/TestHelper( 9118): testing/wg/Manifest.rdf sanitized to testing/wg/Manifest.rdf
I/global  ( 9118): Default buffer size used in BufferedInputStream constructor. It would be better to be explicit if an 8k buffer is required.
W/ExpatReader( 9118): DTD handlers aren't supported.
W/pl.jena.rdf.arp.SAX2RDF( 9118): http://apache.org/xml/features/allow-java-encodings feature not supported by XMLReader
W/ExpatReader( 9118): DTD handlers aren't supported.
W/pl.jena.rdf.arp.SAX2RDF( 9118): http://apache.org/xml/features/allow-java-encodings feature not supported by XMLReader
I/ActivityManager(  107): Start proc com.android.settings for broadcast com.android.settings/.widget.SettingsAppWidgetProvider: pid=9295 uid=1000 gids={3003, 3002, 3001}
I/ActivityManager(  107): Starting activity: Intent { act=android.intent.action.MAIN cat=[android.intent.category.HOME] flg=0x10200000 cmp=com.android.launcher2/.Launcher }
I/WindowManager(  107): Setting rotation to 0, animFlags=0
I/ActivityManager(  107): Config changed: { scale=1.0 imsi=0/0 loc=it_IT touch=3 keys=1/1/2 nav=1/1 orien=1 layout=34}
D/PhoneApp(  203): updateProximitySensorMode: state = IDLE
D/PhoneApp(  203): updateProximitySensorMode: lock already released.
D/TestHelper( 9118): testing/reasoners/rdfs/manifest-standard.rdf sanitized to testing/reasoners/rdfs/manifest-standard.rdf
I/global  ( 9118): Default buffer size used in BufferedReader constructor. It would be better to be explicit if an 8k-char buffer is required.
W/ExpatReader( 9118): DTD handlers aren't supported.
W/pl.jena.rdf.arp.SAX2RDF( 9118): http://apache.org/xml/features/allow-java-encodings feature not supported by XMLReader
W/ExpatReader( 9118): DTD handlers aren't supported.
W/pl.jena.rdf.arp.SAX2RDF( 9118): http://apache.org/xml/features/allow-java-encodings feature not supported by XMLReader
D/TestHelper( 9118): testing/reasoners/rdfs/manifest.rdf sanitized to testing/reasoners/rdfs/manifest.rdf
W/InputManagerService(  107): Ignoring hideSoftInput of: com.android.internal.view.IInputMethodClient$Stub$Proxy@30063d50
D/SurfaceFlinger(  107): createSurface for pid 3335 (480 x 762), clientID=0x3
V/RenderScript_jni( 3335): surfaceCreated
V/RenderScript_jni( 3335): surfaceChanged
V/RenderScript( 3335): setSurface 480 762 0x5458a0
D/SurfaceFlinger(  107): createSurface for pid 3335 (480 x 800), clientID=0x3
I/ActivityManager(  107): Process com.android.settings (pid 9295) has died.
I/global  ( 9118): Default buffer size used in BufferedReader constructor. It would be better to be explicit if an 8k-char buffer is required.
W/ExpatReader( 9118): DTD handlers aren't supported.
W/pl.jena.rdf.arp.SAX2RDF( 9118): http://apache.org/xml/features/allow-java-encodings feature not supported by XMLReader
W/ExpatReader( 9118): DTD handlers aren't supported.
W/pl.jena.rdf.arp.SAX2RDF( 9118): http://apache.org/xml/features/allow-java-encodings feature not supported by XMLReader
W/InputManagerService(  107): Starting input on non-focused client com.android.internal.view.IInputMethodClient$Stub$Proxy@301228c0 (uid=10058 pid=9118)
W/IInputConnectionWrapper( 9118): showStatusIcon on inactive InputConnection
I/global  ( 9118): Default buffer size used in BufferedReader constructor. It would be better to be explicit if an 8k-char buffer is required.
D/TestHelper( 9118): testing/reasoners/rdfs/manifest-simple.rdf sanitized to testing/reasoners/rdfs/manifest-simple.rdf
I/global  ( 9118): Default buffer size used in BufferedReader constructor. It would be better to be explicit if an 8k-char buffer is required.
W/ExpatReader( 9118): DTD handlers aren't supported.
W/pl.jena.rdf.arp.SAX2RDF( 9118): http://apache.org/xml/features/allow-java-encodings feature not supported by XMLReader
W/ExpatReader( 9118): DTD handlers aren't supported.
W/pl.jena.rdf.arp.SAX2RDF( 9118): http://apache.org/xml/features/allow-java-encodings feature not supported by XMLReader
I/global  ( 9118): Default buffer size used in BufferedReader constructor. It would be better to be explicit if an 8k-char buffer is required.
I/AndroidLoggerFactory( 9118): Logger name com.hp.hpl.jena.reasoner.rulesys.test.TestFBRules is too long, using ulesys.test.TestFBRules instead
I/AndroidLoggerFactory( 9118): Logger name com.hp.hpl.jena.ontology.impl.TestOntDocumentManager is too long, using .TestOntDocumentManager instead
I/AndroidLoggerFactory( 9118): Logger name jena.test.Test_schemagen is too long, using ena.test.Test_schemagen instead
I/JenaTests( 9118): started: runTestOverride(it.polimi.dei.dbgroup.pedigree.androjena.test.AllTests$1)
I/AllTests( 9118): running overridden runTest method
I/JenaTests( 9118): finished: runTestOverride(it.polimi.dei.dbgroup.pedigree.androjena.test.AllTests$1)
I/JenaTests( 9118): started: testAlreadyLinkedViewException(com.hp.hpl.jena.enhanced.test.TestPackage)
I/ActivityManager(  107): Start proc com.android.settings for broadcast com.android.settings/.widget.SettingsAppWidgetProvider: pid=9306 uid=1000 gids={3003, 3002, 3001}
I/ActivityManager(  107): Starting activity: Intent { act=android.intent.action.MAIN cat=[android.intent.category.HOME] flg=0x10200000 cmp=com.android.launcher2/.Launcher }
I/JenaTests( 9118): finished: testAlreadyLinkedViewException(com.hp.hpl.jena.enhanced.test.TestPackage)
I/JenaTests( 9118): started: testAsThrowsPolymorphismExceptionIfNoModel(com.hp.hpl.jena.enhanced.test.TestPackage)
I/JenaTests( 9118): finished: testAsThrowsPolymorphismExceptionIfNoModel(com.hp.hpl.jena.enhanced.test.TestPackage)
I/JenaTests( 9118): started: testAsToOwnClassWithNoModel(com.hp.hpl.jena.enhanced.test.TestPackage)
I/JenaTests( 9118): finished: testAsToOwnClassWithNoModel(com.hp.hpl.jena.enhanced.test.TestPackage)
I/JenaTests( 9118): started: testBitOfBothCache(com.hp.hpl.jena.enhanced.test.TestPackage)
I/JenaTests( 9118): finished: testBitOfBothCache(com.hp.hpl.jena.enhanced.test.TestPackage)
I/JenaTests( 9118): started: testBitOfBothFollow(com.hp.hpl.jena.enhanced.test.TestPackage)
I/JenaTests( 9118): finished: testBitOfBothFollow(com.hp.hpl.jena.enhanced.test.TestPackage)
I/JenaTests( 9118): started: testCanAsReturnsFalseIfNoModel(com.hp.hpl.jena.enhanced.test.TestPackage)
I/JenaTests( 9118): finished: testCanAsReturnsFalseIfNoModel(com.hp.hpl.jena.enhanced.test.TestPackage)
I/JenaTests( 9118): started: testComboCache(com.hp.hpl.jena.enhanced.test.TestPackage)
I/JenaTests( 9118): finished: testComboCache(com.hp.hpl.jena.enhanced.test.TestPackage)
I/JenaTests( 9118): started: testComboFollow(com.hp.hpl.jena.enhanced.test.TestPackage)
I/JenaTests( 9118): finished: testComboFollow(com.hp.hpl.jena.enhanced.test.TestPackage)
I/JenaTests( 9118): started: testEquals(com.hp.hpl.jena.enhanced.test.TestPackage)
I/JenaTests( 9118): finished: testEquals(com.hp.hpl.jena.enhanced.test.TestPackage)
I/JenaTests( 9118): started: testNullPointerTrap(com.hp.hpl.jena.enhanced.test.TestPackage)
I/JenaTests( 9118): finished: testNullPointerTrap(com.hp.hpl.jena.enhanced.test.TestPackage)
I/JenaTests( 9118): started: testNullPointerTrapInCanSupport(com.hp.hpl.jena.enhanced.test.TestPackage)
I/JenaTests( 9118): finished: testNullPointerTrapInCanSupport(com.hp.hpl.jena.enhanced.test.TestPackage)
I/JenaTests( 9118): started: testSimple(com.hp.hpl.jena.enhanced.test.TestPackage)
I/JenaTests( 9118): finished: testSimple(com.hp.hpl.jena.enhanced.test.TestPackage)
I/JenaTests( 9118): started: testSplitCache(com.hp.hpl.jena.enhanced.test.TestPackage)
I/JenaTests( 9118): finished: testSplitCache(com.hp.hpl.jena.enhanced.test.TestPackage)
I/JenaTests( 9118): started: testSplitFollow(com.hp.hpl.jena.enhanced.test.TestPackage)
I/JenaTests( 9118): finished: testSplitFollow(com.hp.hpl.jena.enhanced.test.TestPackage)
I/ActivityManager(  107): Process com.android.settings (pid 9306) has died.
I/JenaTests( 9118): started: testBitOfBothBasic(com.hp.hpl.jena.enhanced.test.TestPackage)
I/JenaTests( 9118): finished: testBitOfBothBasic(com.hp.hpl.jena.enhanced.test.TestPackage)
I/JenaTests( 9118): started: testBitOfBothSurprise(com.hp.hpl.jena.enhanced.test.TestPackage)
I/JenaTests( 9118): finished: testBitOfBothSurprise(com.hp.hpl.jena.enhanced.test.TestPackage)
I/JenaTests( 9118): started: testBrokenBasic(com.hp.hpl.jena.enhanced.test.TestPackage)
I/JenaTests( 9118): finished: testBrokenBasic(com.hp.hpl.jena.enhanced.test.TestPackage)
I/JenaTests( 9118): started: testComboBasic(com.hp.hpl.jena.enhanced.test.TestPackage)
I/JenaTests( 9118): finished: testComboBasic(com.hp.hpl.jena.enhanced.test.TestPackage)
I/JenaTests( 9118): started: testSplitBasic(com.hp.hpl.jena.enhanced.test.TestPackage)
I/JenaTests( 9118): finished: testSplitBasic(com.hp.hpl.jena.enhanced.test.TestPackage)
I/JenaTests( 9118): started: testToSilenceJunitComplaintsAboutNoTestMethods(com.hp.hpl.jena.enhanced.test.TestPackage)
I/JenaTests( 9118): finished: testToSilenceJunitComplaintsAboutNoTestMethods(com.hp.hpl.jena.enhanced.test.TestPackage)
I/JenaTests( 9118): started: test1(com.hp.hpl.jena.graph.test.TestFindLiterals)
I/JenaTests( 9118): finished: test1(com.hp.hpl.jena.graph.test.TestFindLiterals)
I/JenaTests( 9118): started: test10(com.hp.hpl.jena.graph.test.TestFindLiterals)
I/JenaTests( 9118): finished: test10(com.hp.hpl.jena.graph.test.TestFindLiterals)
I/JenaTests( 9118): started: test11(com.hp.hpl.jena.graph.test.TestFindLiterals)
I/JenaTests( 9118): finished: test11(com.hp.hpl.jena.graph.test.TestFindLiterals)
I/JenaTests( 9118): started: test12(com.hp.hpl.jena.graph.test.TestFindLiterals)
I/JenaTests( 9118): finished: test12(com.hp.hpl.jena.graph.test.TestFindLiterals)
I/JenaTests( 9118): started: test13(com.hp.hpl.jena.graph.test.TestFindLiterals)
W/ExpatReader( 9118): DTD handlers aren't supported.
W/pl.jena.rdf.arp.SAX2RDF( 9118): http://apache.org/xml/features/allow-java-encodings feature not supported by XMLReader
W/ExpatReader( 9118): DTD handlers aren't supported.
W/pl.jena.rdf.arp.SAX2RDF( 9118): http://apache.org/xml/features/allow-java-encodings feature not supported by XMLReader
I/JenaTests( 9118): finished: test13(com.hp.hpl.jena.graph.test.TestFindLiterals)
I/JenaTests( 9118): started: test14(com.hp.hpl.jena.graph.test.TestFindLiterals)
W/ExpatReader( 9118): DTD handlers aren't supported.
W/pl.jena.rdf.arp.SAX2RDF( 9118): http://apache.org/xml/features/allow-java-encodings feature not supported by XMLReader
W/ExpatReader( 9118): DTD handlers aren't supported.
W/pl.jena.rdf.arp.SAX2RDF( 9118): http://apache.org/xml/features/allow-java-encodings feature not supported by XMLReader
I/JenaTests( 9118): finished: test14(com.hp.hpl.jena.graph.test.TestFindLiterals)
I/JenaTests( 9118): started: test15(com.hp.hpl.jena.graph.test.TestFindLiterals)
I/JenaTests( 9118): finished: test15(com.hp.hpl.jena.graph.test.TestFindLiterals)
I/JenaTests( 9118): started: test16(com.hp.hpl.jena.graph.test.TestFindLiterals)
I/JenaTests( 9118): finished: test16(com.hp.hpl.jena.graph.test.TestFindLiterals)
I/JenaTests( 9118): started: test17(com.hp.hpl.jena.graph.test.TestFindLiterals)
I/JenaTests( 9118): finished: test17(com.hp.hpl.jena.graph.test.TestFindLiterals)
I/JenaTests( 9118): started: test18(com.hp.hpl.jena.graph.test.TestFindLiterals)
I/JenaTests( 9118): finished: test18(com.hp.hpl.jena.graph.test.TestFindLiterals)
I/JenaTests( 9118): started: test19(com.hp.hpl.jena.graph.test.TestFindLiterals)
I/JenaTests( 9118): finished: test19(com.hp.hpl.jena.graph.test.TestFindLiterals)
I/JenaTests( 9118): started: test2(com.hp.hpl.jena.graph.test.TestFindLiterals)
I/JenaTests( 9118): finished: test2(com.hp.hpl.jena.graph.test.TestFindLiterals)
I/JenaTests( 9118): started: test20(com.hp.hpl.jena.graph.test.TestFindLiterals)
I/JenaTests( 9118): finished: test20(com.hp.hpl.jena.graph.test.TestFindLiterals)
I/JenaTests( 9118): started: test21(com.hp.hpl.jena.graph.test.TestFindLiterals)
I/JenaTests( 9118): finished: test21(com.hp.hpl.jena.graph.test.TestFindLiterals)
I/JenaTests( 9118): started: test3(com.hp.hpl.jena.graph.test.TestFindLiterals)
I/JenaTests( 9118): finished: test3(com.hp.hpl.jena.graph.test.TestFindLiterals)
I/JenaTests( 9118): started: test4(com.hp.hpl.jena.graph.test.TestFindLiterals)
I/JenaTests( 9118): finished: test4(com.hp.hpl.jena.graph.test.TestFindLiterals)
I/JenaTests( 9118): started: test5(com.hp.hpl.jena.graph.test.TestFindLiterals)
I/JenaTests( 9118): finished: test5(com.hp.hpl.jena.graph.test.TestFindLiterals)
I/JenaTests( 9118): started: test6(com.hp.hpl.jena.graph.test.TestFindLiterals)
I/JenaTests( 9118): finished: test6(com.hp.hpl.jena.graph.test.TestFindLiterals)
I/JenaTests( 9118): started: test7(com.hp.hpl.jena.graph.test.TestFindLiterals)
I/JenaTests( 9118): finished: test7(com.hp.hpl.jena.graph.test.TestFindLiterals)
I/JenaTests( 9118): started: test8(com.hp.hpl.jena.graph.test.TestFindLiterals)
I/JenaTests( 9118): finished: test8(com.hp.hpl.jena.graph.test.TestFindLiterals)
I/JenaTests( 9118): started: test9(com.hp.hpl.jena.graph.test.TestFindLiterals)
I/JenaTests( 9118): finished: test9(com.hp.hpl.jena.graph.test.TestFindLiterals)
I/JenaTests( 9118): started: testFloatVsDouble(com.hp.hpl.jena.graph.test.TestFindLiterals)
I/JenaTests( 9118): finished: testFloatVsDouble(com.hp.hpl.jena.graph.test.TestFindLiterals)
I/JenaTests( 9118): started: testProgrammaticValues(com.hp.hpl.jena.graph.test.TestFindLiterals)
I/JenaTests( 9118): finished: testProgrammaticValues(com.hp.hpl.jena.graph.test.TestFindLiterals)
I/JenaTests( 9118): started: testToSilenceJunitComplaintsAboutNoTestMethods(com.hp.hpl.jena.graph.test.TestFindLiterals)
I/JenaTests( 9118): finished: testToSilenceJunitComplaintsAboutNoTestMethods(com.hp.hpl.jena.graph.test.TestFindLiterals)
I/JenaTests( 9118): started: testDatatypeIsEqualsNotCalledIfSecondOperandIsNotTyped(com.hp.hpl.jena.graph.test.TestLiteralLabels)
I/JenaTests( 9118): finished: testDatatypeIsEqualsNotCalledIfSecondOperandIsNotTyped(com.hp.hpl.jena.graph.test.TestLiteralLabels)
I/JenaTests( 9118): started: testEquality1(com.hp.hpl.jena.graph.test.TestLiteralLabels)
I/JenaTests( 9118): finished: testEquality1(com.hp.hpl.jena.graph.test.TestLiteralLabels)
I/JenaTests( 9118): started: testEquality2(com.hp.hpl.jena.graph.test.TestLiteralLabels)
I/JenaTests( 9118): finished: testEquality2(com.hp.hpl.jena.graph.test.TestLiteralLabels)
I/JenaTests( 9118): started: testEquality3(com.hp.hpl.jena.graph.test.TestLiteralLabels)
I/JenaTests( 9118): finished: testEquality3(com.hp.hpl.jena.graph.test.TestLiteralLabels)
I/JenaTests( 9118): started: testEquality4(com.hp.hpl.jena.graph.test.TestLiteralLabels)
I/JenaTests( 9118): finished: testEquality4(com.hp.hpl.jena.graph.test.TestLiteralLabels)
I/JenaTests( 9118): started: testHashCode(com.hp.hpl.jena.graph.test.TestLiteralLabels)
I/JenaTests( 9118): finished: testHashCode(com.hp.hpl.jena.graph.test.TestLiteralLabels)
I/JenaTests( 9118): started: testHashCode2(com.hp.hpl.jena.graph.test.TestLiteralLabels)
I/JenaTests( 9118): finished: testHashCode2(com.hp.hpl.jena.graph.test.TestLiteralLabels)
I/JenaTests( 9118): started: testHashCodesForBase64Binary(com.hp.hpl.jena.graph.test.TestLiteralLabels)
I/JenaTests( 9118): finished: testHashCodesForBase64Binary(com.hp.hpl.jena.graph.test.TestLiteralLabels)
I/JenaTests( 9118): started: testHashCodesForHexBinary(com.hp.hpl.jena.graph.test.TestLiteralLabels)
I/JenaTests( 9118): finished: testHashCodesForHexBinary(com.hp.hpl.jena.graph.test.TestLiteralLabels)
I/JenaTests( 9118): started: testToSilenceJunitComplaintsAboutNoTestMethods(com.hp.hpl.jena.graph.test.TestLiteralLabels)
I/JenaTests( 9118): finished: testToSilenceJunitComplaintsAboutNoTestMethods(com.hp.hpl.jena.graph.test.TestLiteralLabels)
I/JenaTests( 9118): started: testCacheClash(com.hp.hpl.jena.graph.test.TestTripleCache)
I/JenaTests( 9118): finished: testCacheClash(com.hp.hpl.jena.graph.test.TestTripleCache)
I/JenaTests( 9118): started: testEmptyTripleCache(com.hp.hpl.jena.graph.test.TestTripleCache)
I/JenaTests( 9118): finished: testEmptyTripleCache(com.hp.hpl.jena.graph.test.TestTripleCache)
I/JenaTests( 9118): started: testPutReturnsTriple(com.hp.hpl.jena.graph.test.TestTripleCache)
I/JenaTests( 9118): finished: testPutReturnsTriple(com.hp.hpl.jena.graph.test.TestTripleCache)
I/JenaTests( 9118): started: testPutinTripleCache(com.hp.hpl.jena.graph.test.TestTripleCache)
I/JenaTests( 9118): finished: testPutinTripleCache(com.hp.hpl.jena.graph.test.TestTripleCache)
I/JenaTests( 9118): started: testToSilenceJunitComplaintsAboutNoTestMethods(com.hp.hpl.jena.graph.test.TestTripleCache)
I/JenaTests( 9118): finished: testToSilenceJunitComplaintsAboutNoTestMethods(com.hp.hpl.jena.graph.test.TestTripleCache)
I/JenaTests( 9118): started: testClashettes(com.hp.hpl.jena.graph.test.TestNodeCache)
I/JenaTests( 9118): finished: testClashettes(com.hp.hpl.jena.graph.test.TestNodeCache)
I/JenaTests( 9118): started: testClashing(com.hp.hpl.jena.graph.test.TestNodeCache)
I/JenaTests( 9118): finished: testClashing(com.hp.hpl.jena.graph.test.TestNodeCache)
I/JenaTests( 9118): started: testNewCacheEmpty(com.hp.hpl.jena.graph.test.TestNodeCache)
I/JenaTests( 9118): finished: testNewCacheEmpty(com.hp.hpl.jena.graph.test.TestNodeCache)
I/JenaTests( 9118): started: testNewCacheUpdates(com.hp.hpl.jena.graph.test.TestNodeCache)
I/JenaTests( 9118): finished: testNewCacheUpdates(com.hp.hpl.jena.graph.test.TestNodeCache)
I/JenaTests( 9118): started: testToSilenceJunitComplaintsAboutNoTestMethods(com.hp.hpl.jena.graph.test.TestNodeCache)
I/JenaTests( 9118): finished: testToSilenceJunitComplaintsAboutNoTestMethods(com.hp.hpl.jena.graph.test.TestNodeCache)
I/JenaTests( 9118): started: testANY(com.hp.hpl.jena.graph.test.TestNode)
I/JenaTests( 9118): finished: testANY(com.hp.hpl.jena.graph.test.TestNode)
I/JenaTests( 9118): started: testBlanks(com.hp.hpl.jena.graph.test.TestNode)
I/JenaTests( 9118): finished: testBlanks(com.hp.hpl.jena.graph.test.TestNode)
I/JenaTests( 9118): started: testCache(com.hp.hpl.jena.graph.test.TestNode)
I/JenaTests( 9118): finished: testCache(com.hp.hpl.jena.graph.test.TestNode)
I/JenaTests( 9118): started: testConcrete(com.hp.hpl.jena.graph.test.TestNode)
I/JenaTests( 9118): finished: testConcrete(com.hp.hpl.jena.graph.test.TestNode)
I/JenaTests( 9118): started: testCreateANY(com.hp.hpl.jena.graph.test.TestNode)
I/JenaTests( 9118): finished: testCreateANY(com.hp.hpl.jena.graph.test.TestNode)
I/JenaTests( 9118): started: testCreateAnon(com.hp.hpl.jena.graph.test.TestNode)
I/JenaTests( 9118): finished: testCreateAnon(com.hp.hpl.jena.graph.test.TestNode)
I/JenaTests( 9118): started: testCreateBadString(com.hp.hpl.jena.graph.test.TestNode)
I/JenaTests( 9118): finished: testCreateBadString(com.hp.hpl.jena.graph.test.TestNode)
I/JenaTests( 9118): started: testCreateLanguagedLiteralEN1(com.hp.hpl.jena.graph.test.TestNode)
I/JenaTests( 9118): finished: testCreateLanguagedLiteralEN1(com.hp.hpl.jena.graph.test.TestNode)
I/JenaTests( 9118): started: testCreateLanguagedLiteralEN2(com.hp.hpl.jena.graph.test.TestNode)
I/JenaTests( 9118): finished: testCreateLanguagedLiteralEN2(com.hp.hpl.jena.graph.test.TestNode)
I/JenaTests( 9118): started: testCreateLanguagedLiteralXY(com.hp.hpl.jena.graph.test.TestNode)
I/JenaTests( 9118): finished: testCreateLanguagedLiteralXY(com.hp.hpl.jena.graph.test.TestNode)
I/JenaTests( 9118): started: testCreateLiteralBackslashEscape(com.hp.hpl.jena.graph.test.TestNode)
I/JenaTests( 9118): finished: testCreateLiteralBackslashEscape(com.hp.hpl.jena.graph.test.TestNode)
I/JenaTests( 9118): started: testCreateLiteralOtherEscapes(com.hp.hpl.jena.graph.test.TestNode)
I/JenaTests( 9118): finished: testCreateLiteralOtherEscapes(com.hp.hpl.jena.graph.test.TestNode)
I/JenaTests( 9118): started: testCreateLiteralQuoteEscapes(com.hp.hpl.jena.graph.test.TestNode)
I/JenaTests( 9118): finished: testCreateLiteralQuoteEscapes(com.hp.hpl.jena.graph.test.TestNode)
I/JenaTests( 9118): started: testCreatePlainLiteralDoubleQuotes(com.hp.hpl.jena.graph.test.TestNode)
I/JenaTests( 9118): finished: testCreatePlainLiteralDoubleQuotes(com.hp.hpl.jena.graph.test.TestNode)
I/JenaTests( 9118): started: testCreatePlainLiteralSingleQuotes(com.hp.hpl.jena.graph.test.TestNode)
I/JenaTests( 9118): finished: testCreatePlainLiteralSingleQuotes(com.hp.hpl.jena.graph.test.TestNode)
I/JenaTests( 9118): started: testCreatePrefixed(com.hp.hpl.jena.graph.test.TestNode)
I/JenaTests( 9118): finished: testCreatePrefixed(com.hp.hpl.jena.graph.test.TestNode)
I/JenaTests( 9118): started: testCreateTypedLiteralBoolean(com.hp.hpl.jena.graph.test.TestNode)
I/JenaTests( 9118): finished: testCreateTypedLiteralBoolean(com.hp.hpl.jena.graph.test.TestNode)
I/JenaTests( 9118): started: testCreateTypedLiteralInteger(com.hp.hpl.jena.graph.test.TestNode)
I/JenaTests( 9118): finished: testCreateTypedLiteralInteger(com.hp.hpl.jena.graph.test.TestNode)
I/JenaTests( 9118): started: testCreateURI(com.hp.hpl.jena.graph.test.TestNode)
I/JenaTests( 9118): finished: testCreateURI(com.hp.hpl.jena.graph.test.TestNode)
I/JenaTests( 9118): started: testCreateURIOtherMap(com.hp.hpl.jena.graph.test.TestNode)
I/JenaTests( 9118): finished: testCreateURIOtherMap(com.hp.hpl.jena.graph.test.TestNode)
I/JenaTests( 9118): started: testCreateVariable(com.hp.hpl.jena.graph.test.TestNode)
I/JenaTests( 9118): finished: testCreateVariable(com.hp.hpl.jena.graph.test.TestNode)
I/JenaTests( 9118): started: testDataMatches(com.hp.hpl.jena.graph.test.TestNode)
I/JenaTests( 9118): finished: testDataMatches(com.hp.hpl.jena.graph.test.TestNode)
I/JenaTests( 9118): started: testEquals(com.hp.hpl.jena.graph.test.TestNode)
I/JenaTests( 9118): finished: testEquals(com.hp.hpl.jena.graph.test.TestNode)
I/JenaTests( 9118): started: testFailingLabels(com.hp.hpl.jena.graph.test.TestNode)
I/JenaTests( 9118): finished: testFailingLabels(com.hp.hpl.jena.graph.test.TestNode)
I/JenaTests( 9118): started: testGetBlankNodeLabelString(com.hp.hpl.jena.graph.test.TestNode)
I/JenaTests( 9118): finished: testGetBlankNodeLabelString(com.hp.hpl.jena.graph.test.TestNode)
I/JenaTests( 9118): started: testGetIndexingValueBlank(com.hp.hpl.jena.graph.test.TestNode)
I/JenaTests( 9118): finished: testGetIndexingValueBlank(com.hp.hpl.jena.graph.test.TestNode)
I/JenaTests( 9118): started: testGetIndexingValueLanguagedString(com.hp.hpl.jena.graph.test.TestNode)
I/JenaTests( 9118): finished: testGetIndexingValueLanguagedString(com.hp.hpl.jena.graph.test.TestNode)
I/JenaTests( 9118): started: testGetIndexingValuePlainString(com.hp.hpl.jena.graph.test.TestNode)
I/JenaTests( 9118): finished: testGetIndexingValuePlainString(com.hp.hpl.jena.graph.test.TestNode)
I/JenaTests( 9118): started: testGetIndexingValueURI(com.hp.hpl.jena.graph.test.TestNode)
I/JenaTests( 9118): finished: testGetIndexingValueURI(com.hp.hpl.jena.graph.test.TestNode)
I/JenaTests( 9118): started: testGetIndexingValueXSDString(com.hp.hpl.jena.graph.test.TestNode)
I/JenaTests( 9118): finished: testGetIndexingValueXSDString(com.hp.hpl.jena.graph.test.TestNode)
I/JenaTests( 9118): started: testGetLiteralDatatypeNull(com.hp.hpl.jena.graph.test.TestNode)
I/JenaTests( 9118): finished: testGetLiteralDatatypeNull(com.hp.hpl.jena.graph.test.TestNode)
I/JenaTests( 9118): started: testGetLiteralValuePlainString(com.hp.hpl.jena.graph.test.TestNode)
I/JenaTests( 9118): finished: testGetLiteralValuePlainString(com.hp.hpl.jena.graph.test.TestNode)
I/JenaTests( 9118): started: testGetNumericLiteralLexicalForm(com.hp.hpl.jena.graph.test.TestNode)
I/JenaTests( 9118): finished: testGetNumericLiteralLexicalForm(com.hp.hpl.jena.graph.test.TestNode)
I/JenaTests( 9118): started: testGetPlainLiteralLexicalForm(com.hp.hpl.jena.graph.test.TestNode)
I/JenaTests( 9118): finished: testGetPlainLiteralLexicalForm(com.hp.hpl.jena.graph.test.TestNode)
I/JenaTests( 9118): started: testHasURI(com.hp.hpl.jena.graph.test.TestNode)
I/JenaTests( 9118): finished: testHasURI(com.hp.hpl.jena.graph.test.TestNode)
I/JenaTests( 9118): started: testLabels(com.hp.hpl.jena.graph.test.TestNode)
I/JenaTests( 9118): finished: testLabels(com.hp.hpl.jena.graph.test.TestNode)
I/JenaTests( 9118): started: testLiteralIsXML(com.hp.hpl.jena.graph.test.TestNode)
I/JenaTests( 9118): finished: testLiteralIsXML(com.hp.hpl.jena.graph.test.TestNode)
I/JenaTests( 9118): started: testLiteralToString(com.hp.hpl.jena.graph.test.TestNode)
I/JenaTests( 9118): finished: testLiteralToString(com.hp.hpl.jena.graph.test.TestNode)
I/JenaTests( 9118): started: testLiterals(com.hp.hpl.jena.graph.test.TestNode)
I/JenaTests( 9118): finished: testLiterals(com.hp.hpl.jena.graph.test.TestNode)
I/JenaTests( 9118): started: testNamespace(com.hp.hpl.jena.graph.test.TestNode)
I/JenaTests( 9118): finished: testNamespace(com.hp.hpl.jena.graph.test.TestNode)
I/JenaTests( 9118): started: testNodeEquals(com.hp.hpl.jena.graph.test.TestNode)
I/JenaTests( 9118): finished: testNodeEquals(com.hp.hpl.jena.graph.test.TestNode)
I/JenaTests( 9118): started: testNodeHelp(com.hp.hpl.jena.graph.test.TestNode)
I/JenaTests( 9118): finished: testNodeHelp(com.hp.hpl.jena.graph.test.TestNode)
I/JenaTests( 9118): started: testNodeVariableConstructor(com.hp.hpl.jena.graph.test.TestNode)
I/JenaTests( 9118): finished: testNodeVariableConstructor(com.hp.hpl.jena.graph.test.TestNode)
I/JenaTests( 9118): started: testSimpleMatches(com.hp.hpl.jena.graph.test.TestNode)
I/JenaTests( 9118): finished: testSimpleMatches(com.hp.hpl.jena.graph.test.TestNode)
I/JenaTests( 9118): started: testToStringWithPrefixMapping(com.hp.hpl.jena.graph.test.TestNode)
I/JenaTests( 9118): finished: testToStringWithPrefixMapping(com.hp.hpl.jena.graph.test.TestNode)
I/JenaTests( 9118): started: testTypesExpandPrefix(com.hp.hpl.jena.graph.test.TestNode)
I/JenaTests( 9118): finished: testTypesExpandPrefix(com.hp.hpl.jena.graph.test.TestNode)
I/JenaTests( 9118): started: testURIs(com.hp.hpl.jena.graph.test.TestNode)
I/JenaTests( 9118): finished: testURIs(com.hp.hpl.jena.graph.test.TestNode)
I/JenaTests( 9118): started: testVariableSupport(com.hp.hpl.jena.graph.test.TestNode)
I/JenaTests( 9118): finished: testVariableSupport(com.hp.hpl.jena.graph.test.TestNode)
I/JenaTests( 9118): started: testVariables(com.hp.hpl.jena.graph.test.TestNode)
I/JenaTests( 9118): finished: testVariables(com.hp.hpl.jena.graph.test.TestNode)
I/JenaTests( 9118): started: testVisitorPatternCalled(com.hp.hpl.jena.graph.test.TestNode)
I/JenaTests( 9118): finished: testVisitorPatternCalled(com.hp.hpl.jena.graph.test.TestNode)
I/JenaTests( 9118): started: testVisitorPatternNode(com.hp.hpl.jena.graph.test.TestNode)
I/JenaTests( 9118): finished: testVisitorPatternNode(com.hp.hpl.jena.graph.test.TestNode)
I/JenaTests( 9118): started: testVisitorPatternValue(com.hp.hpl.jena.graph.test.TestNode)
I/JenaTests( 9118): finished: testVisitorPatternValue(com.hp.hpl.jena.graph.test.TestNode)
I/JenaTests( 9118): started: testToSilenceJunitComplaintsAboutNoTestMethods(com.hp.hpl.jena.graph.test.TestNode)
I/JenaTests( 9118): finished: testToSilenceJunitComplaintsAboutNoTestMethods(com.hp.hpl.jena.graph.test.TestNode)
I/JenaTests( 9118): started: testAnyTripleDoesntMatch(com.hp.hpl.jena.graph.test.TestTriple)
I/JenaTests( 9118): finished: testAnyTripleDoesntMatch(com.hp.hpl.jena.graph.test.TestTriple)
I/JenaTests( 9118): started: testAnyTripleMatches(com.hp.hpl.jena.graph.test.TestTriple)
I/JenaTests( 9118): finished: testAnyTripleMatches(com.hp.hpl.jena.graph.test.TestTriple)
I/JenaTests( 9118): started: testConcrete(com.hp.hpl.jena.graph.test.TestTriple)
I/JenaTests( 9118): finished: testConcrete(com.hp.hpl.jena.graph.test.TestTriple)
I/JenaTests( 9118): started: testElementMatches(com.hp.hpl.jena.graph.test.TestTriple)
I/JenaTests( 9118): finished: testElementMatches(com.hp.hpl.jena.graph.test.TestTriple)
I/JenaTests( 9118): started: testMatchesNodes(com.hp.hpl.jena.graph.test.TestTriple)
I/JenaTests( 9118): finished: testMatchesNodes(com.hp.hpl.jena.graph.test.TestTriple)
I/JenaTests( 9118): started: testPlainTripleDoesntMatch(com.hp.hpl.jena.graph.test.TestTriple)
I/JenaTests( 9118): finished: testPlainTripleDoesntMatch(com.hp.hpl.jena.graph.test.TestTriple)
I/JenaTests( 9118): started: testPlainTripleMatches(com.hp.hpl.jena.graph.test.TestTriple)
I/JenaTests( 9118): finished: testPlainTripleMatches(com.hp.hpl.jena.graph.test.TestTriple)
I/JenaTests( 9118): started: testTripleCreate(com.hp.hpl.jena.graph.test.TestTriple)
I/JenaTests( 9118): finished: testTripleCreate(com.hp.hpl.jena.graph.test.TestTriple)
I/JenaTests( 9118): started: testTripleCreateFromString(com.hp.hpl.jena.graph.test.TestTriple)
I/JenaTests( 9118): finished: testTripleCreateFromString(com.hp.hpl.jena.graph.test.TestTriple)
I/JenaTests( 9118): started: testTripleCreationMapped(com.hp.hpl.jena.graph.test.TestTriple)
I/JenaTests( 9118): finished: testTripleCreationMapped(com.hp.hpl.jena.graph.test.TestTriple)
I/JenaTests( 9118): started: testTripleEquals(com.hp.hpl.jena.graph.test.TestTriple)
I/ActivityManager(  107): Starting activity: Intent { act=android.intent.action.MAIN cat=[android.intent.category.LAUNCHER] flg=0x10200000 cmp=it.polimi.dei.dbgroup.pedigree.androjena.test/.AndrojenaTestActivity }
I/WindowManager(  107): Setting rotation to 1, animFlags=0
I/ActivityManager(  107): Config changed: { scale=1.0 imsi=0/0 loc=it_IT touch=3 keys=1/1/2 nav=1/1 orien=2 layout=34}
D/PhoneApp(  203): updateProximitySensorMode: state = IDLE
D/PhoneApp(  203): updateProximitySensorMode: lock already released.
D/SurfaceFlinger(  107): createSurface for pid 9118 (800 x 480), clientID=0x7
W/InputManagerService(  107): Starting input on non-focused client com.android.internal.view.IInputMethodClient$Stub$Proxy@2ffdff40 (uid=10013 pid=3335)
W/IInputConnectionWrapper( 3335): showStatusIcon on inactive InputConnection
V/RenderScript_jni( 3335): surfaceDestroyed
V/RenderScript( 3335): setSurface 0 0 0x0
I/WindowManager(  107): Setting rotation to 0, animFlags=0
I/ActivityManager(  107): Config changed: { scale=1.0 imsi=0/0 loc=it_IT touch=3 keys=1/1/2 nav=1/1 orien=1 layout=34}
D/PhoneApp(  203): updateProximitySensorMode: state = IDLE
D/PhoneApp(  203): updateProximitySensorMode: lock already released.
I/JenaTests( 9118): finished: testTripleEquals(com.hp.hpl.jena.graph.test.TestTriple)
I/JenaTests( 9118): started: testTripleMaps(com.hp.hpl.jena.graph.test.TestTriple)
I/JenaTests( 9118): finished: testTripleMaps(com.hp.hpl.jena.graph.test.TestTriple)
I/JenaTests( 9118): started: testTriplePrefixes(com.hp.hpl.jena.graph.test.TestTriple)
I/JenaTests( 9118): finished: testTriplePrefixes(com.hp.hpl.jena.graph.test.TestTriple)
I/JenaTests( 9118): started: testTripleToStringOrdering(com.hp.hpl.jena.graph.test.TestTriple)
I/JenaTests( 9118): finished: testTripleToStringOrdering(com.hp.hpl.jena.graph.test.TestTriple)
I/JenaTests( 9118): started: testTripleToStringQuoting(com.hp.hpl.jena.graph.test.TestTriple)
I/JenaTests( 9118): finished: testTripleToStringQuoting(com.hp.hpl.jena.graph.test.TestTriple)
I/JenaTests( 9118): started: testTripleToStringWithPrefixing(com.hp.hpl.jena.graph.test.TestTriple)
I/JenaTests( 9118): finished: testTripleToStringWithPrefixing(com.hp.hpl.jena.graph.test.TestTriple)
I/JenaTests( 9118): started: testToSilenceJunitComplaintsAboutNoTestMethods(com.hp.hpl.jena.graph.test.TestTriple)
I/JenaTests( 9118): finished: testToSilenceJunitComplaintsAboutNoTestMethods(com.hp.hpl.jena.graph.test.TestTriple)
I/JenaTests( 9118): started: testFieldsExistAndAreTyped(com.hp.hpl.jena.graph.test.TestTripleField)
I/JenaTests( 9118): finished: testFieldsExistAndAreTyped(com.hp.hpl.jena.graph.test.TestTripleField)
I/JenaTests( 9118): started: testFilterByTriple(com.hp.hpl.jena.graph.test.TestTripleField)
I/JenaTests( 9118): finished: testFilterByTriple(com.hp.hpl.jena.graph.test.TestTripleField)
I/JenaTests( 9118): started: testFilterObject(com.hp.hpl.jena.graph.test.TestTripleField)
I/JenaTests( 9118): finished: testFilterObject(com.hp.hpl.jena.graph.test.TestTripleField)
I/JenaTests( 9118): started: testFilterPredicate(com.hp.hpl.jena.graph.test.TestTripleField)
I/JenaTests( 9118): finished: testFilterPredicate(com.hp.hpl.jena.graph.test.TestTripleField)
I/JenaTests( 9118): started: testFilterSubject(com.hp.hpl.jena.graph.test.TestTripleField)
I/JenaTests( 9118): finished: testFilterSubject(com.hp.hpl.jena.graph.test.TestTripleField)
I/JenaTests( 9118): started: testGetObject(com.hp.hpl.jena.graph.test.TestTripleField)
I/JenaTests( 9118): finished: testGetObject(com.hp.hpl.jena.graph.test.TestTripleField)
I/JenaTests( 9118): started: testGetPredicate(com.hp.hpl.jena.graph.test.TestTripleField)
I/JenaTests( 9118): finished: testGetPredicate(com.hp.hpl.jena.graph.test.TestTripleField)
I/JenaTests( 9118): started: testGetSubject(com.hp.hpl.jena.graph.test.TestTripleField)
I/JenaTests( 9118): finished: testGetSubject(com.hp.hpl.jena.graph.test.TestTripleField)
I/JenaTests( 9118): started: testWildcardFilterIsAny(com.hp.hpl.jena.graph.test.TestTripleField)
I/JenaTests( 9118): finished: testWildcardFilterIsAny(com.hp.hpl.jena.graph.test.TestTripleField)
I/JenaTests( 9118): started: testToSilenceJunitComplaintsAboutNoTestMethods(com.hp.hpl.jena.graph.test.TestTripleField)
I/JenaTests( 9118): finished: testToSilenceJunitComplaintsAboutNoTestMethods(com.hp.hpl.jena.graph.test.TestTripleField)
I/JenaTests( 9118): started: testAddBooleanResult(com.hp.hpl.jena.graph.test.TestNodeToTriplesMap)
I/JenaTests( 9118): finished: testAddBooleanResult(com.hp.hpl.jena.graph.test.TestNodeToTriplesMap)
I/JenaTests( 9118): started: testAddOne(com.hp.hpl.jena.graph.test.TestNodeToTriplesMap)
I/JenaTests( 9118): finished: testAddOne(com.hp.hpl.jena.graph.test.TestNodeToTriplesMap)
I/JenaTests( 9118): started: testAddOneTwice(com.hp.hpl.jena.graph.test.TestNodeToTriplesMap)
I/JenaTests( 9118): finished: testAddOneTwice(com.hp.hpl.jena.graph.test.TestNodeToTriplesMap)
I/JenaTests( 9118): started: testAddTwoShared(com.hp.hpl.jena.graph.test.TestNodeToTriplesMap)
I/JenaTests( 9118): finished: testAddTwoShared(com.hp.hpl.jena.graph.test.TestNodeToTriplesMap)
I/JenaTests( 9118): started: testAddTwoUnshared(com.hp.hpl.jena.graph.test.TestNodeToTriplesMap)
I/JenaTests( 9118): finished: testAddTwoUnshared(com.hp.hpl.jena.graph.test.TestNodeToTriplesMap)
I/JenaTests( 9118): started: testAllIterator(com.hp.hpl.jena.graph.test.TestNodeToTriplesMap)
I/JenaTests( 9118): finished: testAllIterator(com.hp.hpl.jena.graph.test.TestNodeToTriplesMap)
I/JenaTests( 9118): started: testClear(com.hp.hpl.jena.graph.test.TestNodeToTriplesMap)
I/JenaTests( 9118): finished: testClear(com.hp.hpl.jena.graph.test.TestNodeToTriplesMap)
I/JenaTests( 9118): started: testContains(com.hp.hpl.jena.graph.test.TestNodeToTriplesMap)
I/JenaTests( 9118): finished: testContains(com.hp.hpl.jena.graph.test.TestNodeToTriplesMap)
I/JenaTests( 9118): started: testIteratorWIthPatternOnEmpty(com.hp.hpl.jena.graph.test.TestNodeToTriplesMap)
I/JenaTests( 9118): finished: testIteratorWIthPatternOnEmpty(com.hp.hpl.jena.graph.test.TestNodeToTriplesMap)
I/JenaTests( 9118): started: testIteratorWIthPatternOnSomething(com.hp.hpl.jena.graph.test.TestNodeToTriplesMap)
I/JenaTests( 9118): finished: testIteratorWIthPatternOnSomething(com.hp.hpl.jena.graph.test.TestNodeToTriplesMap)
I/JenaTests( 9118): started: testOneIterator(com.hp.hpl.jena.graph.test.TestNodeToTriplesMap)
I/JenaTests( 9118): finished: testOneIterator(com.hp.hpl.jena.graph.test.TestNodeToTriplesMap)
I/JenaTests( 9118): started: testRemove(com.hp.hpl.jena.graph.test.TestNodeToTriplesMap)
I/JenaTests( 9118): finished: testRemove(com.hp.hpl.jena.graph.test.TestNodeToTriplesMap)
I/JenaTests( 9118): started: testRemoveBooleanResult(com.hp.hpl.jena.graph.test.TestNodeToTriplesMap)
I/JenaTests( 9118): finished: testRemoveBooleanResult(com.hp.hpl.jena.graph.test.TestNodeToTriplesMap)
I/JenaTests( 9118): started: testRemoveByIterator(com.hp.hpl.jena.graph.test.TestNodeToTriplesMap)
I/JenaTests( 9118): finished: testRemoveByIterator(com.hp.hpl.jena.graph.test.TestNodeToTriplesMap)
I/JenaTests( 9118): started: testUnspecificRemoveO(com.hp.hpl.jena.graph.test.TestNodeToTriplesMap)
I/JenaTests( 9118): finished: testUnspecificRemoveO(com.hp.hpl.jena.graph.test.TestNodeToTriplesMap)
I/JenaTests( 9118): started: testUnspecificRemoveP(com.hp.hpl.jena.graph.test.TestNodeToTriplesMap)
I/JenaTests( 9118): finished: testUnspecificRemoveP(com.hp.hpl.jena.graph.test.TestNodeToTriplesMap)
I/JenaTests( 9118): started: testUnspecificRemoveS(com.hp.hpl.jena.graph.test.TestNodeToTriplesMap)
I/JenaTests( 9118): finished: testUnspecificRemoveS(com.hp.hpl.jena.graph.test.TestNodeToTriplesMap)
I/JenaTests( 9118): started: testZeroSize(com.hp.hpl.jena.graph.test.TestNodeToTriplesMap)
I/JenaTests( 9118): finished: testZeroSize(com.hp.hpl.jena.graph.test.TestNodeToTriplesMap)
I/JenaTests( 9118): started: testToSilenceJunitComplaintsAboutNoTestMethods(com.hp.hpl.jena.graph.test.TestNodeToTriplesMap)
I/JenaTests( 9118): finished: testToSilenceJunitComplaintsAboutNoTestMethods(com.hp.hpl.jena.graph.test.TestNodeToTriplesMap)
I/JenaTests( 9118): started: testEmptyMap(com.hp.hpl.jena.graph.test.TestSimpleReifierTripleMap)
I/JenaTests( 9118): finished: testEmptyMap(com.hp.hpl.jena.graph.test.TestSimpleReifierTripleMap)
I/JenaTests( 9118): started: testMultipleTagging(com.hp.hpl.jena.graph.test.TestSimpleReifierTripleMap)
I/JenaTests( 9118): finished: testMultipleTagging(com.hp.hpl.jena.graph.test.TestSimpleReifierTripleMap)
I/JenaTests( 9118): started: testPutTriple_getTriple(com.hp.hpl.jena.graph.test.TestSimpleReifierTripleMap)
I/JenaTests( 9118): finished: testPutTriple_getTriple(com.hp.hpl.jena.graph.test.TestSimpleReifierTripleMap)
I/JenaTests( 9118): started: testPutTriple_hasTriple(com.hp.hpl.jena.graph.test.TestSimpleReifierTripleMap)
I/JenaTests( 9118): finished: testPutTriple_hasTriple(com.hp.hpl.jena.graph.test.TestSimpleReifierTripleMap)
I/JenaTests( 9118): started: testPutTriple_tagIterator(com.hp.hpl.jena.graph.test.TestSimpleReifierTripleMap)
I/JenaTests( 9118): finished: testPutTriple_tagIterator(com.hp.hpl.jena.graph.test.TestSimpleReifierTripleMap)
I/JenaTests( 9118): started: testPutTriple_tagIteratorT(com.hp.hpl.jena.graph.test.TestSimpleReifierTripleMap)
I/JenaTests( 9118): finished: testPutTriple_tagIteratorT(com.hp.hpl.jena.graph.test.TestSimpleReifierTripleMap)
I/JenaTests( 9118): started: testPutTriples_getTriple(com.hp.hpl.jena.graph.test.TestSimpleReifierTripleMap)
I/JenaTests( 9118): finished: testPutTriples_getTriple(com.hp.hpl.jena.graph.test.TestSimpleReifierTripleMap)
I/JenaTests( 9118): started: testPutTriples_hasTriple(com.hp.hpl.jena.graph.test.TestSimpleReifierTripleMap)
I/JenaTests( 9118): finished: testPutTriples_hasTriple(com.hp.hpl.jena.graph.test.TestSimpleReifierTripleMap)
I/JenaTests( 9118): started: testPutTriples_tagIterator(com.hp.hpl.jena.graph.test.TestSimpleReifierTripleMap)
I/JenaTests( 9118): finished: testPutTriples_tagIterator(com.hp.hpl.jena.graph.test.TestSimpleReifierTripleMap)
I/JenaTests( 9118): started: testPutTriples_tagIteratorT(com.hp.hpl.jena.graph.test.TestSimpleReifierTripleMap)
I/JenaTests( 9118): finished: testPutTriples_tagIteratorT(com.hp.hpl.jena.graph.test.TestSimpleReifierTripleMap)
I/JenaTests( 9118): started: testRemoveTaggedTriple(com.hp.hpl.jena.graph.test.TestSimpleReifierTripleMap)
I/JenaTests( 9118): finished: testRemoveTaggedTriple(com.hp.hpl.jena.graph.test.TestSimpleReifierTripleMap)
I/JenaTests( 9118): started: testRemoveTripleDirectly(com.hp.hpl.jena.graph.test.TestSimpleReifierTripleMap)
I/JenaTests( 9118): finished: testRemoveTripleDirectly(com.hp.hpl.jena.graph.test.TestSimpleReifierTripleMap)
I/JenaTests( 9118): started: testRemoveTriplesByTag(com.hp.hpl.jena.graph.test.TestSimpleReifierTripleMap)
I/JenaTests( 9118): finished: testRemoveTriplesByTag(com.hp.hpl.jena.graph.test.TestSimpleReifierTripleMap)
I/JenaTests( 9118): started: testToSilenceJunitComplaintsAboutNoTestMethods(com.hp.hpl.jena.graph.test.TestSimpleReifierTripleMap)
I/JenaTests( 9118): finished: testToSilenceJunitComplaintsAboutNoTestMethods(com.hp.hpl.jena.graph.test.TestSimpleReifierTripleMap)
I/JenaTests( 9118): started: testPutFragments(com.hp.hpl.jena.graph.test.TestSimpleReifierFragmentsMap)
I/JenaTests( 9118): finished: testPutFragments(com.hp.hpl.jena.graph.test.TestSimpleReifierFragmentsMap)
I/JenaTests( 9118): started: testToSilenceJunitComplaintsAboutNoTestMethods(com.hp.hpl.jena.graph.test.TestSimpleReifierFragmentsMap)
I/JenaTests( 9118): finished: testToSilenceJunitComplaintsAboutNoTestMethods(com.hp.hpl.jena.graph.test.TestSimpleReifierFragmentsMap)
I/JenaTests( 9118): started: testExtendedConstructorExists(com.hp.hpl.jena.graph.test.TestReifier)
I/JenaTests( 9118): finished: testExtendedConstructorExists(com.hp.hpl.jena.graph.test.TestReifier)
I/JenaTests( 9118): started: testAllNodes(com.hp.hpl.jena.graph.test.TestReifier)
I/JenaTests( 9118): finished: testAllNodes(com.hp.hpl.jena.graph.test.TestReifier)
I/JenaTests( 9118): started: testBulkClearReificationTriples(com.hp.hpl.jena.graph.test.TestReifier)
I/JenaTests( 9118): finished: testBulkClearReificationTriples(com.hp.hpl.jena.graph.test.TestReifier)
I/JenaTests( 9118): started: testBulkClearReificationTriples2(com.hp.hpl.jena.graph.test.TestReifier)
I/JenaTests( 9118): finished: testBulkClearReificationTriples2(com.hp.hpl.jena.graph.test.TestReifier)
I/JenaTests( 9118): started: testDynamicHiddenTriples(com.hp.hpl.jena.graph.test.TestReifier)
I/JenaTests( 9118): finished: testDynamicHiddenTriples(com.hp.hpl.jena.graph.test.TestReifier)
