I/JenaTests( 9118): started: testEmpty(com.hp.hpl.jena.graph.test.TestReifier)
I/JenaTests( 9118): finished: testEmpty(com.hp.hpl.jena.graph.test.TestReifier)
I/JenaTests( 9118): started: testEmptyReifiers(com.hp.hpl.jena.graph.test.TestReifier)
I/JenaTests( 9118): finished: testEmptyReifiers(com.hp.hpl.jena.graph.test.TestReifier)
I/JenaTests( 9118): started: testException(com.hp.hpl.jena.graph.test.TestReifier)
I/JenaTests( 9118): finished: testException(com.hp.hpl.jena.graph.test.TestReifier)
I/JenaTests( 9118): started: testGetGraphNotNull(com.hp.hpl.jena.graph.test.TestReifier)
I/JenaTests( 9118): finished: testGetGraphNotNull(com.hp.hpl.jena.graph.test.TestReifier)
I/JenaTests( 9118): started: testGotGraphReifierNotNull(com.hp.hpl.jena.graph.test.TestReifier)
I/JenaTests( 9118): finished: testGotGraphReifierNotNull(com.hp.hpl.jena.graph.test.TestReifier)
I/JenaTests( 9118): started: testGotGraphReifierStyleNotNull(com.hp.hpl.jena.graph.test.TestReifier)
I/JenaTests( 9118): finished: testGotGraphReifierStyleNotNull(com.hp.hpl.jena.graph.test.TestReifier)
I/JenaTests( 9118): started: testHiddenVsReification(com.hp.hpl.jena.graph.test.TestReifier)
I/JenaTests( 9118): finished: testHiddenVsReification(com.hp.hpl.jena.graph.test.TestReifier)
I/JenaTests( 9118): started: testIntercept(com.hp.hpl.jena.graph.test.TestReifier)
I/JenaTests( 9118): finished: testIntercept(com.hp.hpl.jena.graph.test.TestReifier)
I/JenaTests( 9118): started: testKevinCaseA(com.hp.hpl.jena.graph.test.TestReifier)
I/JenaTests( 9118): finished: testKevinCaseA(com.hp.hpl.jena.graph.test.TestReifier)
I/JenaTests( 9118): started: testKevinCaseB(com.hp.hpl.jena.graph.test.TestReifier)
I/JenaTests( 9118): finished: testKevinCaseB(com.hp.hpl.jena.graph.test.TestReifier)
I/JenaTests( 9118): started: testManifestQuads(com.hp.hpl.jena.graph.test.TestReifier)
I/JenaTests( 9118): finished: testManifestQuads(com.hp.hpl.jena.graph.test.TestReifier)
I/JenaTests( 9118): started: testMinimalExplode(com.hp.hpl.jena.graph.test.TestReifier)
I/JenaTests( 9118): finished: testMinimalExplode(com.hp.hpl.jena.graph.test.TestReifier)
I/JenaTests( 9118): started: testOverspecificationSuppressesReification(com.hp.hpl.jena.graph.test.TestReifier)
I/JenaTests( 9118): finished: testOverspecificationSuppressesReification(com.hp.hpl.jena.graph.test.TestReifier)
I/JenaTests( 9118): started: testParent(com.hp.hpl.jena.graph.test.TestReifier)
I/JenaTests( 9118): finished: testParent(com.hp.hpl.jena.graph.test.TestReifier)
I/JenaTests( 9118): started: testQuadRemove(com.hp.hpl.jena.graph.test.TestReifier)
I/JenaTests( 9118): finished: testQuadRemove(com.hp.hpl.jena.graph.test.TestReifier)
I/JenaTests( 9118): started: testQuintetBug(com.hp.hpl.jena.graph.test.TestReifier)
I/JenaTests( 9118): finished: testQuintetBug(com.hp.hpl.jena.graph.test.TestReifier)
I/JenaTests( 9118): started: testReificationObjectClash(com.hp.hpl.jena.graph.test.TestReifier)
I/JenaTests( 9118): finished: testReificationObjectClash(com.hp.hpl.jena.graph.test.TestReifier)
I/JenaTests( 9118): started: testReificationPredicateClash(com.hp.hpl.jena.graph.test.TestReifier)
I/JenaTests( 9118): finished: testReificationPredicateClash(com.hp.hpl.jena.graph.test.TestReifier)
I/JenaTests( 9118): started: testReificationSubjectClash(com.hp.hpl.jena.graph.test.TestReifier)
I/JenaTests( 9118): finished: testReificationSubjectClash(com.hp.hpl.jena.graph.test.TestReifier)
I/JenaTests( 9118): started: testReificationTriples(com.hp.hpl.jena.graph.test.TestReifier)
I/JenaTests( 9118): finished: testReificationTriples(com.hp.hpl.jena.graph.test.TestReifier)
I/JenaTests( 9118): started: testReifierClosed(com.hp.hpl.jena.graph.test.TestReifier)
I/JenaTests( 9118): finished: testReifierClosed(com.hp.hpl.jena.graph.test.TestReifier)
I/JenaTests( 9118): started: testReifierEmptyFind(com.hp.hpl.jena.graph.test.TestReifier)
I/JenaTests( 9118): finished: testReifierEmptyFind(com.hp.hpl.jena.graph.test.TestReifier)
I/JenaTests( 9118): started: testReifierFindComplete(com.hp.hpl.jena.graph.test.TestReifier)
I/JenaTests( 9118): finished: testReifierFindComplete(com.hp.hpl.jena.graph.test.TestReifier)
I/JenaTests( 9118): started: testReifierFindFilter(com.hp.hpl.jena.graph.test.TestReifier)
I/JenaTests( 9118): finished: testReifierFindFilter(com.hp.hpl.jena.graph.test.TestReifier)
I/JenaTests( 9118): started: testReifierFindObject(com.hp.hpl.jena.graph.test.TestReifier)
I/JenaTests( 9118): finished: testReifierFindObject(com.hp.hpl.jena.graph.test.TestReifier)
I/JenaTests( 9118): started: testReifierFindPredicate(com.hp.hpl.jena.graph.test.TestReifier)
I/JenaTests( 9118): finished: testReifierFindPredicate(com.hp.hpl.jena.graph.test.TestReifier)
I/JenaTests( 9118): started: testReifierFindSubject(com.hp.hpl.jena.graph.test.TestReifier)
I/JenaTests( 9118): finished: testReifierFindSubject(com.hp.hpl.jena.graph.test.TestReifier)
I/JenaTests( 9118): started: testReifierSize(com.hp.hpl.jena.graph.test.TestReifier)
I/JenaTests( 9118): finished: testReifierSize(com.hp.hpl.jena.graph.test.TestReifier)
I/JenaTests( 9118): started: testReifyAs(com.hp.hpl.jena.graph.test.TestReifier)
I/JenaTests( 9118): finished: testReifyAs(com.hp.hpl.jena.graph.test.TestReifier)
I/JenaTests( 9118): started: testRemoveByNode(com.hp.hpl.jena.graph.test.TestReifier)
I/JenaTests( 9118): finished: testRemoveByNode(com.hp.hpl.jena.graph.test.TestReifier)
I/JenaTests( 9118): started: testRemoveFromNothing(com.hp.hpl.jena.graph.test.TestReifier)
I/JenaTests( 9118): finished: testRemoveFromNothing(com.hp.hpl.jena.graph.test.TestReifier)
I/JenaTests( 9118): started: testRetrieveTriplesByNode(com.hp.hpl.jena.graph.test.TestReifier)
I/JenaTests( 9118): finished: testRetrieveTriplesByNode(com.hp.hpl.jena.graph.test.TestReifier)
I/JenaTests( 9118): started: testRetrieveTriplesByTriple(com.hp.hpl.jena.graph.test.TestReifier)
I/JenaTests( 9118): finished: testRetrieveTriplesByTriple(com.hp.hpl.jena.graph.test.TestReifier)
I/JenaTests( 9118): started: testSameReifier(com.hp.hpl.jena.graph.test.TestReifier)
I/JenaTests( 9118): finished: testSameReifier(com.hp.hpl.jena.graph.test.TestReifier)
I/JenaTests( 9118): started: testStandard(com.hp.hpl.jena.graph.test.TestReifier)
I/JenaTests( 9118): finished: testStandard(com.hp.hpl.jena.graph.test.TestReifier)
I/JenaTests( 9118): started: testStandardExplode(com.hp.hpl.jena.graph.test.TestReifier)
I/JenaTests( 9118): finished: testStandardExplode(com.hp.hpl.jena.graph.test.TestReifier)
I/JenaTests( 9118): started: testStyle(com.hp.hpl.jena.graph.test.TestReifier)
I/JenaTests( 9118): finished: testStyle(com.hp.hpl.jena.graph.test.TestReifier)
I/JenaTests( 9118): started: testToSilenceJunitComplaintsAboutNoTestMethods(com.hp.hpl.jena.graph.test.TestReifier)
I/JenaTests( 9118): finished: testToSilenceJunitComplaintsAboutNoTestMethods(com.hp.hpl.jena.graph.test.TestReifier)
I/JenaTests( 9118): started: testExtendedConstructorExists(com.hp.hpl.jena.graph.test.TestReifier)
I/JenaTests( 9118): finished: testExtendedConstructorExists(com.hp.hpl.jena.graph.test.TestReifier)
I/JenaTests( 9118): started: testAllNodes(com.hp.hpl.jena.graph.test.TestReifier)
I/ActivityManager(  107): Start proc com.android.settings for broadcast com.android.settings/.widget.SettingsAppWidgetProvider: pid=9358 uid=1000 gids={3003, 3002, 3001}
I/ActivityManager(  107): Starting activity: Intent { act=android.intent.action.MAIN cat=[android.intent.category.HOME] flg=0x10200000 cmp=com.android.launcher2/.Launcher }
I/JenaTests( 9118): finished: testAllNodes(com.hp.hpl.jena.graph.test.TestReifier)
I/JenaTests( 9118): started: testBulkClearReificationTriples(com.hp.hpl.jena.graph.test.TestReifier)
I/JenaTests( 9118): finished: testBulkClearReificationTriples(com.hp.hpl.jena.graph.test.TestReifier)
I/JenaTests( 9118): started: testBulkClearReificationTriples2(com.hp.hpl.jena.graph.test.TestReifier)
I/JenaTests( 9118): finished: testBulkClearReificationTriples2(com.hp.hpl.jena.graph.test.TestReifier)
I/JenaTests( 9118): started: testDynamicHiddenTriples(com.hp.hpl.jena.graph.test.TestReifier)
I/JenaTests( 9118): finished: testDynamicHiddenTriples(com.hp.hpl.jena.graph.test.TestReifier)
W/InputManagerService(  107): Ignoring hideSoftInput of: com.android.internal.view.IInputMethodClient$Stub$Proxy@3004ddd0
I/JenaTests( 9118): started: testEmpty(com.hp.hpl.jena.graph.test.TestReifier)
I/JenaTests( 9118): finished: testEmpty(com.hp.hpl.jena.graph.test.TestReifier)
I/JenaTests( 9118): started: testEmptyReifiers(com.hp.hpl.jena.graph.test.TestReifier)
I/JenaTests( 9118): finished: testEmptyReifiers(com.hp.hpl.jena.graph.test.TestReifier)
I/JenaTests( 9118): started: testException(com.hp.hpl.jena.graph.test.TestReifier)
I/JenaTests( 9118): finished: testException(com.hp.hpl.jena.graph.test.TestReifier)
I/JenaTests( 9118): started: testGetGraphNotNull(com.hp.hpl.jena.graph.test.TestReifier)
I/JenaTests( 9118): finished: testGetGraphNotNull(com.hp.hpl.jena.graph.test.TestReifier)
I/JenaTests( 9118): started: testGotGraphReifierNotNull(com.hp.hpl.jena.graph.test.TestReifier)
I/JenaTests( 9118): finished: testGotGraphReifierNotNull(com.hp.hpl.jena.graph.test.TestReifier)
I/JenaTests( 9118): started: testGotGraphReifierStyleNotNull(com.hp.hpl.jena.graph.test.TestReifier)
I/JenaTests( 9118): finished: testGotGraphReifierStyleNotNull(com.hp.hpl.jena.graph.test.TestReifier)
I/JenaTests( 9118): started: testHiddenVsReification(com.hp.hpl.jena.graph.test.TestReifier)
I/JenaTests( 9118): finished: testHiddenVsReification(com.hp.hpl.jena.graph.test.TestReifier)
I/JenaTests( 9118): started: testIntercept(com.hp.hpl.jena.graph.test.TestReifier)
I/JenaTests( 9118): finished: testIntercept(com.hp.hpl.jena.graph.test.TestReifier)
I/JenaTests( 9118): started: testKevinCaseA(com.hp.hpl.jena.graph.test.TestReifier)
I/JenaTests( 9118): finished: testKevinCaseA(com.hp.hpl.jena.graph.test.TestReifier)
I/JenaTests( 9118): started: testKevinCaseB(com.hp.hpl.jena.graph.test.TestReifier)
I/JenaTests( 9118): finished: testKevinCaseB(com.hp.hpl.jena.graph.test.TestReifier)
I/JenaTests( 9118): started: testManifestQuads(com.hp.hpl.jena.graph.test.TestReifier)
I/JenaTests( 9118): finished: testManifestQuads(com.hp.hpl.jena.graph.test.TestReifier)
D/SurfaceFlinger(  107): createSurface for pid 3335 (800 x 442), clientID=0x3
V/RenderScript_jni( 3335): surfaceCreated
V/RenderScript_jni( 3335): surfaceChanged
V/RenderScript( 3335): setSurface 800 442 0x3ec120
D/SurfaceFlinger(  107): createSurface for pid 3335 (800 x 480), clientID=0x3
I/JenaTests( 9118): started: testMinimalExplode(com.hp.hpl.jena.graph.test.TestReifier)
I/JenaTests( 9118): finished: testMinimalExplode(com.hp.hpl.jena.graph.test.TestReifier)
I/JenaTests( 9118): started: testOverspecificationSuppressesReification(com.hp.hpl.jena.graph.test.TestReifier)
I/JenaTests( 9118): finished: testOverspecificationSuppressesReification(com.hp.hpl.jena.graph.test.TestReifier)
I/JenaTests( 9118): started: testParent(com.hp.hpl.jena.graph.test.TestReifier)
I/JenaTests( 9118): finished: testParent(com.hp.hpl.jena.graph.test.TestReifier)
I/JenaTests( 9118): started: testQuadRemove(com.hp.hpl.jena.graph.test.TestReifier)
V/RenderScript_jni( 3335): surfaceChanged
V/RenderScript( 3335): setSurface 480 762 0x3ec120
I/JenaTests( 9118): finished: testQuadRemove(com.hp.hpl.jena.graph.test.TestReifier)
W/InputManagerService(  107): Starting input on non-focused client com.android.internal.view.IInputMethodClient$Stub$Proxy@301228c0 (uid=10058 pid=9118)
W/IInputConnectionWrapper( 9118): showStatusIcon on inactive InputConnection
I/JenaTests( 9118): started: testQuintetBug(com.hp.hpl.jena.graph.test.TestReifier)
I/JenaTests( 9118): finished: testQuintetBug(com.hp.hpl.jena.graph.test.TestReifier)
I/JenaTests( 9118): started: testReificationObjectClash(com.hp.hpl.jena.graph.test.TestReifier)
I/JenaTests( 9118): finished: testReificationObjectClash(com.hp.hpl.jena.graph.test.TestReifier)
I/JenaTests( 9118): started: testReificationPredicateClash(com.hp.hpl.jena.graph.test.TestReifier)
I/JenaTests( 9118): finished: testReificationPredicateClash(com.hp.hpl.jena.graph.test.TestReifier)
I/JenaTests( 9118): started: testReificationSubjectClash(com.hp.hpl.jena.graph.test.TestReifier)
I/JenaTests( 9118): finished: testReificationSubjectClash(com.hp.hpl.jena.graph.test.TestReifier)
I/JenaTests( 9118): started: testReificationTriples(com.hp.hpl.jena.graph.test.TestReifier)
I/JenaTests( 9118): finished: testReificationTriples(com.hp.hpl.jena.graph.test.TestReifier)
I/JenaTests( 9118): started: testReifierClosed(com.hp.hpl.jena.graph.test.TestReifier)
I/JenaTests( 9118): finished: testReifierClosed(com.hp.hpl.jena.graph.test.TestReifier)
I/JenaTests( 9118): started: testReifierEmptyFind(com.hp.hpl.jena.graph.test.TestReifier)
I/JenaTests( 9118): finished: testReifierEmptyFind(com.hp.hpl.jena.graph.test.TestReifier)
I/JenaTests( 9118): started: testReifierFindComplete(com.hp.hpl.jena.graph.test.TestReifier)
I/JenaTests( 9118): finished: testReifierFindComplete(com.hp.hpl.jena.graph.test.TestReifier)
I/JenaTests( 9118): started: testReifierFindFilter(com.hp.hpl.jena.graph.test.TestReifier)
I/JenaTests( 9118): finished: testReifierFindFilter(com.hp.hpl.jena.graph.test.TestReifier)
I/JenaTests( 9118): started: testReifierFindObject(com.hp.hpl.jena.graph.test.TestReifier)
I/JenaTests( 9118): finished: testReifierFindObject(com.hp.hpl.jena.graph.test.TestReifier)
I/JenaTests( 9118): started: testReifierFindPredicate(com.hp.hpl.jena.graph.test.TestReifier)
I/JenaTests( 9118): finished: testReifierFindPredicate(com.hp.hpl.jena.graph.test.TestReifier)
I/JenaTests( 9118): started: testReifierFindSubject(com.hp.hpl.jena.graph.test.TestReifier)
I/JenaTests( 9118): finished: testReifierFindSubject(com.hp.hpl.jena.graph.test.TestReifier)
I/JenaTests( 9118): started: testReifierSize(com.hp.hpl.jena.graph.test.TestReifier)
I/JenaTests( 9118): finished: testReifierSize(com.hp.hpl.jena.graph.test.TestReifier)
I/JenaTests( 9118): started: testReifyAs(com.hp.hpl.jena.graph.test.TestReifier)
I/JenaTests( 9118): finished: testReifyAs(com.hp.hpl.jena.graph.test.TestReifier)
I/JenaTests( 9118): started: testRemoveByNode(com.hp.hpl.jena.graph.test.TestReifier)
I/JenaTests( 9118): finished: testRemoveByNode(com.hp.hpl.jena.graph.test.TestReifier)
I/JenaTests( 9118): started: testRemoveFromNothing(com.hp.hpl.jena.graph.test.TestReifier)
I/JenaTests( 9118): finished: testRemoveFromNothing(com.hp.hpl.jena.graph.test.TestReifier)
I/JenaTests( 9118): started: testRetrieveTriplesByNode(com.hp.hpl.jena.graph.test.TestReifier)
I/JenaTests( 9118): finished: testRetrieveTriplesByNode(com.hp.hpl.jena.graph.test.TestReifier)
I/JenaTests( 9118): started: testRetrieveTriplesByTriple(com.hp.hpl.jena.graph.test.TestReifier)
I/JenaTests( 9118): finished: testRetrieveTriplesByTriple(com.hp.hpl.jena.graph.test.TestReifier)
I/JenaTests( 9118): started: testSameReifier(com.hp.hpl.jena.graph.test.TestReifier)
I/JenaTests( 9118): finished: testSameReifier(com.hp.hpl.jena.graph.test.TestReifier)
I/JenaTests( 9118): started: testStandard(com.hp.hpl.jena.graph.test.TestReifier)
I/JenaTests( 9118): finished: testStandard(com.hp.hpl.jena.graph.test.TestReifier)
I/JenaTests( 9118): started: testStandardExplode(com.hp.hpl.jena.graph.test.TestReifier)
I/JenaTests( 9118): finished: testStandardExplode(com.hp.hpl.jena.graph.test.TestReifier)
I/JenaTests( 9118): started: testStyle(com.hp.hpl.jena.graph.test.TestReifier)
I/JenaTests( 9118): finished: testStyle(com.hp.hpl.jena.graph.test.TestReifier)
I/JenaTests( 9118): started: testToSilenceJunitComplaintsAboutNoTestMethods(com.hp.hpl.jena.graph.test.TestReifier)
I/JenaTests( 9118): finished: testToSilenceJunitComplaintsAboutNoTestMethods(com.hp.hpl.jena.graph.test.TestReifier)
I/JenaTests( 9118): started: testExtendedConstructorExists(com.hp.hpl.jena.graph.test.TestReifier)
I/JenaTests( 9118): finished: testExtendedConstructorExists(com.hp.hpl.jena.graph.test.TestReifier)
I/JenaTests( 9118): started: testAllNodes(com.hp.hpl.jena.graph.test.TestReifier)
I/JenaTests( 9118): finished: testAllNodes(com.hp.hpl.jena.graph.test.TestReifier)
I/JenaTests( 9118): started: testBulkClearReificationTriples(com.hp.hpl.jena.graph.test.TestReifier)
I/JenaTests( 9118): finished: testBulkClearReificationTriples(com.hp.hpl.jena.graph.test.TestReifier)
I/JenaTests( 9118): started: testBulkClearReificationTriples2(com.hp.hpl.jena.graph.test.TestReifier)
I/JenaTests( 9118): finished: testBulkClearReificationTriples2(com.hp.hpl.jena.graph.test.TestReifier)
I/JenaTests( 9118): started: testDynamicHiddenTriples(com.hp.hpl.jena.graph.test.TestReifier)
I/JenaTests( 9118): finished: testDynamicHiddenTriples(com.hp.hpl.jena.graph.test.TestReifier)
I/JenaTests( 9118): started: testEmpty(com.hp.hpl.jena.graph.test.TestReifier)
I/JenaTests( 9118): finished: testEmpty(com.hp.hpl.jena.graph.test.TestReifier)
I/JenaTests( 9118): started: testEmptyReifiers(com.hp.hpl.jena.graph.test.TestReifier)
I/JenaTests( 9118): finished: testEmptyReifiers(com.hp.hpl.jena.graph.test.TestReifier)
I/JenaTests( 9118): started: testException(com.hp.hpl.jena.graph.test.TestReifier)
I/JenaTests( 9118): finished: testException(com.hp.hpl.jena.graph.test.TestReifier)
I/JenaTests( 9118): started: testGetGraphNotNull(com.hp.hpl.jena.graph.test.TestReifier)
I/JenaTests( 9118): finished: testGetGraphNotNull(com.hp.hpl.jena.graph.test.TestReifier)
I/JenaTests( 9118): started: testGotGraphReifierNotNull(com.hp.hpl.jena.graph.test.TestReifier)
I/JenaTests( 9118): finished: testGotGraphReifierNotNull(com.hp.hpl.jena.graph.test.TestReifier)
I/JenaTests( 9118): started: testGotGraphReifierStyleNotNull(com.hp.hpl.jena.graph.test.TestReifier)
I/JenaTests( 9118): finished: testGotGraphReifierStyleNotNull(com.hp.hpl.jena.graph.test.TestReifier)
I/JenaTests( 9118): started: testHiddenVsReification(com.hp.hpl.jena.graph.test.TestReifier)
I/JenaTests( 9118): finished: testHiddenVsReification(com.hp.hpl.jena.graph.test.TestReifier)
I/JenaTests( 9118): started: testIntercept(com.hp.hpl.jena.graph.test.TestReifier)
I/JenaTests( 9118): finished: testIntercept(com.hp.hpl.jena.graph.test.TestReifier)
I/JenaTests( 9118): started: testKevinCaseA(com.hp.hpl.jena.graph.test.TestReifier)
I/JenaTests( 9118): finished: testKevinCaseA(com.hp.hpl.jena.graph.test.TestReifier)
I/JenaTests( 9118): started: testKevinCaseB(com.hp.hpl.jena.graph.test.TestReifier)
I/JenaTests( 9118): finished: testKevinCaseB(com.hp.hpl.jena.graph.test.TestReifier)
I/JenaTests( 9118): started: testManifestQuads(com.hp.hpl.jena.graph.test.TestReifier)
I/JenaTests( 9118): finished: testManifestQuads(com.hp.hpl.jena.graph.test.TestReifier)
I/JenaTests( 9118): started: testMinimalExplode(com.hp.hpl.jena.graph.test.TestReifier)
I/JenaTests( 9118): finished: testMinimalExplode(com.hp.hpl.jena.graph.test.TestReifier)
I/JenaTests( 9118): started: testOverspecificationSuppressesReification(com.hp.hpl.jena.graph.test.TestReifier)
I/JenaTests( 9118): finished: testOverspecificationSuppressesReification(com.hp.hpl.jena.graph.test.TestReifier)
I/JenaTests( 9118): started: testParent(com.hp.hpl.jena.graph.test.TestReifier)
I/JenaTests( 9118): finished: testParent(com.hp.hpl.jena.graph.test.TestReifier)
I/JenaTests( 9118): started: testQuadRemove(com.hp.hpl.jena.graph.test.TestReifier)
I/JenaTests( 9118): finished: testQuadRemove(com.hp.hpl.jena.graph.test.TestReifier)
I/JenaTests( 9118): started: testQuintetBug(com.hp.hpl.jena.graph.test.TestReifier)
I/JenaTests( 9118): finished: testQuintetBug(com.hp.hpl.jena.graph.test.TestReifier)
I/JenaTests( 9118): started: testReificationObjectClash(com.hp.hpl.jena.graph.test.TestReifier)
I/JenaTests( 9118): finished: testReificationObjectClash(com.hp.hpl.jena.graph.test.TestReifier)
I/JenaTests( 9118): started: testReificationPredicateClash(com.hp.hpl.jena.graph.test.TestReifier)
I/JenaTests( 9118): finished: testReificationPredicateClash(com.hp.hpl.jena.graph.test.TestReifier)
I/JenaTests( 9118): started: testReificationSubjectClash(com.hp.hpl.jena.graph.test.TestReifier)
I/JenaTests( 9118): finished: testReificationSubjectClash(com.hp.hpl.jena.graph.test.TestReifier)
I/JenaTests( 9118): started: testReificationTriples(com.hp.hpl.jena.graph.test.TestReifier)
I/JenaTests( 9118): finished: testReificationTriples(com.hp.hpl.jena.graph.test.TestReifier)
I/JenaTests( 9118): started: testReifierClosed(com.hp.hpl.jena.graph.test.TestReifier)
I/JenaTests( 9118): finished: testReifierClosed(com.hp.hpl.jena.graph.test.TestReifier)
I/JenaTests( 9118): started: testReifierEmptyFind(com.hp.hpl.jena.graph.test.TestReifier)
I/JenaTests( 9118): finished: testReifierEmptyFind(com.hp.hpl.jena.graph.test.TestReifier)
I/JenaTests( 9118): started: testReifierFindComplete(com.hp.hpl.jena.graph.test.TestReifier)
I/JenaTests( 9118): finished: testReifierFindComplete(com.hp.hpl.jena.graph.test.TestReifier)
I/JenaTests( 9118): started: testReifierFindFilter(com.hp.hpl.jena.graph.test.TestReifier)
I/JenaTests( 9118): finished: testReifierFindFilter(com.hp.hpl.jena.graph.test.TestReifier)
I/JenaTests( 9118): started: testReifierFindObject(com.hp.hpl.jena.graph.test.TestReifier)
I/JenaTests( 9118): finished: testReifierFindObject(com.hp.hpl.jena.graph.test.TestReifier)
I/JenaTests( 9118): started: testReifierFindPredicate(com.hp.hpl.jena.graph.test.TestReifier)
I/JenaTests( 9118): finished: testReifierFindPredicate(com.hp.hpl.jena.graph.test.TestReifier)
I/JenaTests( 9118): started: testReifierFindSubject(com.hp.hpl.jena.graph.test.TestReifier)
I/JenaTests( 9118): finished: testReifierFindSubject(com.hp.hpl.jena.graph.test.TestReifier)
I/JenaTests( 9118): started: testReifierSize(com.hp.hpl.jena.graph.test.TestReifier)
I/JenaTests( 9118): finished: testReifierSize(com.hp.hpl.jena.graph.test.TestReifier)
I/JenaTests( 9118): started: testReifyAs(com.hp.hpl.jena.graph.test.TestReifier)
I/JenaTests( 9118): finished: testReifyAs(com.hp.hpl.jena.graph.test.TestReifier)
I/JenaTests( 9118): started: testRemoveByNode(com.hp.hpl.jena.graph.test.TestReifier)
I/JenaTests( 9118): finished: testRemoveByNode(com.hp.hpl.jena.graph.test.TestReifier)
I/JenaTests( 9118): started: testRemoveFromNothing(com.hp.hpl.jena.graph.test.TestReifier)
I/JenaTests( 9118): finished: testRemoveFromNothing(com.hp.hpl.jena.graph.test.TestReifier)
I/JenaTests( 9118): started: testRetrieveTriplesByNode(com.hp.hpl.jena.graph.test.TestReifier)
I/JenaTests( 9118): finished: testRetrieveTriplesByNode(com.hp.hpl.jena.graph.test.TestReifier)
I/JenaTests( 9118): started: testRetrieveTriplesByTriple(com.hp.hpl.jena.graph.test.TestReifier)
I/JenaTests( 9118): finished: testRetrieveTriplesByTriple(com.hp.hpl.jena.graph.test.TestReifier)
I/JenaTests( 9118): started: testSameReifier(com.hp.hpl.jena.graph.test.TestReifier)
I/JenaTests( 9118): finished: testSameReifier(com.hp.hpl.jena.graph.test.TestReifier)
I/JenaTests( 9118): started: testStandard(com.hp.hpl.jena.graph.test.TestReifier)
I/JenaTests( 9118): finished: testStandard(com.hp.hpl.jena.graph.test.TestReifier)
I/JenaTests( 9118): started: testStandardExplode(com.hp.hpl.jena.graph.test.TestReifier)
I/JenaTests( 9118): finished: testStandardExplode(com.hp.hpl.jena.graph.test.TestReifier)
I/JenaTests( 9118): started: testStyle(com.hp.hpl.jena.graph.test.TestReifier)
I/JenaTests( 9118): finished: testStyle(com.hp.hpl.jena.graph.test.TestReifier)
I/JenaTests( 9118): started: testToSilenceJunitComplaintsAboutNoTestMethods(com.hp.hpl.jena.graph.test.TestReifier)
I/JenaTests( 9118): finished: testToSilenceJunitComplaintsAboutNoTestMethods(com.hp.hpl.jena.graph.test.TestReifier)
I/JenaTests( 9118): started: testExtendedConstructorExists(com.hp.hpl.jena.graph.test.TestReifier)
I/JenaTests( 9118): finished: testExtendedConstructorExists(com.hp.hpl.jena.graph.test.TestReifier)
I/JenaTests( 9118): started: testAllNodes(com.hp.hpl.jena.graph.test.TestReifier)
I/JenaTests( 9118): finished: testAllNodes(com.hp.hpl.jena.graph.test.TestReifier)
I/JenaTests( 9118): started: testBulkClearReificationTriples(com.hp.hpl.jena.graph.test.TestReifier)
I/JenaTests( 9118): finished: testBulkClearReificationTriples(com.hp.hpl.jena.graph.test.TestReifier)
I/JenaTests( 9118): started: testBulkClearReificationTriples2(com.hp.hpl.jena.graph.test.TestReifier)
I/JenaTests( 9118): finished: testBulkClearReificationTriples2(com.hp.hpl.jena.graph.test.TestReifier)
I/JenaTests( 9118): started: testDynamicHiddenTriples(com.hp.hpl.jena.graph.test.TestReifier)
I/JenaTests( 9118): finished: testDynamicHiddenTriples(com.hp.hpl.jena.graph.test.TestReifier)
I/JenaTests( 9118): started: testEmpty(com.hp.hpl.jena.graph.test.TestReifier)
I/JenaTests( 9118): finished: testEmpty(com.hp.hpl.jena.graph.test.TestReifier)
I/JenaTests( 9118): started: testEmptyReifiers(com.hp.hpl.jena.graph.test.TestReifier)
I/JenaTests( 9118): finished: testEmptyReifiers(com.hp.hpl.jena.graph.test.TestReifier)
I/JenaTests( 9118): started: testException(com.hp.hpl.jena.graph.test.TestReifier)
I/JenaTests( 9118): finished: testException(com.hp.hpl.jena.graph.test.TestReifier)
I/JenaTests( 9118): started: testGetGraphNotNull(com.hp.hpl.jena.graph.test.TestReifier)
I/JenaTests( 9118): finished: testGetGraphNotNull(com.hp.hpl.jena.graph.test.TestReifier)
I/JenaTests( 9118): started: testGotGraphReifierNotNull(com.hp.hpl.jena.graph.test.TestReifier)
I/JenaTests( 9118): finished: testGotGraphReifierNotNull(com.hp.hpl.jena.graph.test.TestReifier)
I/JenaTests( 9118): started: testGotGraphReifierStyleNotNull(com.hp.hpl.jena.graph.test.TestReifier)
I/JenaTests( 9118): finished: testGotGraphReifierStyleNotNull(com.hp.hpl.jena.graph.test.TestReifier)
I/JenaTests( 9118): started: testHiddenVsReification(com.hp.hpl.jena.graph.test.TestReifier)
I/JenaTests( 9118): finished: testHiddenVsReification(com.hp.hpl.jena.graph.test.TestReifier)
I/JenaTests( 9118): started: testIntercept(com.hp.hpl.jena.graph.test.TestReifier)
I/JenaTests( 9118): finished: testIntercept(com.hp.hpl.jena.graph.test.TestReifier)
I/JenaTests( 9118): started: testKevinCaseA(com.hp.hpl.jena.graph.test.TestReifier)
I/JenaTests( 9118): finished: testKevinCaseA(com.hp.hpl.jena.graph.test.TestReifier)
I/JenaTests( 9118): started: testKevinCaseB(com.hp.hpl.jena.graph.test.TestReifier)
I/JenaTests( 9118): finished: testKevinCaseB(com.hp.hpl.jena.graph.test.TestReifier)
I/JenaTests( 9118): started: testManifestQuads(com.hp.hpl.jena.graph.test.TestReifier)
I/JenaTests( 9118): finished: testManifestQuads(com.hp.hpl.jena.graph.test.TestReifier)
I/JenaTests( 9118): started: testMinimalExplode(com.hp.hpl.jena.graph.test.TestReifier)
I/JenaTests( 9118): finished: testMinimalExplode(com.hp.hpl.jena.graph.test.TestReifier)
I/JenaTests( 9118): started: testOverspecificationSuppressesReification(com.hp.hpl.jena.graph.test.TestReifier)
I/JenaTests( 9118): finished: testOverspecificationSuppressesReification(com.hp.hpl.jena.graph.test.TestReifier)
I/JenaTests( 9118): started: testParent(com.hp.hpl.jena.graph.test.TestReifier)
I/JenaTests( 9118): finished: testParent(com.hp.hpl.jena.graph.test.TestReifier)
I/JenaTests( 9118): started: testQuadRemove(com.hp.hpl.jena.graph.test.TestReifier)
I/JenaTests( 9118): finished: testQuadRemove(com.hp.hpl.jena.graph.test.TestReifier)
I/JenaTests( 9118): started: testQuintetBug(com.hp.hpl.jena.graph.test.TestReifier)
I/JenaTests( 9118): finished: testQuintetBug(com.hp.hpl.jena.graph.test.TestReifier)
I/JenaTests( 9118): started: testReificationObjectClash(com.hp.hpl.jena.graph.test.TestReifier)
I/JenaTests( 9118): finished: testReificationObjectClash(com.hp.hpl.jena.graph.test.TestReifier)
I/JenaTests( 9118): started: testReificationPredicateClash(com.hp.hpl.jena.graph.test.TestReifier)
I/JenaTests( 9118): finished: testReificationPredicateClash(com.hp.hpl.jena.graph.test.TestReifier)
I/JenaTests( 9118): started: testReificationSubjectClash(com.hp.hpl.jena.graph.test.TestReifier)
I/JenaTests( 9118): finished: testReificationSubjectClash(com.hp.hpl.jena.graph.test.TestReifier)
I/JenaTests( 9118): started: testReificationTriples(com.hp.hpl.jena.graph.test.TestReifier)
I/JenaTests( 9118): finished: testReificationTriples(com.hp.hpl.jena.graph.test.TestReifier)
I/JenaTests( 9118): started: testReifierClosed(com.hp.hpl.jena.graph.test.TestReifier)
I/JenaTests( 9118): finished: testReifierClosed(com.hp.hpl.jena.graph.test.TestReifier)
I/JenaTests( 9118): started: testReifierEmptyFind(com.hp.hpl.jena.graph.test.TestReifier)
I/JenaTests( 9118): finished: testReifierEmptyFind(com.hp.hpl.jena.graph.test.TestReifier)
I/JenaTests( 9118): started: testReifierFindComplete(com.hp.hpl.jena.graph.test.TestReifier)
I/JenaTests( 9118): finished: testReifierFindComplete(com.hp.hpl.jena.graph.test.TestReifier)
I/JenaTests( 9118): started: testReifierFindFilter(com.hp.hpl.jena.graph.test.TestReifier)
I/JenaTests( 9118): finished: testReifierFindFilter(com.hp.hpl.jena.graph.test.TestReifier)
I/JenaTests( 9118): started: testReifierFindObject(com.hp.hpl.jena.graph.test.TestReifier)
I/JenaTests( 9118): finished: testReifierFindObject(com.hp.hpl.jena.graph.test.TestReifier)
I/JenaTests( 9118): started: testReifierFindPredicate(com.hp.hpl.jena.graph.test.TestReifier)
I/JenaTests( 9118): finished: testReifierFindPredicate(com.hp.hpl.jena.graph.test.TestReifier)
I/JenaTests( 9118): started: testReifierFindSubject(com.hp.hpl.jena.graph.test.TestReifier)
I/JenaTests( 9118): finished: testReifierFindSubject(com.hp.hpl.jena.graph.test.TestReifier)
I/JenaTests( 9118): started: testReifierSize(com.hp.hpl.jena.graph.test.TestReifier)
I/JenaTests( 9118): finished: testReifierSize(com.hp.hpl.jena.graph.test.TestReifier)
I/JenaTests( 9118): started: testReifyAs(com.hp.hpl.jena.graph.test.TestReifier)
I/JenaTests( 9118): finished: testReifyAs(com.hp.hpl.jena.graph.test.TestReifier)
I/JenaTests( 9118): started: testRemoveByNode(com.hp.hpl.jena.graph.test.TestReifier)
I/JenaTests( 9118): finished: testRemoveByNode(com.hp.hpl.jena.graph.test.TestReifier)
I/JenaTests( 9118): started: testRemoveFromNothing(com.hp.hpl.jena.graph.test.TestReifier)
I/JenaTests( 9118): finished: testRemoveFromNothing(com.hp.hpl.jena.graph.test.TestReifier)
I/JenaTests( 9118): started: testRetrieveTriplesByNode(com.hp.hpl.jena.graph.test.TestReifier)
I/JenaTests( 9118): finished: testRetrieveTriplesByNode(com.hp.hpl.jena.graph.test.TestReifier)
I/JenaTests( 9118): started: testRetrieveTriplesByTriple(com.hp.hpl.jena.graph.test.TestReifier)
I/JenaTests( 9118): finished: testRetrieveTriplesByTriple(com.hp.hpl.jena.graph.test.TestReifier)
I/JenaTests( 9118): started: testSameReifier(com.hp.hpl.jena.graph.test.TestReifier)
I/JenaTests( 9118): finished: testSameReifier(com.hp.hpl.jena.graph.test.TestReifier)
I/JenaTests( 9118): started: testStandard(com.hp.hpl.jena.graph.test.TestReifier)
I/JenaTests( 9118): finished: testStandard(com.hp.hpl.jena.graph.test.TestReifier)
I/JenaTests( 9118): started: testStandardExplode(com.hp.hpl.jena.graph.test.TestReifier)
I/JenaTests( 9118): finished: testStandardExplode(com.hp.hpl.jena.graph.test.TestReifier)
I/JenaTests( 9118): started: testStyle(com.hp.hpl.jena.graph.test.TestReifier)
I/JenaTests( 9118): finished: testStyle(com.hp.hpl.jena.graph.test.TestReifier)
I/JenaTests( 9118): started: testToSilenceJunitComplaintsAboutNoTestMethods(com.hp.hpl.jena.graph.test.TestReifier)
I/JenaTests( 9118): finished: testToSilenceJunitComplaintsAboutNoTestMethods(com.hp.hpl.jena.graph.test.TestReifier)
I/JenaTests( 9118): started: testExtendedConstructorExists(com.hp.hpl.jena.graph.test.TestReifier)
I/JenaTests( 9118): finished: testExtendedConstructorExists(com.hp.hpl.jena.graph.test.TestReifier)
I/JenaTests( 9118): started: testAllNodes(com.hp.hpl.jena.graph.test.TestReifier)
I/JenaTests( 9118): finished: testAllNodes(com.hp.hpl.jena.graph.test.TestReifier)
I/JenaTests( 9118): started: testBulkClearReificationTriples(com.hp.hpl.jena.graph.test.TestReifier)
I/JenaTests( 9118): finished: testBulkClearReificationTriples(com.hp.hpl.jena.graph.test.TestReifier)
I/JenaTests( 9118): started: testBulkClearReificationTriples2(com.hp.hpl.jena.graph.test.TestReifier)
I/JenaTests( 9118): finished: testBulkClearReificationTriples2(com.hp.hpl.jena.graph.test.TestReifier)
I/JenaTests( 9118): started: testDynamicHiddenTriples(com.hp.hpl.jena.graph.test.TestReifier)
I/JenaTests( 9118): finished: testDynamicHiddenTriples(com.hp.hpl.jena.graph.test.TestReifier)
I/JenaTests( 9118): started: testEmpty(com.hp.hpl.jena.graph.test.TestReifier)
I/JenaTests( 9118): finished: testEmpty(com.hp.hpl.jena.graph.test.TestReifier)
I/JenaTests( 9118): started: testEmptyReifiers(com.hp.hpl.jena.graph.test.TestReifier)
I/JenaTests( 9118): finished: testEmptyReifiers(com.hp.hpl.jena.graph.test.TestReifier)
I/JenaTests( 9118): started: testException(com.hp.hpl.jena.graph.test.TestReifier)
I/JenaTests( 9118): finished: testException(com.hp.hpl.jena.graph.test.TestReifier)
I/JenaTests( 9118): started: testGetGraphNotNull(com.hp.hpl.jena.graph.test.TestReifier)
I/JenaTests( 9118): finished: testGetGraphNotNull(com.hp.hpl.jena.graph.test.TestReifier)
I/JenaTests( 9118): started: testGotGraphReifierNotNull(com.hp.hpl.jena.graph.test.TestReifier)
I/JenaTests( 9118): finished: testGotGraphReifierNotNull(com.hp.hpl.jena.graph.test.TestReifier)
I/JenaTests( 9118): started: testGotGraphReifierStyleNotNull(com.hp.hpl.jena.graph.test.TestReifier)
I/JenaTests( 9118): finished: testGotGraphReifierStyleNotNull(com.hp.hpl.jena.graph.test.TestReifier)
I/JenaTests( 9118): started: testHiddenVsReification(com.hp.hpl.jena.graph.test.TestReifier)
I/JenaTests( 9118): finished: testHiddenVsReification(com.hp.hpl.jena.graph.test.TestReifier)
I/JenaTests( 9118): started: testIntercept(com.hp.hpl.jena.graph.test.TestReifier)
I/JenaTests( 9118): finished: testIntercept(com.hp.hpl.jena.graph.test.TestReifier)
I/JenaTests( 9118): started: testKevinCaseA(com.hp.hpl.jena.graph.test.TestReifier)
I/JenaTests( 9118): finished: testKevinCaseA(com.hp.hpl.jena.graph.test.TestReifier)
I/JenaTests( 9118): started: testKevinCaseB(com.hp.hpl.jena.graph.test.TestReifier)
I/JenaTests( 9118): finished: testKevinCaseB(com.hp.hpl.jena.graph.test.TestReifier)
I/JenaTests( 9118): started: testManifestQuads(com.hp.hpl.jena.graph.test.TestReifier)
I/JenaTests( 9118): finished: testManifestQuads(com.hp.hpl.jena.graph.test.TestReifier)
I/JenaTests( 9118): started: testMinimalExplode(com.hp.hpl.jena.graph.test.TestReifier)
I/JenaTests( 9118): finished: testMinimalExplode(com.hp.hpl.jena.graph.test.TestReifier)
I/JenaTests( 9118): started: testOverspecificationSuppressesReification(com.hp.hpl.jena.graph.test.TestReifier)
I/JenaTests( 9118): finished: testOverspecificationSuppressesReification(com.hp.hpl.jena.graph.test.TestReifier)
I/JenaTests( 9118): started: testParent(com.hp.hpl.jena.graph.test.TestReifier)
I/JenaTests( 9118): finished: testParent(com.hp.hpl.jena.graph.test.TestReifier)
I/JenaTests( 9118): started: testQuadRemove(com.hp.hpl.jena.graph.test.TestReifier)
I/JenaTests( 9118): finished: testQuadRemove(com.hp.hpl.jena.graph.test.TestReifier)
I/JenaTests( 9118): started: testQuintetBug(com.hp.hpl.jena.graph.test.TestReifier)
I/JenaTests( 9118): finished: testQuintetBug(com.hp.hpl.jena.graph.test.TestReifier)
I/JenaTests( 9118): started: testReificationObjectClash(com.hp.hpl.jena.graph.test.TestReifier)
I/JenaTests( 9118): finished: testReificationObjectClash(com.hp.hpl.jena.graph.test.TestReifier)
I/JenaTests( 9118): started: testReificationPredicateClash(com.hp.hpl.jena.graph.test.TestReifier)
I/JenaTests( 9118): finished: testReificationPredicateClash(com.hp.hpl.jena.graph.test.TestReifier)
I/JenaTests( 9118): started: testReificationSubjectClash(com.hp.hpl.jena.graph.test.TestReifier)
I/JenaTests( 9118): finished: testReificationSubjectClash(com.hp.hpl.jena.graph.test.TestReifier)
I/JenaTests( 9118): started: testReificationTriples(com.hp.hpl.jena.graph.test.TestReifier)
I/JenaTests( 9118): finished: testReificationTriples(com.hp.hpl.jena.graph.test.TestReifier)
I/JenaTests( 9118): started: testReifierClosed(com.hp.hpl.jena.graph.test.TestReifier)
I/JenaTests( 9118): finished: testReifierClosed(com.hp.hpl.jena.graph.test.TestReifier)
I/JenaTests( 9118): started: testReifierEmptyFind(com.hp.hpl.jena.graph.test.TestReifier)
I/JenaTests( 9118): finished: testReifierEmptyFind(com.hp.hpl.jena.graph.test.TestReifier)
I/JenaTests( 9118): started: testReifierFindComplete(com.hp.hpl.jena.graph.test.TestReifier)
I/JenaTests( 9118): finished: testReifierFindComplete(com.hp.hpl.jena.graph.test.TestReifier)
I/JenaTests( 9118): started: testReifierFindFilter(com.hp.hpl.jena.graph.test.TestReifier)
I/JenaTests( 9118): finished: testReifierFindFilter(com.hp.hpl.jena.graph.test.TestReifier)
I/JenaTests( 9118): started: testReifierFindObject(com.hp.hpl.jena.graph.test.TestReifier)
I/JenaTests( 9118): finished: testReifierFindObject(com.hp.hpl.jena.graph.test.TestReifier)
I/JenaTests( 9118): started: testReifierFindPredicate(com.hp.hpl.jena.graph.test.TestReifier)
I/JenaTests( 9118): finished: testReifierFindPredicate(com.hp.hpl.jena.graph.test.TestReifier)
I/JenaTests( 9118): started: testReifierFindSubject(com.hp.hpl.jena.graph.test.TestReifier)
I/JenaTests( 9118): finished: testReifierFindSubject(com.hp.hpl.jena.graph.test.TestReifier)
I/JenaTests( 9118): started: testReifierSize(com.hp.hpl.jena.graph.test.TestReifier)
I/JenaTests( 9118): finished: testReifierSize(com.hp.hpl.jena.graph.test.TestReifier)
I/JenaTests( 9118): started: testReifyAs(com.hp.hpl.jena.graph.test.TestReifier)
I/JenaTests( 9118): finished: testReifyAs(com.hp.hpl.jena.graph.test.TestReifier)
I/JenaTests( 9118): started: testRemoveByNode(com.hp.hpl.jena.graph.test.TestReifier)
I/JenaTests( 9118): finished: testRemoveByNode(com.hp.hpl.jena.graph.test.TestReifier)
I/JenaTests( 9118): started: testRemoveFromNothing(com.hp.hpl.jena.graph.test.TestReifier)
I/JenaTests( 9118): finished: testRemoveFromNothing(com.hp.hpl.jena.graph.test.TestReifier)
I/JenaTests( 9118): started: testRetrieveTriplesByNode(com.hp.hpl.jena.graph.test.TestReifier)
I/JenaTests( 9118): finished: testRetrieveTriplesByNode(com.hp.hpl.jena.graph.test.TestReifier)
I/JenaTests( 9118): started: testRetrieveTriplesByTriple(com.hp.hpl.jena.graph.test.TestReifier)
I/JenaTests( 9118): finished: testRetrieveTriplesByTriple(com.hp.hpl.jena.graph.test.TestReifier)
I/JenaTests( 9118): started: testSameReifier(com.hp.hpl.jena.graph.test.TestReifier)
I/JenaTests( 9118): finished: testSameReifier(com.hp.hpl.jena.graph.test.TestReifier)
I/JenaTests( 9118): started: testStandard(com.hp.hpl.jena.graph.test.TestReifier)
I/JenaTests( 9118): finished: testStandard(com.hp.hpl.jena.graph.test.TestReifier)
I/JenaTests( 9118): started: testStandardExplode(com.hp.hpl.jena.graph.test.TestReifier)
I/JenaTests( 9118): finished: testStandardExplode(com.hp.hpl.jena.graph.test.TestReifier)
I/JenaTests( 9118): started: testStyle(com.hp.hpl.jena.graph.test.TestReifier)
I/JenaTests( 9118): finished: testStyle(com.hp.hpl.jena.graph.test.TestReifier)
I/JenaTests( 9118): started: testToSilenceJunitComplaintsAboutNoTestMethods(com.hp.hpl.jena.graph.test.TestReifier)
I/JenaTests( 9118): finished: testToSilenceJunitComplaintsAboutNoTestMethods(com.hp.hpl.jena.graph.test.TestReifier)
I/JenaTests( 9118): started: testExtendedConstructorExists(com.hp.hpl.jena.graph.test.TestReifier)
I/JenaTests( 9118): finished: testExtendedConstructorExists(com.hp.hpl.jena.graph.test.TestReifier)
I/JenaTests( 9118): started: testAllNodes(com.hp.hpl.jena.graph.test.TestReifier)
I/JenaTests( 9118): finished: testAllNodes(com.hp.hpl.jena.graph.test.TestReifier)
I/JenaTests( 9118): started: testBulkClearReificationTriples(com.hp.hpl.jena.graph.test.TestReifier)
I/JenaTests( 9118): finished: testBulkClearReificationTriples(com.hp.hpl.jena.graph.test.TestReifier)
I/JenaTests( 9118): started: testBulkClearReificationTriples2(com.hp.hpl.jena.graph.test.TestReifier)
I/JenaTests( 9118): finished: testBulkClearReificationTriples2(com.hp.hpl.jena.graph.test.TestReifier)
I/JenaTests( 9118): started: testDynamicHiddenTriples(com.hp.hpl.jena.graph.test.TestReifier)
I/JenaTests( 9118): finished: testDynamicHiddenTriples(com.hp.hpl.jena.graph.test.TestReifier)
I/JenaTests( 9118): started: testEmpty(com.hp.hpl.jena.graph.test.TestReifier)
I/JenaTests( 9118): finished: testEmpty(com.hp.hpl.jena.graph.test.TestReifier)
I/JenaTests( 9118): started: testEmptyReifiers(com.hp.hpl.jena.graph.test.TestReifier)
I/JenaTests( 9118): finished: testEmptyReifiers(com.hp.hpl.jena.graph.test.TestReifier)
I/JenaTests( 9118): started: testException(com.hp.hpl.jena.graph.test.TestReifier)
I/JenaTests( 9118): finished: testException(com.hp.hpl.jena.graph.test.TestReifier)
I/JenaTests( 9118): started: testGetGraphNotNull(com.hp.hpl.jena.graph.test.TestReifier)
I/JenaTests( 9118): finished: testGetGraphNotNull(com.hp.hpl.jena.graph.test.TestReifier)
I/JenaTests( 9118): started: testGotGraphReifierNotNull(com.hp.hpl.jena.graph.test.TestReifier)
I/JenaTests( 9118): finished: testGotGraphReifierNotNull(com.hp.hpl.jena.graph.test.TestReifier)
I/JenaTests( 9118): started: testGotGraphReifierStyleNotNull(com.hp.hpl.jena.graph.test.TestReifier)
I/JenaTests( 9118): finished: testGotGraphReifierStyleNotNull(com.hp.hpl.jena.graph.test.TestReifier)
I/JenaTests( 9118): started: testHiddenVsReification(com.hp.hpl.jena.graph.test.TestReifier)
I/JenaTests( 9118): finished: testHiddenVsReification(com.hp.hpl.jena.graph.test.TestReifier)
I/JenaTests( 9118): started: testIntercept(com.hp.hpl.jena.graph.test.TestReifier)
I/JenaTests( 9118): finished: testIntercept(com.hp.hpl.jena.graph.test.TestReifier)
I/JenaTests( 9118): started: testKevinCaseA(com.hp.hpl.jena.graph.test.TestReifier)
I/JenaTests( 9118): finished: testKevinCaseA(com.hp.hpl.jena.graph.test.TestReifier)
I/JenaTests( 9118): started: testKevinCaseB(com.hp.hpl.jena.graph.test.TestReifier)
I/JenaTests( 9118): finished: testKevinCaseB(com.hp.hpl.jena.graph.test.TestReifier)
I/JenaTests( 9118): started: testManifestQuads(com.hp.hpl.jena.graph.test.TestReifier)
I/JenaTests( 9118): finished: testManifestQuads(com.hp.hpl.jena.graph.test.TestReifier)
I/JenaTests( 9118): started: testMinimalExplode(com.hp.hpl.jena.graph.test.TestReifier)
I/JenaTests( 9118): finished: testMinimalExplode(com.hp.hpl.jena.graph.test.TestReifier)
I/JenaTests( 9118): started: testOverspecificationSuppressesReification(com.hp.hpl.jena.graph.test.TestReifier)
I/JenaTests( 9118): finished: testOverspecificationSuppressesReification(com.hp.hpl.jena.graph.test.TestReifier)
I/JenaTests( 9118): started: testParent(com.hp.hpl.jena.graph.test.TestReifier)
I/JenaTests( 9118): finished: testParent(com.hp.hpl.jena.graph.test.TestReifier)
I/JenaTests( 9118): started: testQuadRemove(com.hp.hpl.jena.graph.test.TestReifier)
I/JenaTests( 9118): finished: testQuadRemove(com.hp.hpl.jena.graph.test.TestReifier)
I/JenaTests( 9118): started: testQuintetBug(com.hp.hpl.jena.graph.test.TestReifier)
I/JenaTests( 9118): finished: testQuintetBug(com.hp.hpl.jena.graph.test.TestReifier)
I/JenaTests( 9118): started: testReificationObjectClash(com.hp.hpl.jena.graph.test.TestReifier)
I/JenaTests( 9118): finished: testReificationObjectClash(com.hp.hpl.jena.graph.test.TestReifier)
I/JenaTests( 9118): started: testReificationPredicateClash(com.hp.hpl.jena.graph.test.TestReifier)
I/JenaTests( 9118): finished: testReificationPredicateClash(com.hp.hpl.jena.graph.test.TestReifier)
I/JenaTests( 9118): started: testReificationSubjectClash(com.hp.hpl.jena.graph.test.TestReifier)
I/JenaTests( 9118): finished: testReificationSubjectClash(com.hp.hpl.jena.graph.test.TestReifier)
I/JenaTests( 9118): started: testReificationTriples(com.hp.hpl.jena.graph.test.TestReifier)
I/JenaTests( 9118): finished: testReificationTriples(com.hp.hpl.jena.graph.test.TestReifier)
I/JenaTests( 9118): started: testReifierClosed(com.hp.hpl.jena.graph.test.TestReifier)
I/JenaTests( 9118): finished: testReifierClosed(com.hp.hpl.jena.graph.test.TestReifier)
I/JenaTests( 9118): started: testReifierEmptyFind(com.hp.hpl.jena.graph.test.TestReifier)
I/JenaTests( 9118): finished: testReifierEmptyFind(com.hp.hpl.jena.graph.test.TestReifier)
I/JenaTests( 9118): started: testReifierFindComplete(com.hp.hpl.jena.graph.test.TestReifier)
I/JenaTests( 9118): finished: testReifierFindComplete(com.hp.hpl.jena.graph.test.TestReifier)
I/JenaTests( 9118): started: testReifierFindFilter(com.hp.hpl.jena.graph.test.TestReifier)
I/JenaTests( 9118): finished: testReifierFindFilter(com.hp.hpl.jena.graph.test.TestReifier)
I/JenaTests( 9118): started: testReifierFindObject(com.hp.hpl.jena.graph.test.TestReifier)
I/JenaTests( 9118): finished: testReifierFindObject(com.hp.hpl.jena.graph.test.TestReifier)
I/JenaTests( 9118): started: testReifierFindPredicate(com.hp.hpl.jena.graph.test.TestReifier)
I/JenaTests( 9118): finished: testReifierFindPredicate(com.hp.hpl.jena.graph.test.TestReifier)
I/JenaTests( 9118): started: testReifierFindSubject(com.hp.hpl.jena.graph.test.TestReifier)
I/JenaTests( 9118): finished: testReifierFindSubject(com.hp.hpl.jena.graph.test.TestReifier)
I/JenaTests( 9118): started: testReifierSize(com.hp.hpl.jena.graph.test.TestReifier)
I/JenaTests( 9118): finished: testReifierSize(com.hp.hpl.jena.graph.test.TestReifier)
I/JenaTests( 9118): started: testReifyAs(com.hp.hpl.jena.graph.test.TestReifier)
I/JenaTests( 9118): finished: testReifyAs(com.hp.hpl.jena.graph.test.TestReifier)
I/JenaTests( 9118): started: testRemoveByNode(com.hp.hpl.jena.graph.test.TestReifier)
I/JenaTests( 9118): finished: testRemoveByNode(com.hp.hpl.jena.graph.test.TestReifier)
I/JenaTests( 9118): started: testRemoveFromNothing(com.hp.hpl.jena.graph.test.TestReifier)
I/JenaTests( 9118): finished: testRemoveFromNothing(com.hp.hpl.jena.graph.test.TestReifier)
I/JenaTests( 9118): started: testRetrieveTriplesByNode(com.hp.hpl.jena.graph.test.TestReifier)
I/JenaTests( 9118): finished: testRetrieveTriplesByNode(com.hp.hpl.jena.graph.test.TestReifier)
I/JenaTests( 9118): started: testRetrieveTriplesByTriple(com.hp.hpl.jena.graph.test.TestReifier)
I/JenaTests( 9118): finished: testRetrieveTriplesByTriple(com.hp.hpl.jena.graph.test.TestReifier)
I/JenaTests( 9118): started: testSameReifier(com.hp.hpl.jena.graph.test.TestReifier)
I/JenaTests( 9118): finished: testSameReifier(com.hp.hpl.jena.graph.test.TestReifier)
I/JenaTests( 9118): started: testStandard(com.hp.hpl.jena.graph.test.TestReifier)
I/JenaTests( 9118): finished: testStandard(com.hp.hpl.jena.graph.test.TestReifier)
I/JenaTests( 9118): started: testStandardExplode(com.hp.hpl.jena.graph.test.TestReifier)
I/JenaTests( 9118): finished: testStandardExplode(com.hp.hpl.jena.graph.test.TestReifier)
I/JenaTests( 9118): started: testStyle(com.hp.hpl.jena.graph.test.TestReifier)
I/JenaTests( 9118): finished: testStyle(com.hp.hpl.jena.graph.test.TestReifier)
I/JenaTests( 9118): started: testToSilenceJunitComplaintsAboutNoTestMethods(com.hp.hpl.jena.graph.test.TestReifier)
I/JenaTests( 9118): finished: testToSilenceJunitComplaintsAboutNoTestMethods(com.hp.hpl.jena.graph.test.TestReifier)
I/JenaTests( 9118): started: testX(com.hp.hpl.jena.graph.test.TestReifierSearch)
I/JenaTests( 9118): finished: testX(com.hp.hpl.jena.graph.test.TestReifierSearch)
I/JenaTests( 9118): started: testToSilenceJunitComplaintsAboutNoTestMethods(com.hp.hpl.jena.graph.test.TestReifierSearch)
I/JenaTests( 9118): finished: testToSilenceJunitComplaintsAboutNoTestMethods(com.hp.hpl.jena.graph.test.TestReifierSearch)
I/JenaTests( 9118): started: testAllNodes(com.hp.hpl.jena.graph.test.TestReificationWrapper)
I/AndroidLoggerFactory( 9118): Logger name com.hp.hpl.jena.graph.query.PatternStageBase is too long, using .query.PatternStageBase instead
D/.query.PatternStageBase( 9118): created new thread Thread[PatternStage-1,5,main]
D/.query.PatternStageBase( 9118): created new thread Thread[PatternStage-2,5,main]
D/.query.PatternStageBase( 9118): caching thread com.hp.hpl.jena.graph.query.PatternStage@30a8c8f8 [currently 1 cached threads]
D/.query.PatternStageBase( 9118): reusing thread Thread[PatternStage-1,5,main]
D/.query.PatternStageBase( 9118): caching thread com.hp.hpl.jena.graph.query.PatternStage@30a8c8f8 [currently 1 cached threads]
I/JenaTests( 9118): finished: testAllNodes(com.hp.hpl.jena.graph.test.TestReificationWrapper)
I/JenaTests( 9118): started: testBulkClearReificationTriples(com.hp.hpl.jena.graph.test.TestReificationWrapper)
I/JenaTests( 9118): finished: testBulkClearReificationTriples(com.hp.hpl.jena.graph.test.TestReificationWrapper)
D/.query.PatternStageBase( 9118): caching thread com.hp.hpl.jena.graph.query.PatternStage@30b25d30 [currently 2 cached threads]
I/JenaTests( 9118): started: testBulkClearReificationTriples2(com.hp.hpl.jena.graph.test.TestReificationWrapper)
I/JenaTests( 9118): finished: testBulkClearReificationTriples2(com.hp.hpl.jena.graph.test.TestReificationWrapper)
I/JenaTests( 9118): started: testDynamicHiddenTriples(com.hp.hpl.jena.graph.test.TestReificationWrapper)
D/.query.PatternStageBase( 9118): reusing thread Thread[PatternStage-2,5,main]
D/.query.PatternStageBase( 9118): caching thread com.hp.hpl.jena.graph.query.PatternStage@30b25d30 [currently 2 cached threads]
I/JenaTests( 9118): finished: testDynamicHiddenTriples(com.hp.hpl.jena.graph.test.TestReificationWrapper)
I/JenaTests( 9118): started: testEmpty(com.hp.hpl.jena.graph.test.TestReificationWrapper)
I/JenaTests( 9118): finished: testEmpty(com.hp.hpl.jena.graph.test.TestReificationWrapper)
I/JenaTests( 9118): started: testEmptyReifiers(com.hp.hpl.jena.graph.test.TestReificationWrapper)
I/JenaTests( 9118): finished: testEmptyReifiers(com.hp.hpl.jena.graph.test.TestReificationWrapper)
I/JenaTests( 9118): started: testException(com.hp.hpl.jena.graph.test.TestReificationWrapper)
D/.query.PatternStageBase( 9118): reusing thread Thread[PatternStage-2,5,main]
