D/TestHelper(  780): testing/regression/testModelEquals/8-1.nt sanitized to testing/regression/testModelEquals/8-1.nt
I/global  (  780): Default buffer size used in BufferedReader constructor. It would be better to be explicit if an 8k-char buffer is required.
D/TestHelper(  780): testing/regression/testModelEquals/8-2.nt sanitized to testing/regression/testModelEquals/8-2.nt
I/global  (  780): Default buffer size used in BufferedReader constructor. It would be better to be explicit if an 8k-char buffer is required.
I/AndrojenaTests(  773): test ended: testIsomorphismFile(com.hp.hpl.jena.graph.test.MetaTestGraph)
I/AndrojenaTests(  773): test started: testListObjectNoDuplicates(com.hp.hpl.jena.graph.test.MetaTestGraph)
I/AndrojenaTests(  773): test ended: testListObjectNoDuplicates(com.hp.hpl.jena.graph.test.MetaTestGraph)
I/AndrojenaTests(  773): test started: testListObjects(com.hp.hpl.jena.graph.test.MetaTestGraph)
I/AndrojenaTests(  773): test ended: testListObjects(com.hp.hpl.jena.graph.test.MetaTestGraph)
I/AndrojenaTests(  773): test started: testListObjectsNoRemove(com.hp.hpl.jena.graph.test.MetaTestGraph)
I/AndrojenaTests(  773): test ended: testListObjectsNoRemove(com.hp.hpl.jena.graph.test.MetaTestGraph)
I/AndrojenaTests(  773): test started: testListPredicates(com.hp.hpl.jena.graph.test.MetaTestGraph)
I/AndrojenaTests(  773): test ended: testListPredicates(com.hp.hpl.jena.graph.test.MetaTestGraph)
I/AndrojenaTests(  773): test started: testListPredicatesNoRemove(com.hp.hpl.jena.graph.test.MetaTestGraph)
I/AndrojenaTests(  773): test ended: testListPredicatesNoRemove(com.hp.hpl.jena.graph.test.MetaTestGraph)
I/AndrojenaTests(  773): test started: testListSubjects(com.hp.hpl.jena.graph.test.MetaTestGraph)
I/AndrojenaTests(  773): test ended: testListSubjects(com.hp.hpl.jena.graph.test.MetaTestGraph)
I/AndrojenaTests(  773): test started: testListSubjectsNoRemove(com.hp.hpl.jena.graph.test.MetaTestGraph)
I/AndrojenaTests(  773): test ended: testListSubjectsNoRemove(com.hp.hpl.jena.graph.test.MetaTestGraph)
I/AndrojenaTests(  773): test started: testMatchBothLanguagedLiteralsCaseInsensitive(com.hp.hpl.jena.graph.test.MetaTestGraph)
I/AndrojenaTests(  773): test ended: testMatchBothLanguagedLiteralsCaseInsensitive(com.hp.hpl.jena.graph.test.MetaTestGraph)
I/AndrojenaTests(  773): test started: testMatchLanguagedLiteralCaseInsensitive(com.hp.hpl.jena.graph.test.MetaTestGraph)
I/AndrojenaTests(  773): test ended: testMatchLanguagedLiteralCaseInsensitive(com.hp.hpl.jena.graph.test.MetaTestGraph)
I/AndrojenaTests(  773): test started: testNoMatchAgainstUnlanguagesLiteral(com.hp.hpl.jena.graph.test.MetaTestGraph)
I/AndrojenaTests(  773): test ended: testNoMatchAgainstUnlanguagesLiteral(com.hp.hpl.jena.graph.test.MetaTestGraph)
I/AndrojenaTests(  773): test started: testObjectsFor(com.hp.hpl.jena.graph.test.MetaTestGraph)
I/AndrojenaTests(  773): test ended: testObjectsFor(com.hp.hpl.jena.graph.test.MetaTestGraph)
I/AndrojenaTests(  773): test started: testPredicatesFor(com.hp.hpl.jena.graph.test.MetaTestGraph)
I/AndrojenaTests(  773): test ended: testPredicatesFor(com.hp.hpl.jena.graph.test.MetaTestGraph)
I/AndrojenaTests(  773): test started: testRegisterTwice(com.hp.hpl.jena.graph.test.MetaTestGraph)
I/AndrojenaTests(  773): test ended: testRegisterTwice(com.hp.hpl.jena.graph.test.MetaTestGraph)
I/AndrojenaTests(  773): test started: testRemove(com.hp.hpl.jena.graph.test.MetaTestGraph)
I/AndrojenaTests(  773): test ended: testRemove(com.hp.hpl.jena.graph.test.MetaTestGraph)
I/AndrojenaTests(  773): test started: testRemoveAll(com.hp.hpl.jena.graph.test.MetaTestGraph)
I/AndrojenaTests(  773): test ended: testRemoveAll(com.hp.hpl.jena.graph.test.MetaTestGraph)
I/AndrojenaTests(  773): test started: testRemoveAllEvent(com.hp.hpl.jena.graph.test.MetaTestGraph)
I/AndrojenaTests(  773): test ended: testRemoveAllEvent(com.hp.hpl.jena.graph.test.MetaTestGraph)
I/AndrojenaTests(  773): test started: testRemoveSPO(com.hp.hpl.jena.graph.test.MetaTestGraph)
D/dalvikvm(  780): GC freed 36784 objects / 1918192 bytes in 943ms
I/AndrojenaTests(  773): test ended: testRemoveSPO(com.hp.hpl.jena.graph.test.MetaTestGraph)
I/AndrojenaTests(  773): test started: testRemoveSomeEvent(com.hp.hpl.jena.graph.test.MetaTestGraph)
I/AndrojenaTests(  773): test ended: testRemoveSomeEvent(com.hp.hpl.jena.graph.test.MetaTestGraph)
I/AndrojenaTests(  773): test started: testRepeatedSubjectDoesNotConceal(com.hp.hpl.jena.graph.test.MetaTestGraph)
I/AndrojenaTests(  773): test ended: testRepeatedSubjectDoesNotConceal(com.hp.hpl.jena.graph.test.MetaTestGraph)
I/AndrojenaTests(  773): test started: testSubjectsFor(com.hp.hpl.jena.graph.test.MetaTestGraph)
I/AndrojenaTests(  773): test ended: testSubjectsFor(com.hp.hpl.jena.graph.test.MetaTestGraph)
I/AndrojenaTests(  773): test started: testTwoListeners(com.hp.hpl.jena.graph.test.MetaTestGraph)
I/AndrojenaTests(  773): test ended: testTwoListeners(com.hp.hpl.jena.graph.test.MetaTestGraph)
I/AndrojenaTests(  773): test started: testUnregisterOnce(com.hp.hpl.jena.graph.test.MetaTestGraph)
I/AndrojenaTests(  773): test ended: testUnregisterOnce(com.hp.hpl.jena.graph.test.MetaTestGraph)
I/AndrojenaTests(  773): test started: testUnregisterWorks(com.hp.hpl.jena.graph.test.MetaTestGraph)
I/AndrojenaTests(  773): test ended: testUnregisterWorks(com.hp.hpl.jena.graph.test.MetaTestGraph)
I/AndrojenaTests(  773): test started: testToSilenceJunitComplaintsAboutNoTestMethods(com.hp.hpl.jena.graph.test.MetaTestGraph)
I/AndrojenaTests(  773): test ended: testToSilenceJunitComplaintsAboutNoTestMethods(com.hp.hpl.jena.graph.test.MetaTestGraph)
I/AndrojenaTests(  773): test started: testAGraph(com.hp.hpl.jena.graph.test.MetaTestGraph)
I/AndrojenaTests(  773): test ended: testAGraph(com.hp.hpl.jena.graph.test.MetaTestGraph)
I/AndrojenaTests(  773): test started: testAddTriple(com.hp.hpl.jena.graph.test.MetaTestGraph)
I/AndrojenaTests(  773): test ended: testAddTriple(com.hp.hpl.jena.graph.test.MetaTestGraph)
I/AndrojenaTests(  773): test started: testBulkAddArrayEvent(com.hp.hpl.jena.graph.test.MetaTestGraph)
I/AndrojenaTests(  773): test ended: testBulkAddArrayEvent(com.hp.hpl.jena.graph.test.MetaTestGraph)
I/AndrojenaTests(  773): test started: testBulkAddGraph(com.hp.hpl.jena.graph.test.MetaTestGraph)
I/AndrojenaTests(  773): test ended: testBulkAddGraph(com.hp.hpl.jena.graph.test.MetaTestGraph)
I/AndrojenaTests(  773): test started: testBulkAddIterator(com.hp.hpl.jena.graph.test.MetaTestGraph)
I/AndrojenaTests(  773): test ended: testBulkAddIterator(com.hp.hpl.jena.graph.test.MetaTestGraph)
I/AndrojenaTests(  773): test started: testBulkAddList(com.hp.hpl.jena.graph.test.MetaTestGraph)
I/AndrojenaTests(  773): test ended: testBulkAddList(com.hp.hpl.jena.graph.test.MetaTestGraph)
I/AndrojenaTests(  773): test started: testBulkAddWithReification(com.hp.hpl.jena.graph.test.MetaTestGraph)
I/AndrojenaTests(  773): test ended: testBulkAddWithReification(com.hp.hpl.jena.graph.test.MetaTestGraph)
I/AndrojenaTests(  773): test started: testBulkAddWithReificationPreamble(com.hp.hpl.jena.graph.test.MetaTestGraph)
I/AndrojenaTests(  773): test ended: testBulkAddWithReificationPreamble(com.hp.hpl.jena.graph.test.MetaTestGraph)
I/AndrojenaTests(  773): test started: testBulkDeleteArray(com.hp.hpl.jena.graph.test.MetaTestGraph)
I/AndrojenaTests(  773): test ended: testBulkDeleteArray(com.hp.hpl.jena.graph.test.MetaTestGraph)
I/AndrojenaTests(  773): test started: testBulkDeleteGraph(com.hp.hpl.jena.graph.test.MetaTestGraph)
I/AndrojenaTests(  773): test ended: testBulkDeleteGraph(com.hp.hpl.jena.graph.test.MetaTestGraph)
I/AndrojenaTests(  773): test started: testBulkDeleteIterator(com.hp.hpl.jena.graph.test.MetaTestGraph)
I/AndrojenaTests(  773): test ended: testBulkDeleteIterator(com.hp.hpl.jena.graph.test.MetaTestGraph)
I/AndrojenaTests(  773): test started: testBulkDeleteList(com.hp.hpl.jena.graph.test.MetaTestGraph)
I/AndrojenaTests(  773): test ended: testBulkDeleteList(com.hp.hpl.jena.graph.test.MetaTestGraph)
I/AndrojenaTests(  773): test started: testBulkRemoveWithReification(com.hp.hpl.jena.graph.test.MetaTestGraph)
I/AndrojenaTests(  773): test ended: testBulkRemoveWithReification(com.hp.hpl.jena.graph.test.MetaTestGraph)
I/AndrojenaTests(  773): test started: testBulkUpdate(com.hp.hpl.jena.graph.test.MetaTestGraph)
I/AndrojenaTests(  773): test ended: testBulkUpdate(com.hp.hpl.jena.graph.test.MetaTestGraph)
I/AndrojenaTests(  773): test started: testCloseSetsIsClosed(com.hp.hpl.jena.graph.test.MetaTestGraph)
I/AndrojenaTests(  773): test ended: testCloseSetsIsClosed(com.hp.hpl.jena.graph.test.MetaTestGraph)
I/AndrojenaTests(  773): test started: testContainsByValue(com.hp.hpl.jena.graph.test.MetaTestGraph)
I/AndrojenaTests(  773): test ended: testContainsByValue(com.hp.hpl.jena.graph.test.MetaTestGraph)
I/AndrojenaTests(  773): test started: testContainsConcrete(com.hp.hpl.jena.graph.test.MetaTestGraph)
I/AndrojenaTests(  773): test ended: testContainsConcrete(com.hp.hpl.jena.graph.test.MetaTestGraph)
I/AndrojenaTests(  773): test started: testContainsFluid(com.hp.hpl.jena.graph.test.MetaTestGraph)
I/AndrojenaTests(  773): test ended: testContainsFluid(com.hp.hpl.jena.graph.test.MetaTestGraph)
I/AndrojenaTests(  773): test started: testContainsNode(com.hp.hpl.jena.graph.test.MetaTestGraph)
I/AndrojenaTests(  773): test ended: testContainsNode(com.hp.hpl.jena.graph.test.MetaTestGraph)
I/AndrojenaTests(  773): test started: testDeleteTriple(com.hp.hpl.jena.graph.test.MetaTestGraph)
I/AndrojenaTests(  773): test ended: testDeleteTriple(com.hp.hpl.jena.graph.test.MetaTestGraph)
I/AndrojenaTests(  773): test started: testEventDeleteByFind(com.hp.hpl.jena.graph.test.MetaTestGraph)
I/AndrojenaTests(  773): test ended: testEventDeleteByFind(com.hp.hpl.jena.graph.test.MetaTestGraph)
I/AndrojenaTests(  773): test started: testEventRegister(com.hp.hpl.jena.graph.test.MetaTestGraph)
I/AndrojenaTests(  773): test ended: testEventRegister(com.hp.hpl.jena.graph.test.MetaTestGraph)
I/AndrojenaTests(  773): test started: testEventUnregister(com.hp.hpl.jena.graph.test.MetaTestGraph)
I/AndrojenaTests(  773): test ended: testEventUnregister(com.hp.hpl.jena.graph.test.MetaTestGraph)
I/AndrojenaTests(  773): test started: testExecuteInTransactionCatchesThrowable(com.hp.hpl.jena.graph.test.MetaTestGraph)
I/AndrojenaTests(  773): test ended: testExecuteInTransactionCatchesThrowable(com.hp.hpl.jena.graph.test.MetaTestGraph)
I/AndrojenaTests(  773): test started: testFind(com.hp.hpl.jena.graph.test.MetaTestGraph)
I/AndrojenaTests(  773): test ended: testFind(com.hp.hpl.jena.graph.test.MetaTestGraph)
I/AndrojenaTests(  773): test started: testFindAndContains(com.hp.hpl.jena.graph.test.MetaTestGraph)
I/AndrojenaTests(  773): test ended: testFindAndContains(com.hp.hpl.jena.graph.test.MetaTestGraph)
I/AndrojenaTests(  773): test started: testFindByFluidTriple(com.hp.hpl.jena.graph.test.MetaTestGraph)
I/AndrojenaTests(  773): test ended: testFindByFluidTriple(com.hp.hpl.jena.graph.test.MetaTestGraph)
I/AndrojenaTests(  773): test started: testGeneralEvent(com.hp.hpl.jena.graph.test.MetaTestGraph)
I/AndrojenaTests(  773): test ended: testGeneralEvent(com.hp.hpl.jena.graph.test.MetaTestGraph)
I/AndrojenaTests(  773): test started: testGetStatisticsHandler(com.hp.hpl.jena.graph.test.MetaTestGraph)
D/TestHelper(  780): testing/regression/testModelEquals/1-1.rdf sanitized to testing/regression/testModelEquals/1-1.rdf
I/AndrojenaTests(  773): test ended: testGetStatisticsHandler(com.hp.hpl.jena.graph.test.MetaTestGraph)
I/AndrojenaTests(  773): test started: testHasCapabilities(com.hp.hpl.jena.graph.test.MetaTestGraph)
I/AndrojenaTests(  773): test ended: testHasCapabilities(com.hp.hpl.jena.graph.test.MetaTestGraph)
I/AndrojenaTests(  773): test started: testHasTransactions(com.hp.hpl.jena.graph.test.MetaTestGraph)
I/AndrojenaTests(  773): test ended: testHasTransactions(com.hp.hpl.jena.graph.test.MetaTestGraph)
I/AndrojenaTests(  773): test started: testIsEmpty(com.hp.hpl.jena.graph.test.MetaTestGraph)
I/AndrojenaTests(  773): test ended: testIsEmpty(com.hp.hpl.jena.graph.test.MetaTestGraph)
I/AndrojenaTests(  773): test started: testIsomorphismFile(com.hp.hpl.jena.graph.test.MetaTestGraph)
D/dalvikvm(  780): GC freed 87231 objects / 5178072 bytes in 1017ms
D/dalvikvm(  780): GC freed 60 objects / 1215608 bytes in 480ms
D/dalvikvm(  780): GC freed 11900 objects / 1176648 bytes in 659ms
D/dalvikvm(  780): GC freed 17344 objects / 859952 bytes in 707ms
I/global  (  780): Default buffer size used in BufferedReader constructor. It would be better to be explicit if an 8k-char buffer is required.
W/ExpatReader(  780): DTD handlers aren't supported.
W/pl.jena.rdf.arp.SAX2RDF(  780): http://apache.org/xml/features/allow-java-encodings feature not supported by XMLReader
W/ExpatReader(  780): DTD handlers aren't supported.
W/pl.jena.rdf.arp.SAX2RDF(  780): http://apache.org/xml/features/allow-java-encodings feature not supported by XMLReader
D/dalvikvm(  780): GC freed 33537 objects / 1892928 bytes in 835ms
D/TestHelper(  780): testing/regression/testModelEquals/1-2.rdf sanitized to testing/regression/testModelEquals/1-2.rdf
I/global  (  780): Default buffer size used in BufferedReader constructor. It would be better to be explicit if an 8k-char buffer is required.
W/ExpatReader(  780): DTD handlers aren't supported.
W/pl.jena.rdf.arp.SAX2RDF(  780): http://apache.org/xml/features/allow-java-encodings feature not supported by XMLReader
W/ExpatReader(  780): DTD handlers aren't supported.
W/pl.jena.rdf.arp.SAX2RDF(  780): http://apache.org/xml/features/allow-java-encodings feature not supported by XMLReader
D/TestHelper(  780): testing/regression/testModelEquals/2-1.rdf sanitized to testing/regression/testModelEquals/2-1.rdf
I/global  (  780): Default buffer size used in BufferedReader constructor. It would be better to be explicit if an 8k-char buffer is required.
W/ExpatReader(  780): DTD handlers aren't supported.
W/pl.jena.rdf.arp.SAX2RDF(  780): http://apache.org/xml/features/allow-java-encodings feature not supported by XMLReader
W/ExpatReader(  780): DTD handlers aren't supported.
W/pl.jena.rdf.arp.SAX2RDF(  780): http://apache.org/xml/features/allow-java-encodings feature not supported by XMLReader
D/TestHelper(  780): testing/regression/testModelEquals/2-2.rdf sanitized to testing/regression/testModelEquals/2-2.rdf
I/global  (  780): Default buffer size used in BufferedReader constructor. It would be better to be explicit if an 8k-char buffer is required.
W/ExpatReader(  780): DTD handlers aren't supported.
W/pl.jena.rdf.arp.SAX2RDF(  780): http://apache.org/xml/features/allow-java-encodings feature not supported by XMLReader
W/ExpatReader(  780): DTD handlers aren't supported.
W/pl.jena.rdf.arp.SAX2RDF(  780): http://apache.org/xml/features/allow-java-encodings feature not supported by XMLReader
D/TestHelper(  780): testing/regression/testModelEquals/3-1.rdf sanitized to testing/regression/testModelEquals/3-1.rdf
I/global  (  780): Default buffer size used in BufferedReader constructor. It would be better to be explicit if an 8k-char buffer is required.
W/ExpatReader(  780): DTD handlers aren't supported.
W/pl.jena.rdf.arp.SAX2RDF(  780): http://apache.org/xml/features/allow-java-encodings feature not supported by XMLReader
W/ExpatReader(  780): DTD handlers aren't supported.
W/pl.jena.rdf.arp.SAX2RDF(  780): http://apache.org/xml/features/allow-java-encodings feature not supported by XMLReader
D/TestHelper(  780): testing/regression/testModelEquals/3-2.rdf sanitized to testing/regression/testModelEquals/3-2.rdf
I/global  (  780): Default buffer size used in BufferedReader constructor. It would be better to be explicit if an 8k-char buffer is required.
W/ExpatReader(  780): DTD handlers aren't supported.
W/pl.jena.rdf.arp.SAX2RDF(  780): http://apache.org/xml/features/allow-java-encodings feature not supported by XMLReader
W/ExpatReader(  780): DTD handlers aren't supported.
W/pl.jena.rdf.arp.SAX2RDF(  780): http://apache.org/xml/features/allow-java-encodings feature not supported by XMLReader
D/TestHelper(  780): testing/regression/testModelEquals/4-1.rdf sanitized to testing/regression/testModelEquals/4-1.rdf
I/global  (  780): Default buffer size used in BufferedReader constructor. It would be better to be explicit if an 8k-char buffer is required.
W/ExpatReader(  780): DTD handlers aren't supported.
W/pl.jena.rdf.arp.SAX2RDF(  780): http://apache.org/xml/features/allow-java-encodings feature not supported by XMLReader
W/ExpatReader(  780): DTD handlers aren't supported.
W/pl.jena.rdf.arp.SAX2RDF(  780): http://apache.org/xml/features/allow-java-encodings feature not supported by XMLReader
D/TestHelper(  780): testing/regression/testModelEquals/4-2.rdf sanitized to testing/regression/testModelEquals/4-2.rdf
I/global  (  780): Default buffer size used in BufferedReader constructor. It would be better to be explicit if an 8k-char buffer is required.
W/ExpatReader(  780): DTD handlers aren't supported.
W/pl.jena.rdf.arp.SAX2RDF(  780): http://apache.org/xml/features/allow-java-encodings feature not supported by XMLReader
W/ExpatReader(  780): DTD handlers aren't supported.
W/pl.jena.rdf.arp.SAX2RDF(  780): http://apache.org/xml/features/allow-java-encodings feature not supported by XMLReader
D/TestHelper(  780): testing/regression/testModelEquals/5-1.rdf sanitized to testing/regression/testModelEquals/5-1.rdf
I/global  (  780): Default buffer size used in BufferedReader constructor. It would be better to be explicit if an 8k-char buffer is required.
W/ExpatReader(  780): DTD handlers aren't supported.
W/pl.jena.rdf.arp.SAX2RDF(  780): http://apache.org/xml/features/allow-java-encodings feature not supported by XMLReader
W/ExpatReader(  780): DTD handlers aren't supported.
W/pl.jena.rdf.arp.SAX2RDF(  780): http://apache.org/xml/features/allow-java-encodings feature not supported by XMLReader
D/TestHelper(  780): testing/regression/testModelEquals/5-2.rdf sanitized to testing/regression/testModelEquals/5-2.rdf
I/global  (  780): Default buffer size used in BufferedReader constructor. It would be better to be explicit if an 8k-char buffer is required.
W/ExpatReader(  780): DTD handlers aren't supported.
W/pl.jena.rdf.arp.SAX2RDF(  780): http://apache.org/xml/features/allow-java-encodings feature not supported by XMLReader
W/ExpatReader(  780): DTD handlers aren't supported.
W/pl.jena.rdf.arp.SAX2RDF(  780): http://apache.org/xml/features/allow-java-encodings feature not supported by XMLReader
D/TestHelper(  780): testing/regression/testModelEquals/6-1.rdf sanitized to testing/regression/testModelEquals/6-1.rdf
I/global  (  780): Default buffer size used in BufferedReader constructor. It would be better to be explicit if an 8k-char buffer is required.
W/ExpatReader(  780): DTD handlers aren't supported.
W/pl.jena.rdf.arp.SAX2RDF(  780): http://apache.org/xml/features/allow-java-encodings feature not supported by XMLReader
W/ExpatReader(  780): DTD handlers aren't supported.
W/pl.jena.rdf.arp.SAX2RDF(  780): http://apache.org/xml/features/allow-java-encodings feature not supported by XMLReader
D/dalvikvm(  780): GREF has increased to 201
D/TestHelper(  780): testing/regression/testModelEquals/6-2.rdf sanitized to testing/regression/testModelEquals/6-2.rdf
I/global  (  780): Default buffer size used in BufferedReader constructor. It would be better to be explicit if an 8k-char buffer is required.
W/ExpatReader(  780): DTD handlers aren't supported.
W/pl.jena.rdf.arp.SAX2RDF(  780): http://apache.org/xml/features/allow-java-encodings feature not supported by XMLReader
W/ExpatReader(  780): DTD handlers aren't supported.
W/pl.jena.rdf.arp.SAX2RDF(  780): http://apache.org/xml/features/allow-java-encodings feature not supported by XMLReader
D/TestHelper(  780): testing/regression/testModelEquals/7-1.nt sanitized to testing/regression/testModelEquals/7-1.nt
I/global  (  780): Default buffer size used in BufferedReader constructor. It would be better to be explicit if an 8k-char buffer is required.
D/dalvikvm(  780): GC freed 40095 objects / 1888392 bytes in 879ms
D/TestHelper(  780): testing/regression/testModelEquals/7-2.nt sanitized to testing/regression/testModelEquals/7-2.nt
I/global  (  780): Default buffer size used in BufferedReader constructor. It would be better to be explicit if an 8k-char buffer is required.
D/TestHelper(  780): testing/regression/testModelEquals/8-1.nt sanitized to testing/regression/testModelEquals/8-1.nt
I/global  (  780): Default buffer size used in BufferedReader constructor. It would be better to be explicit if an 8k-char buffer is required.
D/dalvikvm(  780): GREF has decreased to 99
D/TestHelper(  780): testing/regression/testModelEquals/8-2.nt sanitized to testing/regression/testModelEquals/8-2.nt
I/global  (  780): Default buffer size used in BufferedReader constructor. It would be better to be explicit if an 8k-char buffer is required.
I/AndrojenaTests(  773): test ended: testIsomorphismFile(com.hp.hpl.jena.graph.test.MetaTestGraph)
I/AndrojenaTests(  773): test started: testListObjectNoDuplicates(com.hp.hpl.jena.graph.test.MetaTestGraph)
D/dalvikvm(  773): GC freed 8772 objects / 521608 bytes in 652ms
I/AndrojenaTests(  773): test ended: testListObjectNoDuplicates(com.hp.hpl.jena.graph.test.MetaTestGraph)
I/AndrojenaTests(  773): test started: testListObjects(com.hp.hpl.jena.graph.test.MetaTestGraph)
I/AndrojenaTests(  773): test ended: testListObjects(com.hp.hpl.jena.graph.test.MetaTestGraph)
I/AndrojenaTests(  773): test started: testListObjectsNoRemove(com.hp.hpl.jena.graph.test.MetaTestGraph)
I/AndrojenaTests(  773): test ended: testListObjectsNoRemove(com.hp.hpl.jena.graph.test.MetaTestGraph)
I/AndrojenaTests(  773): test started: testListPredicates(com.hp.hpl.jena.graph.test.MetaTestGraph)
I/AndrojenaTests(  773): test ended: testListPredicates(com.hp.hpl.jena.graph.test.MetaTestGraph)
I/AndrojenaTests(  773): test started: testListPredicatesNoRemove(com.hp.hpl.jena.graph.test.MetaTestGraph)
I/AndrojenaTests(  773): test ended: testListPredicatesNoRemove(com.hp.hpl.jena.graph.test.MetaTestGraph)
I/AndrojenaTests(  773): test started: testListSubjects(com.hp.hpl.jena.graph.test.MetaTestGraph)
I/AndrojenaTests(  773): test ended: testListSubjects(com.hp.hpl.jena.graph.test.MetaTestGraph)
I/AndrojenaTests(  773): test started: testListSubjectsNoRemove(com.hp.hpl.jena.graph.test.MetaTestGraph)
I/AndrojenaTests(  773): test ended: testListSubjectsNoRemove(com.hp.hpl.jena.graph.test.MetaTestGraph)
I/AndrojenaTests(  773): test started: testMatchBothLanguagedLiteralsCaseInsensitive(com.hp.hpl.jena.graph.test.MetaTestGraph)
I/AndrojenaTests(  773): test ended: testMatchBothLanguagedLiteralsCaseInsensitive(com.hp.hpl.jena.graph.test.MetaTestGraph)
I/AndrojenaTests(  773): test started: testMatchLanguagedLiteralCaseInsensitive(com.hp.hpl.jena.graph.test.MetaTestGraph)
I/AndrojenaTests(  773): test ended: testMatchLanguagedLiteralCaseInsensitive(com.hp.hpl.jena.graph.test.MetaTestGraph)
I/AndrojenaTests(  773): test started: testNoMatchAgainstUnlanguagesLiteral(com.hp.hpl.jena.graph.test.MetaTestGraph)
I/AndrojenaTests(  773): test ended: testNoMatchAgainstUnlanguagesLiteral(com.hp.hpl.jena.graph.test.MetaTestGraph)
I/AndrojenaTests(  773): test started: testObjectsFor(com.hp.hpl.jena.graph.test.MetaTestGraph)
I/AndrojenaTests(  773): test ended: testObjectsFor(com.hp.hpl.jena.graph.test.MetaTestGraph)
I/AndrojenaTests(  773): test started: testPredicatesFor(com.hp.hpl.jena.graph.test.MetaTestGraph)
I/AndrojenaTests(  773): test ended: testPredicatesFor(com.hp.hpl.jena.graph.test.MetaTestGraph)
I/AndrojenaTests(  773): test started: testRegisterTwice(com.hp.hpl.jena.graph.test.MetaTestGraph)
I/AndrojenaTests(  773): test ended: testRegisterTwice(com.hp.hpl.jena.graph.test.MetaTestGraph)
I/AndrojenaTests(  773): test started: testRemove(com.hp.hpl.jena.graph.test.MetaTestGraph)
I/AndrojenaTests(  773): test ended: testRemove(com.hp.hpl.jena.graph.test.MetaTestGraph)
I/AndrojenaTests(  773): test started: testRemoveAll(com.hp.hpl.jena.graph.test.MetaTestGraph)
I/AndrojenaTests(  773): test ended: testRemoveAll(com.hp.hpl.jena.graph.test.MetaTestGraph)
I/AndrojenaTests(  773): test started: testRemoveAllEvent(com.hp.hpl.jena.graph.test.MetaTestGraph)
I/AndrojenaTests(  773): test ended: testRemoveAllEvent(com.hp.hpl.jena.graph.test.MetaTestGraph)
I/AndrojenaTests(  773): test started: testRemoveSPO(com.hp.hpl.jena.graph.test.MetaTestGraph)
I/AndrojenaTests(  773): test ended: testRemoveSPO(com.hp.hpl.jena.graph.test.MetaTestGraph)
I/AndrojenaTests(  773): test started: testRemoveSomeEvent(com.hp.hpl.jena.graph.test.MetaTestGraph)
I/AndrojenaTests(  773): test ended: testRemoveSomeEvent(com.hp.hpl.jena.graph.test.MetaTestGraph)
I/AndrojenaTests(  773): test started: testRepeatedSubjectDoesNotConceal(com.hp.hpl.jena.graph.test.MetaTestGraph)
I/AndrojenaTests(  773): test ended: testRepeatedSubjectDoesNotConceal(com.hp.hpl.jena.graph.test.MetaTestGraph)
I/AndrojenaTests(  773): test started: testSubjectsFor(com.hp.hpl.jena.graph.test.MetaTestGraph)
I/AndrojenaTests(  773): test ended: testSubjectsFor(com.hp.hpl.jena.graph.test.MetaTestGraph)
I/AndrojenaTests(  773): test started: testTwoListeners(com.hp.hpl.jena.graph.test.MetaTestGraph)
I/AndrojenaTests(  773): test ended: testTwoListeners(com.hp.hpl.jena.graph.test.MetaTestGraph)
I/AndrojenaTests(  773): test started: testUnregisterOnce(com.hp.hpl.jena.graph.test.MetaTestGraph)
I/AndrojenaTests(  773): test ended: testUnregisterOnce(com.hp.hpl.jena.graph.test.MetaTestGraph)
I/AndrojenaTests(  773): test started: testUnregisterWorks(com.hp.hpl.jena.graph.test.MetaTestGraph)
I/AndrojenaTests(  773): test ended: testUnregisterWorks(com.hp.hpl.jena.graph.test.MetaTestGraph)
I/AndrojenaTests(  773): test started: testToSilenceJunitComplaintsAboutNoTestMethods(com.hp.hpl.jena.graph.test.MetaTestGraph)
I/AndrojenaTests(  773): test ended: testToSilenceJunitComplaintsAboutNoTestMethods(com.hp.hpl.jena.graph.test.MetaTestGraph)
I/AndrojenaTests(  773): test started: testAGraph(com.hp.hpl.jena.graph.test.MetaTestGraph)
I/AndrojenaTests(  773): test ended: testAGraph(com.hp.hpl.jena.graph.test.MetaTestGraph)
I/AndrojenaTests(  773): test started: testAddTriple(com.hp.hpl.jena.graph.test.MetaTestGraph)
I/AndrojenaTests(  773): test ended: testAddTriple(com.hp.hpl.jena.graph.test.MetaTestGraph)
I/AndrojenaTests(  773): test started: testBulkAddArrayEvent(com.hp.hpl.jena.graph.test.MetaTestGraph)
I/AndrojenaTests(  773): test ended: testBulkAddArrayEvent(com.hp.hpl.jena.graph.test.MetaTestGraph)
I/AndrojenaTests(  773): test started: testBulkAddGraph(com.hp.hpl.jena.graph.test.MetaTestGraph)
I/AndrojenaTests(  773): test ended: testBulkAddGraph(com.hp.hpl.jena.graph.test.MetaTestGraph)
I/AndrojenaTests(  773): test started: testBulkAddIterator(com.hp.hpl.jena.graph.test.MetaTestGraph)
I/AndrojenaTests(  773): test ended: testBulkAddIterator(com.hp.hpl.jena.graph.test.MetaTestGraph)
I/AndrojenaTests(  773): test started: testBulkAddList(com.hp.hpl.jena.graph.test.MetaTestGraph)
I/AndrojenaTests(  773): test ended: testBulkAddList(com.hp.hpl.jena.graph.test.MetaTestGraph)
I/AndrojenaTests(  773): test started: testBulkAddWithReification(com.hp.hpl.jena.graph.test.MetaTestGraph)
I/AndrojenaTests(  773): test ended: testBulkAddWithReification(com.hp.hpl.jena.graph.test.MetaTestGraph)
I/AndrojenaTests(  773): test started: testBulkAddWithReificationPreamble(com.hp.hpl.jena.graph.test.MetaTestGraph)
I/AndrojenaTests(  773): test ended: testBulkAddWithReificationPreamble(com.hp.hpl.jena.graph.test.MetaTestGraph)
I/AndrojenaTests(  773): test started: testBulkDeleteArray(com.hp.hpl.jena.graph.test.MetaTestGraph)
I/AndrojenaTests(  773): test ended: testBulkDeleteArray(com.hp.hpl.jena.graph.test.MetaTestGraph)
I/AndrojenaTests(  773): test started: testBulkDeleteGraph(com.hp.hpl.jena.graph.test.MetaTestGraph)
I/AndrojenaTests(  773): test ended: testBulkDeleteGraph(com.hp.hpl.jena.graph.test.MetaTestGraph)
I/AndrojenaTests(  773): test started: testBulkDeleteIterator(com.hp.hpl.jena.graph.test.MetaTestGraph)
I/AndrojenaTests(  773): test ended: testBulkDeleteIterator(com.hp.hpl.jena.graph.test.MetaTestGraph)
I/AndrojenaTests(  773): test started: testBulkDeleteList(com.hp.hpl.jena.graph.test.MetaTestGraph)
I/AndrojenaTests(  773): test ended: testBulkDeleteList(com.hp.hpl.jena.graph.test.MetaTestGraph)
I/AndrojenaTests(  773): test started: testBulkRemoveWithReification(com.hp.hpl.jena.graph.test.MetaTestGraph)
I/AndrojenaTests(  773): test ended: testBulkRemoveWithReification(com.hp.hpl.jena.graph.test.MetaTestGraph)
I/AndrojenaTests(  773): test started: testBulkUpdate(com.hp.hpl.jena.graph.test.MetaTestGraph)
I/AndrojenaTests(  773): test ended: testBulkUpdate(com.hp.hpl.jena.graph.test.MetaTestGraph)
I/AndrojenaTests(  773): test started: testCloseSetsIsClosed(com.hp.hpl.jena.graph.test.MetaTestGraph)
I/AndrojenaTests(  773): test ended: testCloseSetsIsClosed(com.hp.hpl.jena.graph.test.MetaTestGraph)
I/AndrojenaTests(  773): test started: testContainsByValue(com.hp.hpl.jena.graph.test.MetaTestGraph)
I/AndrojenaTests(  773): test ended: testContainsByValue(com.hp.hpl.jena.graph.test.MetaTestGraph)
I/AndrojenaTests(  773): test started: testContainsConcrete(com.hp.hpl.jena.graph.test.MetaTestGraph)
I/AndrojenaTests(  773): test ended: testContainsConcrete(com.hp.hpl.jena.graph.test.MetaTestGraph)
I/AndrojenaTests(  773): test started: testContainsFluid(com.hp.hpl.jena.graph.test.MetaTestGraph)
I/AndrojenaTests(  773): test ended: testContainsFluid(com.hp.hpl.jena.graph.test.MetaTestGraph)
I/AndrojenaTests(  773): test started: testContainsNode(com.hp.hpl.jena.graph.test.MetaTestGraph)
I/AndrojenaTests(  773): test ended: testContainsNode(com.hp.hpl.jena.graph.test.MetaTestGraph)
I/AndrojenaTests(  773): test started: testDeleteTriple(com.hp.hpl.jena.graph.test.MetaTestGraph)
I/AndrojenaTests(  773): test ended: testDeleteTriple(com.hp.hpl.jena.graph.test.MetaTestGraph)
I/AndrojenaTests(  773): test started: testEventDeleteByFind(com.hp.hpl.jena.graph.test.MetaTestGraph)
I/AndrojenaTests(  773): test ended: testEventDeleteByFind(com.hp.hpl.jena.graph.test.MetaTestGraph)
I/AndrojenaTests(  773): test started: testEventRegister(com.hp.hpl.jena.graph.test.MetaTestGraph)
I/AndrojenaTests(  773): test ended: testEventRegister(com.hp.hpl.jena.graph.test.MetaTestGraph)
I/AndrojenaTests(  773): test started: testEventUnregister(com.hp.hpl.jena.graph.test.MetaTestGraph)
I/AndrojenaTests(  773): test ended: testEventUnregister(com.hp.hpl.jena.graph.test.MetaTestGraph)
I/AndrojenaTests(  773): test started: testExecuteInTransactionCatchesThrowable(com.hp.hpl.jena.graph.test.MetaTestGraph)
I/AndrojenaTests(  773): test ended: testExecuteInTransactionCatchesThrowable(com.hp.hpl.jena.graph.test.MetaTestGraph)
I/AndrojenaTests(  773): test started: testFind(com.hp.hpl.jena.graph.test.MetaTestGraph)
I/AndrojenaTests(  773): test ended: testFind(com.hp.hpl.jena.graph.test.MetaTestGraph)
I/AndrojenaTests(  773): test started: testFindAndContains(com.hp.hpl.jena.graph.test.MetaTestGraph)
I/AndrojenaTests(  773): test ended: testFindAndContains(com.hp.hpl.jena.graph.test.MetaTestGraph)
I/AndrojenaTests(  773): test started: testFindByFluidTriple(com.hp.hpl.jena.graph.test.MetaTestGraph)
I/AndrojenaTests(  773): test ended: testFindByFluidTriple(com.hp.hpl.jena.graph.test.MetaTestGraph)
I/AndrojenaTests(  773): test started: testGeneralEvent(com.hp.hpl.jena.graph.test.MetaTestGraph)
I/AndrojenaTests(  773): test ended: testGeneralEvent(com.hp.hpl.jena.graph.test.MetaTestGraph)
I/AndrojenaTests(  773): test started: testGetStatisticsHandler(com.hp.hpl.jena.graph.test.MetaTestGraph)
I/AndrojenaTests(  773): test ended: testGetStatisticsHandler(com.hp.hpl.jena.graph.test.MetaTestGraph)
I/AndrojenaTests(  773): test started: testHasCapabilities(com.hp.hpl.jena.graph.test.MetaTestGraph)
D/TestHelper(  780): testing/regression/testModelEquals/1-1.rdf sanitized to testing/regression/testModelEquals/1-1.rdf
I/AndrojenaTests(  773): test ended: testHasCapabilities(com.hp.hpl.jena.graph.test.MetaTestGraph)
I/AndrojenaTests(  773): test started: testHasTransactions(com.hp.hpl.jena.graph.test.MetaTestGraph)
I/global  (  780): Default buffer size used in BufferedReader constructor. It would be better to be explicit if an 8k-char buffer is required.
I/AndrojenaTests(  773): test ended: testHasTransactions(com.hp.hpl.jena.graph.test.MetaTestGraph)
I/AndrojenaTests(  773): test started: testIsEmpty(com.hp.hpl.jena.graph.test.MetaTestGraph)
W/ExpatReader(  780): DTD handlers aren't supported.
W/pl.jena.rdf.arp.SAX2RDF(  780): http://apache.org/xml/features/allow-java-encodings feature not supported by XMLReader
I/AndrojenaTests(  773): test ended: testIsEmpty(com.hp.hpl.jena.graph.test.MetaTestGraph)
I/AndrojenaTests(  773): test started: testIsomorphismFile(com.hp.hpl.jena.graph.test.MetaTestGraph)
W/ExpatReader(  780): DTD handlers aren't supported.
W/pl.jena.rdf.arp.SAX2RDF(  780): http://apache.org/xml/features/allow-java-encodings feature not supported by XMLReader
D/TestHelper(  780): testing/regression/testModelEquals/1-2.rdf sanitized to testing/regression/testModelEquals/1-2.rdf
I/global  (  780): Default buffer size used in BufferedReader constructor. It would be better to be explicit if an 8k-char buffer is required.
W/ExpatReader(  780): DTD handlers aren't supported.
W/pl.jena.rdf.arp.SAX2RDF(  780): http://apache.org/xml/features/allow-java-encodings feature not supported by XMLReader
W/ExpatReader(  780): DTD handlers aren't supported.
W/pl.jena.rdf.arp.SAX2RDF(  780): http://apache.org/xml/features/allow-java-encodings feature not supported by XMLReader
D/dalvikvm(  780): GC freed 48653 objects / 2063952 bytes in 961ms
D/TestHelper(  780): testing/regression/testModelEquals/2-1.rdf sanitized to testing/regression/testModelEquals/2-1.rdf
I/global  (  780): Default buffer size used in BufferedReader constructor. It would be better to be explicit if an 8k-char buffer is required.
W/ExpatReader(  780): DTD handlers aren't supported.
W/pl.jena.rdf.arp.SAX2RDF(  780): http://apache.org/xml/features/allow-java-encodings feature not supported by XMLReader
W/ExpatReader(  780): DTD handlers aren't supported.
W/pl.jena.rdf.arp.SAX2RDF(  780): http://apache.org/xml/features/allow-java-encodings feature not supported by XMLReader
D/TestHelper(  780): testing/regression/testModelEquals/2-2.rdf sanitized to testing/regression/testModelEquals/2-2.rdf
I/global  (  780): Default buffer size used in BufferedReader constructor. It would be better to be explicit if an 8k-char buffer is required.
W/ExpatReader(  780): DTD handlers aren't supported.
W/pl.jena.rdf.arp.SAX2RDF(  780): http://apache.org/xml/features/allow-java-encodings feature not supported by XMLReader
W/ExpatReader(  780): DTD handlers aren't supported.
W/pl.jena.rdf.arp.SAX2RDF(  780): http://apache.org/xml/features/allow-java-encodings feature not supported by XMLReader
D/TestHelper(  780): testing/regression/testModelEquals/3-1.rdf sanitized to testing/regression/testModelEquals/3-1.rdf
I/global  (  780): Default buffer size used in BufferedReader constructor. It would be better to be explicit if an 8k-char buffer is required.
W/ExpatReader(  780): DTD handlers aren't supported.
W/pl.jena.rdf.arp.SAX2RDF(  780): http://apache.org/xml/features/allow-java-encodings feature not supported by XMLReader
W/ExpatReader(  780): DTD handlers aren't supported.
W/pl.jena.rdf.arp.SAX2RDF(  780): http://apache.org/xml/features/allow-java-encodings feature not supported by XMLReader
D/TestHelper(  780): testing/regression/testModelEquals/3-2.rdf sanitized to testing/regression/testModelEquals/3-2.rdf
I/global  (  780): Default buffer size used in BufferedReader constructor. It would be better to be explicit if an 8k-char buffer is required.
W/ExpatReader(  780): DTD handlers aren't supported.
W/pl.jena.rdf.arp.SAX2RDF(  780): http://apache.org/xml/features/allow-java-encodings feature not supported by XMLReader
W/ExpatReader(  780): DTD handlers aren't supported.
W/pl.jena.rdf.arp.SAX2RDF(  780): http://apache.org/xml/features/allow-java-encodings feature not supported by XMLReader
D/TestHelper(  780): testing/regression/testModelEquals/4-1.rdf sanitized to testing/regression/testModelEquals/4-1.rdf
I/global  (  780): Default buffer size used in BufferedReader constructor. It would be better to be explicit if an 8k-char buffer is required.
W/ExpatReader(  780): DTD handlers aren't supported.
W/pl.jena.rdf.arp.SAX2RDF(  780): http://apache.org/xml/features/allow-java-encodings feature not supported by XMLReader
W/ExpatReader(  780): DTD handlers aren't supported.
W/pl.jena.rdf.arp.SAX2RDF(  780): http://apache.org/xml/features/allow-java-encodings feature not supported by XMLReader
D/TestHelper(  780): testing/regression/testModelEquals/4-2.rdf sanitized to testing/regression/testModelEquals/4-2.rdf
I/global  (  780): Default buffer size used in BufferedReader constructor. It would be better to be explicit if an 8k-char buffer is required.
W/ExpatReader(  780): DTD handlers aren't supported.
W/pl.jena.rdf.arp.SAX2RDF(  780): http://apache.org/xml/features/allow-java-encodings feature not supported by XMLReader
W/ExpatReader(  780): DTD handlers aren't supported.
W/pl.jena.rdf.arp.SAX2RDF(  780): http://apache.org/xml/features/allow-java-encodings feature not supported by XMLReader
D/TestHelper(  780): testing/regression/testModelEquals/5-1.rdf sanitized to testing/regression/testModelEquals/5-1.rdf
I/global  (  780): Default buffer size used in BufferedReader constructor. It would be better to be explicit if an 8k-char buffer is required.
W/ExpatReader(  780): DTD handlers aren't supported.
W/pl.jena.rdf.arp.SAX2RDF(  780): http://apache.org/xml/features/allow-java-encodings feature not supported by XMLReader
W/ExpatReader(  780): DTD handlers aren't supported.
W/pl.jena.rdf.arp.SAX2RDF(  780): http://apache.org/xml/features/allow-java-encodings feature not supported by XMLReader
D/TestHelper(  780): testing/regression/testModelEquals/5-2.rdf sanitized to testing/regression/testModelEquals/5-2.rdf
I/global  (  780): Default buffer size used in BufferedReader constructor. It would be better to be explicit if an 8k-char buffer is required.
W/ExpatReader(  780): DTD handlers aren't supported.
W/pl.jena.rdf.arp.SAX2RDF(  780): http://apache.org/xml/features/allow-java-encodings feature not supported by XMLReader
W/ExpatReader(  780): DTD handlers aren't supported.
W/pl.jena.rdf.arp.SAX2RDF(  780): http://apache.org/xml/features/allow-java-encodings feature not supported by XMLReader
D/TestHelper(  780): testing/regression/testModelEquals/6-1.rdf sanitized to testing/regression/testModelEquals/6-1.rdf
I/global  (  780): Default buffer size used in BufferedReader constructor. It would be better to be explicit if an 8k-char buffer is required.
W/ExpatReader(  780): DTD handlers aren't supported.
W/pl.jena.rdf.arp.SAX2RDF(  780): http://apache.org/xml/features/allow-java-encodings feature not supported by XMLReader
W/ExpatReader(  780): DTD handlers aren't supported.
W/pl.jena.rdf.arp.SAX2RDF(  780): http://apache.org/xml/features/allow-java-encodings feature not supported by XMLReader
D/TestHelper(  780): testing/regression/testModelEquals/6-2.rdf sanitized to testing/regression/testModelEquals/6-2.rdf
I/global  (  780): Default buffer size used in BufferedReader constructor. It would be better to be explicit if an 8k-char buffer is required.
W/ExpatReader(  780): DTD handlers aren't supported.
W/pl.jena.rdf.arp.SAX2RDF(  780): http://apache.org/xml/features/allow-java-encodings feature not supported by XMLReader
W/ExpatReader(  780): DTD handlers aren't supported.
W/pl.jena.rdf.arp.SAX2RDF(  780): http://apache.org/xml/features/allow-java-encodings feature not supported by XMLReader
D/TestHelper(  780): testing/regression/testModelEquals/7-1.nt sanitized to testing/regression/testModelEquals/7-1.nt
I/global  (  780): Default buffer size used in BufferedReader constructor. It would be better to be explicit if an 8k-char buffer is required.
D/TestHelper(  780): testing/regression/testModelEquals/7-2.nt sanitized to testing/regression/testModelEquals/7-2.nt
I/global  (  780): Default buffer size used in BufferedReader constructor. It would be better to be explicit if an 8k-char buffer is required.
D/TestHelper(  780): testing/regression/testModelEquals/8-1.nt sanitized to testing/regression/testModelEquals/8-1.nt
I/global  (  780): Default buffer size used in BufferedReader constructor. It would be better to be explicit if an 8k-char buffer is required.
D/TestHelper(  780): testing/regression/testModelEquals/8-2.nt sanitized to testing/regression/testModelEquals/8-2.nt
I/global  (  780): Default buffer size used in BufferedReader constructor. It would be better to be explicit if an 8k-char buffer is required.
I/AndrojenaTests(  773): test ended: testIsomorphismFile(com.hp.hpl.jena.graph.test.MetaTestGraph)
I/AndrojenaTests(  773): test started: testListObjectNoDuplicates(com.hp.hpl.jena.graph.test.MetaTestGraph)
I/AndrojenaTests(  773): test ended: testListObjectNoDuplicates(com.hp.hpl.jena.graph.test.MetaTestGraph)
I/AndrojenaTests(  773): test started: testListObjects(com.hp.hpl.jena.graph.test.MetaTestGraph)
I/AndrojenaTests(  773): test ended: testListObjects(com.hp.hpl.jena.graph.test.MetaTestGraph)
I/AndrojenaTests(  773): test started: testListObjectsNoRemove(com.hp.hpl.jena.graph.test.MetaTestGraph)
I/AndrojenaTests(  773): test ended: testListObjectsNoRemove(com.hp.hpl.jena.graph.test.MetaTestGraph)
I/AndrojenaTests(  773): test started: testListPredicates(com.hp.hpl.jena.graph.test.MetaTestGraph)
I/AndrojenaTests(  773): test ended: testListPredicates(com.hp.hpl.jena.graph.test.MetaTestGraph)
I/AndrojenaTests(  773): test started: testListPredicatesNoRemove(com.hp.hpl.jena.graph.test.MetaTestGraph)
I/AndrojenaTests(  773): test ended: testListPredicatesNoRemove(com.hp.hpl.jena.graph.test.MetaTestGraph)
I/AndrojenaTests(  773): test started: testListSubjects(com.hp.hpl.jena.graph.test.MetaTestGraph)
I/AndrojenaTests(  773): test ended: testListSubjects(com.hp.hpl.jena.graph.test.MetaTestGraph)
I/AndrojenaTests(  773): test started: testListSubjectsNoRemove(com.hp.hpl.jena.graph.test.MetaTestGraph)
I/AndrojenaTests(  773): test ended: testListSubjectsNoRemove(com.hp.hpl.jena.graph.test.MetaTestGraph)
I/AndrojenaTests(  773): test started: testMatchBothLanguagedLiteralsCaseInsensitive(com.hp.hpl.jena.graph.test.MetaTestGraph)
I/AndrojenaTests(  773): test ended: testMatchBothLanguagedLiteralsCaseInsensitive(com.hp.hpl.jena.graph.test.MetaTestGraph)
I/AndrojenaTests(  773): test started: testMatchLanguagedLiteralCaseInsensitive(com.hp.hpl.jena.graph.test.MetaTestGraph)
I/AndrojenaTests(  773): test ended: testMatchLanguagedLiteralCaseInsensitive(com.hp.hpl.jena.graph.test.MetaTestGraph)
I/AndrojenaTests(  773): test started: testNoMatchAgainstUnlanguagesLiteral(com.hp.hpl.jena.graph.test.MetaTestGraph)
I/AndrojenaTests(  773): test ended: testNoMatchAgainstUnlanguagesLiteral(com.hp.hpl.jena.graph.test.MetaTestGraph)
I/AndrojenaTests(  773): test started: testObjectsFor(com.hp.hpl.jena.graph.test.MetaTestGraph)
I/AndrojenaTests(  773): test ended: testObjectsFor(com.hp.hpl.jena.graph.test.MetaTestGraph)
I/AndrojenaTests(  773): test started: testPredicatesFor(com.hp.hpl.jena.graph.test.MetaTestGraph)
I/AndrojenaTests(  773): test ended: testPredicatesFor(com.hp.hpl.jena.graph.test.MetaTestGraph)
I/AndrojenaTests(  773): test started: testRegisterTwice(com.hp.hpl.jena.graph.test.MetaTestGraph)
I/AndrojenaTests(  773): test ended: testRegisterTwice(com.hp.hpl.jena.graph.test.MetaTestGraph)
I/AndrojenaTests(  773): test started: testRemove(com.hp.hpl.jena.graph.test.MetaTestGraph)
I/AndrojenaTests(  773): test ended: testRemove(com.hp.hpl.jena.graph.test.MetaTestGraph)
I/AndrojenaTests(  773): test started: testRemoveAll(com.hp.hpl.jena.graph.test.MetaTestGraph)
I/AndrojenaTests(  773): test ended: testRemoveAll(com.hp.hpl.jena.graph.test.MetaTestGraph)
I/AndrojenaTests(  773): test started: testRemoveAllEvent(com.hp.hpl.jena.graph.test.MetaTestGraph)
I/AndrojenaTests(  773): test ended: testRemoveAllEvent(com.hp.hpl.jena.graph.test.MetaTestGraph)
I/AndrojenaTests(  773): test started: testRemoveSPO(com.hp.hpl.jena.graph.test.MetaTestGraph)
D/dalvikvm(  780): GC freed 39033 objects / 2061424 bytes in 942ms
I/AndrojenaTests(  773): test ended: testRemoveSPO(com.hp.hpl.jena.graph.test.MetaTestGraph)
I/AndrojenaTests(  773): test started: testRemoveSomeEvent(com.hp.hpl.jena.graph.test.MetaTestGraph)
I/AndrojenaTests(  773): test ended: testRemoveSomeEvent(com.hp.hpl.jena.graph.test.MetaTestGraph)
I/AndrojenaTests(  773): test started: testRepeatedSubjectDoesNotConceal(com.hp.hpl.jena.graph.test.MetaTestGraph)
I/AndrojenaTests(  773): test ended: testRepeatedSubjectDoesNotConceal(com.hp.hpl.jena.graph.test.MetaTestGraph)
I/AndrojenaTests(  773): test started: testSubjectsFor(com.hp.hpl.jena.graph.test.MetaTestGraph)
I/AndrojenaTests(  773): test ended: testSubjectsFor(com.hp.hpl.jena.graph.test.MetaTestGraph)
I/AndrojenaTests(  773): test started: testTwoListeners(com.hp.hpl.jena.graph.test.MetaTestGraph)
I/AndrojenaTests(  773): test ended: testTwoListeners(com.hp.hpl.jena.graph.test.MetaTestGraph)
I/AndrojenaTests(  773): test started: testUnregisterOnce(com.hp.hpl.jena.graph.test.MetaTestGraph)
I/AndrojenaTests(  773): test ended: testUnregisterOnce(com.hp.hpl.jena.graph.test.MetaTestGraph)
I/AndrojenaTests(  773): test started: testUnregisterWorks(com.hp.hpl.jena.graph.test.MetaTestGraph)
I/AndrojenaTests(  773): test ended: testUnregisterWorks(com.hp.hpl.jena.graph.test.MetaTestGraph)
I/AndrojenaTests(  773): test started: testToSilenceJunitComplaintsAboutNoTestMethods(com.hp.hpl.jena.graph.test.MetaTestGraph)
I/AndrojenaTests(  773): test ended: testToSilenceJunitComplaintsAboutNoTestMethods(com.hp.hpl.jena.graph.test.MetaTestGraph)
I/AndrojenaTests(  773): test started: testExtendedConstructorExists(com.hp.hpl.jena.graph.test.TestReifier)
D/dalvikvm(  773): GC freed 8729 objects / 523672 bytes in 647ms
I/AndrojenaTests(  773): test ended: testExtendedConstructorExists(com.hp.hpl.jena.graph.test.TestReifier)
I/AndrojenaTests(  773): test started: testAllNodes(com.hp.hpl.jena.graph.test.TestReifier)
I/AndrojenaTests(  773): test ended: testAllNodes(com.hp.hpl.jena.graph.test.TestReifier)
I/AndrojenaTests(  773): test started: testBulkClearReificationTriples(com.hp.hpl.jena.graph.test.TestReifier)
I/AndrojenaTests(  773): test ended: testBulkClearReificationTriples(com.hp.hpl.jena.graph.test.TestReifier)
I/AndrojenaTests(  773): test started: testBulkClearReificationTriples2(com.hp.hpl.jena.graph.test.TestReifier)
I/AndrojenaTests(  773): test ended: testBulkClearReificationTriples2(com.hp.hpl.jena.graph.test.TestReifier)
I/AndrojenaTests(  773): test started: testDynamicHiddenTriples(com.hp.hpl.jena.graph.test.TestReifier)
I/AndrojenaTests(  773): test ended: testDynamicHiddenTriples(com.hp.hpl.jena.graph.test.TestReifier)
I/AndrojenaTests(  773): test started: testEmpty(com.hp.hpl.jena.graph.test.TestReifier)
I/AndrojenaTests(  773): test ended: testEmpty(com.hp.hpl.jena.graph.test.TestReifier)
I/AndrojenaTests(  773): test started: testEmptyReifiers(com.hp.hpl.jena.graph.test.TestReifier)
I/AndrojenaTests(  773): test ended: testEmptyReifiers(com.hp.hpl.jena.graph.test.TestReifier)
I/AndrojenaTests(  773): test started: testException(com.hp.hpl.jena.graph.test.TestReifier)
I/AndrojenaTests(  773): test ended: testException(com.hp.hpl.jena.graph.test.TestReifier)
I/AndrojenaTests(  773): test started: testGetGraphNotNull(com.hp.hpl.jena.graph.test.TestReifier)
I/AndrojenaTests(  773): test ended: testGetGraphNotNull(com.hp.hpl.jena.graph.test.TestReifier)
I/AndrojenaTests(  773): test started: testGotGraphReifierNotNull(com.hp.hpl.jena.graph.test.TestReifier)
I/AndrojenaTests(  773): test ended: testGotGraphReifierNotNull(com.hp.hpl.jena.graph.test.TestReifier)
I/AndrojenaTests(  773): test started: testGotGraphReifierStyleNotNull(com.hp.hpl.jena.graph.test.TestReifier)
I/AndrojenaTests(  773): test ended: testGotGraphReifierStyleNotNull(com.hp.hpl.jena.graph.test.TestReifier)
I/AndrojenaTests(  773): test started: testHiddenVsReification(com.hp.hpl.jena.graph.test.TestReifier)
I/AndrojenaTests(  773): test ended: testHiddenVsReification(com.hp.hpl.jena.graph.test.TestReifier)
I/AndrojenaTests(  773): test started: testIntercept(com.hp.hpl.jena.graph.test.TestReifier)
I/AndrojenaTests(  773): test ended: testIntercept(com.hp.hpl.jena.graph.test.TestReifier)
I/AndrojenaTests(  773): test started: testKevinCaseA(com.hp.hpl.jena.graph.test.TestReifier)
I/AndrojenaTests(  773): test ended: testKevinCaseA(com.hp.hpl.jena.graph.test.TestReifier)
I/AndrojenaTests(  773): test started: testKevinCaseB(com.hp.hpl.jena.graph.test.TestReifier)
I/AndrojenaTests(  773): test ended: testKevinCaseB(com.hp.hpl.jena.graph.test.TestReifier)
I/AndrojenaTests(  773): test started: testManifestQuads(com.hp.hpl.jena.graph.test.TestReifier)
I/AndrojenaTests(  773): test ended: testManifestQuads(com.hp.hpl.jena.graph.test.TestReifier)
