D/.query.PatternStageBase(  780): caching thread com.hp.hpl.jena.graph.query.PatternStage@43cb3d70 [currently 2 cached threads]
D/.query.PatternStageBase(  780): reusing thread Thread[PatternStage-1,5,main]
D/.query.PatternStageBase(  780): caching thread com.hp.hpl.jena.graph.query.PatternStage@43cb3d70 [currently 2 cached threads]
D/.query.PatternStageBase(  780): reusing thread Thread[PatternStage-1,5,main]
D/.query.PatternStageBase(  780): caching thread com.hp.hpl.jena.graph.query.PatternStage@43cb3d70 [currently 2 cached threads]
I/AndrojenaTests(  773): test ended: testGraphConstraints(com.hp.hpl.jena.graph.query.test.QueryTest$TestQuerySmallGraphMem)
I/AndrojenaTests(  773): test started: testGraphQuery(com.hp.hpl.jena.graph.query.test.QueryTest$TestQuerySmallGraphMem)
D/.query.PatternStageBase(  780): reusing thread Thread[PatternStage-1,5,main]
D/.query.PatternStageBase(  780): caching thread com.hp.hpl.jena.graph.query.PatternStage@43cb3d70 [currently 2 cached threads]
I/AndrojenaTests(  773): test ended: testGraphQuery(com.hp.hpl.jena.graph.query.test.QueryTest$TestQuerySmallGraphMem)
I/AndrojenaTests(  773): test started: testManyThings(com.hp.hpl.jena.graph.query.test.QueryTest$TestQuerySmallGraphMem)
I/AndrojenaTests(  773): test ended: testManyThings(com.hp.hpl.jena.graph.query.test.QueryTest$TestQuerySmallGraphMem)
I/AndrojenaTests(  773): test started: testMatchConstraint(com.hp.hpl.jena.graph.query.test.QueryTest$TestQuerySmallGraphMem)
D/.query.PatternStageBase(  780): reusing thread Thread[PatternStage-1,5,main]
D/.query.PatternStageBase(  780): caching thread com.hp.hpl.jena.graph.query.PatternStage@43cb3d70 [currently 2 cached threads]
I/AndrojenaTests(  773): test ended: testMatchConstraint(com.hp.hpl.jena.graph.query.test.QueryTest$TestQuerySmallGraphMem)
I/AndrojenaTests(  773): test started: testMismatch(com.hp.hpl.jena.graph.query.test.QueryTest$TestQuerySmallGraphMem)
D/.query.PatternStageBase(  780): reusing thread Thread[PatternStage-1,5,main]
D/.query.PatternStageBase(  780): caching thread com.hp.hpl.jena.graph.query.PatternStage@43cb3d70 [currently 2 cached threads]
I/AndrojenaTests(  773): test ended: testMismatch(com.hp.hpl.jena.graph.query.test.QueryTest$TestQuerySmallGraphMem)
I/AndrojenaTests(  773): test started: testMissingVariable(com.hp.hpl.jena.graph.query.test.QueryTest$TestQuerySmallGraphMem)
I/AndrojenaTests(  773): test ended: testMissingVariable(com.hp.hpl.jena.graph.query.test.QueryTest$TestQuerySmallGraphMem)
I/AndrojenaTests(  773): test started: testMultipleBindings(com.hp.hpl.jena.graph.query.test.QueryTest$TestQuerySmallGraphMem)
D/.query.PatternStageBase(  780): reusing thread Thread[PatternStage-1,5,main]
D/.query.PatternStageBase(  780): caching thread com.hp.hpl.jena.graph.query.PatternStage@43cb3d70 [currently 2 cached threads]
I/AndrojenaTests(  773): test ended: testMultipleBindings(com.hp.hpl.jena.graph.query.test.QueryTest$TestQuerySmallGraphMem)
I/AndrojenaTests(  773): test started: testMultiplePatterns(com.hp.hpl.jena.graph.query.test.QueryTest$TestQuerySmallGraphMem)
D/.query.PatternStageBase(  780): reusing thread Thread[PatternStage-1,5,main]
D/.query.PatternStageBase(  780): caching thread com.hp.hpl.jena.graph.query.PatternStage@43cb3d70 [currently 2 cached threads]
I/AndrojenaTests(  773): test ended: testMultiplePatterns(com.hp.hpl.jena.graph.query.test.QueryTest$TestQuerySmallGraphMem)
I/AndrojenaTests(  773): test started: testNodeVariablesA(com.hp.hpl.jena.graph.query.test.QueryTest$TestQuerySmallGraphMem)
D/.query.PatternStageBase(  780): reusing thread Thread[PatternStage-1,5,main]
D/.query.PatternStageBase(  780): caching thread com.hp.hpl.jena.graph.query.PatternStage@43cb3d70 [currently 2 cached threads]
I/AndrojenaTests(  773): test ended: testNodeVariablesA(com.hp.hpl.jena.graph.query.test.QueryTest$TestQuerySmallGraphMem)
I/AndrojenaTests(  773): test started: testNodeVariablesB(com.hp.hpl.jena.graph.query.test.QueryTest$TestQuerySmallGraphMem)
D/.query.PatternStageBase(  780): reusing thread Thread[PatternStage-1,5,main]
D/.query.PatternStageBase(  780): caching thread com.hp.hpl.jena.graph.query.PatternStage@43cb3d70 [currently 2 cached threads]
I/AndrojenaTests(  773): test ended: testNodeVariablesB(com.hp.hpl.jena.graph.query.test.QueryTest$TestQuerySmallGraphMem)
I/AndrojenaTests(  773): test started: testOneMatch(com.hp.hpl.jena.graph.query.test.QueryTest$TestQuerySmallGraphMem)
D/.query.PatternStageBase(  780): reusing thread Thread[PatternStage-1,5,main]
D/.query.PatternStageBase(  780): caching thread com.hp.hpl.jena.graph.query.PatternStage@43cb3d70 [currently 2 cached threads]
I/AndrojenaTests(  773): test ended: testOneMatch(com.hp.hpl.jena.graph.query.test.QueryTest$TestQuerySmallGraphMem)
I/AndrojenaTests(  773): test started: testQueryConstraintUnbound(com.hp.hpl.jena.graph.query.test.QueryTest$TestQuerySmallGraphMem)
I/AndrojenaTests(  773): test ended: testQueryConstraintUnbound(com.hp.hpl.jena.graph.query.test.QueryTest$TestQuerySmallGraphMem)
I/AndrojenaTests(  773): test started: testQueryExceptionCleanlyExits(com.hp.hpl.jena.graph.query.test.QueryTest$TestQuerySmallGraphMem)
D/.query.PatternStageBase(  780): reusing thread Thread[PatternStage-1,5,main]
D/.query.PatternStageBase(  780): PatternStageBase has caught and forwarded an exception
D/.query.PatternStageBase(  780): com.hp.hpl.jena.graph.query.test.AbstractTestQuery$BangException: bang!
D/.query.PatternStageBase(  780): 	at com.hp.hpl.jena.graph.query.test.AbstractTestQuery$2.graphBaseFind(AbstractTestQuery.java:610)
D/.query.PatternStageBase(  780): 	at com.hp.hpl.jena.graph.impl.GraphBase.find(GraphBase.java:240)
D/.query.PatternStageBase(  780): 	at com.hp.hpl.jena.graph.impl.GraphBase.graphBaseFind(GraphBase.java:260)
D/.query.PatternStageBase(  780): 	at com.hp.hpl.jena.graph.impl.GraphBase.find(GraphBase.java:257)
D/.query.PatternStageBase(  780): 	at com.hp.hpl.jena.graph.query.QueryTriple$SimpleApplyer.find(QueryTriple.java:149)
D/.query.PatternStageBase(  780): 	at com.hp.hpl.jena.graph.query.QueryTriple$SimpleApplyer.applyToTriples(QueryTriple.java:153)
D/.query.PatternStageBase(  780): 	at com.hp.hpl.jena.graph.query.StageElement$FindTriples.run(StageElement.java:52)
D/.query.PatternStageBase(  780): 	at com.hp.hpl.jena.graph.query.PatternStageBase.run(PatternStageBase.java:54)
D/.query.PatternStageBase(  780): 	at com.hp.hpl.jena.graph.query.PatternStageBase$Work.run(PatternStageBase.java:106)
D/.query.PatternStageBase(  780): 	at com.hp.hpl.jena.graph.query.PatternStageBase$PatternStageThread.run(PatternStageBase.java:90)
D/.query.PatternStageBase(  780): caching thread com.hp.hpl.jena.graph.query.PatternStage@43cb3d70 [currently 2 cached threads]
D/.query.PatternStageBase(  780): BufferPipe has recieved and rethrown an exception
D/.query.PatternStageBase(  780): com.hp.hpl.jena.shared.QueryStageException: com.hp.hpl.jena.graph.query.test.AbstractTestQuery$BangException: bang!
D/.query.PatternStageBase(  780): 	at com.hp.hpl.jena.graph.query.BufferPipe$Finished.<init>(BufferPipe.java:32)
D/.query.PatternStageBase(  780): 	at com.hp.hpl.jena.graph.query.BufferPipe.close(BufferPipe.java:63)
D/.query.PatternStageBase(  780): 	at com.hp.hpl.jena.graph.query.PatternStageBase.run(PatternStageBase.java:58)
D/.query.PatternStageBase(  780): 	at com.hp.hpl.jena.graph.query.PatternStageBase$Work.run(PatternStageBase.java:106)
D/.query.PatternStageBase(  780): 	at com.hp.hpl.jena.graph.query.PatternStageBase$PatternStageThread.run(PatternStageBase.java:90)
D/.query.PatternStageBase(  780): Caused by: com.hp.hpl.jena.graph.query.test.AbstractTestQuery$BangException: bang!
D/.query.PatternStageBase(  780): 	at com.hp.hpl.jena.graph.query.test.AbstractTestQuery$2.graphBaseFind(AbstractTestQuery.java:610)
D/.query.PatternStageBase(  780): 	at com.hp.hpl.jena.graph.impl.GraphBase.find(GraphBase.java:240)
D/.query.PatternStageBase(  780): 	at com.hp.hpl.jena.graph.impl.GraphBase.graphBaseFind(GraphBase.java:260)
D/.query.PatternStageBase(  780): 	at com.hp.hpl.jena.graph.impl.GraphBase.find(GraphBase.java:257)
D/.query.PatternStageBase(  780): 	at com.hp.hpl.jena.graph.query.QueryTriple$SimpleApplyer.find(QueryTriple.java:149)
D/.query.PatternStageBase(  780): 	at com.hp.hpl.jena.graph.query.QueryTriple$SimpleApplyer.applyToTriples(QueryTriple.java:153)
D/.query.PatternStageBase(  780): 	at com.hp.hpl.jena.graph.query.StageElement$FindTriples.run(StageElement.java:52)
D/.query.PatternStageBase(  780): 	at com.hp.hpl.jena.graph.query.PatternStageBase.run(PatternStageBase.java:54)
D/.query.PatternStageBase(  780): 	... 2 more
I/AndrojenaTests(  773): test ended: testQueryExceptionCleanlyExits(com.hp.hpl.jena.graph.query.test.QueryTest$TestQuerySmallGraphMem)
I/AndrojenaTests(  773): test started: testQueryOptimisation(com.hp.hpl.jena.graph.query.test.QueryTest$TestQuerySmallGraphMem)
D/.query.PatternStageBase(  780): reusing thread Thread[PatternStage-1,5,main]
D/dalvikvm(  780): GC freed 49984 objects / 1793176 bytes in 687ms
D/dalvikvm(  624): GC freed 9992 objects / 563632 bytes in 596ms
D/.query.PatternStageBase(  780): caching thread com.hp.hpl.jena.graph.query.PatternStage@43cb3d70 [currently 2 cached threads]
D/.query.PatternStageBase(  780): reusing thread Thread[PatternStage-1,5,main]
I/AndrojenaTests(  773): test ended: testQueryOptimisation(com.hp.hpl.jena.graph.query.test.QueryTest$TestQuerySmallGraphMem)
I/AndrojenaTests(  773): test started: testQueryTripleOrder(com.hp.hpl.jena.graph.query.test.QueryTest$TestQuerySmallGraphMem)
D/.query.PatternStageBase(  780): caching thread com.hp.hpl.jena.graph.query.PatternStage@43cb3d70 [currently 2 cached threads]
I/AndrojenaTests(  773): test ended: testQueryTripleOrder(com.hp.hpl.jena.graph.query.test.QueryTest$TestQuerySmallGraphMem)
I/AndrojenaTests(  773): test started: testRewriteContainsExpression(com.hp.hpl.jena.graph.query.test.QueryTest$TestQuerySmallGraphMem)
I/AndrojenaTests(  773): test ended: testRewriteContainsExpression(com.hp.hpl.jena.graph.query.test.QueryTest$TestQuerySmallGraphMem)
I/AndrojenaTests(  773): test started: testRewriteEndswithExpression(com.hp.hpl.jena.graph.query.test.QueryTest$TestQuerySmallGraphMem)
I/AndrojenaTests(  773): test ended: testRewriteEndswithExpression(com.hp.hpl.jena.graph.query.test.QueryTest$TestQuerySmallGraphMem)
I/AndrojenaTests(  773): test started: testRewriteEndswithInsensitiveExpression(com.hp.hpl.jena.graph.query.test.QueryTest$TestQuerySmallGraphMem)
I/AndrojenaTests(  773): test ended: testRewriteEndswithInsensitiveExpression(com.hp.hpl.jena.graph.query.test.QueryTest$TestQuerySmallGraphMem)
I/AndrojenaTests(  773): test started: testRewritePreservesCharacterCases(com.hp.hpl.jena.graph.query.test.QueryTest$TestQuerySmallGraphMem)
I/AndrojenaTests(  773): test ended: testRewritePreservesCharacterCases(com.hp.hpl.jena.graph.query.test.QueryTest$TestQuerySmallGraphMem)
I/AndrojenaTests(  773): test started: testRewriteStartswithExpression(com.hp.hpl.jena.graph.query.test.QueryTest$TestQuerySmallGraphMem)
I/AndrojenaTests(  773): test ended: testRewriteStartswithExpression(com.hp.hpl.jena.graph.query.test.QueryTest$TestQuerySmallGraphMem)
I/AndrojenaTests(  773): test started: testRewriteStartswithInsensitiveExpression(com.hp.hpl.jena.graph.query.test.QueryTest$TestQuerySmallGraphMem)
I/AndrojenaTests(  773): test ended: testRewriteStartswithInsensitiveExpression(com.hp.hpl.jena.graph.query.test.QueryTest$TestQuerySmallGraphMem)
I/AndrojenaTests(  773): test started: testSingleBindings(com.hp.hpl.jena.graph.query.test.QueryTest$TestQuerySmallGraphMem)
D/.query.PatternStageBase(  780): reusing thread Thread[PatternStage-1,5,main]
D/.query.PatternStageBase(  780): caching thread com.hp.hpl.jena.graph.query.PatternStage@43cb3d70 [currently 2 cached threads]
I/AndrojenaTests(  773): test ended: testSingleBindings(com.hp.hpl.jena.graph.query.test.QueryTest$TestQuerySmallGraphMem)
I/AndrojenaTests(  773): test started: testStringResults(com.hp.hpl.jena.graph.query.test.QueryTest$TestQuerySmallGraphMem)
D/.query.PatternStageBase(  780): reusing thread Thread[PatternStage-1,5,main]
D/.query.PatternStageBase(  780): caching thread com.hp.hpl.jena.graph.query.PatternStage@43cb3d70 [currently 2 cached threads]
I/AndrojenaTests(  773): test ended: testStringResults(com.hp.hpl.jena.graph.query.test.QueryTest$TestQuerySmallGraphMem)
I/AndrojenaTests(  773): test started: testTripleSorting(com.hp.hpl.jena.graph.query.test.QueryTest$TestQuerySmallGraphMem)
D/.query.PatternStageBase(  780): reusing thread Thread[PatternStage-1,5,main]
D/.query.PatternStageBase(  780): caching thread com.hp.hpl.jena.graph.query.PatternStage@43cb3d70 [currently 2 cached threads]
D/.query.PatternStageBase(  780): reusing thread Thread[PatternStage-1,5,main]
D/.query.PatternStageBase(  780): caching thread com.hp.hpl.jena.graph.query.PatternStage@43cb3d70 [currently 2 cached threads]
D/.query.PatternStageBase(  780): reusing thread Thread[PatternStage-1,5,main]
D/.query.PatternStageBase(  780): caching thread com.hp.hpl.jena.graph.query.PatternStage@43cb3d70 [currently 2 cached threads]
D/.query.PatternStageBase(  780): reusing thread Thread[PatternStage-1,5,main]
D/.query.PatternStageBase(  780): caching thread com.hp.hpl.jena.graph.query.PatternStage@43cb3d70 [currently 2 cached threads]
D/.query.PatternStageBase(  780): reusing thread Thread[PatternStage-1,5,main]
D/.query.PatternStageBase(  780): caching thread com.hp.hpl.jena.graph.query.PatternStage@43cb3d70 [currently 2 cached threads]
D/.query.PatternStageBase(  780): reusing thread Thread[PatternStage-1,5,main]
D/.query.PatternStageBase(  780): caching thread com.hp.hpl.jena.graph.query.PatternStage@43cb3d70 [currently 2 cached threads]
D/.query.PatternStageBase(  780): reusing thread Thread[PatternStage-1,5,main]
D/.query.PatternStageBase(  780): caching thread com.hp.hpl.jena.graph.query.PatternStage@43cb3d70 [currently 2 cached threads]
I/AndrojenaTests(  773): test ended: testTripleSorting(com.hp.hpl.jena.graph.query.test.QueryTest$TestQuerySmallGraphMem)
I/AndrojenaTests(  773): test started: testTwoPatterns(com.hp.hpl.jena.graph.query.test.QueryTest$TestQuerySmallGraphMem)
D/.query.PatternStageBase(  780): reusing thread Thread[PatternStage-1,5,main]
D/.query.PatternStageBase(  780): caching thread com.hp.hpl.jena.graph.query.PatternStage@43cb3d70 [currently 2 cached threads]
I/AndrojenaTests(  773): test ended: testTwoPatterns(com.hp.hpl.jena.graph.query.test.QueryTest$TestQuerySmallGraphMem)
I/AndrojenaTests(  773): test started: testVariableCount(com.hp.hpl.jena.graph.query.test.QueryTest$TestQuerySmallGraphMem)
I/AndrojenaTests(  773): test ended: testVariableCount(com.hp.hpl.jena.graph.query.test.QueryTest$TestQuerySmallGraphMem)
I/AndrojenaTests(  773): test started: testXXXMatch1(com.hp.hpl.jena.graph.query.test.QueryTest$TestQuerySmallGraphMem)
D/.query.PatternStageBase(  780): reusing thread Thread[PatternStage-1,5,main]
D/.query.PatternStageBase(  780): caching thread com.hp.hpl.jena.graph.query.PatternStage@43cb3d70 [currently 2 cached threads]
I/AndrojenaTests(  773): test ended: testXXXMatch1(com.hp.hpl.jena.graph.query.test.QueryTest$TestQuerySmallGraphMem)
I/AndrojenaTests(  773): test started: testXXXMatch3(com.hp.hpl.jena.graph.query.test.QueryTest$TestQuerySmallGraphMem)
D/.query.PatternStageBase(  780): reusing thread Thread[PatternStage-1,5,main]
D/.query.PatternStageBase(  780): caching thread com.hp.hpl.jena.graph.query.PatternStage@43cb3d70 [currently 2 cached threads]
I/AndrojenaTests(  773): test ended: testXXXMatch3(com.hp.hpl.jena.graph.query.test.QueryTest$TestQuerySmallGraphMem)
I/AndrojenaTests(  773): test started: testToSilenceJunitComplaintsAboutNoTestMethods(com.hp.hpl.jena.graph.query.test.QueryTest$TestQuerySmallGraphMem)
I/AndrojenaTests(  773): test ended: testToSilenceJunitComplaintsAboutNoTestMethods(com.hp.hpl.jena.graph.query.test.QueryTest$TestQuerySmallGraphMem)
I/AndrojenaTests(  773): test started: testEmptyQueryPattern(com.hp.hpl.jena.graph.query.test.TestQuery)
I/AndrojenaTests(  773): test ended: testEmptyQueryPattern(com.hp.hpl.jena.graph.query.test.TestQuery)
I/AndrojenaTests(  773): test started: testIOneTriple(com.hp.hpl.jena.graph.query.test.TestQuery)
I/AndrojenaTests(  773): test ended: testIOneTriple(com.hp.hpl.jena.graph.query.test.TestQuery)
I/AndrojenaTests(  773): test started: testSeveralTriples(com.hp.hpl.jena.graph.query.test.TestQuery)
I/AndrojenaTests(  773): test ended: testSeveralTriples(com.hp.hpl.jena.graph.query.test.TestQuery)
I/AndrojenaTests(  773): test started: testToSilenceJunitComplaintsAboutNoTestMethods(com.hp.hpl.jena.graph.query.test.TestQuery)
I/AndrojenaTests(  773): test ended: testToSilenceJunitComplaintsAboutNoTestMethods(com.hp.hpl.jena.graph.query.test.TestQuery)
I/AndrojenaTests(  773): test started: testO(com.hp.hpl.jena.graph.query.test.TestQueryReification)
D/.query.PatternStageBase(  780): reusing thread Thread[PatternStage-1,5,main]
D/.query.PatternStageBase(  780): caching thread com.hp.hpl.jena.graph.query.PatternStage@43cb3d70 [currently 2 cached threads]
I/AndrojenaTests(  773): test ended: testO(com.hp.hpl.jena.graph.query.test.TestQueryReification)
I/AndrojenaTests(  773): test started: testP(com.hp.hpl.jena.graph.query.test.TestQueryReification)
D/.query.PatternStageBase(  780): reusing thread Thread[PatternStage-1,5,main]
D/.query.PatternStageBase(  780): caching thread com.hp.hpl.jena.graph.query.PatternStage@43cb3d70 [currently 2 cached threads]
I/AndrojenaTests(  773): test ended: testP(com.hp.hpl.jena.graph.query.test.TestQueryReification)
I/AndrojenaTests(  773): test started: testS(com.hp.hpl.jena.graph.query.test.TestQueryReification)
D/.query.PatternStageBase(  780): reusing thread Thread[PatternStage-1,5,main]
D/.query.PatternStageBase(  780): caching thread com.hp.hpl.jena.graph.query.PatternStage@43cb3d70 [currently 2 cached threads]
I/AndrojenaTests(  773): test ended: testS(com.hp.hpl.jena.graph.query.test.TestQueryReification)
I/AndrojenaTests(  773): test started: testToSilenceJunitComplaintsAboutNoTestMethods(com.hp.hpl.jena.graph.query.test.TestQueryReification)
I/AndrojenaTests(  773): test ended: testToSilenceJunitComplaintsAboutNoTestMethods(com.hp.hpl.jena.graph.query.test.TestQueryReification)
I/AndrojenaTests(  773): test started: testANY(com.hp.hpl.jena.graph.query.test.TestSimpleTripleSorter)
I/AndrojenaTests(  773): test ended: testANY(com.hp.hpl.jena.graph.query.test.TestSimpleTripleSorter)
I/AndrojenaTests(  773): test started: testBoundFirst(com.hp.hpl.jena.graph.query.test.TestSimpleTripleSorter)
I/AndrojenaTests(  773): test ended: testBoundFirst(com.hp.hpl.jena.graph.query.test.TestSimpleTripleSorter)
I/AndrojenaTests(  773): test started: testConcreteFirst(com.hp.hpl.jena.graph.query.test.TestSimpleTripleSorter)
I/AndrojenaTests(  773): test ended: testConcreteFirst(com.hp.hpl.jena.graph.query.test.TestSimpleTripleSorter)
I/AndrojenaTests(  773): test started: testEmpty(com.hp.hpl.jena.graph.query.test.TestSimpleTripleSorter)
I/AndrojenaTests(  773): test ended: testEmpty(com.hp.hpl.jena.graph.query.test.TestSimpleTripleSorter)
I/AndrojenaTests(  773): test started: testInteraction(com.hp.hpl.jena.graph.query.test.TestSimpleTripleSorter)
I/AndrojenaTests(  773): test ended: testInteraction(com.hp.hpl.jena.graph.query.test.TestSimpleTripleSorter)
I/AndrojenaTests(  773): test started: testSingle(com.hp.hpl.jena.graph.query.test.TestSimpleTripleSorter)
I/AndrojenaTests(  773): test ended: testSingle(com.hp.hpl.jena.graph.query.test.TestSimpleTripleSorter)
I/AndrojenaTests(  773): test started: testSortByMass(com.hp.hpl.jena.graph.query.test.TestSimpleTripleSorter)
I/AndrojenaTests(  773): test ended: testSortByMass(com.hp.hpl.jena.graph.query.test.TestSimpleTripleSorter)
I/AndrojenaTests(  773): test started: testToSilenceJunitComplaintsAboutNoTestMethods(com.hp.hpl.jena.graph.query.test.TestSimpleTripleSorter)
D/.query.PatternStageBase(  780): reusing thread Thread[PatternStage-1,5,main]
D/.query.PatternStageBase(  780): caching thread com.hp.hpl.jena.graph.query.PatternStage@43cb3d70 [currently 2 cached threads]
D/dalvikvm(  773): GC freed 7998 objects / 522760 bytes in 729ms
I/AndrojenaTests(  773): test ended: testToSilenceJunitComplaintsAboutNoTestMethods(com.hp.hpl.jena.graph.query.test.TestSimpleTripleSorter)
D/.query.PatternStageBase(  780): reusing thread Thread[PatternStage-1,5,main]
I/AndrojenaTests(  773): test started: testBooleanEquality(com.hp.hpl.jena.graph.query.test.TestExpressions)
D/.query.PatternStageBase(  780): caching thread com.hp.hpl.jena.graph.query.PatternStage@43cb3d70 [currently 2 cached threads]
I/AndrojenaTests(  773): test ended: testBooleanEquality(com.hp.hpl.jena.graph.query.test.TestExpressions)
D/.query.PatternStageBase(  780): reusing thread Thread[PatternStage-1,5,main]
D/.query.PatternStageBase(  780): caching thread com.hp.hpl.jena.graph.query.PatternStage@43cb3d70 [currently 2 cached threads]
I/AndrojenaTests(  773): test started: testDyadic(com.hp.hpl.jena.graph.query.test.TestExpressions)
I/AndrojenaTests(  773): test ended: testDyadic(com.hp.hpl.jena.graph.query.test.TestExpressions)
I/AndrojenaTests(  773): test started: testDyadicEquality(com.hp.hpl.jena.graph.query.test.TestExpressions)
D/.query.PatternStageBase(  780): reusing thread Thread[PatternStage-1,5,main]
D/.query.PatternStageBase(  780): caching thread com.hp.hpl.jena.graph.query.PatternStage@43cb3d70 [currently 2 cached threads]
I/AndrojenaTests(  773): test ended: testDyadicEquality(com.hp.hpl.jena.graph.query.test.TestExpressions)
I/AndrojenaTests(  773): test started: testEndsWith(com.hp.hpl.jena.graph.query.test.TestExpressions)
I/AndrojenaTests(  773): test ended: testEndsWith(com.hp.hpl.jena.graph.query.test.TestExpressions)
I/AndrojenaTests(  773): test started: testExpressionPatternLanguages(com.hp.hpl.jena.graph.query.test.TestExpressions)
D/.query.PatternStageBase(  780): reusing thread Thread[PatternStage-1,5,main]
D/.query.PatternStageBase(  780): caching thread com.hp.hpl.jena.graph.query.PatternStage@43cb3d70 [currently 2 cached threads]
D/.query.PatternStageBase(  780): reusing thread Thread[PatternStage-1,5,main]
I/AndrojenaTests(  773): test ended: testExpressionPatternLanguages(com.hp.hpl.jena.graph.query.test.TestExpressions)
I/AndrojenaTests(  773): test started: testFixed(com.hp.hpl.jena.graph.query.test.TestExpressions)
D/.query.PatternStageBase(  780): caching thread com.hp.hpl.jena.graph.query.PatternStage@43cb3d70 [currently 2 cached threads]
I/AndrojenaTests(  773): test ended: testFixed(com.hp.hpl.jena.graph.query.test.TestExpressions)
I/AndrojenaTests(  773): test started: testInsensitiveContains(com.hp.hpl.jena.graph.query.test.TestExpressions)
I/AndrojenaTests(  773): test ended: testInsensitiveContains(com.hp.hpl.jena.graph.query.test.TestExpressions)
I/AndrojenaTests(  773): test started: testInsensitiveEndsWith(com.hp.hpl.jena.graph.query.test.TestExpressions)
I/AndrojenaTests(  773): test ended: testInsensitiveEndsWith(com.hp.hpl.jena.graph.query.test.TestExpressions)
I/AndrojenaTests(  773): test started: testIsContains(com.hp.hpl.jena.graph.query.test.TestExpressions)
I/AndrojenaTests(  773): test ended: testIsContains(com.hp.hpl.jena.graph.query.test.TestExpressions)
I/AndrojenaTests(  773): test started: testLangedLiteralsContains(com.hp.hpl.jena.graph.query.test.TestExpressions)
I/AndrojenaTests(  773): test ended: testLangedLiteralsContains(com.hp.hpl.jena.graph.query.test.TestExpressions)
I/AndrojenaTests(  773): test started: testLangedLiteralsEndsWith(com.hp.hpl.jena.graph.query.test.TestExpressions)
I/AndrojenaTests(  773): test ended: testLangedLiteralsEndsWith(com.hp.hpl.jena.graph.query.test.TestExpressions)
I/AndrojenaTests(  773): test started: testLiterals(com.hp.hpl.jena.graph.query.test.TestExpressions)
I/AndrojenaTests(  773): test ended: testLiterals(com.hp.hpl.jena.graph.query.test.TestExpressions)
I/AndrojenaTests(  773): test started: testPrepareFALSE(com.hp.hpl.jena.graph.query.test.TestExpressions)
I/AndrojenaTests(  773): test ended: testPrepareFALSE(com.hp.hpl.jena.graph.query.test.TestExpressions)
I/AndrojenaTests(  773): test started: testPrepareTRUE(com.hp.hpl.jena.graph.query.test.TestExpressions)
I/AndrojenaTests(  773): test ended: testPrepareTRUE(com.hp.hpl.jena.graph.query.test.TestExpressions)
I/AndrojenaTests(  773): test started: testSensitiveContains(com.hp.hpl.jena.graph.query.test.TestExpressions)
I/AndrojenaTests(  773): test ended: testSensitiveContains(com.hp.hpl.jena.graph.query.test.TestExpressions)
D/.query.PatternStageBase(  780): reusing thread Thread[PatternStage-1,5,main]
D/.query.PatternStageBase(  780): caching thread com.hp.hpl.jena.graph.query.PatternStage@43cb3d70 [currently 2 cached threads]
I/AndrojenaTests(  773): test started: testStartsInsensitiveWith(com.hp.hpl.jena.graph.query.test.TestExpressions)
I/AndrojenaTests(  773): test ended: testStartsInsensitiveWith(com.hp.hpl.jena.graph.query.test.TestExpressions)
I/AndrojenaTests(  773): test started: testStartsWith(com.hp.hpl.jena.graph.query.test.TestExpressions)
I/AndrojenaTests(  773): test ended: testStartsWith(com.hp.hpl.jena.graph.query.test.TestExpressions)
I/AndrojenaTests(  773): test started: testTypedLiteralsContains(com.hp.hpl.jena.graph.query.test.TestExpressions)
I/AndrojenaTests(  773): test ended: testTypedLiteralsContains(com.hp.hpl.jena.graph.query.test.TestExpressions)
I/AndrojenaTests(  773): test started: testTypedLiteralsEndsWith(com.hp.hpl.jena.graph.query.test.TestExpressions)
I/AndrojenaTests(  773): test ended: testTypedLiteralsEndsWith(com.hp.hpl.jena.graph.query.test.TestExpressions)
I/AndrojenaTests(  773): test started: testToSilenceJunitComplaintsAboutNoTestMethods(com.hp.hpl.jena.graph.query.test.TestExpressions)
I/AndrojenaTests(  773): test ended: testToSilenceJunitComplaintsAboutNoTestMethods(com.hp.hpl.jena.graph.query.test.TestExpressions)
I/AndrojenaTests(  773): test started: testConstraintFALSE(com.hp.hpl.jena.graph.query.test.TestExpressionConstraints)
I/AndrojenaTests(  773): test ended: testConstraintFALSE(com.hp.hpl.jena.graph.query.test.TestExpressionConstraints)
I/AndrojenaTests(  773): test started: testConstraintNE1(com.hp.hpl.jena.graph.query.test.TestExpressionConstraints)
I/AndrojenaTests(  773): test ended: testConstraintNE1(com.hp.hpl.jena.graph.query.test.TestExpressionConstraints)
I/AndrojenaTests(  773): test started: testConstraintNE2(com.hp.hpl.jena.graph.query.test.TestExpressionConstraints)
I/AndrojenaTests(  773): test ended: testConstraintNE2(com.hp.hpl.jena.graph.query.test.TestExpressionConstraints)
I/AndrojenaTests(  773): test started: testConstraintNE3(com.hp.hpl.jena.graph.query.test.TestExpressionConstraints)
I/AndrojenaTests(  773): test ended: testConstraintNE3(com.hp.hpl.jena.graph.query.test.TestExpressionConstraints)
I/AndrojenaTests(  773): test started: testConstraintNE4(com.hp.hpl.jena.graph.query.test.TestExpressionConstraints)
I/AndrojenaTests(  773): test ended: testConstraintNE4(com.hp.hpl.jena.graph.query.test.TestExpressionConstraints)
I/AndrojenaTests(  773): test started: testConstraintTRUE(com.hp.hpl.jena.graph.query.test.TestExpressionConstraints)
I/AndrojenaTests(  773): test ended: testConstraintTRUE(com.hp.hpl.jena.graph.query.test.TestExpressionConstraints)
I/AndrojenaTests(  773): test started: testDetectAnd(com.hp.hpl.jena.graph.query.test.TestExpressionConstraints)
I/AndrojenaTests(  773): test ended: testDetectAnd(com.hp.hpl.jena.graph.query.test.TestExpressionConstraints)
I/AndrojenaTests(  773): test started: testNE(com.hp.hpl.jena.graph.query.test.TestExpressionConstraints)
I/AndrojenaTests(  773): test ended: testNE(com.hp.hpl.jena.graph.query.test.TestExpressionConstraints)
I/AndrojenaTests(  773): test started: testNotConstant(com.hp.hpl.jena.graph.query.test.TestExpressionConstraints)
I/AndrojenaTests(  773): test ended: testNotConstant(com.hp.hpl.jena.graph.query.test.TestExpressionConstraints)
I/AndrojenaTests(  773): test started: testPrepareNE(com.hp.hpl.jena.graph.query.test.TestExpressionConstraints)
I/AndrojenaTests(  773): test ended: testPrepareNE(com.hp.hpl.jena.graph.query.test.TestExpressionConstraints)
I/AndrojenaTests(  773): test started: testURIs(com.hp.hpl.jena.graph.query.test.TestExpressionConstraints)
I/AndrojenaTests(  773): test ended: testURIs(com.hp.hpl.jena.graph.query.test.TestExpressionConstraints)
I/AndrojenaTests(  773): test started: testUnknownExpression(com.hp.hpl.jena.graph.query.test.TestExpressionConstraints)
I/AndrojenaTests(  773): test ended: testUnknownExpression(com.hp.hpl.jena.graph.query.test.TestExpressionConstraints)
I/AndrojenaTests(  773): test started: testVI(com.hp.hpl.jena.graph.query.test.TestExpressionConstraints)
I/AndrojenaTests(  773): test ended: testVI(com.hp.hpl.jena.graph.query.test.TestExpressionConstraints)
I/AndrojenaTests(  773): test started: testVVFalse(com.hp.hpl.jena.graph.query.test.TestExpressionConstraints)
I/AndrojenaTests(  773): test ended: testVVFalse(com.hp.hpl.jena.graph.query.test.TestExpressionConstraints)
I/AndrojenaTests(  773): test started: testVVMatches(com.hp.hpl.jena.graph.query.test.TestExpressionConstraints)
I/AndrojenaTests(  773): test ended: testVVMatches(com.hp.hpl.jena.graph.query.test.TestExpressionConstraints)
I/AndrojenaTests(  773): test started: testVVTrue(com.hp.hpl.jena.graph.query.test.TestExpressionConstraints)
I/AndrojenaTests(  773): test ended: testVVTrue(com.hp.hpl.jena.graph.query.test.TestExpressionConstraints)
I/AndrojenaTests(  773): test started: testToSilenceJunitComplaintsAboutNoTestMethods(com.hp.hpl.jena.graph.query.test.TestExpressionConstraints)
I/AndrojenaTests(  773): test ended: testToSilenceJunitComplaintsAboutNoTestMethods(com.hp.hpl.jena.graph.query.test.TestExpressionConstraints)
I/AndrojenaTests(  773): test started: testEarlyConstraint(com.hp.hpl.jena.graph.query.test.TestEarlyConstraints)
I/AndrojenaTests(  773): test ended: testEarlyConstraint(com.hp.hpl.jena.graph.query.test.TestEarlyConstraints)
I/AndrojenaTests(  773): test started: testToSilenceJunitComplaintsAboutNoTestMethods(com.hp.hpl.jena.graph.query.test.TestEarlyConstraints)
I/AndrojenaTests(  773): test ended: testToSilenceJunitComplaintsAboutNoTestMethods(com.hp.hpl.jena.graph.query.test.TestEarlyConstraints)
I/AndrojenaTests(  773): test started: testAlt(com.hp.hpl.jena.graph.query.regexptrees.test.TestPerlyParser)
D/dalvikvm(  780): GC freed 47378 objects / 1801544 bytes in 2153ms
I/AndrojenaTests(  773): test ended: testAlt(com.hp.hpl.jena.graph.query.regexptrees.test.TestPerlyParser)
I/AndrojenaTests(  773): test started: testAlternateGenerator(com.hp.hpl.jena.graph.query.regexptrees.test.TestPerlyParser)
I/AndrojenaTests(  773): test ended: testAlternateGenerator(com.hp.hpl.jena.graph.query.regexptrees.test.TestPerlyParser)
I/AndrojenaTests(  773): test started: testBackReference(com.hp.hpl.jena.graph.query.regexptrees.test.TestPerlyParser)
I/AndrojenaTests(  773): test ended: testBackReference(com.hp.hpl.jena.graph.query.regexptrees.test.TestPerlyParser)
I/AndrojenaTests(  773): test started: testBracketClosure(com.hp.hpl.jena.graph.query.regexptrees.test.TestPerlyParser)
I/AndrojenaTests(  773): test ended: testBracketClosure(com.hp.hpl.jena.graph.query.regexptrees.test.TestPerlyParser)
I/AndrojenaTests(  773): test started: testBracketConstruction(com.hp.hpl.jena.graph.query.regexptrees.test.TestPerlyParser)
I/AndrojenaTests(  773): test ended: testBracketConstruction(com.hp.hpl.jena.graph.query.regexptrees.test.TestPerlyParser)
I/AndrojenaTests(  773): test started: testClassBackslash(com.hp.hpl.jena.graph.query.regexptrees.test.TestPerlyParser)
I/AndrojenaTests(  773): test ended: testClassBackslash(com.hp.hpl.jena.graph.query.regexptrees.test.TestPerlyParser)
I/AndrojenaTests(  773): test started: testClassHats(com.hp.hpl.jena.graph.query.regexptrees.test.TestPerlyParser)
I/AndrojenaTests(  773): test ended: testClassHats(com.hp.hpl.jena.graph.query.regexptrees.test.TestPerlyParser)
I/AndrojenaTests(  773): test started: testClassRange(com.hp.hpl.jena.graph.query.regexptrees.test.TestPerlyParser)
I/AndrojenaTests(  773): test ended: testClassRange(com.hp.hpl.jena.graph.query.regexptrees.test.TestPerlyParser)
I/AndrojenaTests(  773): test started: testClassRangeAlphabet(com.hp.hpl.jena.graph.query.regexptrees.test.TestPerlyParser)
I/AndrojenaTests(  773): test ended: testClassRangeAlphabet(com.hp.hpl.jena.graph.query.regexptrees.test.TestPerlyParser)
I/AndrojenaTests(  773): test started: testClassRangeDigits(com.hp.hpl.jena.graph.query.regexptrees.test.TestPerlyParser)
I/AndrojenaTests(  773): test ended: testClassRangeDigits(com.hp.hpl.jena.graph.query.regexptrees.test.TestPerlyParser)
I/AndrojenaTests(  773): test started: testClassRangeSomeLetters(com.hp.hpl.jena.graph.query.regexptrees.test.TestPerlyParser)
I/AndrojenaTests(  773): test ended: testClassRangeSomeLetters(com.hp.hpl.jena.graph.query.regexptrees.test.TestPerlyParser)
I/AndrojenaTests(  773): test started: testControlEscapes(com.hp.hpl.jena.graph.query.regexptrees.test.TestPerlyParser)
I/AndrojenaTests(  773): test ended: testControlEscapes(com.hp.hpl.jena.graph.query.regexptrees.test.TestPerlyParser)
I/AndrojenaTests(  773): test started: testDetectsMissingClosingBracket(com.hp.hpl.jena.graph.query.regexptrees.test.TestPerlyParser)
I/AndrojenaTests(  773): test ended: testDetectsMissingClosingBracket(com.hp.hpl.jena.graph.query.regexptrees.test.TestPerlyParser)
I/AndrojenaTests(  773): test started: testDigitEscapes(com.hp.hpl.jena.graph.query.regexptrees.test.TestPerlyParser)
I/AndrojenaTests(  773): test ended: testDigitEscapes(com.hp.hpl.jena.graph.query.regexptrees.test.TestPerlyParser)
I/AndrojenaTests(  773): test started: testDollarAtom(com.hp.hpl.jena.graph.query.regexptrees.test.TestPerlyParser)
I/AndrojenaTests(  773): test ended: testDollarAtom(com.hp.hpl.jena.graph.query.regexptrees.test.TestPerlyParser)
I/AndrojenaTests(  773): test started: testDotAtom(com.hp.hpl.jena.graph.query.regexptrees.test.TestPerlyParser)
I/AndrojenaTests(  773): test ended: testDotAtom(com.hp.hpl.jena.graph.query.regexptrees.test.TestPerlyParser)
I/AndrojenaTests(  773): test started: testEmptyExpression(com.hp.hpl.jena.graph.query.regexptrees.test.TestPerlyParser)
I/AndrojenaTests(  773): test ended: testEmptyExpression(com.hp.hpl.jena.graph.query.regexptrees.test.TestPerlyParser)
I/AndrojenaTests(  773): test started: testHatAtom(com.hp.hpl.jena.graph.query.regexptrees.test.TestPerlyParser)
I/AndrojenaTests(  773): test ended: testHatAtom(com.hp.hpl.jena.graph.query.regexptrees.test.TestPerlyParser)
I/AndrojenaTests(  773): test started: testHexEscapes(com.hp.hpl.jena.graph.query.regexptrees.test.TestPerlyParser)
I/AndrojenaTests(  773): test ended: testHexEscapes(com.hp.hpl.jena.graph.query.regexptrees.test.TestPerlyParser)
I/AndrojenaTests(  773): test started: testInitialParserState(com.hp.hpl.jena.graph.query.regexptrees.test.TestPerlyParser)
I/AndrojenaTests(  773): test ended: testInitialParserState(com.hp.hpl.jena.graph.query.regexptrees.test.TestPerlyParser)
I/AndrojenaTests(  773): test started: testLetterAtoms(com.hp.hpl.jena.graph.query.regexptrees.test.TestPerlyParser)
I/AndrojenaTests(  773): test ended: testLetterAtoms(com.hp.hpl.jena.graph.query.regexptrees.test.TestPerlyParser)
I/AndrojenaTests(  773): test started: testLit(com.hp.hpl.jena.graph.query.regexptrees.test.TestPerlyParser)
I/AndrojenaTests(  773): test ended: testLit(com.hp.hpl.jena.graph.query.regexptrees.test.TestPerlyParser)
I/AndrojenaTests(  773): test started: testNoQuantifier(com.hp.hpl.jena.graph.query.regexptrees.test.TestPerlyParser)
I/AndrojenaTests(  773): test ended: testNoQuantifier(com.hp.hpl.jena.graph.query.regexptrees.test.TestPerlyParser)
I/AndrojenaTests(  773): test started: testOctalNonBackReference(com.hp.hpl.jena.graph.query.regexptrees.test.TestPerlyParser)
I/AndrojenaTests(  773): test ended: testOctalNonBackReference(com.hp.hpl.jena.graph.query.regexptrees.test.TestPerlyParser)
I/AndrojenaTests(  773): test started: testOldSeq(com.hp.hpl.jena.graph.query.regexptrees.test.TestPerlyParser)
I/AndrojenaTests(  773): test ended: testOldSeq(com.hp.hpl.jena.graph.query.regexptrees.test.TestPerlyParser)
I/AndrojenaTests(  773): test started: testPerlParse(com.hp.hpl.jena.graph.query.regexptrees.test.TestPerlyParser)
I/AndrojenaTests(  773): test ended: testPerlParse(com.hp.hpl.jena.graph.query.regexptrees.test.TestPerlyParser)
I/AndrojenaTests(  773): test started: testPlusQuantifier(com.hp.hpl.jena.graph.query.regexptrees.test.TestPerlyParser)
I/AndrojenaTests(  773): test ended: testPlusQuantifier(com.hp.hpl.jena.graph.query.regexptrees.test.TestPerlyParser)
I/AndrojenaTests(  773): test started: testQueryQuantifier(com.hp.hpl.jena.graph.query.regexptrees.test.TestPerlyParser)
I/AndrojenaTests(  773): test ended: testQueryQuantifier(com.hp.hpl.jena.graph.query.regexptrees.test.TestPerlyParser)
I/AndrojenaTests(  773): test started: testSeq(com.hp.hpl.jena.graph.query.regexptrees.test.TestPerlyParser)
I/AndrojenaTests(  773): test ended: testSeq(com.hp.hpl.jena.graph.query.regexptrees.test.TestPerlyParser)
I/AndrojenaTests(  773): test started: testSimpleBackslashEscapes(com.hp.hpl.jena.graph.query.regexptrees.test.TestPerlyParser)
I/AndrojenaTests(  773): test ended: testSimpleBackslashEscapes(com.hp.hpl.jena.graph.query.regexptrees.test.TestPerlyParser)
I/AndrojenaTests(  773): test started: testSimpleClass(com.hp.hpl.jena.graph.query.regexptrees.test.TestPerlyParser)
I/AndrojenaTests(  773): test ended: testSimpleClass(com.hp.hpl.jena.graph.query.regexptrees.test.TestPerlyParser)
I/AndrojenaTests(  773): test started: testSimpleClassNegated(com.hp.hpl.jena.graph.query.regexptrees.test.TestPerlyParser)
I/AndrojenaTests(  773): test ended: testSimpleClassNegated(com.hp.hpl.jena.graph.query.regexptrees.test.TestPerlyParser)
I/AndrojenaTests(  773): test started: testSpecialBackslashEscapes(com.hp.hpl.jena.graph.query.regexptrees.test.TestPerlyParser)
I/AndrojenaTests(  773): test ended: testSpecialBackslashEscapes(com.hp.hpl.jena.graph.query.regexptrees.test.TestPerlyParser)
I/AndrojenaTests(  773): test started: testStarQuantifier(com.hp.hpl.jena.graph.query.regexptrees.test.TestPerlyParser)
I/AndrojenaTests(  773): test ended: testStarQuantifier(com.hp.hpl.jena.graph.query.regexptrees.test.TestPerlyParser)
I/AndrojenaTests(  773): test started: testTerminatorsReturnNull(com.hp.hpl.jena.graph.query.regexptrees.test.TestPerlyParser)
I/AndrojenaTests(  773): test ended: testTerminatorsReturnNull(com.hp.hpl.jena.graph.query.regexptrees.test.TestPerlyParser)
I/AndrojenaTests(  773): test started: testUnboundQuantifiers(com.hp.hpl.jena.graph.query.regexptrees.test.TestPerlyParser)
I/AndrojenaTests(  773): test ended: testUnboundQuantifiers(com.hp.hpl.jena.graph.query.regexptrees.test.TestPerlyParser)
I/AndrojenaTests(  773): test started: testUnitSeq(com.hp.hpl.jena.graph.query.regexptrees.test.TestPerlyParser)
I/AndrojenaTests(  773): test ended: testUnitSeq(com.hp.hpl.jena.graph.query.regexptrees.test.TestPerlyParser)
I/AndrojenaTests(  773): test started: testWhitespaceEscapes(com.hp.hpl.jena.graph.query.regexptrees.test.TestPerlyParser)
I/AndrojenaTests(  773): test ended: testWhitespaceEscapes(com.hp.hpl.jena.graph.query.regexptrees.test.TestPerlyParser)
I/AndrojenaTests(  773): test started: testWordEscapes(com.hp.hpl.jena.graph.query.regexptrees.test.TestPerlyParser)
I/AndrojenaTests(  773): test ended: testWordEscapes(com.hp.hpl.jena.graph.query.regexptrees.test.TestPerlyParser)
I/AndrojenaTests(  773): test started: testToSilenceJunitComplaintsAboutNoTestMethods(com.hp.hpl.jena.graph.query.regexptrees.test.TestPerlyParser)
I/AndrojenaTests(  773): test ended: testToSilenceJunitComplaintsAboutNoTestMethods(com.hp.hpl.jena.graph.query.regexptrees.test.TestPerlyParser)
I/AndrojenaTests(  773): test started: testBackReference(com.hp.hpl.jena.graph.query.regexptrees.test.TestRegexpTrees)
I/AndrojenaTests(  773): test ended: testBackReference(com.hp.hpl.jena.graph.query.regexptrees.test.TestRegexpTrees)
I/AndrojenaTests(  773): test started: testConstantsDefinition(com.hp.hpl.jena.graph.query.regexptrees.test.TestRegexpTrees)
I/AndrojenaTests(  773): test ended: testConstantsDefinition(com.hp.hpl.jena.graph.query.regexptrees.test.TestRegexpTrees)
I/AndrojenaTests(  773): test started: testEqualities(com.hp.hpl.jena.graph.query.regexptrees.test.TestRegexpTrees)
I/AndrojenaTests(  773): test ended: testEqualities(com.hp.hpl.jena.graph.query.regexptrees.test.TestRegexpTrees)
I/AndrojenaTests(  773): test started: testExtractOperandFromOneOrMore(com.hp.hpl.jena.graph.query.regexptrees.test.TestRegexpTrees)
I/AndrojenaTests(  773): test ended: testExtractOperandFromOneOrMore(com.hp.hpl.jena.graph.query.regexptrees.test.TestRegexpTrees)
I/AndrojenaTests(  773): test started: testExtractOperandFromOptional(com.hp.hpl.jena.graph.query.regexptrees.test.TestRegexpTrees)
I/AndrojenaTests(  773): test ended: testExtractOperandFromOptional(com.hp.hpl.jena.graph.query.regexptrees.test.TestRegexpTrees)
I/AndrojenaTests(  773): test started: testExtractOperandFromZeroOrMore(com.hp.hpl.jena.graph.query.regexptrees.test.TestRegexpTrees)
I/AndrojenaTests(  773): test ended: testExtractOperandFromZeroOrMore(com.hp.hpl.jena.graph.query.regexptrees.test.TestRegexpTrees)
I/AndrojenaTests(  773): test started: testLiteralContents(com.hp.hpl.jena.graph.query.regexptrees.test.TestRegexpTrees)
I/AndrojenaTests(  773): test ended: testLiteralContents(com.hp.hpl.jena.graph.query.regexptrees.test.TestRegexpTrees)
I/AndrojenaTests(  773): test started: testParenIndex(com.hp.hpl.jena.graph.query.regexptrees.test.TestRegexpTrees)
I/AndrojenaTests(  773): test ended: testParenIndex(com.hp.hpl.jena.graph.query.regexptrees.test.TestRegexpTrees)
D/dalvikvm(  773): GC freed 9152 objects / 527984 bytes in 654ms
I/AndrojenaTests(  773): test started: testParenOperand(com.hp.hpl.jena.graph.query.regexptrees.test.TestRegexpTrees)
I/AndrojenaTests(  773): test ended: testParenOperand(com.hp.hpl.jena.graph.query.regexptrees.test.TestRegexpTrees)
I/AndrojenaTests(  773): test started: testToSilenceJunitComplaintsAboutNoTestMethods(com.hp.hpl.jena.graph.query.regexptrees.test.TestRegexpTrees)
I/AndrojenaTests(  773): test ended: testToSilenceJunitComplaintsAboutNoTestMethods(com.hp.hpl.jena.graph.query.regexptrees.test.TestRegexpTrees)
I/AndrojenaTests(  773): test started: testCopiesDistinctButEqual(com.hp.hpl.jena.graph.query.test.TestDomain)
I/AndrojenaTests(  773): test ended: testCopiesDistinctButEqual(com.hp.hpl.jena.graph.query.test.TestDomain)
I/AndrojenaTests(  773): test started: testDomainGet(com.hp.hpl.jena.graph.query.test.TestDomain)
I/AndrojenaTests(  773): test ended: testDomainGet(com.hp.hpl.jena.graph.query.test.TestDomain)
I/AndrojenaTests(  773): test started: testDomainGetElement(com.hp.hpl.jena.graph.query.test.TestDomain)
I/AndrojenaTests(  773): test ended: testDomainGetElement(com.hp.hpl.jena.graph.query.test.TestDomain)
I/AndrojenaTests(  773): test started: testEqualsList(com.hp.hpl.jena.graph.query.test.TestDomain)
I/AndrojenaTests(  773): test ended: testEqualsList(com.hp.hpl.jena.graph.query.test.TestDomain)
I/AndrojenaTests(  773): test started: testSetElement(com.hp.hpl.jena.graph.query.test.TestDomain)
I/AndrojenaTests(  773): test ended: testSetElement(com.hp.hpl.jena.graph.query.test.TestDomain)
I/AndrojenaTests(  773): test started: testSize(com.hp.hpl.jena.graph.query.test.TestDomain)
I/AndrojenaTests(  773): test ended: testSize(com.hp.hpl.jena.graph.query.test.TestDomain)
I/AndrojenaTests(  773): test started: testToSilenceJunitComplaintsAboutNoTestMethods(com.hp.hpl.jena.graph.query.test.TestDomain)
I/AndrojenaTests(  773): test ended: testToSilenceJunitComplaintsAboutNoTestMethods(com.hp.hpl.jena.graph.query.test.TestDomain)
I/AndrojenaTests(  773): test started: testFactory(com.hp.hpl.jena.graph.test.TestFactory)
I/AndrojenaTests(  773): test ended: testFactory(com.hp.hpl.jena.graph.test.TestFactory)
I/AndrojenaTests(  773): test started: testToSilenceJunitComplaintsAboutNoTestMethods(com.hp.hpl.jena.graph.test.TestFactory)
I/AndrojenaTests(  773): test ended: testToSilenceJunitComplaintsAboutNoTestMethods(com.hp.hpl.jena.graph.test.TestFactory)
I/AndrojenaTests(  773): test started: testListObjectsDoesntUseFind(com.hp.hpl.jena.graph.test.TestGraph)
I/AndrojenaTests(  773): test ended: testListObjectsDoesntUseFind(com.hp.hpl.jena.graph.test.TestGraph)
I/AndrojenaTests(  773): test started: testListPredicatesDoesntUseFind(com.hp.hpl.jena.graph.test.TestGraph)
I/AndrojenaTests(  773): test ended: testListPredicatesDoesntUseFind(com.hp.hpl.jena.graph.test.TestGraph)
I/AndrojenaTests(  773): test started: testListSubjectsDoesntUseFind(com.hp.hpl.jena.graph.test.TestGraph)
I/AndrojenaTests(  773): test ended: testListSubjectsDoesntUseFind(com.hp.hpl.jena.graph.test.TestGraph)
I/AndrojenaTests(  773): test started: testWrappedSame(com.hp.hpl.jena.graph.test.TestGraph)
I/AndrojenaTests(  773): test ended: testWrappedSame(com.hp.hpl.jena.graph.test.TestGraph)
I/AndrojenaTests(  773): test started: testToSilenceJunitComplaintsAboutNoTestMethods(com.hp.hpl.jena.graph.test.TestGraph)
I/AndrojenaTests(  773): test ended: testToSilenceJunitComplaintsAboutNoTestMethods(com.hp.hpl.jena.graph.test.TestGraph)
I/AndrojenaTests(  773): test started: testAGraph(com.hp.hpl.jena.graph.test.MetaTestGraph)
I/AndrojenaTests(  773): test ended: testAGraph(com.hp.hpl.jena.graph.test.MetaTestGraph)
I/AndrojenaTests(  773): test started: testAddTriple(com.hp.hpl.jena.graph.test.MetaTestGraph)
I/AndrojenaTests(  773): test ended: testAddTriple(com.hp.hpl.jena.graph.test.MetaTestGraph)
I/AndrojenaTests(  773): test started: testBulkAddArrayEvent(com.hp.hpl.jena.graph.test.MetaTestGraph)
I/AndrojenaTests(  773): test ended: testBulkAddArrayEvent(com.hp.hpl.jena.graph.test.MetaTestGraph)
I/AndrojenaTests(  773): test started: testBulkAddGraph(com.hp.hpl.jena.graph.test.MetaTestGraph)
I/AndrojenaTests(  773): test ended: testBulkAddGraph(com.hp.hpl.jena.graph.test.MetaTestGraph)
I/AndrojenaTests(  773): test started: testBulkAddIterator(com.hp.hpl.jena.graph.test.MetaTestGraph)
I/AndrojenaTests(  773): test ended: testBulkAddIterator(com.hp.hpl.jena.graph.test.MetaTestGraph)
I/AndrojenaTests(  773): test started: testBulkAddList(com.hp.hpl.jena.graph.test.MetaTestGraph)
I/AndrojenaTests(  773): test ended: testBulkAddList(com.hp.hpl.jena.graph.test.MetaTestGraph)
I/AndrojenaTests(  773): test started: testBulkAddWithReification(com.hp.hpl.jena.graph.test.MetaTestGraph)
I/AndrojenaTests(  773): test ended: testBulkAddWithReification(com.hp.hpl.jena.graph.test.MetaTestGraph)
I/AndrojenaTests(  773): test started: testBulkAddWithReificationPreamble(com.hp.hpl.jena.graph.test.MetaTestGraph)
I/AndrojenaTests(  773): test ended: testBulkAddWithReificationPreamble(com.hp.hpl.jena.graph.test.MetaTestGraph)
I/AndrojenaTests(  773): test started: testBulkDeleteArray(com.hp.hpl.jena.graph.test.MetaTestGraph)
I/AndrojenaTests(  773): test ended: testBulkDeleteArray(com.hp.hpl.jena.graph.test.MetaTestGraph)
I/AndrojenaTests(  773): test started: testBulkDeleteGraph(com.hp.hpl.jena.graph.test.MetaTestGraph)
I/AndrojenaTests(  773): test ended: testBulkDeleteGraph(com.hp.hpl.jena.graph.test.MetaTestGraph)
I/AndrojenaTests(  773): test started: testBulkDeleteIterator(com.hp.hpl.jena.graph.test.MetaTestGraph)
I/AndrojenaTests(  773): test ended: testBulkDeleteIterator(com.hp.hpl.jena.graph.test.MetaTestGraph)
I/AndrojenaTests(  773): test started: testBulkDeleteList(com.hp.hpl.jena.graph.test.MetaTestGraph)
I/AndrojenaTests(  773): test ended: testBulkDeleteList(com.hp.hpl.jena.graph.test.MetaTestGraph)
I/AndrojenaTests(  773): test started: testBulkRemoveWithReification(com.hp.hpl.jena.graph.test.MetaTestGraph)
I/AndrojenaTests(  773): test ended: testBulkRemoveWithReification(com.hp.hpl.jena.graph.test.MetaTestGraph)
I/AndrojenaTests(  773): test started: testBulkUpdate(com.hp.hpl.jena.graph.test.MetaTestGraph)
I/AndrojenaTests(  773): test ended: testBulkUpdate(com.hp.hpl.jena.graph.test.MetaTestGraph)
I/AndrojenaTests(  773): test started: testCloseSetsIsClosed(com.hp.hpl.jena.graph.test.MetaTestGraph)
I/AndrojenaTests(  773): test ended: testCloseSetsIsClosed(com.hp.hpl.jena.graph.test.MetaTestGraph)
I/AndrojenaTests(  773): test started: testContainsByValue(com.hp.hpl.jena.graph.test.MetaTestGraph)
I/AndrojenaTests(  773): test ended: testContainsByValue(com.hp.hpl.jena.graph.test.MetaTestGraph)
I/AndrojenaTests(  773): test started: testContainsConcrete(com.hp.hpl.jena.graph.test.MetaTestGraph)
I/AndrojenaTests(  773): test ended: testContainsConcrete(com.hp.hpl.jena.graph.test.MetaTestGraph)
I/AndrojenaTests(  773): test started: testContainsFluid(com.hp.hpl.jena.graph.test.MetaTestGraph)
I/AndrojenaTests(  773): test ended: testContainsFluid(com.hp.hpl.jena.graph.test.MetaTestGraph)
I/AndrojenaTests(  773): test started: testContainsNode(com.hp.hpl.jena.graph.test.MetaTestGraph)
I/AndrojenaTests(  773): test ended: testContainsNode(com.hp.hpl.jena.graph.test.MetaTestGraph)
I/AndrojenaTests(  773): test started: testDeleteTriple(com.hp.hpl.jena.graph.test.MetaTestGraph)
