I/AndrojenaTests(  773): test started: testEmpty(com.hp.hpl.jena.graph.test.TestReificationWrapper)
I/AndrojenaTests(  773): test ended: testEmpty(com.hp.hpl.jena.graph.test.TestReificationWrapper)
D/.query.PatternStageBase(  780): reusing thread Thread[PatternStage-1,5,main]
I/AndrojenaTests(  773): test started: testEmptyReifiers(com.hp.hpl.jena.graph.test.TestReificationWrapper)
D/.query.PatternStageBase(  780): caching thread com.hp.hpl.jena.graph.query.PatternStage@43cb3d70 [currently 1 cached threads]
I/AndrojenaTests(  773): test ended: testEmptyReifiers(com.hp.hpl.jena.graph.test.TestReificationWrapper)
I/AndrojenaTests(  773): test started: testException(com.hp.hpl.jena.graph.test.TestReificationWrapper)
D/.query.PatternStageBase(  780): reusing thread Thread[PatternStage-1,5,main]
D/.query.PatternStageBase(  780): caching thread com.hp.hpl.jena.graph.query.PatternStage@43cb3d70 [currently 1 cached threads]
D/.query.PatternStageBase(  780): reusing thread Thread[PatternStage-1,5,main]
D/.query.PatternStageBase(  780): caching thread com.hp.hpl.jena.graph.query.PatternStage@43cb3d70 [currently 1 cached threads]
I/AndrojenaTests(  773): test ended: testException(com.hp.hpl.jena.graph.test.TestReificationWrapper)
I/AndrojenaTests(  773): test started: testGetGraphNotNull(com.hp.hpl.jena.graph.test.TestReificationWrapper)
I/AndrojenaTests(  773): test ended: testGetGraphNotNull(com.hp.hpl.jena.graph.test.TestReificationWrapper)
I/AndrojenaTests(  773): test started: testGotGraphReifierNotNull(com.hp.hpl.jena.graph.test.TestReificationWrapper)
I/AndrojenaTests(  773): test ended: testGotGraphReifierNotNull(com.hp.hpl.jena.graph.test.TestReificationWrapper)
I/AndrojenaTests(  773): test started: testGotGraphReifierStyleNotNull(com.hp.hpl.jena.graph.test.TestReificationWrapper)
D/.query.PatternStageBase(  780): reusing thread Thread[PatternStage-1,5,main]
D/.query.PatternStageBase(  780): caching thread com.hp.hpl.jena.graph.query.PatternStage@43cb3d70 [currently 1 cached threads]
I/AndrojenaTests(  773): test ended: testGotGraphReifierStyleNotNull(com.hp.hpl.jena.graph.test.TestReificationWrapper)
I/AndrojenaTests(  773): test started: testHiddenVsReification(com.hp.hpl.jena.graph.test.TestReificationWrapper)
I/AndrojenaTests(  773): test ended: testHiddenVsReification(com.hp.hpl.jena.graph.test.TestReificationWrapper)
I/AndrojenaTests(  773): test started: testIntercept(com.hp.hpl.jena.graph.test.TestReificationWrapper)
I/AndrojenaTests(  773): test ended: testIntercept(com.hp.hpl.jena.graph.test.TestReificationWrapper)
D/.query.PatternStageBase(  780): reusing thread Thread[PatternStage-1,5,main]
I/AndrojenaTests(  773): test started: testKevinCaseA(com.hp.hpl.jena.graph.test.TestReificationWrapper)
D/.query.PatternStageBase(  780): caching thread com.hp.hpl.jena.graph.query.PatternStage@43cb3d70 [currently 1 cached threads]
I/AndrojenaTests(  773): test ended: testKevinCaseA(com.hp.hpl.jena.graph.test.TestReificationWrapper)
I/AndrojenaTests(  773): test started: testKevinCaseB(com.hp.hpl.jena.graph.test.TestReificationWrapper)
D/.query.PatternStageBase(  780): reusing thread Thread[PatternStage-1,5,main]
D/.query.PatternStageBase(  780): caching thread com.hp.hpl.jena.graph.query.PatternStage@43cb3d70 [currently 1 cached threads]
I/AndrojenaTests(  773): test ended: testKevinCaseB(com.hp.hpl.jena.graph.test.TestReificationWrapper)
I/AndrojenaTests(  773): test started: testManifestQuads(com.hp.hpl.jena.graph.test.TestReificationWrapper)
D/.query.PatternStageBase(  780): reusing thread Thread[PatternStage-1,5,main]
D/.query.PatternStageBase(  780): caching thread com.hp.hpl.jena.graph.query.PatternStage@43cb3d70 [currently 1 cached threads]
I/AndrojenaTests(  773): test ended: testManifestQuads(com.hp.hpl.jena.graph.test.TestReificationWrapper)
I/AndrojenaTests(  773): test started: testMinimalExplode(com.hp.hpl.jena.graph.test.TestReificationWrapper)
D/.query.PatternStageBase(  780): reusing thread Thread[PatternStage-1,5,main]
D/.query.PatternStageBase(  780): caching thread com.hp.hpl.jena.graph.query.PatternStage@43cb3d70 [currently 1 cached threads]
I/AndrojenaTests(  773): test ended: testMinimalExplode(com.hp.hpl.jena.graph.test.TestReificationWrapper)
I/AndrojenaTests(  773): test started: testOverspecificationSuppressesReification(com.hp.hpl.jena.graph.test.TestReificationWrapper)
D/.query.PatternStageBase(  780): reusing thread Thread[PatternStage-1,5,main]
D/.query.PatternStageBase(  780): caching thread com.hp.hpl.jena.graph.query.PatternStage@43cb3d70 [currently 1 cached threads]
D/.query.PatternStageBase(  780): reusing thread Thread[PatternStage-1,5,main]
D/.query.PatternStageBase(  780): caching thread com.hp.hpl.jena.graph.query.PatternStage@43cb3d70 [currently 1 cached threads]
I/AndrojenaTests(  773): test ended: testOverspecificationSuppressesReification(com.hp.hpl.jena.graph.test.TestReificationWrapper)
I/AndrojenaTests(  773): test started: testParent(com.hp.hpl.jena.graph.test.TestReificationWrapper)
I/AndrojenaTests(  773): test ended: testParent(com.hp.hpl.jena.graph.test.TestReificationWrapper)
I/AndrojenaTests(  773): test started: testQuadRemove(com.hp.hpl.jena.graph.test.TestReificationWrapper)
I/AndrojenaTests(  773): test ended: testQuadRemove(com.hp.hpl.jena.graph.test.TestReificationWrapper)
I/AndrojenaTests(  773): test started: testQuintetBug(com.hp.hpl.jena.graph.test.TestReificationWrapper)
I/AndrojenaTests(  773): test ended: testQuintetBug(com.hp.hpl.jena.graph.test.TestReificationWrapper)
I/AndrojenaTests(  773): test started: testReificationObjectClash(com.hp.hpl.jena.graph.test.TestReificationWrapper)
D/.query.PatternStageBase(  780): reusing thread Thread[PatternStage-1,5,main]
D/.query.PatternStageBase(  780): caching thread com.hp.hpl.jena.graph.query.PatternStage@43cb3d70 [currently 1 cached threads]
D/.query.PatternStageBase(  780): reusing thread Thread[PatternStage-1,5,main]
D/.query.PatternStageBase(  780): caching thread com.hp.hpl.jena.graph.query.PatternStage@43cb3d70 [currently 1 cached threads]
D/.query.PatternStageBase(  780): reusing thread Thread[PatternStage-1,5,main]
D/.query.PatternStageBase(  780): caching thread com.hp.hpl.jena.graph.query.PatternStage@43cb3d70 [currently 1 cached threads]
D/.query.PatternStageBase(  780): reusing thread Thread[PatternStage-1,5,main]
I/AndrojenaTests(  773): test ended: testReificationObjectClash(com.hp.hpl.jena.graph.test.TestReificationWrapper)
I/AndrojenaTests(  773): test started: testReificationPredicateClash(com.hp.hpl.jena.graph.test.TestReificationWrapper)
D/.query.PatternStageBase(  780): caching thread com.hp.hpl.jena.graph.query.PatternStage@43cb3d70 [currently 1 cached threads]
D/.query.PatternStageBase(  780): reusing thread Thread[PatternStage-1,5,main]
D/.query.PatternStageBase(  780): caching thread com.hp.hpl.jena.graph.query.PatternStage@43cb3d70 [currently 1 cached threads]
D/.query.PatternStageBase(  780): reusing thread Thread[PatternStage-1,5,main]
D/.query.PatternStageBase(  780): caching thread com.hp.hpl.jena.graph.query.PatternStage@43cb3d70 [currently 1 cached threads]
D/.query.PatternStageBase(  780): reusing thread Thread[PatternStage-1,5,main]
D/.query.PatternStageBase(  780): caching thread com.hp.hpl.jena.graph.query.PatternStage@43cb3d70 [currently 1 cached threads]
D/.query.PatternStageBase(  780): created new thread Thread[PatternStage-2,5,main]
I/AndrojenaTests(  773): test ended: testReificationPredicateClash(com.hp.hpl.jena.graph.test.TestReificationWrapper)
I/AndrojenaTests(  773): test started: testReificationSubjectClash(com.hp.hpl.jena.graph.test.TestReificationWrapper)
D/.query.PatternStageBase(  780): caching thread com.hp.hpl.jena.graph.query.PatternStage@43aaf500 [currently 2 cached threads]
D/.query.PatternStageBase(  780): reusing thread Thread[PatternStage-2,5,main]
D/.query.PatternStageBase(  780): caching thread com.hp.hpl.jena.graph.query.PatternStage@43aaf500 [currently 2 cached threads]
D/.query.PatternStageBase(  780): reusing thread Thread[PatternStage-2,5,main]
D/.query.PatternStageBase(  780): caching thread com.hp.hpl.jena.graph.query.PatternStage@43aaf500 [currently 2 cached threads]
D/.query.PatternStageBase(  780): reusing thread Thread[PatternStage-2,5,main]
D/.query.PatternStageBase(  780): reusing thread Thread[PatternStage-1,5,main]
D/.query.PatternStageBase(  780): caching thread com.hp.hpl.jena.graph.query.PatternStage@43aaf500 [currently 1 cached threads]
I/AndrojenaTests(  773): test ended: testReificationSubjectClash(com.hp.hpl.jena.graph.test.TestReificationWrapper)
I/AndrojenaTests(  773): test started: testReificationTriples(com.hp.hpl.jena.graph.test.TestReificationWrapper)
D/.query.PatternStageBase(  780): caching thread com.hp.hpl.jena.graph.query.PatternStage@43cb3d70 [currently 2 cached threads]
I/AndrojenaTests(  773): test ended: testReificationTriples(com.hp.hpl.jena.graph.test.TestReificationWrapper)
I/AndrojenaTests(  773): test started: testReifierClosed(com.hp.hpl.jena.graph.test.TestReificationWrapper)
I/AndrojenaTests(  773): test ended: testReifierClosed(com.hp.hpl.jena.graph.test.TestReificationWrapper)
I/AndrojenaTests(  773): test started: testReifierEmptyFind(com.hp.hpl.jena.graph.test.TestReificationWrapper)
I/AndrojenaTests(  773): test ended: testReifierEmptyFind(com.hp.hpl.jena.graph.test.TestReificationWrapper)
I/AndrojenaTests(  773): test started: testReifierFindComplete(com.hp.hpl.jena.graph.test.TestReificationWrapper)
I/AndrojenaTests(  773): test ended: testReifierFindComplete(com.hp.hpl.jena.graph.test.TestReificationWrapper)
I/AndrojenaTests(  773): test started: testReifierFindFilter(com.hp.hpl.jena.graph.test.TestReificationWrapper)
I/AndrojenaTests(  773): test ended: testReifierFindFilter(com.hp.hpl.jena.graph.test.TestReificationWrapper)
I/AndrojenaTests(  773): test started: testReifierFindObject(com.hp.hpl.jena.graph.test.TestReificationWrapper)
I/AndrojenaTests(  773): test ended: testReifierFindObject(com.hp.hpl.jena.graph.test.TestReificationWrapper)
I/AndrojenaTests(  773): test started: testReifierFindPredicate(com.hp.hpl.jena.graph.test.TestReificationWrapper)
I/AndrojenaTests(  773): test ended: testReifierFindPredicate(com.hp.hpl.jena.graph.test.TestReificationWrapper)
I/AndrojenaTests(  773): test started: testReifierFindSubject(com.hp.hpl.jena.graph.test.TestReificationWrapper)
I/AndrojenaTests(  773): test ended: testReifierFindSubject(com.hp.hpl.jena.graph.test.TestReificationWrapper)
I/AndrojenaTests(  773): test started: testReifierSize(com.hp.hpl.jena.graph.test.TestReificationWrapper)
I/AndrojenaTests(  773): test ended: testReifierSize(com.hp.hpl.jena.graph.test.TestReificationWrapper)
I/AndrojenaTests(  773): test started: testReifyAs(com.hp.hpl.jena.graph.test.TestReificationWrapper)
D/.query.PatternStageBase(  780): reusing thread Thread[PatternStage-1,5,main]
D/.query.PatternStageBase(  780): caching thread com.hp.hpl.jena.graph.query.PatternStage@43cb3d70 [currently 2 cached threads]
D/.query.PatternStageBase(  780): reusing thread Thread[PatternStage-1,5,main]
D/.query.PatternStageBase(  780): caching thread com.hp.hpl.jena.graph.query.PatternStage@43cb3d70 [currently 2 cached threads]
I/AndrojenaTests(  773): test ended: testReifyAs(com.hp.hpl.jena.graph.test.TestReificationWrapper)
I/AndrojenaTests(  773): test started: testRemoveByNode(com.hp.hpl.jena.graph.test.TestReificationWrapper)
D/.query.PatternStageBase(  780): reusing thread Thread[PatternStage-1,5,main]
D/.query.PatternStageBase(  780): caching thread com.hp.hpl.jena.graph.query.PatternStage@43cb3d70 [currently 2 cached threads]
D/.query.PatternStageBase(  780): reusing thread Thread[PatternStage-1,5,main]
D/.query.PatternStageBase(  780): caching thread com.hp.hpl.jena.graph.query.PatternStage@43cb3d70 [currently 2 cached threads]
D/.query.PatternStageBase(  780): reusing thread Thread[PatternStage-1,5,main]
D/.query.PatternStageBase(  780): caching thread com.hp.hpl.jena.graph.query.PatternStage@43cb3d70 [currently 2 cached threads]
D/.query.PatternStageBase(  780): reusing thread Thread[PatternStage-1,5,main]
D/.query.PatternStageBase(  780): caching thread com.hp.hpl.jena.graph.query.PatternStage@43cb3d70 [currently 2 cached threads]
I/AndrojenaTests(  773): test ended: testRemoveByNode(com.hp.hpl.jena.graph.test.TestReificationWrapper)
I/AndrojenaTests(  773): test started: testRemoveFromNothing(com.hp.hpl.jena.graph.test.TestReificationWrapper)
I/AndrojenaTests(  773): test ended: testRemoveFromNothing(com.hp.hpl.jena.graph.test.TestReificationWrapper)
I/AndrojenaTests(  773): test started: testRetrieveTriplesByNode(com.hp.hpl.jena.graph.test.TestReificationWrapper)
D/.query.PatternStageBase(  780): reusing thread Thread[PatternStage-1,5,main]
D/.query.PatternStageBase(  780): caching thread com.hp.hpl.jena.graph.query.PatternStage@43cb3d70 [currently 2 cached threads]
D/.query.PatternStageBase(  780): reusing thread Thread[PatternStage-1,5,main]
D/.query.PatternStageBase(  780): caching thread com.hp.hpl.jena.graph.query.PatternStage@43cb3d70 [currently 2 cached threads]
D/.query.PatternStageBase(  780): reusing thread Thread[PatternStage-1,5,main]
D/.query.PatternStageBase(  780): caching thread com.hp.hpl.jena.graph.query.PatternStage@43cb3d70 [currently 2 cached threads]
D/.query.PatternStageBase(  780): reusing thread Thread[PatternStage-1,5,main]
D/.query.PatternStageBase(  780): caching thread com.hp.hpl.jena.graph.query.PatternStage@43cb3d70 [currently 2 cached threads]
D/.query.PatternStageBase(  780): reusing thread Thread[PatternStage-1,5,main]
D/.query.PatternStageBase(  780): caching thread com.hp.hpl.jena.graph.query.PatternStage@43cb3d70 [currently 2 cached threads]
D/.query.PatternStageBase(  780): reusing thread Thread[PatternStage-1,5,main]
D/.query.PatternStageBase(  780): caching thread com.hp.hpl.jena.graph.query.PatternStage@43cb3d70 [currently 2 cached threads]
D/dalvikvm(  780): GC freed 35223 objects / 1525464 bytes in 588ms
D/.query.PatternStageBase(  780): reusing thread Thread[PatternStage-1,5,main]
D/.query.PatternStageBase(  780): caching thread com.hp.hpl.jena.graph.query.PatternStage@43cb3d70 [currently 2 cached threads]
I/AndrojenaTests(  773): test ended: testRetrieveTriplesByNode(com.hp.hpl.jena.graph.test.TestReificationWrapper)
I/AndrojenaTests(  773): test started: testRetrieveTriplesByTriple(com.hp.hpl.jena.graph.test.TestReificationWrapper)
D/.query.PatternStageBase(  780): reusing thread Thread[PatternStage-1,5,main]
D/.query.PatternStageBase(  780): caching thread com.hp.hpl.jena.graph.query.PatternStage@43cb3d70 [currently 2 cached threads]
D/.query.PatternStageBase(  780): reusing thread Thread[PatternStage-1,5,main]
D/.query.PatternStageBase(  780): caching thread com.hp.hpl.jena.graph.query.PatternStage@43cb3d70 [currently 2 cached threads]
D/.query.PatternStageBase(  780): reusing thread Thread[PatternStage-1,5,main]
D/.query.PatternStageBase(  780): caching thread com.hp.hpl.jena.graph.query.PatternStage@43cb3d70 [currently 2 cached threads]
I/AndrojenaTests(  773): test ended: testRetrieveTriplesByTriple(com.hp.hpl.jena.graph.test.TestReificationWrapper)
I/AndrojenaTests(  773): test started: testSameReifier(com.hp.hpl.jena.graph.test.TestReificationWrapper)
I/AndrojenaTests(  773): test ended: testSameReifier(com.hp.hpl.jena.graph.test.TestReificationWrapper)
I/AndrojenaTests(  773): test started: testStandard(com.hp.hpl.jena.graph.test.TestReificationWrapper)
D/.query.PatternStageBase(  780): reusing thread Thread[PatternStage-1,5,main]
D/.query.PatternStageBase(  780): caching thread com.hp.hpl.jena.graph.query.PatternStage@43cb3d70 [currently 2 cached threads]
D/.query.PatternStageBase(  780): reusing thread Thread[PatternStage-1,5,main]
I/AndrojenaTests(  773): test ended: testStandard(com.hp.hpl.jena.graph.test.TestReificationWrapper)
I/AndrojenaTests(  773): test started: testStandardExplode(com.hp.hpl.jena.graph.test.TestReificationWrapper)
D/.query.PatternStageBase(  780): caching thread com.hp.hpl.jena.graph.query.PatternStage@43cb3d70 [currently 2 cached threads]
D/.query.PatternStageBase(  780): reusing thread Thread[PatternStage-1,5,main]
D/.query.PatternStageBase(  780): caching thread com.hp.hpl.jena.graph.query.PatternStage@43cb3d70 [currently 2 cached threads]
I/AndrojenaTests(  773): test ended: testStandardExplode(com.hp.hpl.jena.graph.test.TestReificationWrapper)
I/AndrojenaTests(  773): test started: testStyle(com.hp.hpl.jena.graph.test.TestReificationWrapper)
I/AndrojenaTests(  773): test ended: testStyle(com.hp.hpl.jena.graph.test.TestReificationWrapper)
I/AndrojenaTests(  773): test started: testToSilenceJunitComplaintsAboutNoTestMethods(com.hp.hpl.jena.graph.test.TestReificationWrapper)
I/AndrojenaTests(  773): test ended: testToSilenceJunitComplaintsAboutNoTestMethods(com.hp.hpl.jena.graph.test.TestReificationWrapper)
I/AndrojenaTests(  773): test started: testAGraph(com.hp.hpl.jena.graph.test.TestReificationWrapper$TestReificationWrapperGraph)
I/AndrojenaTests(  773): test ended: testAGraph(com.hp.hpl.jena.graph.test.TestReificationWrapper$TestReificationWrapperGraph)
I/AndrojenaTests(  773): test started: testAddTriple(com.hp.hpl.jena.graph.test.TestReificationWrapper$TestReificationWrapperGraph)
I/AndrojenaTests(  773): test ended: testAddTriple(com.hp.hpl.jena.graph.test.TestReificationWrapper$TestReificationWrapperGraph)
I/AndrojenaTests(  773): test started: testBulkAddArrayEvent(com.hp.hpl.jena.graph.test.TestReificationWrapper$TestReificationWrapperGraph)
I/AndrojenaTests(  773): test ended: testBulkAddArrayEvent(com.hp.hpl.jena.graph.test.TestReificationWrapper$TestReificationWrapperGraph)
I/AndrojenaTests(  773): test started: testBulkAddGraph(com.hp.hpl.jena.graph.test.TestReificationWrapper$TestReificationWrapperGraph)
I/AndrojenaTests(  773): test ended: testBulkAddGraph(com.hp.hpl.jena.graph.test.TestReificationWrapper$TestReificationWrapperGraph)
I/AndrojenaTests(  773): test started: testBulkAddIterator(com.hp.hpl.jena.graph.test.TestReificationWrapper$TestReificationWrapperGraph)
I/AndrojenaTests(  773): test ended: testBulkAddIterator(com.hp.hpl.jena.graph.test.TestReificationWrapper$TestReificationWrapperGraph)
I/AndrojenaTests(  773): test started: testBulkAddList(com.hp.hpl.jena.graph.test.TestReificationWrapper$TestReificationWrapperGraph)
I/AndrojenaTests(  773): test ended: testBulkAddList(com.hp.hpl.jena.graph.test.TestReificationWrapper$TestReificationWrapperGraph)
I/AndrojenaTests(  773): test started: testBulkAddWithReification(com.hp.hpl.jena.graph.test.TestReificationWrapper$TestReificationWrapperGraph)
I/AndrojenaTests(  773): test ended: testBulkAddWithReification(com.hp.hpl.jena.graph.test.TestReificationWrapper$TestReificationWrapperGraph)
I/AndrojenaTests(  773): test started: testBulkAddWithReificationPreamble(com.hp.hpl.jena.graph.test.TestReificationWrapper$TestReificationWrapperGraph)
D/.query.PatternStageBase(  780): reusing thread Thread[PatternStage-1,5,main]
D/.query.PatternStageBase(  780): caching thread com.hp.hpl.jena.graph.query.PatternStage@43cb3d70 [currently 2 cached threads]
I/AndrojenaTests(  773): test ended: testBulkAddWithReificationPreamble(com.hp.hpl.jena.graph.test.TestReificationWrapper$TestReificationWrapperGraph)
I/AndrojenaTests(  773): test started: testBulkDeleteArray(com.hp.hpl.jena.graph.test.TestReificationWrapper$TestReificationWrapperGraph)
I/AndrojenaTests(  773): test ended: testBulkDeleteArray(com.hp.hpl.jena.graph.test.TestReificationWrapper$TestReificationWrapperGraph)
I/AndrojenaTests(  773): test started: testBulkDeleteGraph(com.hp.hpl.jena.graph.test.TestReificationWrapper$TestReificationWrapperGraph)
I/AndrojenaTests(  773): test ended: testBulkDeleteGraph(com.hp.hpl.jena.graph.test.TestReificationWrapper$TestReificationWrapperGraph)
I/AndrojenaTests(  773): test started: testBulkDeleteIterator(com.hp.hpl.jena.graph.test.TestReificationWrapper$TestReificationWrapperGraph)
I/AndrojenaTests(  773): test ended: testBulkDeleteIterator(com.hp.hpl.jena.graph.test.TestReificationWrapper$TestReificationWrapperGraph)
I/AndrojenaTests(  773): test started: testBulkDeleteList(com.hp.hpl.jena.graph.test.TestReificationWrapper$TestReificationWrapperGraph)
I/AndrojenaTests(  773): test ended: testBulkDeleteList(com.hp.hpl.jena.graph.test.TestReificationWrapper$TestReificationWrapperGraph)
I/AndrojenaTests(  773): test started: testBulkRemoveWithReification(com.hp.hpl.jena.graph.test.TestReificationWrapper$TestReificationWrapperGraph)
D/.query.PatternStageBase(  780): reusing thread Thread[PatternStage-1,5,main]
D/.query.PatternStageBase(  780): caching thread com.hp.hpl.jena.graph.query.PatternStage@43cb3d70 [currently 2 cached threads]
D/.query.PatternStageBase(  780): reusing thread Thread[PatternStage-1,5,main]
D/.query.PatternStageBase(  780): caching thread com.hp.hpl.jena.graph.query.PatternStage@43cb3d70 [currently 2 cached threads]
D/.query.PatternStageBase(  780): reusing thread Thread[PatternStage-1,5,main]
D/.query.PatternStageBase(  780): caching thread com.hp.hpl.jena.graph.query.PatternStage@43cb3d70 [currently 2 cached threads]
D/.query.PatternStageBase(  780): reusing thread Thread[PatternStage-1,5,main]
D/.query.PatternStageBase(  780): caching thread com.hp.hpl.jena.graph.query.PatternStage@43cb3d70 [currently 2 cached threads]
I/AndrojenaTests(  773): test ended: testBulkRemoveWithReification(com.hp.hpl.jena.graph.test.TestReificationWrapper$TestReificationWrapperGraph)
I/AndrojenaTests(  773): test started: testBulkUpdate(com.hp.hpl.jena.graph.test.TestReificationWrapper$TestReificationWrapperGraph)
I/AndrojenaTests(  773): test ended: testBulkUpdate(com.hp.hpl.jena.graph.test.TestReificationWrapper$TestReificationWrapperGraph)
I/AndrojenaTests(  773): test started: testCloseSetsIsClosed(com.hp.hpl.jena.graph.test.TestReificationWrapper$TestReificationWrapperGraph)
I/AndrojenaTests(  773): test ended: testCloseSetsIsClosed(com.hp.hpl.jena.graph.test.TestReificationWrapper$TestReificationWrapperGraph)
I/AndrojenaTests(  773): test started: testContainsByValue(com.hp.hpl.jena.graph.test.TestReificationWrapper$TestReificationWrapperGraph)
I/AndrojenaTests(  773): test ended: testContainsByValue(com.hp.hpl.jena.graph.test.TestReificationWrapper$TestReificationWrapperGraph)
I/AndrojenaTests(  773): test started: testContainsConcrete(com.hp.hpl.jena.graph.test.TestReificationWrapper$TestReificationWrapperGraph)
I/AndrojenaTests(  773): test ended: testContainsConcrete(com.hp.hpl.jena.graph.test.TestReificationWrapper$TestReificationWrapperGraph)
I/AndrojenaTests(  773): test started: testContainsFluid(com.hp.hpl.jena.graph.test.TestReificationWrapper$TestReificationWrapperGraph)
I/AndrojenaTests(  773): test ended: testContainsFluid(com.hp.hpl.jena.graph.test.TestReificationWrapper$TestReificationWrapperGraph)
I/AndrojenaTests(  773): test started: testContainsNode(com.hp.hpl.jena.graph.test.TestReificationWrapper$TestReificationWrapperGraph)
I/AndrojenaTests(  773): test ended: testContainsNode(com.hp.hpl.jena.graph.test.TestReificationWrapper$TestReificationWrapperGraph)
I/AndrojenaTests(  773): test started: testDeleteTriple(com.hp.hpl.jena.graph.test.TestReificationWrapper$TestReificationWrapperGraph)
I/AndrojenaTests(  773): test ended: testDeleteTriple(com.hp.hpl.jena.graph.test.TestReificationWrapper$TestReificationWrapperGraph)
I/AndrojenaTests(  773): test started: testEventDeleteByFind(com.hp.hpl.jena.graph.test.TestReificationWrapper$TestReificationWrapperGraph)
I/AndrojenaTests(  773): test ended: testEventDeleteByFind(com.hp.hpl.jena.graph.test.TestReificationWrapper$TestReificationWrapperGraph)
I/AndrojenaTests(  773): test started: testEventRegister(com.hp.hpl.jena.graph.test.TestReificationWrapper$TestReificationWrapperGraph)
I/AndrojenaTests(  773): test ended: testEventRegister(com.hp.hpl.jena.graph.test.TestReificationWrapper$TestReificationWrapperGraph)
I/AndrojenaTests(  773): test started: testEventUnregister(com.hp.hpl.jena.graph.test.TestReificationWrapper$TestReificationWrapperGraph)
I/AndrojenaTests(  773): test ended: testEventUnregister(com.hp.hpl.jena.graph.test.TestReificationWrapper$TestReificationWrapperGraph)
I/AndrojenaTests(  773): test started: testExecuteInTransactionCatchesThrowable(com.hp.hpl.jena.graph.test.TestReificationWrapper$TestReificationWrapperGraph)
I/AndrojenaTests(  773): test ended: testExecuteInTransactionCatchesThrowable(com.hp.hpl.jena.graph.test.TestReificationWrapper$TestReificationWrapperGraph)
I/AndrojenaTests(  773): test started: testFind(com.hp.hpl.jena.graph.test.TestReificationWrapper$TestReificationWrapperGraph)
I/AndrojenaTests(  773): test ended: testFind(com.hp.hpl.jena.graph.test.TestReificationWrapper$TestReificationWrapperGraph)
I/AndrojenaTests(  773): test started: testFindAndContains(com.hp.hpl.jena.graph.test.TestReificationWrapper$TestReificationWrapperGraph)
I/AndrojenaTests(  773): test ended: testFindAndContains(com.hp.hpl.jena.graph.test.TestReificationWrapper$TestReificationWrapperGraph)
I/AndrojenaTests(  773): test started: testFindByFluidTriple(com.hp.hpl.jena.graph.test.TestReificationWrapper$TestReificationWrapperGraph)
I/AndrojenaTests(  773): test ended: testFindByFluidTriple(com.hp.hpl.jena.graph.test.TestReificationWrapper$TestReificationWrapperGraph)
I/AndrojenaTests(  773): test started: testGeneralEvent(com.hp.hpl.jena.graph.test.TestReificationWrapper$TestReificationWrapperGraph)
D/TestHelper(  780): testing/regression/testModelEquals/1-1.rdf sanitized to testing/regression/testModelEquals/1-1.rdf
I/AndrojenaTests(  773): test ended: testGeneralEvent(com.hp.hpl.jena.graph.test.TestReificationWrapper$TestReificationWrapperGraph)
I/AndrojenaTests(  773): test started: testGetStatisticsHandler(com.hp.hpl.jena.graph.test.TestReificationWrapper$TestReificationWrapperGraph)
I/AndrojenaTests(  773): test ended: testGetStatisticsHandler(com.hp.hpl.jena.graph.test.TestReificationWrapper$TestReificationWrapperGraph)
I/AndrojenaTests(  773): test started: testHasCapabilities(com.hp.hpl.jena.graph.test.TestReificationWrapper$TestReificationWrapperGraph)
I/AndrojenaTests(  773): test ended: testHasCapabilities(com.hp.hpl.jena.graph.test.TestReificationWrapper$TestReificationWrapperGraph)
I/AndrojenaTests(  773): test started: testHasTransactions(com.hp.hpl.jena.graph.test.TestReificationWrapper$TestReificationWrapperGraph)
I/AndrojenaTests(  773): test ended: testHasTransactions(com.hp.hpl.jena.graph.test.TestReificationWrapper$TestReificationWrapperGraph)
I/AndrojenaTests(  773): test started: testIsEmpty(com.hp.hpl.jena.graph.test.TestReificationWrapper$TestReificationWrapperGraph)
I/AndrojenaTests(  773): test ended: testIsEmpty(com.hp.hpl.jena.graph.test.TestReificationWrapper$TestReificationWrapperGraph)
I/AndrojenaTests(  773): test started: testIsomorphismFile(com.hp.hpl.jena.graph.test.TestReificationWrapper$TestReificationWrapperGraph)
D/dalvikvm(  780): GC freed 15554 objects / 783656 bytes in 467ms
D/dalvikvm(  780): GC freed 3202 objects / 633144 bytes in 409ms
I/dalvikvm-heap(  780): Grow heap (frag case) to 8.552MB for 487986-byte allocation
D/dalvikvm(  780): GC freed 0 objects / 0 bytes in 444ms
D/dalvikvm(  780): GC freed 441 objects / 877936 bytes in 408ms
D/dalvikvm(  780): GC freed 5 objects / 129760 bytes in 397ms
I/dalvikvm-heap(  780): Grow heap (frag case) to 8.840MB for 519476-byte allocation
D/dalvikvm(  780): GC freed 0 objects / 0 bytes in 432ms
D/dalvikvm(  780): GC freed 16833 objects / 1349720 bytes in 550ms
D/dalvikvm(  780): GC freed 18591 objects / 883648 bytes in 615ms
I/global  (  780): Default buffer size used in BufferedReader constructor. It would be better to be explicit if an 8k-char buffer is required.
I/AndroidLoggerFactory(  780): Logger name com.hp.hpl.jena.rdf.model.impl.RDFDefaultErrorHandler is too long, using .RDFDefaultErrorHandler instead
W/ExpatReader(  780): DTD handlers aren't supported.
W/pl.jena.rdf.arp.SAX2RDF(  780): http://apache.org/xml/features/allow-java-encodings feature not supported by XMLReader
W/ExpatReader(  780): DTD handlers aren't supported.
W/pl.jena.rdf.arp.SAX2RDF(  780): http://apache.org/xml/features/allow-java-encodings feature not supported by XMLReader
D/TestHelper(  780): testing/regression/testModelEquals/1-2.rdf sanitized to testing/regression/testModelEquals/1-2.rdf
I/global  (  780): Default buffer size used in BufferedReader constructor. It would be better to be explicit if an 8k-char buffer is required.
W/ExpatReader(  780): DTD handlers aren't supported.
W/pl.jena.rdf.arp.SAX2RDF(  780): http://apache.org/xml/features/allow-java-encodings feature not supported by XMLReader
W/ExpatReader(  780): DTD handlers aren't supported.
W/pl.jena.rdf.arp.SAX2RDF(  780): http://apache.org/xml/features/allow-java-encodings feature not supported by XMLReader
D/dalvikvm(  780): GC freed 35634 objects / 2020520 bytes in 743ms
D/TestHelper(  780): testing/regression/testModelEquals/2-1.rdf sanitized to testing/regression/testModelEquals/2-1.rdf
I/global  (  780): Default buffer size used in BufferedReader constructor. It would be better to be explicit if an 8k-char buffer is required.
W/ExpatReader(  780): DTD handlers aren't supported.
W/pl.jena.rdf.arp.SAX2RDF(  780): http://apache.org/xml/features/allow-java-encodings feature not supported by XMLReader
W/ExpatReader(  780): DTD handlers aren't supported.
W/pl.jena.rdf.arp.SAX2RDF(  780): http://apache.org/xml/features/allow-java-encodings feature not supported by XMLReader
D/TestHelper(  780): testing/regression/testModelEquals/2-2.rdf sanitized to testing/regression/testModelEquals/2-2.rdf
I/global  (  780): Default buffer size used in BufferedReader constructor. It would be better to be explicit if an 8k-char buffer is required.
W/ExpatReader(  780): DTD handlers aren't supported.
W/pl.jena.rdf.arp.SAX2RDF(  780): http://apache.org/xml/features/allow-java-encodings feature not supported by XMLReader
W/ExpatReader(  780): DTD handlers aren't supported.
W/pl.jena.rdf.arp.SAX2RDF(  780): http://apache.org/xml/features/allow-java-encodings feature not supported by XMLReader
D/TestHelper(  780): testing/regression/testModelEquals/3-1.rdf sanitized to testing/regression/testModelEquals/3-1.rdf
I/global  (  780): Default buffer size used in BufferedReader constructor. It would be better to be explicit if an 8k-char buffer is required.
W/ExpatReader(  780): DTD handlers aren't supported.
W/pl.jena.rdf.arp.SAX2RDF(  780): http://apache.org/xml/features/allow-java-encodings feature not supported by XMLReader
W/ExpatReader(  780): DTD handlers aren't supported.
W/pl.jena.rdf.arp.SAX2RDF(  780): http://apache.org/xml/features/allow-java-encodings feature not supported by XMLReader
D/TestHelper(  780): testing/regression/testModelEquals/3-2.rdf sanitized to testing/regression/testModelEquals/3-2.rdf
I/global  (  780): Default buffer size used in BufferedReader constructor. It would be better to be explicit if an 8k-char buffer is required.
W/ExpatReader(  780): DTD handlers aren't supported.
W/pl.jena.rdf.arp.SAX2RDF(  780): http://apache.org/xml/features/allow-java-encodings feature not supported by XMLReader
W/ExpatReader(  780): DTD handlers aren't supported.
W/pl.jena.rdf.arp.SAX2RDF(  780): http://apache.org/xml/features/allow-java-encodings feature not supported by XMLReader
D/TestHelper(  780): testing/regression/testModelEquals/4-1.rdf sanitized to testing/regression/testModelEquals/4-1.rdf
I/global  (  780): Default buffer size used in BufferedReader constructor. It would be better to be explicit if an 8k-char buffer is required.
W/ExpatReader(  780): DTD handlers aren't supported.
W/pl.jena.rdf.arp.SAX2RDF(  780): http://apache.org/xml/features/allow-java-encodings feature not supported by XMLReader
W/ExpatReader(  780): DTD handlers aren't supported.
W/pl.jena.rdf.arp.SAX2RDF(  780): http://apache.org/xml/features/allow-java-encodings feature not supported by XMLReader
D/TestHelper(  780): testing/regression/testModelEquals/4-2.rdf sanitized to testing/regression/testModelEquals/4-2.rdf
I/global  (  780): Default buffer size used in BufferedReader constructor. It would be better to be explicit if an 8k-char buffer is required.
W/ExpatReader(  780): DTD handlers aren't supported.
W/pl.jena.rdf.arp.SAX2RDF(  780): http://apache.org/xml/features/allow-java-encodings feature not supported by XMLReader
W/ExpatReader(  780): DTD handlers aren't supported.
W/pl.jena.rdf.arp.SAX2RDF(  780): http://apache.org/xml/features/allow-java-encodings feature not supported by XMLReader
D/TestHelper(  780): testing/regression/testModelEquals/5-1.rdf sanitized to testing/regression/testModelEquals/5-1.rdf
I/global  (  780): Default buffer size used in BufferedReader constructor. It would be better to be explicit if an 8k-char buffer is required.
W/ExpatReader(  780): DTD handlers aren't supported.
W/pl.jena.rdf.arp.SAX2RDF(  780): http://apache.org/xml/features/allow-java-encodings feature not supported by XMLReader
W/ExpatReader(  780): DTD handlers aren't supported.
W/pl.jena.rdf.arp.SAX2RDF(  780): http://apache.org/xml/features/allow-java-encodings feature not supported by XMLReader
D/TestHelper(  780): testing/regression/testModelEquals/5-2.rdf sanitized to testing/regression/testModelEquals/5-2.rdf
I/global  (  780): Default buffer size used in BufferedReader constructor. It would be better to be explicit if an 8k-char buffer is required.
W/ExpatReader(  780): DTD handlers aren't supported.
W/pl.jena.rdf.arp.SAX2RDF(  780): http://apache.org/xml/features/allow-java-encodings feature not supported by XMLReader
W/ExpatReader(  780): DTD handlers aren't supported.
W/pl.jena.rdf.arp.SAX2RDF(  780): http://apache.org/xml/features/allow-java-encodings feature not supported by XMLReader
D/TestHelper(  780): testing/regression/testModelEquals/6-1.rdf sanitized to testing/regression/testModelEquals/6-1.rdf
I/global  (  780): Default buffer size used in BufferedReader constructor. It would be better to be explicit if an 8k-char buffer is required.
W/ExpatReader(  780): DTD handlers aren't supported.
W/pl.jena.rdf.arp.SAX2RDF(  780): http://apache.org/xml/features/allow-java-encodings feature not supported by XMLReader
W/ExpatReader(  780): DTD handlers aren't supported.
W/pl.jena.rdf.arp.SAX2RDF(  780): http://apache.org/xml/features/allow-java-encodings feature not supported by XMLReader
D/TestHelper(  780): testing/regression/testModelEquals/6-2.rdf sanitized to testing/regression/testModelEquals/6-2.rdf
I/global  (  780): Default buffer size used in BufferedReader constructor. It would be better to be explicit if an 8k-char buffer is required.
W/ExpatReader(  780): DTD handlers aren't supported.
W/pl.jena.rdf.arp.SAX2RDF(  780): http://apache.org/xml/features/allow-java-encodings feature not supported by XMLReader
W/ExpatReader(  780): DTD handlers aren't supported.
W/pl.jena.rdf.arp.SAX2RDF(  780): http://apache.org/xml/features/allow-java-encodings feature not supported by XMLReader
D/TestHelper(  780): testing/regression/testModelEquals/7-1.nt sanitized to testing/regression/testModelEquals/7-1.nt
I/global  (  780): Default buffer size used in BufferedReader constructor. It would be better to be explicit if an 8k-char buffer is required.
I/AndroidLoggerFactory(  780): Logger name com.hp.hpl.jena.rdf.model.impl.NTripleReader is too long, using odel.impl.NTripleReader instead
D/TestHelper(  780): testing/regression/testModelEquals/7-2.nt sanitized to testing/regression/testModelEquals/7-2.nt
I/global  (  780): Default buffer size used in BufferedReader constructor. It would be better to be explicit if an 8k-char buffer is required.
D/TestHelper(  780): testing/regression/testModelEquals/8-1.nt sanitized to testing/regression/testModelEquals/8-1.nt
I/global  (  780): Default buffer size used in BufferedReader constructor. It would be better to be explicit if an 8k-char buffer is required.
D/TestHelper(  780): testing/regression/testModelEquals/8-2.nt sanitized to testing/regression/testModelEquals/8-2.nt
I/global  (  780): Default buffer size used in BufferedReader constructor. It would be better to be explicit if an 8k-char buffer is required.
I/AndrojenaTests(  773): test ended: testIsomorphismFile(com.hp.hpl.jena.graph.test.TestReificationWrapper$TestReificationWrapperGraph)
I/AndrojenaTests(  773): test started: testListObjectNoDuplicates(com.hp.hpl.jena.graph.test.TestReificationWrapper$TestReificationWrapperGraph)
I/AndrojenaTests(  773): test ended: testListObjectNoDuplicates(com.hp.hpl.jena.graph.test.TestReificationWrapper$TestReificationWrapperGraph)
D/dalvikvm(  773): GC freed 8076 objects / 521560 bytes in 638ms
I/AndrojenaTests(  773): test started: testListObjects(com.hp.hpl.jena.graph.test.TestReificationWrapper$TestReificationWrapperGraph)
I/AndrojenaTests(  773): test ended: testListObjects(com.hp.hpl.jena.graph.test.TestReificationWrapper$TestReificationWrapperGraph)
I/AndrojenaTests(  773): test started: testListObjectsNoRemove(com.hp.hpl.jena.graph.test.TestReificationWrapper$TestReificationWrapperGraph)
D/dalvikvm(  780): GC freed 35529 objects / 1845304 bytes in 1318ms
I/AndrojenaTests(  773): test ended: testListObjectsNoRemove(com.hp.hpl.jena.graph.test.TestReificationWrapper$TestReificationWrapperGraph)
I/AndrojenaTests(  773): test started: testListPredicates(com.hp.hpl.jena.graph.test.TestReificationWrapper$TestReificationWrapperGraph)
I/AndrojenaTests(  773): test ended: testListPredicates(com.hp.hpl.jena.graph.test.TestReificationWrapper$TestReificationWrapperGraph)
I/AndrojenaTests(  773): test started: testListPredicatesNoRemove(com.hp.hpl.jena.graph.test.TestReificationWrapper$TestReificationWrapperGraph)
I/AndrojenaTests(  773): test ended: testListPredicatesNoRemove(com.hp.hpl.jena.graph.test.TestReificationWrapper$TestReificationWrapperGraph)
I/AndrojenaTests(  773): test started: testListSubjects(com.hp.hpl.jena.graph.test.TestReificationWrapper$TestReificationWrapperGraph)
I/AndrojenaTests(  773): test ended: testListSubjects(com.hp.hpl.jena.graph.test.TestReificationWrapper$TestReificationWrapperGraph)
I/AndrojenaTests(  773): test started: testListSubjectsNoRemove(com.hp.hpl.jena.graph.test.TestReificationWrapper$TestReificationWrapperGraph)
I/AndrojenaTests(  773): test ended: testListSubjectsNoRemove(com.hp.hpl.jena.graph.test.TestReificationWrapper$TestReificationWrapperGraph)
I/AndrojenaTests(  773): test started: testMatchBothLanguagedLiteralsCaseInsensitive(com.hp.hpl.jena.graph.test.TestReificationWrapper$TestReificationWrapperGraph)
I/AndrojenaTests(  773): test ended: testMatchBothLanguagedLiteralsCaseInsensitive(com.hp.hpl.jena.graph.test.TestReificationWrapper$TestReificationWrapperGraph)
I/AndrojenaTests(  773): test started: testMatchLanguagedLiteralCaseInsensitive(com.hp.hpl.jena.graph.test.TestReificationWrapper$TestReificationWrapperGraph)
I/AndrojenaTests(  773): test ended: testMatchLanguagedLiteralCaseInsensitive(com.hp.hpl.jena.graph.test.TestReificationWrapper$TestReificationWrapperGraph)
I/AndrojenaTests(  773): test started: testNoMatchAgainstUnlanguagesLiteral(com.hp.hpl.jena.graph.test.TestReificationWrapper$TestReificationWrapperGraph)
I/AndrojenaTests(  773): test ended: testNoMatchAgainstUnlanguagesLiteral(com.hp.hpl.jena.graph.test.TestReificationWrapper$TestReificationWrapperGraph)
I/AndrojenaTests(  773): test started: testObjectsFor(com.hp.hpl.jena.graph.test.TestReificationWrapper$TestReificationWrapperGraph)
I/AndrojenaTests(  773): test ended: testObjectsFor(com.hp.hpl.jena.graph.test.TestReificationWrapper$TestReificationWrapperGraph)
I/AndrojenaTests(  773): test started: testPredicatesFor(com.hp.hpl.jena.graph.test.TestReificationWrapper$TestReificationWrapperGraph)
I/AndrojenaTests(  773): test ended: testPredicatesFor(com.hp.hpl.jena.graph.test.TestReificationWrapper$TestReificationWrapperGraph)
I/AndrojenaTests(  773): test started: testRegisterTwice(com.hp.hpl.jena.graph.test.TestReificationWrapper$TestReificationWrapperGraph)
I/AndrojenaTests(  773): test ended: testRegisterTwice(com.hp.hpl.jena.graph.test.TestReificationWrapper$TestReificationWrapperGraph)
I/AndrojenaTests(  773): test started: testRemove(com.hp.hpl.jena.graph.test.TestReificationWrapper$TestReificationWrapperGraph)
I/AndrojenaTests(  773): test ended: testRemove(com.hp.hpl.jena.graph.test.TestReificationWrapper$TestReificationWrapperGraph)
I/AndrojenaTests(  773): test started: testRemoveAll(com.hp.hpl.jena.graph.test.TestReificationWrapper$TestReificationWrapperGraph)
I/AndrojenaTests(  773): test ended: testRemoveAll(com.hp.hpl.jena.graph.test.TestReificationWrapper$TestReificationWrapperGraph)
I/AndrojenaTests(  773): test started: testRemoveAllEvent(com.hp.hpl.jena.graph.test.TestReificationWrapper$TestReificationWrapperGraph)
I/AndrojenaTests(  773): test ended: testRemoveAllEvent(com.hp.hpl.jena.graph.test.TestReificationWrapper$TestReificationWrapperGraph)
I/AndrojenaTests(  773): test started: testRemoveSPO(com.hp.hpl.jena.graph.test.TestReificationWrapper$TestReificationWrapperGraph)
I/AndrojenaTests(  773): test ended: testRemoveSPO(com.hp.hpl.jena.graph.test.TestReificationWrapper$TestReificationWrapperGraph)
I/AndrojenaTests(  773): test started: testRemoveSomeEvent(com.hp.hpl.jena.graph.test.TestReificationWrapper$TestReificationWrapperGraph)
I/AndrojenaTests(  773): test ended: testRemoveSomeEvent(com.hp.hpl.jena.graph.test.TestReificationWrapper$TestReificationWrapperGraph)
I/AndrojenaTests(  773): test started: testRepeatedSubjectDoesNotConceal(com.hp.hpl.jena.graph.test.TestReificationWrapper$TestReificationWrapperGraph)
I/AndrojenaTests(  773): test ended: testRepeatedSubjectDoesNotConceal(com.hp.hpl.jena.graph.test.TestReificationWrapper$TestReificationWrapperGraph)
I/AndrojenaTests(  773): test started: testSubjectsFor(com.hp.hpl.jena.graph.test.TestReificationWrapper$TestReificationWrapperGraph)
I/AndrojenaTests(  773): test ended: testSubjectsFor(com.hp.hpl.jena.graph.test.TestReificationWrapper$TestReificationWrapperGraph)
I/AndrojenaTests(  773): test started: testTwoListeners(com.hp.hpl.jena.graph.test.TestReificationWrapper$TestReificationWrapperGraph)
I/AndrojenaTests(  773): test ended: testTwoListeners(com.hp.hpl.jena.graph.test.TestReificationWrapper$TestReificationWrapperGraph)
I/AndrojenaTests(  773): test started: testUnregisterOnce(com.hp.hpl.jena.graph.test.TestReificationWrapper$TestReificationWrapperGraph)
I/AndrojenaTests(  773): test ended: testUnregisterOnce(com.hp.hpl.jena.graph.test.TestReificationWrapper$TestReificationWrapperGraph)
I/AndrojenaTests(  773): test started: testUnregisterWorks(com.hp.hpl.jena.graph.test.TestReificationWrapper$TestReificationWrapperGraph)
I/AndrojenaTests(  773): test ended: testUnregisterWorks(com.hp.hpl.jena.graph.test.TestReificationWrapper$TestReificationWrapperGraph)
I/AndrojenaTests(  773): test started: testToSilenceJunitComplaintsAboutNoTestMethods(com.hp.hpl.jena.graph.test.TestReificationWrapper$TestReificationWrapperGraph)
I/AndrojenaTests(  773): test ended: testToSilenceJunitComplaintsAboutNoTestMethods(com.hp.hpl.jena.graph.test.TestReificationWrapper$TestReificationWrapperGraph)
I/AndrojenaTests(  773): test started: testANYCouldBeStatement(com.hp.hpl.jena.graph.test.TestReificationPredicates)
I/AndrojenaTests(  773): test ended: testANYCouldBeStatement(com.hp.hpl.jena.graph.test.TestReificationPredicates)
I/AndrojenaTests(  773): test started: testANYIsReificationType(com.hp.hpl.jena.graph.test.TestReificationPredicates)
I/AndrojenaTests(  773): test ended: testANYIsReificationType(com.hp.hpl.jena.graph.test.TestReificationPredicates)
I/AndrojenaTests(  773): test started: testAltIsntIsReificationType(com.hp.hpl.jena.graph.test.TestReificationPredicates)
I/AndrojenaTests(  773): test ended: testAltIsntIsReificationType(com.hp.hpl.jena.graph.test.TestReificationPredicates)
I/AndrojenaTests(  773): test started: testBagIsntIsReificationType(com.hp.hpl.jena.graph.test.TestReificationPredicates)
I/AndrojenaTests(  773): test ended: testBagIsntIsReificationType(com.hp.hpl.jena.graph.test.TestReificationPredicates)
I/AndrojenaTests(  773): test started: testFirst(com.hp.hpl.jena.graph.test.TestReificationPredicates)
I/AndrojenaTests(  773): test ended: testFirst(com.hp.hpl.jena.graph.test.TestReificationPredicates)
I/AndrojenaTests(  773): test started: testObject(com.hp.hpl.jena.graph.test.TestReificationPredicates)
I/AndrojenaTests(  773): test ended: testObject(com.hp.hpl.jena.graph.test.TestReificationPredicates)
I/AndrojenaTests(  773): test started: testOtherStatementCouldBeStatement(com.hp.hpl.jena.graph.test.TestReificationPredicates)
I/AndrojenaTests(  773): test ended: testOtherStatementCouldBeStatement(com.hp.hpl.jena.graph.test.TestReificationPredicates)
I/AndrojenaTests(  773): test started: testOtherStatementIsntIsReificationType(com.hp.hpl.jena.graph.test.TestReificationPredicates)
I/AndrojenaTests(  773): test ended: testOtherStatementIsntIsReificationType(com.hp.hpl.jena.graph.test.TestReificationPredicates)
I/AndrojenaTests(  773): test started: testPredicate(com.hp.hpl.jena.graph.test.TestReificationPredicates)
I/AndrojenaTests(  773): test ended: testPredicate(com.hp.hpl.jena.graph.test.TestReificationPredicates)
I/AndrojenaTests(  773): test started: testPropertyCouldNotBeStatement(com.hp.hpl.jena.graph.test.TestReificationPredicates)
I/AndrojenaTests(  773): test ended: testPropertyCouldNotBeStatement(com.hp.hpl.jena.graph.test.TestReificationPredicates)
I/AndrojenaTests(  773): test started: testRest(com.hp.hpl.jena.graph.test.TestReificationPredicates)
I/AndrojenaTests(  773): test ended: testRest(com.hp.hpl.jena.graph.test.TestReificationPredicates)
I/AndrojenaTests(  773): test started: testStatementCouldBeStatement(com.hp.hpl.jena.graph.test.TestReificationPredicates)
I/AndrojenaTests(  773): test ended: testStatementCouldBeStatement(com.hp.hpl.jena.graph.test.TestReificationPredicates)
I/AndrojenaTests(  773): test started: testStatementIsReificationType(com.hp.hpl.jena.graph.test.TestReificationPredicates)
I/AndrojenaTests(  773): test ended: testStatementIsReificationType(com.hp.hpl.jena.graph.test.TestReificationPredicates)
I/AndrojenaTests(  773): test started: testSubject(com.hp.hpl.jena.graph.test.TestReificationPredicates)
I/AndrojenaTests(  773): test ended: testSubject(com.hp.hpl.jena.graph.test.TestReificationPredicates)
I/AndrojenaTests(  773): test started: testSubjectInOtherNamespace(com.hp.hpl.jena.graph.test.TestReificationPredicates)
I/AndrojenaTests(  773): test ended: testSubjectInOtherNamespace(com.hp.hpl.jena.graph.test.TestReificationPredicates)
I/AndrojenaTests(  773): test started: testType(com.hp.hpl.jena.graph.test.TestReificationPredicates)
I/AndrojenaTests(  773): test ended: testType(com.hp.hpl.jena.graph.test.TestReificationPredicates)
I/AndrojenaTests(  773): test started: testValue(com.hp.hpl.jena.graph.test.TestReificationPredicates)
I/AndrojenaTests(  773): test ended: testValue(com.hp.hpl.jena.graph.test.TestReificationPredicates)
I/AndrojenaTests(  773): test started: testValueIsNtReificationType(com.hp.hpl.jena.graph.test.TestReificationPredicates)
I/AndrojenaTests(  773): test ended: testValueIsNtReificationType(com.hp.hpl.jena.graph.test.TestReificationPredicates)
I/AndrojenaTests(  773): test started: testValuePropertyIsntreificationType(com.hp.hpl.jena.graph.test.TestReificationPredicates)
I/AndrojenaTests(  773): test ended: testValuePropertyIsntreificationType(com.hp.hpl.jena.graph.test.TestReificationPredicates)
I/AndrojenaTests(  773): test started: testVariableCouldBeStatement(com.hp.hpl.jena.graph.test.TestReificationPredicates)
I/AndrojenaTests(  773): test ended: testVariableCouldBeStatement(com.hp.hpl.jena.graph.test.TestReificationPredicates)
I/AndrojenaTests(  773): test started: testVariableIsReificationType(com.hp.hpl.jena.graph.test.TestReificationPredicates)
I/AndrojenaTests(  773): test ended: testVariableIsReificationType(com.hp.hpl.jena.graph.test.TestReificationPredicates)
I/AndrojenaTests(  773): test started: testToSilenceJunitComplaintsAboutNoTestMethods(com.hp.hpl.jena.graph.test.TestReificationPredicates)
I/AndrojenaTests(  773): test ended: testToSilenceJunitComplaintsAboutNoTestMethods(com.hp.hpl.jena.graph.test.TestReificationPredicates)
I/AndrojenaTests(  773): test started: testBigNums(com.hp.hpl.jena.graph.test.TestTypedLiterals)
I/AndrojenaTests(  773): test ended: testBigNums(com.hp.hpl.jena.graph.test.TestTypedLiterals)
I/AndrojenaTests(  773): test started: testBinary(com.hp.hpl.jena.graph.test.TestTypedLiterals)
I/AndrojenaTests(  773): test ended: testBinary(com.hp.hpl.jena.graph.test.TestTypedLiterals)
I/AndrojenaTests(  773): test started: testDateOverride(com.hp.hpl.jena.graph.test.TestTypedLiterals)
I/AndrojenaTests(  773): test ended: testDateOverride(com.hp.hpl.jena.graph.test.TestTypedLiterals)
I/AndrojenaTests(  773): test started: testDateTime(com.hp.hpl.jena.graph.test.TestTypedLiterals)
I/Resources(  780): Loaded time zone names for en_US in 7647ms.
I/AndrojenaTests(  773): test ended: testDateTime(com.hp.hpl.jena.graph.test.TestTypedLiterals)
I/AndrojenaTests(  773): test started: testDateTimeBug(com.hp.hpl.jena.graph.test.TestTypedLiterals)
I/AndrojenaTests(  773): test ended: testDateTimeBug(com.hp.hpl.jena.graph.test.TestTypedLiterals)
