I/AndrojenaTests(  773): test ended: testDeleteTriple(com.hp.hpl.jena.graph.test.MetaTestGraph)
I/AndrojenaTests(  773): test started: testEventDeleteByFind(com.hp.hpl.jena.graph.test.MetaTestGraph)
I/AndrojenaTests(  773): test ended: testEventDeleteByFind(com.hp.hpl.jena.graph.test.MetaTestGraph)
I/AndrojenaTests(  773): test started: testEventRegister(com.hp.hpl.jena.graph.test.MetaTestGraph)
I/AndrojenaTests(  773): test ended: testEventRegister(com.hp.hpl.jena.graph.test.MetaTestGraph)
I/AndrojenaTests(  773): test started: testEventUnregister(com.hp.hpl.jena.graph.test.MetaTestGraph)
I/AndrojenaTests(  773): test ended: testEventUnregister(com.hp.hpl.jena.graph.test.MetaTestGraph)
I/AndrojenaTests(  773): test started: testExecuteInTransactionCatchesThrowable(com.hp.hpl.jena.graph.test.MetaTestGraph)
I/AndrojenaTests(  773): test ended: testExecuteInTransactionCatchesThrowable(com.hp.hpl.jena.graph.test.MetaTestGraph)
I/AndrojenaTests(  773): test started: testFind(com.hp.hpl.jena.graph.test.MetaTestGraph)
I/AndrojenaTests(  773): test ended: testFind(com.hp.hpl.jena.graph.test.MetaTestGraph)
I/AndrojenaTests(  773): test started: testFindAndContains(com.hp.hpl.jena.graph.test.MetaTestGraph)
I/AndrojenaTests(  773): test ended: testFindAndContains(com.hp.hpl.jena.graph.test.MetaTestGraph)
I/AndrojenaTests(  773): test started: testFindByFluidTriple(com.hp.hpl.jena.graph.test.MetaTestGraph)
I/AndrojenaTests(  773): test ended: testFindByFluidTriple(com.hp.hpl.jena.graph.test.MetaTestGraph)
I/AndrojenaTests(  773): test started: testGeneralEvent(com.hp.hpl.jena.graph.test.MetaTestGraph)
I/AndrojenaTests(  773): test ended: testGeneralEvent(com.hp.hpl.jena.graph.test.MetaTestGraph)
I/AndrojenaTests(  773): test started: testGetStatisticsHandler(com.hp.hpl.jena.graph.test.MetaTestGraph)
I/AndrojenaTests(  773): test ended: testGetStatisticsHandler(com.hp.hpl.jena.graph.test.MetaTestGraph)
I/AndrojenaTests(  773): test started: testHasCapabilities(com.hp.hpl.jena.graph.test.MetaTestGraph)
D/TestHelper(  780): testing/regression/testModelEquals/1-1.rdf sanitized to testing/regression/testModelEquals/1-1.rdf
I/AndrojenaTests(  773): test ended: testHasCapabilities(com.hp.hpl.jena.graph.test.MetaTestGraph)
I/AndrojenaTests(  773): test started: testHasTransactions(com.hp.hpl.jena.graph.test.MetaTestGraph)
I/AndrojenaTests(  773): test ended: testHasTransactions(com.hp.hpl.jena.graph.test.MetaTestGraph)
I/AndrojenaTests(  773): test started: testIsEmpty(com.hp.hpl.jena.graph.test.MetaTestGraph)
I/AndrojenaTests(  773): test ended: testIsEmpty(com.hp.hpl.jena.graph.test.MetaTestGraph)
I/AndrojenaTests(  773): test started: testIsomorphismFile(com.hp.hpl.jena.graph.test.MetaTestGraph)
D/dalvikvm(  780): GC freed 19838 objects / 1109432 bytes in 623ms
D/dalvikvm(  780): GC freed 3529 objects / 1500712 bytes in 532ms
D/dalvikvm(  780): GC freed 225 objects / 400168 bytes in 520ms
D/dalvikvm(  780): GC freed 16353 objects / 1070656 bytes in 655ms
D/dalvikvm(  780): GC freed 18844 objects / 895824 bytes in 709ms
I/global  (  780): Default buffer size used in BufferedReader constructor. It would be better to be explicit if an 8k-char buffer is required.
W/ExpatReader(  780): DTD handlers aren't supported.
W/pl.jena.rdf.arp.SAX2RDF(  780): http://apache.org/xml/features/allow-java-encodings feature not supported by XMLReader
W/ExpatReader(  780): DTD handlers aren't supported.
W/pl.jena.rdf.arp.SAX2RDF(  780): http://apache.org/xml/features/allow-java-encodings feature not supported by XMLReader
D/TestHelper(  780): testing/regression/testModelEquals/1-2.rdf sanitized to testing/regression/testModelEquals/1-2.rdf
I/global  (  780): Default buffer size used in BufferedReader constructor. It would be better to be explicit if an 8k-char buffer is required.
W/ExpatReader(  780): DTD handlers aren't supported.
W/pl.jena.rdf.arp.SAX2RDF(  780): http://apache.org/xml/features/allow-java-encodings feature not supported by XMLReader
W/ExpatReader(  780): DTD handlers aren't supported.
W/pl.jena.rdf.arp.SAX2RDF(  780): http://apache.org/xml/features/allow-java-encodings feature not supported by XMLReader
D/dalvikvm(  780): GC freed 39602 objects / 2127368 bytes in 867ms
D/TestHelper(  780): testing/regression/testModelEquals/2-1.rdf sanitized to testing/regression/testModelEquals/2-1.rdf
I/global  (  780): Default buffer size used in BufferedReader constructor. It would be better to be explicit if an 8k-char buffer is required.
W/ExpatReader(  780): DTD handlers aren't supported.
W/pl.jena.rdf.arp.SAX2RDF(  780): http://apache.org/xml/features/allow-java-encodings feature not supported by XMLReader
W/ExpatReader(  780): DTD handlers aren't supported.
W/pl.jena.rdf.arp.SAX2RDF(  780): http://apache.org/xml/features/allow-java-encodings feature not supported by XMLReader
D/TestHelper(  780): testing/regression/testModelEquals/2-2.rdf sanitized to testing/regression/testModelEquals/2-2.rdf
I/global  (  780): Default buffer size used in BufferedReader constructor. It would be better to be explicit if an 8k-char buffer is required.
W/ExpatReader(  780): DTD handlers aren't supported.
W/pl.jena.rdf.arp.SAX2RDF(  780): http://apache.org/xml/features/allow-java-encodings feature not supported by XMLReader
W/ExpatReader(  780): DTD handlers aren't supported.
W/pl.jena.rdf.arp.SAX2RDF(  780): http://apache.org/xml/features/allow-java-encodings feature not supported by XMLReader
D/TestHelper(  780): testing/regression/testModelEquals/3-1.rdf sanitized to testing/regression/testModelEquals/3-1.rdf
I/global  (  780): Default buffer size used in BufferedReader constructor. It would be better to be explicit if an 8k-char buffer is required.
W/ExpatReader(  780): DTD handlers aren't supported.
W/pl.jena.rdf.arp.SAX2RDF(  780): http://apache.org/xml/features/allow-java-encodings feature not supported by XMLReader
W/ExpatReader(  780): DTD handlers aren't supported.
W/pl.jena.rdf.arp.SAX2RDF(  780): http://apache.org/xml/features/allow-java-encodings feature not supported by XMLReader
D/TestHelper(  780): testing/regression/testModelEquals/3-2.rdf sanitized to testing/regression/testModelEquals/3-2.rdf
I/global  (  780): Default buffer size used in BufferedReader constructor. It would be better to be explicit if an 8k-char buffer is required.
W/ExpatReader(  780): DTD handlers aren't supported.
W/pl.jena.rdf.arp.SAX2RDF(  780): http://apache.org/xml/features/allow-java-encodings feature not supported by XMLReader
W/ExpatReader(  780): DTD handlers aren't supported.
W/pl.jena.rdf.arp.SAX2RDF(  780): http://apache.org/xml/features/allow-java-encodings feature not supported by XMLReader
D/TestHelper(  780): testing/regression/testModelEquals/4-1.rdf sanitized to testing/regression/testModelEquals/4-1.rdf
I/global  (  780): Default buffer size used in BufferedReader constructor. It would be better to be explicit if an 8k-char buffer is required.
W/ExpatReader(  780): DTD handlers aren't supported.
W/pl.jena.rdf.arp.SAX2RDF(  780): http://apache.org/xml/features/allow-java-encodings feature not supported by XMLReader
W/ExpatReader(  780): DTD handlers aren't supported.
W/pl.jena.rdf.arp.SAX2RDF(  780): http://apache.org/xml/features/allow-java-encodings feature not supported by XMLReader
D/TestHelper(  780): testing/regression/testModelEquals/4-2.rdf sanitized to testing/regression/testModelEquals/4-2.rdf
I/global  (  780): Default buffer size used in BufferedReader constructor. It would be better to be explicit if an 8k-char buffer is required.
W/ExpatReader(  780): DTD handlers aren't supported.
W/pl.jena.rdf.arp.SAX2RDF(  780): http://apache.org/xml/features/allow-java-encodings feature not supported by XMLReader
W/ExpatReader(  780): DTD handlers aren't supported.
W/pl.jena.rdf.arp.SAX2RDF(  780): http://apache.org/xml/features/allow-java-encodings feature not supported by XMLReader
D/TestHelper(  780): testing/regression/testModelEquals/5-1.rdf sanitized to testing/regression/testModelEquals/5-1.rdf
I/global  (  780): Default buffer size used in BufferedReader constructor. It would be better to be explicit if an 8k-char buffer is required.
W/ExpatReader(  780): DTD handlers aren't supported.
W/pl.jena.rdf.arp.SAX2RDF(  780): http://apache.org/xml/features/allow-java-encodings feature not supported by XMLReader
W/ExpatReader(  780): DTD handlers aren't supported.
W/pl.jena.rdf.arp.SAX2RDF(  780): http://apache.org/xml/features/allow-java-encodings feature not supported by XMLReader
D/TestHelper(  780): testing/regression/testModelEquals/5-2.rdf sanitized to testing/regression/testModelEquals/5-2.rdf
I/global  (  780): Default buffer size used in BufferedReader constructor. It would be better to be explicit if an 8k-char buffer is required.
W/ExpatReader(  780): DTD handlers aren't supported.
W/pl.jena.rdf.arp.SAX2RDF(  780): http://apache.org/xml/features/allow-java-encodings feature not supported by XMLReader
W/ExpatReader(  780): DTD handlers aren't supported.
W/pl.jena.rdf.arp.SAX2RDF(  780): http://apache.org/xml/features/allow-java-encodings feature not supported by XMLReader
D/TestHelper(  780): testing/regression/testModelEquals/6-1.rdf sanitized to testing/regression/testModelEquals/6-1.rdf
I/global  (  780): Default buffer size used in BufferedReader constructor. It would be better to be explicit if an 8k-char buffer is required.
W/ExpatReader(  780): DTD handlers aren't supported.
W/pl.jena.rdf.arp.SAX2RDF(  780): http://apache.org/xml/features/allow-java-encodings feature not supported by XMLReader
W/ExpatReader(  780): DTD handlers aren't supported.
W/pl.jena.rdf.arp.SAX2RDF(  780): http://apache.org/xml/features/allow-java-encodings feature not supported by XMLReader
D/TestHelper(  780): testing/regression/testModelEquals/6-2.rdf sanitized to testing/regression/testModelEquals/6-2.rdf
I/global  (  780): Default buffer size used in BufferedReader constructor. It would be better to be explicit if an 8k-char buffer is required.
W/ExpatReader(  780): DTD handlers aren't supported.
W/pl.jena.rdf.arp.SAX2RDF(  780): http://apache.org/xml/features/allow-java-encodings feature not supported by XMLReader
W/ExpatReader(  780): DTD handlers aren't supported.
W/pl.jena.rdf.arp.SAX2RDF(  780): http://apache.org/xml/features/allow-java-encodings feature not supported by XMLReader
D/TestHelper(  780): testing/regression/testModelEquals/7-1.nt sanitized to testing/regression/testModelEquals/7-1.nt
I/global  (  780): Default buffer size used in BufferedReader constructor. It would be better to be explicit if an 8k-char buffer is required.
D/TestHelper(  780): testing/regression/testModelEquals/7-2.nt sanitized to testing/regression/testModelEquals/7-2.nt
I/global  (  780): Default buffer size used in BufferedReader constructor. It would be better to be explicit if an 8k-char buffer is required.
D/TestHelper(  780): testing/regression/testModelEquals/8-1.nt sanitized to testing/regression/testModelEquals/8-1.nt
I/global  (  780): Default buffer size used in BufferedReader constructor. It would be better to be explicit if an 8k-char buffer is required.
D/TestHelper(  780): testing/regression/testModelEquals/8-2.nt sanitized to testing/regression/testModelEquals/8-2.nt
I/global  (  780): Default buffer size used in BufferedReader constructor. It would be better to be explicit if an 8k-char buffer is required.
I/AndrojenaTests(  773): test ended: testIsomorphismFile(com.hp.hpl.jena.graph.test.MetaTestGraph)
I/AndrojenaTests(  773): test started: testListObjectNoDuplicates(com.hp.hpl.jena.graph.test.MetaTestGraph)
I/AndrojenaTests(  773): test ended: testListObjectNoDuplicates(com.hp.hpl.jena.graph.test.MetaTestGraph)
I/AndrojenaTests(  773): test started: testListObjects(com.hp.hpl.jena.graph.test.MetaTestGraph)
I/AndrojenaTests(  773): test ended: testListObjects(com.hp.hpl.jena.graph.test.MetaTestGraph)
I/AndrojenaTests(  773): test started: testListObjectsNoRemove(com.hp.hpl.jena.graph.test.MetaTestGraph)
I/AndrojenaTests(  773): test ended: testListObjectsNoRemove(com.hp.hpl.jena.graph.test.MetaTestGraph)
I/AndrojenaTests(  773): test started: testListPredicates(com.hp.hpl.jena.graph.test.MetaTestGraph)
I/AndrojenaTests(  773): test ended: testListPredicates(com.hp.hpl.jena.graph.test.MetaTestGraph)
I/AndrojenaTests(  773): test started: testListPredicatesNoRemove(com.hp.hpl.jena.graph.test.MetaTestGraph)
I/AndrojenaTests(  773): test ended: testListPredicatesNoRemove(com.hp.hpl.jena.graph.test.MetaTestGraph)
I/AndrojenaTests(  773): test started: testListSubjects(com.hp.hpl.jena.graph.test.MetaTestGraph)
I/AndrojenaTests(  773): test ended: testListSubjects(com.hp.hpl.jena.graph.test.MetaTestGraph)
I/AndrojenaTests(  773): test started: testListSubjectsNoRemove(com.hp.hpl.jena.graph.test.MetaTestGraph)
I/AndrojenaTests(  773): test ended: testListSubjectsNoRemove(com.hp.hpl.jena.graph.test.MetaTestGraph)
I/AndrojenaTests(  773): test started: testMatchBothLanguagedLiteralsCaseInsensitive(com.hp.hpl.jena.graph.test.MetaTestGraph)
I/AndrojenaTests(  773): test ended: testMatchBothLanguagedLiteralsCaseInsensitive(com.hp.hpl.jena.graph.test.MetaTestGraph)
I/AndrojenaTests(  773): test started: testMatchLanguagedLiteralCaseInsensitive(com.hp.hpl.jena.graph.test.MetaTestGraph)
I/AndrojenaTests(  773): test ended: testMatchLanguagedLiteralCaseInsensitive(com.hp.hpl.jena.graph.test.MetaTestGraph)
I/AndrojenaTests(  773): test started: testNoMatchAgainstUnlanguagesLiteral(com.hp.hpl.jena.graph.test.MetaTestGraph)
D/dalvikvm(  780): GC freed 36270 objects / 1881544 bytes in 984ms
I/AndrojenaTests(  773): test ended: testNoMatchAgainstUnlanguagesLiteral(com.hp.hpl.jena.graph.test.MetaTestGraph)
I/AndrojenaTests(  773): test started: testObjectsFor(com.hp.hpl.jena.graph.test.MetaTestGraph)
I/AndrojenaTests(  773): test ended: testObjectsFor(com.hp.hpl.jena.graph.test.MetaTestGraph)
I/AndrojenaTests(  773): test started: testPredicatesFor(com.hp.hpl.jena.graph.test.MetaTestGraph)
I/AndrojenaTests(  773): test ended: testPredicatesFor(com.hp.hpl.jena.graph.test.MetaTestGraph)
I/AndrojenaTests(  773): test started: testRegisterTwice(com.hp.hpl.jena.graph.test.MetaTestGraph)
I/AndrojenaTests(  773): test ended: testRegisterTwice(com.hp.hpl.jena.graph.test.MetaTestGraph)
I/AndrojenaTests(  773): test started: testRemove(com.hp.hpl.jena.graph.test.MetaTestGraph)
I/AndrojenaTests(  773): test ended: testRemove(com.hp.hpl.jena.graph.test.MetaTestGraph)
I/AndrojenaTests(  773): test started: testRemoveAll(com.hp.hpl.jena.graph.test.MetaTestGraph)
I/AndrojenaTests(  773): test ended: testRemoveAll(com.hp.hpl.jena.graph.test.MetaTestGraph)
I/AndrojenaTests(  773): test started: testRemoveAllEvent(com.hp.hpl.jena.graph.test.MetaTestGraph)
I/AndrojenaTests(  773): test ended: testRemoveAllEvent(com.hp.hpl.jena.graph.test.MetaTestGraph)
I/AndrojenaTests(  773): test started: testRemoveSPO(com.hp.hpl.jena.graph.test.MetaTestGraph)
I/AndrojenaTests(  773): test ended: testRemoveSPO(com.hp.hpl.jena.graph.test.MetaTestGraph)
I/AndrojenaTests(  773): test started: testRemoveSomeEvent(com.hp.hpl.jena.graph.test.MetaTestGraph)
I/AndrojenaTests(  773): test ended: testRemoveSomeEvent(com.hp.hpl.jena.graph.test.MetaTestGraph)
I/AndrojenaTests(  773): test started: testRepeatedSubjectDoesNotConceal(com.hp.hpl.jena.graph.test.MetaTestGraph)
I/AndrojenaTests(  773): test ended: testRepeatedSubjectDoesNotConceal(com.hp.hpl.jena.graph.test.MetaTestGraph)
I/AndrojenaTests(  773): test started: testSubjectsFor(com.hp.hpl.jena.graph.test.MetaTestGraph)
I/AndrojenaTests(  773): test ended: testSubjectsFor(com.hp.hpl.jena.graph.test.MetaTestGraph)
I/AndrojenaTests(  773): test started: testTwoListeners(com.hp.hpl.jena.graph.test.MetaTestGraph)
I/AndrojenaTests(  773): test ended: testTwoListeners(com.hp.hpl.jena.graph.test.MetaTestGraph)
I/AndrojenaTests(  773): test started: testUnregisterOnce(com.hp.hpl.jena.graph.test.MetaTestGraph)
I/AndrojenaTests(  773): test ended: testUnregisterOnce(com.hp.hpl.jena.graph.test.MetaTestGraph)
I/AndrojenaTests(  773): test started: testUnregisterWorks(com.hp.hpl.jena.graph.test.MetaTestGraph)
I/AndrojenaTests(  773): test ended: testUnregisterWorks(com.hp.hpl.jena.graph.test.MetaTestGraph)
I/AndrojenaTests(  773): test started: testToSilenceJunitComplaintsAboutNoTestMethods(com.hp.hpl.jena.graph.test.MetaTestGraph)
I/AndrojenaTests(  773): test ended: testToSilenceJunitComplaintsAboutNoTestMethods(com.hp.hpl.jena.graph.test.MetaTestGraph)
I/AndrojenaTests(  773): test started: testAGraph(com.hp.hpl.jena.graph.test.MetaTestGraph)
I/AndrojenaTests(  773): test ended: testAGraph(com.hp.hpl.jena.graph.test.MetaTestGraph)
I/AndrojenaTests(  773): test started: testAddTriple(com.hp.hpl.jena.graph.test.MetaTestGraph)
I/AndrojenaTests(  773): test ended: testAddTriple(com.hp.hpl.jena.graph.test.MetaTestGraph)
I/AndrojenaTests(  773): test started: testBulkAddArrayEvent(com.hp.hpl.jena.graph.test.MetaTestGraph)
I/AndrojenaTests(  773): test ended: testBulkAddArrayEvent(com.hp.hpl.jena.graph.test.MetaTestGraph)
I/AndrojenaTests(  773): test started: testBulkAddGraph(com.hp.hpl.jena.graph.test.MetaTestGraph)
I/AndrojenaTests(  773): test ended: testBulkAddGraph(com.hp.hpl.jena.graph.test.MetaTestGraph)
I/AndrojenaTests(  773): test started: testBulkAddIterator(com.hp.hpl.jena.graph.test.MetaTestGraph)
I/AndrojenaTests(  773): test ended: testBulkAddIterator(com.hp.hpl.jena.graph.test.MetaTestGraph)
I/AndrojenaTests(  773): test started: testBulkAddList(com.hp.hpl.jena.graph.test.MetaTestGraph)
I/AndrojenaTests(  773): test ended: testBulkAddList(com.hp.hpl.jena.graph.test.MetaTestGraph)
I/AndrojenaTests(  773): test started: testBulkAddWithReification(com.hp.hpl.jena.graph.test.MetaTestGraph)
D/dalvikvm(  773): GC freed 8701 objects / 522696 bytes in 653ms
I/AndrojenaTests(  773): test ended: testBulkAddWithReification(com.hp.hpl.jena.graph.test.MetaTestGraph)
I/AndrojenaTests(  773): test started: testBulkAddWithReificationPreamble(com.hp.hpl.jena.graph.test.MetaTestGraph)
I/AndrojenaTests(  773): test ended: testBulkAddWithReificationPreamble(com.hp.hpl.jena.graph.test.MetaTestGraph)
I/AndrojenaTests(  773): test started: testBulkDeleteArray(com.hp.hpl.jena.graph.test.MetaTestGraph)
I/AndrojenaTests(  773): test ended: testBulkDeleteArray(com.hp.hpl.jena.graph.test.MetaTestGraph)
I/AndrojenaTests(  773): test started: testBulkDeleteGraph(com.hp.hpl.jena.graph.test.MetaTestGraph)
I/AndrojenaTests(  773): test ended: testBulkDeleteGraph(com.hp.hpl.jena.graph.test.MetaTestGraph)
I/AndrojenaTests(  773): test started: testBulkDeleteIterator(com.hp.hpl.jena.graph.test.MetaTestGraph)
I/AndrojenaTests(  773): test ended: testBulkDeleteIterator(com.hp.hpl.jena.graph.test.MetaTestGraph)
I/AndrojenaTests(  773): test started: testBulkDeleteList(com.hp.hpl.jena.graph.test.MetaTestGraph)
I/AndrojenaTests(  773): test ended: testBulkDeleteList(com.hp.hpl.jena.graph.test.MetaTestGraph)
I/AndrojenaTests(  773): test started: testBulkRemoveWithReification(com.hp.hpl.jena.graph.test.MetaTestGraph)
I/AndrojenaTests(  773): test ended: testBulkRemoveWithReification(com.hp.hpl.jena.graph.test.MetaTestGraph)
I/AndrojenaTests(  773): test started: testBulkUpdate(com.hp.hpl.jena.graph.test.MetaTestGraph)
I/AndrojenaTests(  773): test ended: testBulkUpdate(com.hp.hpl.jena.graph.test.MetaTestGraph)
I/AndrojenaTests(  773): test started: testCloseSetsIsClosed(com.hp.hpl.jena.graph.test.MetaTestGraph)
I/AndrojenaTests(  773): test ended: testCloseSetsIsClosed(com.hp.hpl.jena.graph.test.MetaTestGraph)
I/AndrojenaTests(  773): test started: testContainsByValue(com.hp.hpl.jena.graph.test.MetaTestGraph)
I/AndrojenaTests(  773): test ended: testContainsByValue(com.hp.hpl.jena.graph.test.MetaTestGraph)
I/AndrojenaTests(  773): test started: testContainsConcrete(com.hp.hpl.jena.graph.test.MetaTestGraph)
I/AndrojenaTests(  773): test ended: testContainsConcrete(com.hp.hpl.jena.graph.test.MetaTestGraph)
I/AndrojenaTests(  773): test started: testContainsFluid(com.hp.hpl.jena.graph.test.MetaTestGraph)
I/AndrojenaTests(  773): test ended: testContainsFluid(com.hp.hpl.jena.graph.test.MetaTestGraph)
I/AndrojenaTests(  773): test started: testContainsNode(com.hp.hpl.jena.graph.test.MetaTestGraph)
I/AndrojenaTests(  773): test ended: testContainsNode(com.hp.hpl.jena.graph.test.MetaTestGraph)
I/AndrojenaTests(  773): test started: testDeleteTriple(com.hp.hpl.jena.graph.test.MetaTestGraph)
I/AndrojenaTests(  773): test ended: testDeleteTriple(com.hp.hpl.jena.graph.test.MetaTestGraph)
I/AndrojenaTests(  773): test started: testEventDeleteByFind(com.hp.hpl.jena.graph.test.MetaTestGraph)
I/AndrojenaTests(  773): test ended: testEventDeleteByFind(com.hp.hpl.jena.graph.test.MetaTestGraph)
I/AndrojenaTests(  773): test started: testEventRegister(com.hp.hpl.jena.graph.test.MetaTestGraph)
I/AndrojenaTests(  773): test ended: testEventRegister(com.hp.hpl.jena.graph.test.MetaTestGraph)
I/AndrojenaTests(  773): test started: testEventUnregister(com.hp.hpl.jena.graph.test.MetaTestGraph)
I/AndrojenaTests(  773): test ended: testEventUnregister(com.hp.hpl.jena.graph.test.MetaTestGraph)
I/AndrojenaTests(  773): test started: testExecuteInTransactionCatchesThrowable(com.hp.hpl.jena.graph.test.MetaTestGraph)
I/AndrojenaTests(  773): test ended: testExecuteInTransactionCatchesThrowable(com.hp.hpl.jena.graph.test.MetaTestGraph)
I/AndrojenaTests(  773): test started: testFind(com.hp.hpl.jena.graph.test.MetaTestGraph)
I/AndrojenaTests(  773): test ended: testFind(com.hp.hpl.jena.graph.test.MetaTestGraph)
I/AndrojenaTests(  773): test started: testFindAndContains(com.hp.hpl.jena.graph.test.MetaTestGraph)
I/AndrojenaTests(  773): test ended: testFindAndContains(com.hp.hpl.jena.graph.test.MetaTestGraph)
I/AndrojenaTests(  773): test started: testFindByFluidTriple(com.hp.hpl.jena.graph.test.MetaTestGraph)
I/AndrojenaTests(  773): test ended: testFindByFluidTriple(com.hp.hpl.jena.graph.test.MetaTestGraph)
I/AndrojenaTests(  773): test started: testGeneralEvent(com.hp.hpl.jena.graph.test.MetaTestGraph)
I/AndrojenaTests(  773): test ended: testGeneralEvent(com.hp.hpl.jena.graph.test.MetaTestGraph)
I/AndrojenaTests(  773): test started: testGetStatisticsHandler(com.hp.hpl.jena.graph.test.MetaTestGraph)
I/AndrojenaTests(  773): test ended: testGetStatisticsHandler(com.hp.hpl.jena.graph.test.MetaTestGraph)
I/AndrojenaTests(  773): test started: testHasCapabilities(com.hp.hpl.jena.graph.test.MetaTestGraph)
I/AndrojenaTests(  773): test ended: testHasCapabilities(com.hp.hpl.jena.graph.test.MetaTestGraph)
I/AndrojenaTests(  773): test started: testHasTransactions(com.hp.hpl.jena.graph.test.MetaTestGraph)
I/AndrojenaTests(  773): test ended: testHasTransactions(com.hp.hpl.jena.graph.test.MetaTestGraph)
I/AndrojenaTests(  773): test started: testIsEmpty(com.hp.hpl.jena.graph.test.MetaTestGraph)
D/TestHelper(  780): testing/regression/testModelEquals/1-1.rdf sanitized to testing/regression/testModelEquals/1-1.rdf
I/AndrojenaTests(  773): test ended: testIsEmpty(com.hp.hpl.jena.graph.test.MetaTestGraph)
I/AndrojenaTests(  773): test started: testIsomorphismFile(com.hp.hpl.jena.graph.test.MetaTestGraph)
D/dalvikvm(  780): GC freed 94456 objects / 5263296 bytes in 1135ms
D/dalvikvm(  780): GC freed 2334 objects / 534848 bytes in 561ms
I/dalvikvm-heap(  780): Grow heap (frag case) to 9.548MB for 487986-byte allocation
D/dalvikvm(  780): GC freed 0 objects / 0 bytes in 506ms
D/dalvikvm(  780): GC freed 533 objects / 267512 bytes in 506ms
D/dalvikvm(  780): GC freed 54 objects / 616176 bytes in 525ms
D/dalvikvm(  780): GC freed 5 objects / 129752 bytes in 500ms
D/dalvikvm(  780): GC freed 3 objects / 259744 bytes in 502ms
I/dalvikvm-heap(  780): Grow heap (frag case) to 9.842MB for 271569-byte allocation
D/dalvikvm(  780): GC freed 0 objects / 0 bytes in 517ms
D/dalvikvm(  780): GC freed 18635 objects / 1139272 bytes in 660ms
D/dalvikvm(  780): GC freed 18738 objects / 896456 bytes in 698ms
I/global  (  780): Default buffer size used in BufferedReader constructor. It would be better to be explicit if an 8k-char buffer is required.
W/ExpatReader(  780): DTD handlers aren't supported.
W/pl.jena.rdf.arp.SAX2RDF(  780): http://apache.org/xml/features/allow-java-encodings feature not supported by XMLReader
W/ExpatReader(  780): DTD handlers aren't supported.
W/pl.jena.rdf.arp.SAX2RDF(  780): http://apache.org/xml/features/allow-java-encodings feature not supported by XMLReader
D/TestHelper(  780): testing/regression/testModelEquals/1-2.rdf sanitized to testing/regression/testModelEquals/1-2.rdf
I/global  (  780): Default buffer size used in BufferedReader constructor. It would be better to be explicit if an 8k-char buffer is required.
W/ExpatReader(  780): DTD handlers aren't supported.
W/pl.jena.rdf.arp.SAX2RDF(  780): http://apache.org/xml/features/allow-java-encodings feature not supported by XMLReader
W/ExpatReader(  780): DTD handlers aren't supported.
W/pl.jena.rdf.arp.SAX2RDF(  780): http://apache.org/xml/features/allow-java-encodings feature not supported by XMLReader
D/dalvikvm(  780): GC freed 43970 objects / 2270552 bytes in 956ms
D/TestHelper(  780): testing/regression/testModelEquals/2-1.rdf sanitized to testing/regression/testModelEquals/2-1.rdf
I/global  (  780): Default buffer size used in BufferedReader constructor. It would be better to be explicit if an 8k-char buffer is required.
W/ExpatReader(  780): DTD handlers aren't supported.
W/pl.jena.rdf.arp.SAX2RDF(  780): http://apache.org/xml/features/allow-java-encodings feature not supported by XMLReader
W/ExpatReader(  780): DTD handlers aren't supported.
W/pl.jena.rdf.arp.SAX2RDF(  780): http://apache.org/xml/features/allow-java-encodings feature not supported by XMLReader
D/TestHelper(  780): testing/regression/testModelEquals/2-2.rdf sanitized to testing/regression/testModelEquals/2-2.rdf
I/global  (  780): Default buffer size used in BufferedReader constructor. It would be better to be explicit if an 8k-char buffer is required.
W/ExpatReader(  780): DTD handlers aren't supported.
W/pl.jena.rdf.arp.SAX2RDF(  780): http://apache.org/xml/features/allow-java-encodings feature not supported by XMLReader
W/ExpatReader(  780): DTD handlers aren't supported.
W/pl.jena.rdf.arp.SAX2RDF(  780): http://apache.org/xml/features/allow-java-encodings feature not supported by XMLReader
D/TestHelper(  780): testing/regression/testModelEquals/3-1.rdf sanitized to testing/regression/testModelEquals/3-1.rdf
I/global  (  780): Default buffer size used in BufferedReader constructor. It would be better to be explicit if an 8k-char buffer is required.
W/ExpatReader(  780): DTD handlers aren't supported.
W/pl.jena.rdf.arp.SAX2RDF(  780): http://apache.org/xml/features/allow-java-encodings feature not supported by XMLReader
W/ExpatReader(  780): DTD handlers aren't supported.
W/pl.jena.rdf.arp.SAX2RDF(  780): http://apache.org/xml/features/allow-java-encodings feature not supported by XMLReader
D/TestHelper(  780): testing/regression/testModelEquals/3-2.rdf sanitized to testing/regression/testModelEquals/3-2.rdf
I/global  (  780): Default buffer size used in BufferedReader constructor. It would be better to be explicit if an 8k-char buffer is required.
W/ExpatReader(  780): DTD handlers aren't supported.
W/pl.jena.rdf.arp.SAX2RDF(  780): http://apache.org/xml/features/allow-java-encodings feature not supported by XMLReader
W/ExpatReader(  780): DTD handlers aren't supported.
W/pl.jena.rdf.arp.SAX2RDF(  780): http://apache.org/xml/features/allow-java-encodings feature not supported by XMLReader
D/TestHelper(  780): testing/regression/testModelEquals/4-1.rdf sanitized to testing/regression/testModelEquals/4-1.rdf
I/global  (  780): Default buffer size used in BufferedReader constructor. It would be better to be explicit if an 8k-char buffer is required.
W/ExpatReader(  780): DTD handlers aren't supported.
W/pl.jena.rdf.arp.SAX2RDF(  780): http://apache.org/xml/features/allow-java-encodings feature not supported by XMLReader
W/ExpatReader(  780): DTD handlers aren't supported.
W/pl.jena.rdf.arp.SAX2RDF(  780): http://apache.org/xml/features/allow-java-encodings feature not supported by XMLReader
D/TestHelper(  780): testing/regression/testModelEquals/4-2.rdf sanitized to testing/regression/testModelEquals/4-2.rdf
I/global  (  780): Default buffer size used in BufferedReader constructor. It would be better to be explicit if an 8k-char buffer is required.
W/ExpatReader(  780): DTD handlers aren't supported.
W/pl.jena.rdf.arp.SAX2RDF(  780): http://apache.org/xml/features/allow-java-encodings feature not supported by XMLReader
W/ExpatReader(  780): DTD handlers aren't supported.
W/pl.jena.rdf.arp.SAX2RDF(  780): http://apache.org/xml/features/allow-java-encodings feature not supported by XMLReader
D/TestHelper(  780): testing/regression/testModelEquals/5-1.rdf sanitized to testing/regression/testModelEquals/5-1.rdf
I/global  (  780): Default buffer size used in BufferedReader constructor. It would be better to be explicit if an 8k-char buffer is required.
W/ExpatReader(  780): DTD handlers aren't supported.
W/pl.jena.rdf.arp.SAX2RDF(  780): http://apache.org/xml/features/allow-java-encodings feature not supported by XMLReader
W/ExpatReader(  780): DTD handlers aren't supported.
W/pl.jena.rdf.arp.SAX2RDF(  780): http://apache.org/xml/features/allow-java-encodings feature not supported by XMLReader
D/TestHelper(  780): testing/regression/testModelEquals/5-2.rdf sanitized to testing/regression/testModelEquals/5-2.rdf
I/global  (  780): Default buffer size used in BufferedReader constructor. It would be better to be explicit if an 8k-char buffer is required.
W/ExpatReader(  780): DTD handlers aren't supported.
W/pl.jena.rdf.arp.SAX2RDF(  780): http://apache.org/xml/features/allow-java-encodings feature not supported by XMLReader
W/ExpatReader(  780): DTD handlers aren't supported.
W/pl.jena.rdf.arp.SAX2RDF(  780): http://apache.org/xml/features/allow-java-encodings feature not supported by XMLReader
D/TestHelper(  780): testing/regression/testModelEquals/6-1.rdf sanitized to testing/regression/testModelEquals/6-1.rdf
I/global  (  780): Default buffer size used in BufferedReader constructor. It would be better to be explicit if an 8k-char buffer is required.
W/ExpatReader(  780): DTD handlers aren't supported.
W/pl.jena.rdf.arp.SAX2RDF(  780): http://apache.org/xml/features/allow-java-encodings feature not supported by XMLReader
W/ExpatReader(  780): DTD handlers aren't supported.
W/pl.jena.rdf.arp.SAX2RDF(  780): http://apache.org/xml/features/allow-java-encodings feature not supported by XMLReader
D/TestHelper(  780): testing/regression/testModelEquals/6-2.rdf sanitized to testing/regression/testModelEquals/6-2.rdf
I/global  (  780): Default buffer size used in BufferedReader constructor. It would be better to be explicit if an 8k-char buffer is required.
W/ExpatReader(  780): DTD handlers aren't supported.
W/pl.jena.rdf.arp.SAX2RDF(  780): http://apache.org/xml/features/allow-java-encodings feature not supported by XMLReader
W/ExpatReader(  780): DTD handlers aren't supported.
W/pl.jena.rdf.arp.SAX2RDF(  780): http://apache.org/xml/features/allow-java-encodings feature not supported by XMLReader
D/TestHelper(  780): testing/regression/testModelEquals/7-1.nt sanitized to testing/regression/testModelEquals/7-1.nt
I/global  (  780): Default buffer size used in BufferedReader constructor. It would be better to be explicit if an 8k-char buffer is required.
D/TestHelper(  780): testing/regression/testModelEquals/7-2.nt sanitized to testing/regression/testModelEquals/7-2.nt
I/global  (  780): Default buffer size used in BufferedReader constructor. It would be better to be explicit if an 8k-char buffer is required.
D/TestHelper(  780): testing/regression/testModelEquals/8-1.nt sanitized to testing/regression/testModelEquals/8-1.nt
I/global  (  780): Default buffer size used in BufferedReader constructor. It would be better to be explicit if an 8k-char buffer is required.
D/TestHelper(  780): testing/regression/testModelEquals/8-2.nt sanitized to testing/regression/testModelEquals/8-2.nt
I/global  (  780): Default buffer size used in BufferedReader constructor. It would be better to be explicit if an 8k-char buffer is required.
I/AndrojenaTests(  773): test ended: testIsomorphismFile(com.hp.hpl.jena.graph.test.MetaTestGraph)
I/AndrojenaTests(  773): test started: testListObjectNoDuplicates(com.hp.hpl.jena.graph.test.MetaTestGraph)
I/AndrojenaTests(  773): test ended: testListObjectNoDuplicates(com.hp.hpl.jena.graph.test.MetaTestGraph)
I/AndrojenaTests(  773): test started: testListObjects(com.hp.hpl.jena.graph.test.MetaTestGraph)
I/AndrojenaTests(  773): test ended: testListObjects(com.hp.hpl.jena.graph.test.MetaTestGraph)
I/AndrojenaTests(  773): test started: testListObjectsNoRemove(com.hp.hpl.jena.graph.test.MetaTestGraph)
I/AndrojenaTests(  773): test ended: testListObjectsNoRemove(com.hp.hpl.jena.graph.test.MetaTestGraph)
I/AndrojenaTests(  773): test started: testListPredicates(com.hp.hpl.jena.graph.test.MetaTestGraph)
I/AndrojenaTests(  773): test ended: testListPredicates(com.hp.hpl.jena.graph.test.MetaTestGraph)
I/AndrojenaTests(  773): test started: testListPredicatesNoRemove(com.hp.hpl.jena.graph.test.MetaTestGraph)
I/AndrojenaTests(  773): test ended: testListPredicatesNoRemove(com.hp.hpl.jena.graph.test.MetaTestGraph)
I/AndrojenaTests(  773): test started: testListSubjects(com.hp.hpl.jena.graph.test.MetaTestGraph)
I/AndrojenaTests(  773): test ended: testListSubjects(com.hp.hpl.jena.graph.test.MetaTestGraph)
I/AndrojenaTests(  773): test started: testListSubjectsNoRemove(com.hp.hpl.jena.graph.test.MetaTestGraph)
I/AndrojenaTests(  773): test ended: testListSubjectsNoRemove(com.hp.hpl.jena.graph.test.MetaTestGraph)
I/AndrojenaTests(  773): test started: testMatchBothLanguagedLiteralsCaseInsensitive(com.hp.hpl.jena.graph.test.MetaTestGraph)
I/AndrojenaTests(  773): test ended: testMatchBothLanguagedLiteralsCaseInsensitive(com.hp.hpl.jena.graph.test.MetaTestGraph)
I/AndrojenaTests(  773): test started: testMatchLanguagedLiteralCaseInsensitive(com.hp.hpl.jena.graph.test.MetaTestGraph)
I/AndrojenaTests(  773): test ended: testMatchLanguagedLiteralCaseInsensitive(com.hp.hpl.jena.graph.test.MetaTestGraph)
I/AndrojenaTests(  773): test started: testNoMatchAgainstUnlanguagesLiteral(com.hp.hpl.jena.graph.test.MetaTestGraph)
I/AndrojenaTests(  773): test ended: testNoMatchAgainstUnlanguagesLiteral(com.hp.hpl.jena.graph.test.MetaTestGraph)
I/AndrojenaTests(  773): test started: testObjectsFor(com.hp.hpl.jena.graph.test.MetaTestGraph)
I/AndrojenaTests(  773): test ended: testObjectsFor(com.hp.hpl.jena.graph.test.MetaTestGraph)
I/AndrojenaTests(  773): test started: testPredicatesFor(com.hp.hpl.jena.graph.test.MetaTestGraph)
I/AndrojenaTests(  773): test ended: testPredicatesFor(com.hp.hpl.jena.graph.test.MetaTestGraph)
I/AndrojenaTests(  773): test started: testRegisterTwice(com.hp.hpl.jena.graph.test.MetaTestGraph)
I/AndrojenaTests(  773): test ended: testRegisterTwice(com.hp.hpl.jena.graph.test.MetaTestGraph)
I/AndrojenaTests(  773): test started: testRemove(com.hp.hpl.jena.graph.test.MetaTestGraph)
I/AndrojenaTests(  773): test ended: testRemove(com.hp.hpl.jena.graph.test.MetaTestGraph)
I/AndrojenaTests(  773): test started: testRemoveAll(com.hp.hpl.jena.graph.test.MetaTestGraph)
I/AndrojenaTests(  773): test ended: testRemoveAll(com.hp.hpl.jena.graph.test.MetaTestGraph)
I/AndrojenaTests(  773): test started: testRemoveAllEvent(com.hp.hpl.jena.graph.test.MetaTestGraph)
I/AndrojenaTests(  773): test ended: testRemoveAllEvent(com.hp.hpl.jena.graph.test.MetaTestGraph)
I/AndrojenaTests(  773): test started: testRemoveSPO(com.hp.hpl.jena.graph.test.MetaTestGraph)
D/dalvikvm(  780): GC freed 36129 objects / 1924024 bytes in 927ms
I/AndrojenaTests(  773): test ended: testRemoveSPO(com.hp.hpl.jena.graph.test.MetaTestGraph)
I/AndrojenaTests(  773): test started: testRemoveSomeEvent(com.hp.hpl.jena.graph.test.MetaTestGraph)
I/AndrojenaTests(  773): test ended: testRemoveSomeEvent(com.hp.hpl.jena.graph.test.MetaTestGraph)
I/AndrojenaTests(  773): test started: testRepeatedSubjectDoesNotConceal(com.hp.hpl.jena.graph.test.MetaTestGraph)
I/AndrojenaTests(  773): test ended: testRepeatedSubjectDoesNotConceal(com.hp.hpl.jena.graph.test.MetaTestGraph)
I/AndrojenaTests(  773): test started: testSubjectsFor(com.hp.hpl.jena.graph.test.MetaTestGraph)
I/AndrojenaTests(  773): test ended: testSubjectsFor(com.hp.hpl.jena.graph.test.MetaTestGraph)
I/AndrojenaTests(  773): test started: testTwoListeners(com.hp.hpl.jena.graph.test.MetaTestGraph)
I/AndrojenaTests(  773): test ended: testTwoListeners(com.hp.hpl.jena.graph.test.MetaTestGraph)
I/AndrojenaTests(  773): test started: testUnregisterOnce(com.hp.hpl.jena.graph.test.MetaTestGraph)
I/AndrojenaTests(  773): test ended: testUnregisterOnce(com.hp.hpl.jena.graph.test.MetaTestGraph)
I/AndrojenaTests(  773): test started: testUnregisterWorks(com.hp.hpl.jena.graph.test.MetaTestGraph)
I/AndrojenaTests(  773): test ended: testUnregisterWorks(com.hp.hpl.jena.graph.test.MetaTestGraph)
I/AndrojenaTests(  773): test started: testToSilenceJunitComplaintsAboutNoTestMethods(com.hp.hpl.jena.graph.test.MetaTestGraph)
I/AndrojenaTests(  773): test ended: testToSilenceJunitComplaintsAboutNoTestMethods(com.hp.hpl.jena.graph.test.MetaTestGraph)
I/AndrojenaTests(  773): test started: testAGraph(com.hp.hpl.jena.graph.test.MetaTestGraph)
I/AndrojenaTests(  773): test ended: testAGraph(com.hp.hpl.jena.graph.test.MetaTestGraph)
I/AndrojenaTests(  773): test started: testAddTriple(com.hp.hpl.jena.graph.test.MetaTestGraph)
I/AndrojenaTests(  773): test ended: testAddTriple(com.hp.hpl.jena.graph.test.MetaTestGraph)
I/AndrojenaTests(  773): test started: testBulkAddArrayEvent(com.hp.hpl.jena.graph.test.MetaTestGraph)
I/AndrojenaTests(  773): test ended: testBulkAddArrayEvent(com.hp.hpl.jena.graph.test.MetaTestGraph)
I/AndrojenaTests(  773): test started: testBulkAddGraph(com.hp.hpl.jena.graph.test.MetaTestGraph)
I/AndrojenaTests(  773): test ended: testBulkAddGraph(com.hp.hpl.jena.graph.test.MetaTestGraph)
I/AndrojenaTests(  773): test started: testBulkAddIterator(com.hp.hpl.jena.graph.test.MetaTestGraph)
I/AndrojenaTests(  773): test ended: testBulkAddIterator(com.hp.hpl.jena.graph.test.MetaTestGraph)
I/AndrojenaTests(  773): test started: testBulkAddList(com.hp.hpl.jena.graph.test.MetaTestGraph)
I/AndrojenaTests(  773): test ended: testBulkAddList(com.hp.hpl.jena.graph.test.MetaTestGraph)
I/AndrojenaTests(  773): test started: testBulkAddWithReification(com.hp.hpl.jena.graph.test.MetaTestGraph)
I/AndrojenaTests(  773): test ended: testBulkAddWithReification(com.hp.hpl.jena.graph.test.MetaTestGraph)
I/AndrojenaTests(  773): test started: testBulkAddWithReificationPreamble(com.hp.hpl.jena.graph.test.MetaTestGraph)
I/AndrojenaTests(  773): test ended: testBulkAddWithReificationPreamble(com.hp.hpl.jena.graph.test.MetaTestGraph)
I/AndrojenaTests(  773): test started: testBulkDeleteArray(com.hp.hpl.jena.graph.test.MetaTestGraph)
I/AndrojenaTests(  773): test ended: testBulkDeleteArray(com.hp.hpl.jena.graph.test.MetaTestGraph)
I/AndrojenaTests(  773): test started: testBulkDeleteGraph(com.hp.hpl.jena.graph.test.MetaTestGraph)
I/AndrojenaTests(  773): test ended: testBulkDeleteGraph(com.hp.hpl.jena.graph.test.MetaTestGraph)
I/AndrojenaTests(  773): test started: testBulkDeleteIterator(com.hp.hpl.jena.graph.test.MetaTestGraph)
I/AndrojenaTests(  773): test ended: testBulkDeleteIterator(com.hp.hpl.jena.graph.test.MetaTestGraph)
I/AndrojenaTests(  773): test started: testBulkDeleteList(com.hp.hpl.jena.graph.test.MetaTestGraph)
I/AndrojenaTests(  773): test ended: testBulkDeleteList(com.hp.hpl.jena.graph.test.MetaTestGraph)
I/AndrojenaTests(  773): test started: testBulkRemoveWithReification(com.hp.hpl.jena.graph.test.MetaTestGraph)
I/AndrojenaTests(  773): test ended: testBulkRemoveWithReification(com.hp.hpl.jena.graph.test.MetaTestGraph)
I/AndrojenaTests(  773): test started: testBulkUpdate(com.hp.hpl.jena.graph.test.MetaTestGraph)
I/AndrojenaTests(  773): test ended: testBulkUpdate(com.hp.hpl.jena.graph.test.MetaTestGraph)
I/AndrojenaTests(  773): test started: testCloseSetsIsClosed(com.hp.hpl.jena.graph.test.MetaTestGraph)
I/AndrojenaTests(  773): test ended: testCloseSetsIsClosed(com.hp.hpl.jena.graph.test.MetaTestGraph)
I/AndrojenaTests(  773): test started: testContainsByValue(com.hp.hpl.jena.graph.test.MetaTestGraph)
I/AndrojenaTests(  773): test ended: testContainsByValue(com.hp.hpl.jena.graph.test.MetaTestGraph)
I/AndrojenaTests(  773): test started: testContainsConcrete(com.hp.hpl.jena.graph.test.MetaTestGraph)
I/AndrojenaTests(  773): test ended: testContainsConcrete(com.hp.hpl.jena.graph.test.MetaTestGraph)
I/AndrojenaTests(  773): test started: testContainsFluid(com.hp.hpl.jena.graph.test.MetaTestGraph)
I/AndrojenaTests(  773): test ended: testContainsFluid(com.hp.hpl.jena.graph.test.MetaTestGraph)
I/AndrojenaTests(  773): test started: testContainsNode(com.hp.hpl.jena.graph.test.MetaTestGraph)
I/AndrojenaTests(  773): test ended: testContainsNode(com.hp.hpl.jena.graph.test.MetaTestGraph)
I/AndrojenaTests(  773): test started: testDeleteTriple(com.hp.hpl.jena.graph.test.MetaTestGraph)
I/AndrojenaTests(  773): test ended: testDeleteTriple(com.hp.hpl.jena.graph.test.MetaTestGraph)
I/AndrojenaTests(  773): test started: testEventDeleteByFind(com.hp.hpl.jena.graph.test.MetaTestGraph)
I/AndrojenaTests(  773): test ended: testEventDeleteByFind(com.hp.hpl.jena.graph.test.MetaTestGraph)
I/AndrojenaTests(  773): test started: testEventRegister(com.hp.hpl.jena.graph.test.MetaTestGraph)
I/AndrojenaTests(  773): test ended: testEventRegister(com.hp.hpl.jena.graph.test.MetaTestGraph)
I/AndrojenaTests(  773): test started: testEventUnregister(com.hp.hpl.jena.graph.test.MetaTestGraph)
I/AndrojenaTests(  773): test ended: testEventUnregister(com.hp.hpl.jena.graph.test.MetaTestGraph)
I/AndrojenaTests(  773): test started: testExecuteInTransactionCatchesThrowable(com.hp.hpl.jena.graph.test.MetaTestGraph)
I/AndrojenaTests(  773): test ended: testExecuteInTransactionCatchesThrowable(com.hp.hpl.jena.graph.test.MetaTestGraph)
I/AndrojenaTests(  773): test started: testFind(com.hp.hpl.jena.graph.test.MetaTestGraph)
I/AndrojenaTests(  773): test ended: testFind(com.hp.hpl.jena.graph.test.MetaTestGraph)
I/AndrojenaTests(  773): test started: testFindAndContains(com.hp.hpl.jena.graph.test.MetaTestGraph)
I/AndrojenaTests(  773): test ended: testFindAndContains(com.hp.hpl.jena.graph.test.MetaTestGraph)
I/AndrojenaTests(  773): test started: testFindByFluidTriple(com.hp.hpl.jena.graph.test.MetaTestGraph)
I/AndrojenaTests(  773): test ended: testFindByFluidTriple(com.hp.hpl.jena.graph.test.MetaTestGraph)
I/AndrojenaTests(  773): test started: testGeneralEvent(com.hp.hpl.jena.graph.test.MetaTestGraph)
I/AndrojenaTests(  773): test ended: testGeneralEvent(com.hp.hpl.jena.graph.test.MetaTestGraph)
I/AndrojenaTests(  773): test started: testGetStatisticsHandler(com.hp.hpl.jena.graph.test.MetaTestGraph)
D/TestHelper(  780): testing/regression/testModelEquals/1-1.rdf sanitized to testing/regression/testModelEquals/1-1.rdf
D/dalvikvm(  773): GC freed 8664 objects / 523904 bytes in 659ms
I/AndrojenaTests(  773): test ended: testGetStatisticsHandler(com.hp.hpl.jena.graph.test.MetaTestGraph)
I/AndrojenaTests(  773): test started: testHasCapabilities(com.hp.hpl.jena.graph.test.MetaTestGraph)
I/AndrojenaTests(  773): test ended: testHasCapabilities(com.hp.hpl.jena.graph.test.MetaTestGraph)
I/AndrojenaTests(  773): test started: testHasTransactions(com.hp.hpl.jena.graph.test.MetaTestGraph)
I/AndrojenaTests(  773): test ended: testHasTransactions(com.hp.hpl.jena.graph.test.MetaTestGraph)
I/AndrojenaTests(  773): test started: testIsEmpty(com.hp.hpl.jena.graph.test.MetaTestGraph)
I/AndrojenaTests(  773): test ended: testIsEmpty(com.hp.hpl.jena.graph.test.MetaTestGraph)
I/AndrojenaTests(  773): test started: testIsomorphismFile(com.hp.hpl.jena.graph.test.MetaTestGraph)
D/dalvikvm(  780): GC freed 89555 objects / 5244016 bytes in 1029ms
D/dalvikvm(  780): GC freed 218 objects / 1244984 bytes in 488ms
D/dalvikvm(  780): GC freed 11588 objects / 1162368 bytes in 617ms
D/dalvikvm(  780): GC freed 17267 objects / 855744 bytes in 720ms
I/global  (  780): Default buffer size used in BufferedReader constructor. It would be better to be explicit if an 8k-char buffer is required.
W/ExpatReader(  780): DTD handlers aren't supported.
W/pl.jena.rdf.arp.SAX2RDF(  780): http://apache.org/xml/features/allow-java-encodings feature not supported by XMLReader
W/ExpatReader(  780): DTD handlers aren't supported.
W/pl.jena.rdf.arp.SAX2RDF(  780): http://apache.org/xml/features/allow-java-encodings feature not supported by XMLReader
D/dalvikvm(  780): GC freed 34026 objects / 1913336 bytes in 846ms
D/TestHelper(  780): testing/regression/testModelEquals/1-2.rdf sanitized to testing/regression/testModelEquals/1-2.rdf
I/global  (  780): Default buffer size used in BufferedReader constructor. It would be better to be explicit if an 8k-char buffer is required.
W/ExpatReader(  780): DTD handlers aren't supported.
W/pl.jena.rdf.arp.SAX2RDF(  780): http://apache.org/xml/features/allow-java-encodings feature not supported by XMLReader
W/ExpatReader(  780): DTD handlers aren't supported.
W/pl.jena.rdf.arp.SAX2RDF(  780): http://apache.org/xml/features/allow-java-encodings feature not supported by XMLReader
D/TestHelper(  780): testing/regression/testModelEquals/2-1.rdf sanitized to testing/regression/testModelEquals/2-1.rdf
I/global  (  780): Default buffer size used in BufferedReader constructor. It would be better to be explicit if an 8k-char buffer is required.
W/ExpatReader(  780): DTD handlers aren't supported.
W/pl.jena.rdf.arp.SAX2RDF(  780): http://apache.org/xml/features/allow-java-encodings feature not supported by XMLReader
W/ExpatReader(  780): DTD handlers aren't supported.
W/pl.jena.rdf.arp.SAX2RDF(  780): http://apache.org/xml/features/allow-java-encodings feature not supported by XMLReader
D/TestHelper(  780): testing/regression/testModelEquals/2-2.rdf sanitized to testing/regression/testModelEquals/2-2.rdf
I/global  (  780): Default buffer size used in BufferedReader constructor. It would be better to be explicit if an 8k-char buffer is required.
W/ExpatReader(  780): DTD handlers aren't supported.
W/pl.jena.rdf.arp.SAX2RDF(  780): http://apache.org/xml/features/allow-java-encodings feature not supported by XMLReader
W/ExpatReader(  780): DTD handlers aren't supported.
W/pl.jena.rdf.arp.SAX2RDF(  780): http://apache.org/xml/features/allow-java-encodings feature not supported by XMLReader
D/TestHelper(  780): testing/regression/testModelEquals/3-1.rdf sanitized to testing/regression/testModelEquals/3-1.rdf
I/global  (  780): Default buffer size used in BufferedReader constructor. It would be better to be explicit if an 8k-char buffer is required.
W/ExpatReader(  780): DTD handlers aren't supported.
W/pl.jena.rdf.arp.SAX2RDF(  780): http://apache.org/xml/features/allow-java-encodings feature not supported by XMLReader
W/ExpatReader(  780): DTD handlers aren't supported.
W/pl.jena.rdf.arp.SAX2RDF(  780): http://apache.org/xml/features/allow-java-encodings feature not supported by XMLReader
D/TestHelper(  780): testing/regression/testModelEquals/3-2.rdf sanitized to testing/regression/testModelEquals/3-2.rdf
I/global  (  780): Default buffer size used in BufferedReader constructor. It would be better to be explicit if an 8k-char buffer is required.
W/ExpatReader(  780): DTD handlers aren't supported.
W/pl.jena.rdf.arp.SAX2RDF(  780): http://apache.org/xml/features/allow-java-encodings feature not supported by XMLReader
W/ExpatReader(  780): DTD handlers aren't supported.
W/pl.jena.rdf.arp.SAX2RDF(  780): http://apache.org/xml/features/allow-java-encodings feature not supported by XMLReader
D/TestHelper(  780): testing/regression/testModelEquals/4-1.rdf sanitized to testing/regression/testModelEquals/4-1.rdf
I/global  (  780): Default buffer size used in BufferedReader constructor. It would be better to be explicit if an 8k-char buffer is required.
W/ExpatReader(  780): DTD handlers aren't supported.
W/pl.jena.rdf.arp.SAX2RDF(  780): http://apache.org/xml/features/allow-java-encodings feature not supported by XMLReader
W/ExpatReader(  780): DTD handlers aren't supported.
W/pl.jena.rdf.arp.SAX2RDF(  780): http://apache.org/xml/features/allow-java-encodings feature not supported by XMLReader
D/TestHelper(  780): testing/regression/testModelEquals/4-2.rdf sanitized to testing/regression/testModelEquals/4-2.rdf
I/global  (  780): Default buffer size used in BufferedReader constructor. It would be better to be explicit if an 8k-char buffer is required.
W/ExpatReader(  780): DTD handlers aren't supported.
W/pl.jena.rdf.arp.SAX2RDF(  780): http://apache.org/xml/features/allow-java-encodings feature not supported by XMLReader
W/ExpatReader(  780): DTD handlers aren't supported.
W/pl.jena.rdf.arp.SAX2RDF(  780): http://apache.org/xml/features/allow-java-encodings feature not supported by XMLReader
D/TestHelper(  780): testing/regression/testModelEquals/5-1.rdf sanitized to testing/regression/testModelEquals/5-1.rdf
